
=== Running ./test/chat_input_test.dart ===
[  +12 ms] executing: sysctl hw.optional.arm64
[   +6 ms] Exit code 0 from: sysctl hw.optional.arm64
[        ] hw.optional.arm64: 1
[   +7 ms] executing: sw_vers -productName
[   +8 ms] Exit code 0 from: sw_vers -productName
[        ] macOS
[        ] executing: sw_vers -productVersion
[   +6 ms] Exit code 0 from: sw_vers -productVersion
[        ] 14.6.1
[        ] executing: sw_vers -buildVersion
[   +5 ms] Exit code 0 from: sw_vers -buildVersion
[        ] 23G93
[        ] executing: uname -m
[   +2 ms] Exit code 0 from: uname -m
[        ] arm64
[   +8 ms] Found 1 files which will be executed as Widget Tests.
[   +3 ms] Artifact Instance of 'AndroidGenSnapshotArtifacts' is not required, skipping update.
[        ] Artifact Instance of 'AndroidInternalBuildArtifacts' is not required, skipping update.
[        ] Artifact Instance of 'IOSEngineArtifacts' is not required, skipping update.
[        ] Artifact Instance of 'FlutterWebSdk' is not required, skipping update.
[        ] Artifact Instance of 'LegacyCanvasKitRemover' is not required, skipping update.
[   +2 ms] Artifact Instance of 'WindowsEngineArtifacts' is not required, skipping update.
[        ] Artifact Instance of 'MacOSEngineArtifacts' is not required, skipping update.
[        ] Artifact Instance of 'LinuxEngineArtifacts' is not required, skipping update.
[        ] Artifact Instance of 'LinuxFuchsiaSDKArtifacts' is not required, skipping update.
[        ] Artifact Instance of 'MacOSFuchsiaSDKArtifacts' is not required, skipping update.
[        ] Artifact Instance of 'FlutterRunnerSDKArtifacts' is not required, skipping update.
[        ] Artifact Instance of 'FlutterRunnerDebugSymbols' is not required, skipping update.
[  +18 ms] Artifact Instance of 'MaterialFonts' is not required, skipping update.
[        ] Artifact Instance of 'GradleWrapper' is not required, skipping update.
[        ] Artifact Instance of 'AndroidGenSnapshotArtifacts' is not required, skipping update.
[        ] Artifact Instance of 'AndroidInternalBuildArtifacts' is not required, skipping update.
[        ] Artifact Instance of 'IOSEngineArtifacts' is not required, skipping update.
[        ] Artifact Instance of 'FlutterWebSdk' is not required, skipping update.
[        ] Artifact Instance of 'LegacyCanvasKitRemover' is not required, skipping update.
[        ] Artifact Instance of 'FlutterSdk' is not required, skipping update.
[        ] Artifact Instance of 'WindowsEngineArtifacts' is not required, skipping update.
[        ] Artifact Instance of 'MacOSEngineArtifacts' is not required, skipping update.
[        ] Artifact Instance of 'LinuxEngineArtifacts' is not required, skipping update.
[        ] Artifact Instance of 'LinuxFuchsiaSDKArtifacts' is not required, skipping update.
[        ] Artifact Instance of 'MacOSFuchsiaSDKArtifacts' is not required, skipping update.
[        ] Artifact Instance of 'FlutterRunnerSDKArtifacts' is not required, skipping update.
[        ] Artifact Instance of 'FlutterRunnerDebugSymbols' is not required, skipping update.
[        ] Artifact Instance of 'IosUsbArtifacts' is not required, skipping update.
[        ] Artifact Instance of 'IosUsbArtifacts' is not required, skipping update.
[        ] Artifact Instance of 'IosUsbArtifacts' is not required, skipping update.
[        ] Artifact Instance of 'IosUsbArtifacts' is not required, skipping update.
[        ] Artifact Instance of 'IosUsbArtifacts' is not required, skipping update.
[        ] Artifact Instance of 'FontSubsetArtifacts' is not required, skipping update.
[        ] Artifact Instance of 'PubDependencies' is not required, skipping update.
[  +20 ms] Skipping pub get: version match.
[  +15 ms] Found plugin audioplayers at /Users/alebairos/.pub-cache/hosted/pub.dev/audioplayers-5.2.1/
[   +2 ms] Found plugin audioplayers_android at /Users/alebairos/.pub-cache/hosted/pub.dev/audioplayers_android-4.0.3/
[   +1 ms] Found plugin audioplayers_darwin at /Users/alebairos/.pub-cache/hosted/pub.dev/audioplayers_darwin-5.0.2/
[   +1 ms] Found plugin audioplayers_linux at /Users/alebairos/.pub-cache/hosted/pub.dev/audioplayers_linux-3.1.0/
[   +2 ms] Found plugin audioplayers_web at /Users/alebairos/.pub-cache/hosted/pub.dev/audioplayers_web-4.1.0/
[   +1 ms] Found plugin audioplayers_windows at /Users/alebairos/.pub-cache/hosted/pub.dev/audioplayers_windows-3.1.0/
[  +24 ms] Found plugin isar_flutter_libs at /Users/alebairos/.pub-cache/hosted/pub.dev/isar_flutter_libs-3.1.0+1/
[   +9 ms] Found plugin path_provider at /Users/alebairos/.pub-cache/hosted/pub.dev/path_provider-2.1.5/
[        ] Found plugin path_provider_android at /Users/alebairos/.pub-cache/hosted/pub.dev/path_provider_android-2.2.15/
[        ] Found plugin path_provider_foundation at /Users/alebairos/.pub-cache/hosted/pub.dev/path_provider_foundation-2.4.1/
[        ] Found plugin path_provider_linux at /Users/alebairos/.pub-cache/hosted/pub.dev/path_provider_linux-2.2.1/
[   +1 ms] Found plugin path_provider_windows at /Users/alebairos/.pub-cache/hosted/pub.dev/path_provider_windows-2.3.0/
[   +2 ms] Found plugin record at /Users/alebairos/.pub-cache/hosted/pub.dev/record-4.4.4/
[        ] Found plugin record_linux at /Users/alebairos/.pub-cache/hosted/pub.dev/record_linux-0.4.1/
[        ] Found plugin record_macos at /Users/alebairos/.pub-cache/hosted/pub.dev/record_macos-0.2.2/
[        ] Found plugin record_web at /Users/alebairos/.pub-cache/hosted/pub.dev/record_web-0.5.0/
[        ] Found plugin record_windows at /Users/alebairos/.pub-cache/hosted/pub.dev/record_windows-0.7.1/
[  +19 ms] Found plugin audioplayers at /Users/alebairos/.pub-cache/hosted/pub.dev/audioplayers-5.2.1/
[        ] Found plugin audioplayers_android at /Users/alebairos/.pub-cache/hosted/pub.dev/audioplayers_android-4.0.3/
[        ] Found plugin audioplayers_darwin at /Users/alebairos/.pub-cache/hosted/pub.dev/audioplayers_darwin-5.0.2/
[        ] Found plugin audioplayers_linux at /Users/alebairos/.pub-cache/hosted/pub.dev/audioplayers_linux-3.1.0/
[        ] Found plugin audioplayers_web at /Users/alebairos/.pub-cache/hosted/pub.dev/audioplayers_web-4.1.0/
[        ] Found plugin audioplayers_windows at /Users/alebairos/.pub-cache/hosted/pub.dev/audioplayers_windows-3.1.0/
[   +9 ms] Found plugin isar_flutter_libs at /Users/alebairos/.pub-cache/hosted/pub.dev/isar_flutter_libs-3.1.0+1/
[   +4 ms] Found plugin path_provider at /Users/alebairos/.pub-cache/hosted/pub.dev/path_provider-2.1.5/
[        ] Found plugin path_provider_android at /Users/alebairos/.pub-cache/hosted/pub.dev/path_provider_android-2.2.15/
[        ] Found plugin path_provider_foundation at /Users/alebairos/.pub-cache/hosted/pub.dev/path_provider_foundation-2.4.1/
[        ] Found plugin path_provider_linux at /Users/alebairos/.pub-cache/hosted/pub.dev/path_provider_linux-2.2.1/
[        ] Found plugin path_provider_windows at /Users/alebairos/.pub-cache/hosted/pub.dev/path_provider_windows-2.3.0/
[   +1 ms] Found plugin record at /Users/alebairos/.pub-cache/hosted/pub.dev/record-4.4.4/
[        ] Found plugin record_linux at /Users/alebairos/.pub-cache/hosted/pub.dev/record_linux-0.4.1/
[        ] Found plugin record_macos at /Users/alebairos/.pub-cache/hosted/pub.dev/record_macos-0.2.2/
[        ] Found plugin record_web at /Users/alebairos/.pub-cache/hosted/pub.dev/record_web-0.5.0/
[        ] Found plugin record_windows at /Users/alebairos/.pub-cache/hosted/pub.dev/record_windows-0.7.1/
[  +14 ms] Found plugin audioplayers at /Users/alebairos/.pub-cache/hosted/pub.dev/audioplayers-5.2.1/
[        ] Found plugin audioplayers_android at /Users/alebairos/.pub-cache/hosted/pub.dev/audioplayers_android-4.0.3/
[        ] Found plugin audioplayers_darwin at /Users/alebairos/.pub-cache/hosted/pub.dev/audioplayers_darwin-5.0.2/
[        ] Found plugin audioplayers_linux at /Users/alebairos/.pub-cache/hosted/pub.dev/audioplayers_linux-3.1.0/
[        ] Found plugin audioplayers_web at /Users/alebairos/.pub-cache/hosted/pub.dev/audioplayers_web-4.1.0/
[        ] Found plugin audioplayers_windows at /Users/alebairos/.pub-cache/hosted/pub.dev/audioplayers_windows-3.1.0/
[   +7 ms] Found plugin isar_flutter_libs at /Users/alebairos/.pub-cache/hosted/pub.dev/isar_flutter_libs-3.1.0+1/
[   +3 ms] Found plugin path_provider at /Users/alebairos/.pub-cache/hosted/pub.dev/path_provider-2.1.5/
[        ] Found plugin path_provider_android at /Users/alebairos/.pub-cache/hosted/pub.dev/path_provider_android-2.2.15/
[        ] Found plugin path_provider_foundation at /Users/alebairos/.pub-cache/hosted/pub.dev/path_provider_foundation-2.4.1/
[        ] Found plugin path_provider_linux at /Users/alebairos/.pub-cache/hosted/pub.dev/path_provider_linux-2.2.1/
[        ] Found plugin path_provider_windows at /Users/alebairos/.pub-cache/hosted/pub.dev/path_provider_windows-2.3.0/
[   +1 ms] Found plugin record at /Users/alebairos/.pub-cache/hosted/pub.dev/record-4.4.4/
[        ] Found plugin record_linux at /Users/alebairos/.pub-cache/hosted/pub.dev/record_linux-0.4.1/
[        ] Found plugin record_macos at /Users/alebairos/.pub-cache/hosted/pub.dev/record_macos-0.2.2/
[        ] Found plugin record_web at /Users/alebairos/.pub-cache/hosted/pub.dev/record_web-0.5.0/
[        ] Found plugin record_windows at /Users/alebairos/.pub-cache/hosted/pub.dev/record_windows-0.7.1/
[   +8 ms] Generating /Users/alebairos/Projects/mobile/chat_app/android/app/src/main/java/io/flutter/plugins/GeneratedPluginRegistrant.java
[  +11 ms] executing: sysctl hw.optional.arm64
[   +1 ms] Exit code 0 from: sysctl hw.optional.arm64
[        ] hw.optional.arm64: 1
[        ] executing: /usr/bin/arch -arm64e xcrun xcodebuild -version
[  +53 ms] Exit code 0 from: /usr/bin/arch -arm64e xcrun xcodebuild -version
[        ] Xcode 16.2
           Build version 16C5032a
[  +42 ms] No packages with native assets. Skipping native assets compilation.
[        ] Writing native assets json to file:///Users/alebairos/Projects/mobile/chat_app/build/native_assets/macos/native_assets.json.
[        ] Writing /Users/alebairos/Projects/mobile/chat_app/build/native_assets/macos/native_assets.json done.
[  +72 ms] running test package with arguments: [--no-color, --chain-stack-traces, --, file:///Users/alebairos/Projects/mobile/chat_app/test/chat_input_test.dart?]
00:00 +0: loading /Users/alebairos/Projects/mobile/chat_app/test/chat_input_test.dart                                                                                                                  [  +77 ms] test 0: starting test /Users/alebairos/Projects/mobile/chat_app/test/chat_input_test.dart
[   +1 ms] Stopping scan for flutter_test_config.dart; found project root at /Users/alebairos/Projects/mobile/chat_app
[        ] Compiler will use the following file as its incremental dill file: /var/folders/f7/rqd14g9d2rv0v4rhwj55l7v40000gn/T/flutter_tools.F7fST3/flutter_test_compiler.SYk1xh/output.dill
[        ] Listening to compiler controller...
[   +3 ms] Compiling file:///var/folders/f7/rqd14g9d2rv0v4rhwj55l7v40000gn/T/flutter_tools.F7fST3/flutter_test_listener.ugBrxS/listener.dart
[  +15 ms] Found plugin audioplayers at /Users/alebairos/.pub-cache/hosted/pub.dev/audioplayers-5.2.1/
[        ] Found plugin audioplayers_android at /Users/alebairos/.pub-cache/hosted/pub.dev/audioplayers_android-4.0.3/
[        ] Found plugin audioplayers_darwin at /Users/alebairos/.pub-cache/hosted/pub.dev/audioplayers_darwin-5.0.2/
[        ] Found plugin audioplayers_linux at /Users/alebairos/.pub-cache/hosted/pub.dev/audioplayers_linux-3.1.0/
[        ] Found plugin audioplayers_web at /Users/alebairos/.pub-cache/hosted/pub.dev/audioplayers_web-4.1.0/
[        ] Found plugin audioplayers_windows at /Users/alebairos/.pub-cache/hosted/pub.dev/audioplayers_windows-3.1.0/
[   +8 ms] Found plugin isar_flutter_libs at /Users/alebairos/.pub-cache/hosted/pub.dev/isar_flutter_libs-3.1.0+1/
[   +3 ms] Found plugin path_provider at /Users/alebairos/.pub-cache/hosted/pub.dev/path_provider-2.1.5/
[        ] Found plugin path_provider_android at /Users/alebairos/.pub-cache/hosted/pub.dev/path_provider_android-2.2.15/
[        ] Found plugin path_provider_foundation at /Users/alebairos/.pub-cache/hosted/pub.dev/path_provider_foundation-2.4.1/
[        ] Found plugin path_provider_linux at /Users/alebairos/.pub-cache/hosted/pub.dev/path_provider_linux-2.2.1/
[        ] Found plugin path_provider_windows at /Users/alebairos/.pub-cache/hosted/pub.dev/path_provider_windows-2.3.0/
[   +1 ms] Found plugin record at /Users/alebairos/.pub-cache/hosted/pub.dev/record-4.4.4/
[        ] Found plugin record_linux at /Users/alebairos/.pub-cache/hosted/pub.dev/record_linux-0.4.1/
[        ] Found plugin record_macos at /Users/alebairos/.pub-cache/hosted/pub.dev/record_macos-0.2.2/
[        ] Found plugin record_web at /Users/alebairos/.pub-cache/hosted/pub.dev/record_web-0.5.0/
[        ] Found plugin record_windows at /Users/alebairos/.pub-cache/hosted/pub.dev/record_windows-0.7.1/
[  +10 ms] /opt/homebrew/Caskroom/flutter/3.27.2/flutter/bin/cache/dart-sdk/bin/dartaotruntime /opt/homebrew/Caskroom/flutter/3.27.2/flutter/bin/cache/dart-sdk/bin/snapshots/frontend_server_aot.dart.snapshot --sdk-root /opt/homebrew/Caskroom/flutter/3.27.2/flutter/bin/cache/artifacts/engine/common/flutter_patched_sdk/ --incremental --no-print-incremental-dependencies --target=flutter --experimental-emit-debug-metadata --output-dill /var/folders/f7/rqd14g9d2rv0v4rhwj55l7v40000gn/T/flutter_tools.F7fST3/flutter_test_compiler.SYk1xh/output.dill --packages /Users/alebairos/Projects/mobile/chat_app/.dart_tool/package_config.json -Ddart.vm.profile=false -Ddart.vm.product=false --enable-asserts --track-widget-creation --initialize-from-dill /Users/alebairos/Projects/mobile/chat_app/build/test_cache/build/cache.dill.track.dill --verbosity=error
[   +6 ms] <- compile file:///var/folders/f7/rqd14g9d2rv0v4rhwj55l7v40000gn/T/flutter_tools.F7fST3/flutter_test_listener.ugBrxS/listener.dart
[ +822 ms] <- accept
[        ] <- reset
[        ] Compiling file:///var/folders/f7/rqd14g9d2rv0v4rhwj55l7v40000gn/T/flutter_tools.F7fST3/flutter_test_listener.ugBrxS/listener.dart took 871ms
[        ] test 0: starting test device
[   +1 ms] test 0: awaiting connection to test device
[        ] test 0: VM Service uri is not available
[   +1 ms] test 0: test harness socket server is running at port:50311
[        ] Using this directory for fonts configuration: /var/folders/f7/rqd14g9d2rv0v4rhwj55l7v40000gn/T/flutter_tools.F7fST3/flutter_test_fonts.G9wZw2
[        ] test 0: Starting flutter_tester process with command=[/opt/homebrew/Caskroom/flutter/3.27.2/flutter/bin/cache/artifacts/engine/darwin-x64/flutter_tester, --disable-vm-service, --enable-checked-mode, --verify-entry-points, --enable-software-rendering, --skia-deterministic-rendering, --enable-dart-profiling, --non-interactive, --use-test-fonts, --disable-asset-fonts, --packages=/Users/alebairos/Projects/mobile/chat_app/.dart_tool/package_config.json, --flutter-assets-dir=/Users/alebairos/Projects/mobile/chat_app/build/unit_test_assets, /var/folders/f7/rqd14g9d2rv0v4rhwj55l7v40000gn/T/flutter_tools.F7fST3/flutter_test_listener.ugBrxS/listener.dart.dill], environment={FLUTTER_TEST: true, FONTCONFIG_FILE: /var/folders/f7/rqd14g9d2rv0v4rhwj55l7v40000gn/T/flutter_tools.F7fST3/flutter_test_fonts.G9wZw2/fonts.conf, SERVER_PORT: 50311, APP_NAME: character_ai_clone, UNIT_TEST_ASSETS: /Users/alebairos/Projects/mobile/chat_app/build/unit_test_assets}
[   +4 ms] test 0: Started flutter_tester process at pid 3127
00:01 +0: loading /Users/alebairos/Projects/mobile/chat_app/test/chat_input_test.dart                                                                                                                  [ +495 ms] test 0: connected to test device, now awaiting test result
[        ] test 0: Waiting for test harness or tests to finish
00:01 +0: ChatInput Widget renders correctly                                                                                                                                                           00:01 +1: ChatInput Widget renders correctly                                                                                                                                                           00:01 +1: ChatInput Widget can enter text                                                                                                                                                              00:01 +2: ChatInput Widget can enter text                                                                                                                                                              00:01 +2: ChatInput Widget triggers onSend when send button is pressed with text                                                                                                                       00:01 +3: ChatInput Widget triggers onSend when send button is pressed with text                                                                                                                       00:01 +3: ChatInput Widget clears text field after sending                                                                                                                                             00:01 +4: ChatInput Widget clears text field after sending                                                                                                                                             00:01 +4: ChatInput Widget handles empty text gracefully                                                                                                                                               00:01 +5: ChatInput Widget handles empty text gracefully                                                                                                                                               00:01 +5: ChatInput Widget handles whitespace-only text gracefully                                                                                                                                     00:01 +6: ChatInput Widget handles whitespace-only text gracefully                                                                                                                                     00:01 +6: ChatInput Widget maintains text field state between rebuilds                                                                                                                                 00:02 +6: ChatInput Widget maintains text field state between rebuilds                                                                                                                                 00:02 +7: ChatInput Widget maintains text field state between rebuilds                                                                                                                                 [ +630 ms] test 0: Test harness is no longer needed by test process
[        ] test 0: finished
[        ] test 0: cleaning up...
[        ] test 0: ensuring test device is terminated.
[        ] test 0: Terminating flutter_tester process
[        ] test 0: Shutting down DevTools server
[        ] test 0: Test process is no longer needed by test harness
[        ] test 0: Shutting down test harness socket server
[   +2 ms] test 0: flutter_tester process at pid 3127 exited with code=-9
[        ] test 0: deleting temporary directory
[        ] test 0: finished
00:02 +7: All tests passed!                                                                                                                                                                            
[   +2 ms] Deleting /var/folders/f7/rqd14g9d2rv0v4rhwj55l7v40000gn/T/flutter_tools.F7fST3/flutter_test_compiler.SYk1xh...
[        ] killing pid 3120
[   +7 ms] Deleting /var/folders/f7/rqd14g9d2rv0v4rhwj55l7v40000gn/T/flutter_tools.F7fST3/flutter_test_fonts.G9wZw2...
[   +2 ms] test package returned with exit code 0
[        ] Runtime for phase TestRunner: Wall-clock: 0:00:02.112066; combined: 0:00:02.112082.
[        ] Runtime for phase Compile: Wall-clock: 0:00:00.871835; combined: 0:00:00.871851.
[        ] Runtime for phase Run: Wall-clock: 0:00:01.134233; combined: 0:00:01.134236.
[        ] Runtime for phase CoverageTotal: Wall-clock: 0:00:00.000000; combined: 0:00:00.000000.
[        ] Runtime for phase CoverageCollect: Wall-clock: 0:00:00.000000; combined: 0:00:00.000000.
[        ] Runtime for phase CoverageParseJson: Wall-clock: 0:00:00.000000; combined: 0:00:00.000000.
[        ] Runtime for phase CoverageAddHitmap: Wall-clock: 0:00:00.000000; combined: 0:00:00.000000.
[        ] Runtime for phase CoverageDataCollect: Wall-clock: 0:00:00.000000; combined: 0:00:00.000000.
[        ] Runtime for phase WatcherFinishedTest: Wall-clock: 0:00:00.000294; combined: 0:00:00.000296.
[   +3 ms] "flutter test" took 2,520ms.
[  +19 ms] Running 3 shutdown hooks
[        ] Shutdown hooks complete
[ +137 ms] exiting with code 0

=== Running ./test/audio_recorder_concurrency_test.dart ===
[  +10 ms] executing: sysctl hw.optional.arm64
[   +6 ms] Exit code 0 from: sysctl hw.optional.arm64
[        ] hw.optional.arm64: 1
[   +8 ms] executing: sw_vers -productName
[   +8 ms] Exit code 0 from: sw_vers -productName
[        ] macOS
[        ] executing: sw_vers -productVersion
[   +7 ms] Exit code 0 from: sw_vers -productVersion
[        ] 14.6.1
[        ] executing: sw_vers -buildVersion
[   +6 ms] Exit code 0 from: sw_vers -buildVersion
[        ] 23G93
[        ] executing: uname -m
[   +2 ms] Exit code 0 from: uname -m
[        ] arm64
[   +8 ms] Found 1 files which will be executed as Widget Tests.
[   +1 ms] Artifact Instance of 'AndroidGenSnapshotArtifacts' is not required, skipping update.
[        ] Artifact Instance of 'AndroidInternalBuildArtifacts' is not required, skipping update.
[        ] Artifact Instance of 'IOSEngineArtifacts' is not required, skipping update.
[        ] Artifact Instance of 'FlutterWebSdk' is not required, skipping update.
[        ] Artifact Instance of 'LegacyCanvasKitRemover' is not required, skipping update.
[   +2 ms] Artifact Instance of 'WindowsEngineArtifacts' is not required, skipping update.
[        ] Artifact Instance of 'MacOSEngineArtifacts' is not required, skipping update.
[        ] Artifact Instance of 'LinuxEngineArtifacts' is not required, skipping update.
[        ] Artifact Instance of 'LinuxFuchsiaSDKArtifacts' is not required, skipping update.
[        ] Artifact Instance of 'MacOSFuchsiaSDKArtifacts' is not required, skipping update.
[        ] Artifact Instance of 'FlutterRunnerSDKArtifacts' is not required, skipping update.
[        ] Artifact Instance of 'FlutterRunnerDebugSymbols' is not required, skipping update.
[  +18 ms] Artifact Instance of 'MaterialFonts' is not required, skipping update.
[        ] Artifact Instance of 'GradleWrapper' is not required, skipping update.
[        ] Artifact Instance of 'AndroidGenSnapshotArtifacts' is not required, skipping update.
[        ] Artifact Instance of 'AndroidInternalBuildArtifacts' is not required, skipping update.
[        ] Artifact Instance of 'IOSEngineArtifacts' is not required, skipping update.
[        ] Artifact Instance of 'FlutterWebSdk' is not required, skipping update.
[        ] Artifact Instance of 'LegacyCanvasKitRemover' is not required, skipping update.
[        ] Artifact Instance of 'FlutterSdk' is not required, skipping update.
[        ] Artifact Instance of 'WindowsEngineArtifacts' is not required, skipping update.
[        ] Artifact Instance of 'MacOSEngineArtifacts' is not required, skipping update.
[        ] Artifact Instance of 'LinuxEngineArtifacts' is not required, skipping update.
[        ] Artifact Instance of 'LinuxFuchsiaSDKArtifacts' is not required, skipping update.
[        ] Artifact Instance of 'MacOSFuchsiaSDKArtifacts' is not required, skipping update.
[        ] Artifact Instance of 'FlutterRunnerSDKArtifacts' is not required, skipping update.
[        ] Artifact Instance of 'FlutterRunnerDebugSymbols' is not required, skipping update.
[        ] Artifact Instance of 'IosUsbArtifacts' is not required, skipping update.
[        ] Artifact Instance of 'IosUsbArtifacts' is not required, skipping update.
[        ] Artifact Instance of 'IosUsbArtifacts' is not required, skipping update.
[        ] Artifact Instance of 'IosUsbArtifacts' is not required, skipping update.
[        ] Artifact Instance of 'IosUsbArtifacts' is not required, skipping update.
[        ] Artifact Instance of 'FontSubsetArtifacts' is not required, skipping update.
[        ] Artifact Instance of 'PubDependencies' is not required, skipping update.
[  +21 ms] Skipping pub get: version match.
[  +13 ms] Found plugin audioplayers at /Users/alebairos/.pub-cache/hosted/pub.dev/audioplayers-5.2.1/
[   +1 ms] Found plugin audioplayers_android at /Users/alebairos/.pub-cache/hosted/pub.dev/audioplayers_android-4.0.3/
[        ] Found plugin audioplayers_darwin at /Users/alebairos/.pub-cache/hosted/pub.dev/audioplayers_darwin-5.0.2/
[   +1 ms] Found plugin audioplayers_linux at /Users/alebairos/.pub-cache/hosted/pub.dev/audioplayers_linux-3.1.0/
[   +1 ms] Found plugin audioplayers_web at /Users/alebairos/.pub-cache/hosted/pub.dev/audioplayers_web-4.1.0/
[        ] Found plugin audioplayers_windows at /Users/alebairos/.pub-cache/hosted/pub.dev/audioplayers_windows-3.1.0/
[  +20 ms] Found plugin isar_flutter_libs at /Users/alebairos/.pub-cache/hosted/pub.dev/isar_flutter_libs-3.1.0+1/
[   +9 ms] Found plugin path_provider at /Users/alebairos/.pub-cache/hosted/pub.dev/path_provider-2.1.5/
[        ] Found plugin path_provider_android at /Users/alebairos/.pub-cache/hosted/pub.dev/path_provider_android-2.2.15/
[        ] Found plugin path_provider_foundation at /Users/alebairos/.pub-cache/hosted/pub.dev/path_provider_foundation-2.4.1/
[        ] Found plugin path_provider_linux at /Users/alebairos/.pub-cache/hosted/pub.dev/path_provider_linux-2.2.1/
[   +1 ms] Found plugin path_provider_windows at /Users/alebairos/.pub-cache/hosted/pub.dev/path_provider_windows-2.3.0/
[   +2 ms] Found plugin record at /Users/alebairos/.pub-cache/hosted/pub.dev/record-4.4.4/
[        ] Found plugin record_linux at /Users/alebairos/.pub-cache/hosted/pub.dev/record_linux-0.4.1/
[        ] Found plugin record_macos at /Users/alebairos/.pub-cache/hosted/pub.dev/record_macos-0.2.2/
[        ] Found plugin record_web at /Users/alebairos/.pub-cache/hosted/pub.dev/record_web-0.5.0/
[        ] Found plugin record_windows at /Users/alebairos/.pub-cache/hosted/pub.dev/record_windows-0.7.1/
[  +18 ms] Found plugin audioplayers at /Users/alebairos/.pub-cache/hosted/pub.dev/audioplayers-5.2.1/
[        ] Found plugin audioplayers_android at /Users/alebairos/.pub-cache/hosted/pub.dev/audioplayers_android-4.0.3/
[        ] Found plugin audioplayers_darwin at /Users/alebairos/.pub-cache/hosted/pub.dev/audioplayers_darwin-5.0.2/
[        ] Found plugin audioplayers_linux at /Users/alebairos/.pub-cache/hosted/pub.dev/audioplayers_linux-3.1.0/
[        ] Found plugin audioplayers_web at /Users/alebairos/.pub-cache/hosted/pub.dev/audioplayers_web-4.1.0/
[        ] Found plugin audioplayers_windows at /Users/alebairos/.pub-cache/hosted/pub.dev/audioplayers_windows-3.1.0/
[   +9 ms] Found plugin isar_flutter_libs at /Users/alebairos/.pub-cache/hosted/pub.dev/isar_flutter_libs-3.1.0+1/
[   +4 ms] Found plugin path_provider at /Users/alebairos/.pub-cache/hosted/pub.dev/path_provider-2.1.5/
[        ] Found plugin path_provider_android at /Users/alebairos/.pub-cache/hosted/pub.dev/path_provider_android-2.2.15/
[        ] Found plugin path_provider_foundation at /Users/alebairos/.pub-cache/hosted/pub.dev/path_provider_foundation-2.4.1/
[        ] Found plugin path_provider_linux at /Users/alebairos/.pub-cache/hosted/pub.dev/path_provider_linux-2.2.1/
[        ] Found plugin path_provider_windows at /Users/alebairos/.pub-cache/hosted/pub.dev/path_provider_windows-2.3.0/
[   +1 ms] Found plugin record at /Users/alebairos/.pub-cache/hosted/pub.dev/record-4.4.4/
[        ] Found plugin record_linux at /Users/alebairos/.pub-cache/hosted/pub.dev/record_linux-0.4.1/
[        ] Found plugin record_macos at /Users/alebairos/.pub-cache/hosted/pub.dev/record_macos-0.2.2/
[        ] Found plugin record_web at /Users/alebairos/.pub-cache/hosted/pub.dev/record_web-0.5.0/
[        ] Found plugin record_windows at /Users/alebairos/.pub-cache/hosted/pub.dev/record_windows-0.7.1/
[  +14 ms] Found plugin audioplayers at /Users/alebairos/.pub-cache/hosted/pub.dev/audioplayers-5.2.1/
[        ] Found plugin audioplayers_android at /Users/alebairos/.pub-cache/hosted/pub.dev/audioplayers_android-4.0.3/
[        ] Found plugin audioplayers_darwin at /Users/alebairos/.pub-cache/hosted/pub.dev/audioplayers_darwin-5.0.2/
[        ] Found plugin audioplayers_linux at /Users/alebairos/.pub-cache/hosted/pub.dev/audioplayers_linux-3.1.0/
[        ] Found plugin audioplayers_web at /Users/alebairos/.pub-cache/hosted/pub.dev/audioplayers_web-4.1.0/
[        ] Found plugin audioplayers_windows at /Users/alebairos/.pub-cache/hosted/pub.dev/audioplayers_windows-3.1.0/
[   +8 ms] Found plugin isar_flutter_libs at /Users/alebairos/.pub-cache/hosted/pub.dev/isar_flutter_libs-3.1.0+1/
[   +3 ms] Found plugin path_provider at /Users/alebairos/.pub-cache/hosted/pub.dev/path_provider-2.1.5/
[        ] Found plugin path_provider_android at /Users/alebairos/.pub-cache/hosted/pub.dev/path_provider_android-2.2.15/
[        ] Found plugin path_provider_foundation at /Users/alebairos/.pub-cache/hosted/pub.dev/path_provider_foundation-2.4.1/
[        ] Found plugin path_provider_linux at /Users/alebairos/.pub-cache/hosted/pub.dev/path_provider_linux-2.2.1/
[        ] Found plugin path_provider_windows at /Users/alebairos/.pub-cache/hosted/pub.dev/path_provider_windows-2.3.0/
[   +1 ms] Found plugin record at /Users/alebairos/.pub-cache/hosted/pub.dev/record-4.4.4/
[        ] Found plugin record_linux at /Users/alebairos/.pub-cache/hosted/pub.dev/record_linux-0.4.1/
[        ] Found plugin record_macos at /Users/alebairos/.pub-cache/hosted/pub.dev/record_macos-0.2.2/
[        ] Found plugin record_web at /Users/alebairos/.pub-cache/hosted/pub.dev/record_web-0.5.0/
[        ] Found plugin record_windows at /Users/alebairos/.pub-cache/hosted/pub.dev/record_windows-0.7.1/
[   +8 ms] Generating /Users/alebairos/Projects/mobile/chat_app/android/app/src/main/java/io/flutter/plugins/GeneratedPluginRegistrant.java
[  +11 ms] executing: sysctl hw.optional.arm64
[   +2 ms] Exit code 0 from: sysctl hw.optional.arm64
[        ] hw.optional.arm64: 1
[        ] executing: /usr/bin/arch -arm64e xcrun xcodebuild -version
[  +43 ms] Exit code 0 from: /usr/bin/arch -arm64e xcrun xcodebuild -version
[        ] Xcode 16.2
           Build version 16C5032a
[  +41 ms] No packages with native assets. Skipping native assets compilation.
[        ] Writing native assets json to file:///Users/alebairos/Projects/mobile/chat_app/build/native_assets/macos/native_assets.json.
[        ] Writing /Users/alebairos/Projects/mobile/chat_app/build/native_assets/macos/native_assets.json done.
[  +62 ms] running test package with arguments: [--no-color, --chain-stack-traces, --, file:///Users/alebairos/Projects/mobile/chat_app/test/audio_recorder_concurrency_test.dart?]
00:00 +0: loading /Users/alebairos/Projects/mobile/chat_app/test/audio_recorder_concurrency_test.dart                                                                                                  [  +76 ms] test 0: starting test /Users/alebairos/Projects/mobile/chat_app/test/audio_recorder_concurrency_test.dart
[   +1 ms] Stopping scan for flutter_test_config.dart; found project root at /Users/alebairos/Projects/mobile/chat_app
[        ] Compiler will use the following file as its incremental dill file: /var/folders/f7/rqd14g9d2rv0v4rhwj55l7v40000gn/T/flutter_tools.Ih75Qo/flutter_test_compiler.FYcbEB/output.dill
[        ] Listening to compiler controller...
[   +2 ms] Compiling file:///var/folders/f7/rqd14g9d2rv0v4rhwj55l7v40000gn/T/flutter_tools.Ih75Qo/flutter_test_listener.IeJ1iM/listener.dart
[  +17 ms] Found plugin audioplayers at /Users/alebairos/.pub-cache/hosted/pub.dev/audioplayers-5.2.1/
[        ] Found plugin audioplayers_android at /Users/alebairos/.pub-cache/hosted/pub.dev/audioplayers_android-4.0.3/
[        ] Found plugin audioplayers_darwin at /Users/alebairos/.pub-cache/hosted/pub.dev/audioplayers_darwin-5.0.2/
[        ] Found plugin audioplayers_linux at /Users/alebairos/.pub-cache/hosted/pub.dev/audioplayers_linux-3.1.0/
[        ] Found plugin audioplayers_web at /Users/alebairos/.pub-cache/hosted/pub.dev/audioplayers_web-4.1.0/
[        ] Found plugin audioplayers_windows at /Users/alebairos/.pub-cache/hosted/pub.dev/audioplayers_windows-3.1.0/
[   +7 ms] Found plugin isar_flutter_libs at /Users/alebairos/.pub-cache/hosted/pub.dev/isar_flutter_libs-3.1.0+1/
[   +3 ms] Found plugin path_provider at /Users/alebairos/.pub-cache/hosted/pub.dev/path_provider-2.1.5/
[        ] Found plugin path_provider_android at /Users/alebairos/.pub-cache/hosted/pub.dev/path_provider_android-2.2.15/
[        ] Found plugin path_provider_foundation at /Users/alebairos/.pub-cache/hosted/pub.dev/path_provider_foundation-2.4.1/
[        ] Found plugin path_provider_linux at /Users/alebairos/.pub-cache/hosted/pub.dev/path_provider_linux-2.2.1/
[        ] Found plugin path_provider_windows at /Users/alebairos/.pub-cache/hosted/pub.dev/path_provider_windows-2.3.0/
[   +1 ms] Found plugin record at /Users/alebairos/.pub-cache/hosted/pub.dev/record-4.4.4/
[        ] Found plugin record_linux at /Users/alebairos/.pub-cache/hosted/pub.dev/record_linux-0.4.1/
[        ] Found plugin record_macos at /Users/alebairos/.pub-cache/hosted/pub.dev/record_macos-0.2.2/
[        ] Found plugin record_web at /Users/alebairos/.pub-cache/hosted/pub.dev/record_web-0.5.0/
[        ] Found plugin record_windows at /Users/alebairos/.pub-cache/hosted/pub.dev/record_windows-0.7.1/
[  +10 ms] /opt/homebrew/Caskroom/flutter/3.27.2/flutter/bin/cache/dart-sdk/bin/dartaotruntime /opt/homebrew/Caskroom/flutter/3.27.2/flutter/bin/cache/dart-sdk/bin/snapshots/frontend_server_aot.dart.snapshot --sdk-root /opt/homebrew/Caskroom/flutter/3.27.2/flutter/bin/cache/artifacts/engine/common/flutter_patched_sdk/ --incremental --no-print-incremental-dependencies --target=flutter --experimental-emit-debug-metadata --output-dill /var/folders/f7/rqd14g9d2rv0v4rhwj55l7v40000gn/T/flutter_tools.Ih75Qo/flutter_test_compiler.FYcbEB/output.dill --packages /Users/alebairos/Projects/mobile/chat_app/.dart_tool/package_config.json -Ddart.vm.profile=false -Ddart.vm.product=false --enable-asserts --track-widget-creation --initialize-from-dill /Users/alebairos/Projects/mobile/chat_app/build/test_cache/build/cache.dill.track.dill --verbosity=error
[   +5 ms] <- compile file:///var/folders/f7/rqd14g9d2rv0v4rhwj55l7v40000gn/T/flutter_tools.Ih75Qo/flutter_test_listener.IeJ1iM/listener.dart
[ +402 ms] <- accept
[        ] <- reset
[        ] Compiling file:///var/folders/f7/rqd14g9d2rv0v4rhwj55l7v40000gn/T/flutter_tools.Ih75Qo/flutter_test_listener.IeJ1iM/listener.dart took 453ms
[        ] test 0: starting test device
[   +1 ms] test 0: awaiting connection to test device
[        ] test 0: VM Service uri is not available
[   +1 ms] test 0: test harness socket server is running at port:50317
[        ] Using this directory for fonts configuration: /var/folders/f7/rqd14g9d2rv0v4rhwj55l7v40000gn/T/flutter_tools.Ih75Qo/flutter_test_fonts.ptSYqs
[        ] test 0: Starting flutter_tester process with command=[/opt/homebrew/Caskroom/flutter/3.27.2/flutter/bin/cache/artifacts/engine/darwin-x64/flutter_tester, --disable-vm-service, --enable-checked-mode, --verify-entry-points, --enable-software-rendering, --skia-deterministic-rendering, --enable-dart-profiling, --non-interactive, --use-test-fonts, --disable-asset-fonts, --packages=/Users/alebairos/Projects/mobile/chat_app/.dart_tool/package_config.json, --flutter-assets-dir=/Users/alebairos/Projects/mobile/chat_app/build/unit_test_assets, /var/folders/f7/rqd14g9d2rv0v4rhwj55l7v40000gn/T/flutter_tools.Ih75Qo/flutter_test_listener.IeJ1iM/listener.dart.dill], environment={FLUTTER_TEST: true, FONTCONFIG_FILE: /var/folders/f7/rqd14g9d2rv0v4rhwj55l7v40000gn/T/flutter_tools.Ih75Qo/flutter_test_fonts.ptSYqs/fonts.conf, SERVER_PORT: 50317, APP_NAME: character_ai_clone, UNIT_TEST_ASSETS: /Users/alebairos/Projects/mobile/chat_app/build/unit_test_assets}
[   +5 ms] test 0: Started flutter_tester process at pid 3185
[ +372 ms] test 0: connected to test device, now awaiting test result
[        ] test 0: Waiting for test harness or tests to finish
00:00 +0: cannot start recording while already recording                                                                                                                                               00:01 +0: cannot start recording while already recording                                                                                                                                               00:01 +0: cannot start recording while already recording                                                                                                                                               
══╡ EXCEPTION CAUGHT BY FLUTTER TEST FRAMEWORK ╞════════════════════════════════════════════════════
The following StateError was thrown running a test:
Bad state: No element

When the exception was thrown, this was the stack:
#0      Iterable.single (dart:core/iterable.dart:676:25)
#1      WidgetController.widget (package:flutter_test/src/controller.dart:804:30)
#2      main.<anonymous closure> (file:///Users/alebairos/Projects/mobile/chat_app/test/audio_recorder_concurrency_test.dart:20:30)
<asynchronous suspension>
#3      testWidgets.<anonymous closure>.<anonymous closure> (package:flutter_test/src/widget_tester.dart:193:15)
<asynchronous suspension>
#4      TestWidgetsFlutterBinding._runTestBody (package:flutter_test/src/binding.dart:1064:5)
<asynchronous suspension>
<asynchronous suspension>
(elided one frame from package:stack_trace)

The test description was:
  cannot start recording while already recording
════════════════════════════════════════════════════════════════════════════════════════════════════
00:01 +0 -1: cannot start recording while already recording [E]                                                                                                                                        
  Test failed. See exception logs above.
  The test description was: cannot start recording while already recording
  

To run this test again: /opt/homebrew/Caskroom/flutter/3.27.2/flutter/bin/cache/dart-sdk/bin/dart test /Users/alebairos/Projects/mobile/chat_app/test/audio_recorder_concurrency_test.dart -p vm --plain-name 'cannot start recording while already recording'
00:01 +0 -1: cannot play while recording                                                                                                                                                               00:01 +0 -1: cannot play while recording                                                                                                                                                               
══╡ EXCEPTION CAUGHT BY FLUTTER TEST FRAMEWORK ╞════════════════════════════════════════════════════
The following assertion was thrown running a test:
The finder "Found 0 widgets with icon "IconData(U+0E3E1)": []" (used in a call to "tap()") could not
find any matching widgets.

When the exception was thrown, this was the stack:
#0      WidgetController._getElementPoint (package:flutter_test/src/controller.dart:2009:7)
#1      WidgetController.getCenter (package:flutter_test/src/controller.dart:1861:12)
#2      WidgetController.tap (package:flutter_test/src/controller.dart:1041:7)
#3      main.<anonymous closure> (file:///Users/alebairos/Projects/mobile/chat_app/test/audio_recorder_concurrency_test.dart:37:18)
<asynchronous suspension>
#4      testWidgets.<anonymous closure>.<anonymous closure> (package:flutter_test/src/widget_tester.dart:193:15)
<asynchronous suspension>
#5      TestWidgetsFlutterBinding._runTestBody (package:flutter_test/src/binding.dart:1064:5)
<asynchronous suspension>
<asynchronous suspension>
(elided one frame from package:stack_trace)

The test description was:
  cannot play while recording
════════════════════════════════════════════════════════════════════════════════════════════════════
00:01 +0 -2: cannot play while recording [E]                                                                                                                                                           
  Test failed. See exception logs above.
  The test description was: cannot play while recording
  

To run this test again: /opt/homebrew/Caskroom/flutter/3.27.2/flutter/bin/cache/dart-sdk/bin/dart test /Users/alebairos/Projects/mobile/chat_app/test/audio_recorder_concurrency_test.dart -p vm --plain-name 'cannot play while recording'
00:01 +0 -2: cannot delete while recording                                                                                                                                                             00:01 +0 -2: cannot delete while recording                                                                                                                                                             
══╡ EXCEPTION CAUGHT BY FLUTTER TEST FRAMEWORK ╞════════════════════════════════════════════════════
The following assertion was thrown running a test:
The finder "Found 0 widgets with icon "IconData(U+0E3E1)": []" (used in a call to "tap()") could not
find any matching widgets.

When the exception was thrown, this was the stack:
#0      WidgetController._getElementPoint (package:flutter_test/src/controller.dart:2009:7)
#1      WidgetController.getCenter (package:flutter_test/src/controller.dart:1861:12)
#2      WidgetController.tap (package:flutter_test/src/controller.dart:1041:7)
#3      main.<anonymous closure> (file:///Users/alebairos/Projects/mobile/chat_app/test/audio_recorder_concurrency_test.dart:58:18)
<asynchronous suspension>
#4      testWidgets.<anonymous closure>.<anonymous closure> (package:flutter_test/src/widget_tester.dart:193:15)
<asynchronous suspension>
#5      TestWidgetsFlutterBinding._runTestBody (package:flutter_test/src/binding.dart:1064:5)
<asynchronous suspension>
<asynchronous suspension>
(elided one frame from package:stack_trace)

The test description was:
  cannot delete while recording
════════════════════════════════════════════════════════════════════════════════════════════════════
00:01 +0 -3: cannot delete while recording [E]                                                                                                                                                         
  Test failed. See exception logs above.
  The test description was: cannot delete while recording
  

To run this test again: /opt/homebrew/Caskroom/flutter/3.27.2/flutter/bin/cache/dart-sdk/bin/dart test /Users/alebairos/Projects/mobile/chat_app/test/audio_recorder_concurrency_test.dart -p vm --plain-name 'cannot delete while recording'
00:01 +0 -3: cannot send while recording                                                                                                                                                               00:01 +0 -3: cannot send while recording                                                                                                                                                               
══╡ EXCEPTION CAUGHT BY FLUTTER TEST FRAMEWORK ╞════════════════════════════════════════════════════
The following assertion was thrown running a test:
The finder "Found 0 widgets with icon "IconData(U+0E3E1)": []" (used in a call to "tap()") could not
find any matching widgets.

When the exception was thrown, this was the stack:
#0      WidgetController._getElementPoint (package:flutter_test/src/controller.dart:2009:7)
#1      WidgetController.getCenter (package:flutter_test/src/controller.dart:1861:12)
#2      WidgetController.tap (package:flutter_test/src/controller.dart:1041:7)
#3      main.<anonymous closure> (file:///Users/alebairos/Projects/mobile/chat_app/test/audio_recorder_concurrency_test.dart:79:18)
<asynchronous suspension>
#4      testWidgets.<anonymous closure>.<anonymous closure> (package:flutter_test/src/widget_tester.dart:193:15)
<asynchronous suspension>
#5      TestWidgetsFlutterBinding._runTestBody (package:flutter_test/src/binding.dart:1064:5)
<asynchronous suspension>
<asynchronous suspension>
(elided one frame from package:stack_trace)

The test description was:
  cannot send while recording
════════════════════════════════════════════════════════════════════════════════════════════════════
00:01 +0 -4: cannot send while recording [E]                                                                                                                                                           
  Test failed. See exception logs above.
  The test description was: cannot send while recording
  

To run this test again: /opt/homebrew/Caskroom/flutter/3.27.2/flutter/bin/cache/dart-sdk/bin/dart test /Users/alebairos/Projects/mobile/chat_app/test/audio_recorder_concurrency_test.dart -p vm --plain-name 'cannot send while recording'
00:01 +0 -4: cannot record while playing                                                                                                                                                               00:01 +0 -4: cannot record while playing                                                                                                                                                               
══╡ EXCEPTION CAUGHT BY FLUTTER TEST FRAMEWORK ╞════════════════════════════════════════════════════
The following StateError was thrown running a test:
Bad state: No element

When the exception was thrown, this was the stack:
#0      Iterable.single (dart:core/iterable.dart:676:25)
#1      WidgetController.widget (package:flutter_test/src/controller.dart:804:30)
#2      main.<anonymous closure> (file:///Users/alebairos/Projects/mobile/chat_app/test/audio_recorder_concurrency_test.dart:104:30)
<asynchronous suspension>
#3      testWidgets.<anonymous closure>.<anonymous closure> (package:flutter_test/src/widget_tester.dart:193:15)
<asynchronous suspension>
#4      TestWidgetsFlutterBinding._runTestBody (package:flutter_test/src/binding.dart:1064:5)
<asynchronous suspension>
<asynchronous suspension>
(elided one frame from package:stack_trace)

The test description was:
  cannot record while playing
════════════════════════════════════════════════════════════════════════════════════════════════════
00:01 +0 -5: cannot record while playing [E]                                                                                                                                                           
  Test failed. See exception logs above.
  The test description was: cannot record while playing
  

To run this test again: /opt/homebrew/Caskroom/flutter/3.27.2/flutter/bin/cache/dart-sdk/bin/dart test /Users/alebairos/Projects/mobile/chat_app/test/audio_recorder_concurrency_test.dart -p vm --plain-name 'cannot record while playing'
00:01 +0 -5: cannot delete while playing                                                                                                                                                               00:01 +0 -5: cannot delete while playing                                                                                                                                                               
══╡ EXCEPTION CAUGHT BY FLUTTER TEST FRAMEWORK ╞════════════════════════════════════════════════════
The following TestFailure was thrown running a test:
Expected: null
  Actual: <Closure: () => void>

When the exception was thrown, this was the stack:
#4      main.<anonymous closure> (file:///Users/alebairos/Projects/mobile/chat_app/test/audio_recorder_concurrency_test.dart:131:5)
<asynchronous suspension>
#5      testWidgets.<anonymous closure>.<anonymous closure> (package:flutter_test/src/widget_tester.dart:193:15)
<asynchronous suspension>
#6      TestWidgetsFlutterBinding._runTestBody (package:flutter_test/src/binding.dart:1064:5)
<asynchronous suspension>
<asynchronous suspension>
(elided one frame from package:stack_trace)

This was caught by the test expectation on the following line:
  file:///Users/alebairos/Projects/mobile/chat_app/test/audio_recorder_concurrency_test.dart line 131
The test description was:
  cannot delete while playing
════════════════════════════════════════════════════════════════════════════════════════════════════
00:01 +0 -6: cannot delete while playing [E]                                                                                                                                                           
  Test failed. See exception logs above.
  The test description was: cannot delete while playing
  

To run this test again: /opt/homebrew/Caskroom/flutter/3.27.2/flutter/bin/cache/dart-sdk/bin/dart test /Users/alebairos/Projects/mobile/chat_app/test/audio_recorder_concurrency_test.dart -p vm --plain-name 'cannot delete while playing'
00:01 +0 -6: cannot send while playing                                                                                                                                                                 00:01 +0 -6: cannot send while playing                                                                                                                                                                 
══╡ EXCEPTION CAUGHT BY FLUTTER TEST FRAMEWORK ╞════════════════════════════════════════════════════
The following TestFailure was thrown running a test:
Expected: null
  Actual: <Closure: () => void>

When the exception was thrown, this was the stack:
#4      main.<anonymous closure> (file:///Users/alebairos/Projects/mobile/chat_app/test/audio_recorder_concurrency_test.dart:152:5)
<asynchronous suspension>
#5      testWidgets.<anonymous closure>.<anonymous closure> (package:flutter_test/src/widget_tester.dart:193:15)
<asynchronous suspension>
#6      TestWidgetsFlutterBinding._runTestBody (package:flutter_test/src/binding.dart:1064:5)
<asynchronous suspension>
<asynchronous suspension>
(elided one frame from package:stack_trace)

This was caught by the test expectation on the following line:
  file:///Users/alebairos/Projects/mobile/chat_app/test/audio_recorder_concurrency_test.dart line 152
The test description was:
  cannot send while playing
════════════════════════════════════════════════════════════════════════════════════════════════════
00:01 +0 -7: cannot send while playing [E]                                                                                                                                                             
  Test failed. See exception logs above.
  The test description was: cannot send while playing
  

To run this test again: /opt/homebrew/Caskroom/flutter/3.27.2/flutter/bin/cache/dart-sdk/bin/dart test /Users/alebairos/Projects/mobile/chat_app/test/audio_recorder_concurrency_test.dart -p vm --plain-name 'cannot send while playing'
00:01 +0 -7: cannot play while deleting                                                                                                                                                                00:01 +0 -7: cannot play while deleting                                                                                                                                                                
══╡ EXCEPTION CAUGHT BY FLUTTER TEST FRAMEWORK ╞════════════════════════════════════════════════════
The following StateError was thrown running a test:
Bad state: No element

When the exception was thrown, this was the stack:
#0      Iterable.single (dart:core/iterable.dart:676:25)
#1      WidgetController.widget (package:flutter_test/src/controller.dart:804:30)
#2      main.<anonymous closure> (file:///Users/alebairos/Projects/mobile/chat_app/test/audio_recorder_concurrency_test.dart:167:31)
<asynchronous suspension>
#3      testWidgets.<anonymous closure>.<anonymous closure> (package:flutter_test/src/widget_tester.dart:193:15)
<asynchronous suspension>
#4      TestWidgetsFlutterBinding._runTestBody (package:flutter_test/src/binding.dart:1064:5)
<asynchronous suspension>
<asynchronous suspension>
(elided one frame from package:stack_trace)

The test description was:
  cannot play while deleting
════════════════════════════════════════════════════════════════════════════════════════════════════
00:01 +0 -8: cannot play while deleting [E]                                                                                                                                                            
  Test failed. See exception logs above.
  The test description was: cannot play while deleting
  

To run this test again: /opt/homebrew/Caskroom/flutter/3.27.2/flutter/bin/cache/dart-sdk/bin/dart test /Users/alebairos/Projects/mobile/chat_app/test/audio_recorder_concurrency_test.dart -p vm --plain-name 'cannot play while deleting'
00:01 +0 -8: cannot record while deleting                                                                                                                                                              00:01 +0 -8: cannot record while deleting                                                                                                                                                              
══╡ EXCEPTION CAUGHT BY FLUTTER TEST FRAMEWORK ╞════════════════════════════════════════════════════
The following TestFailure was thrown running a test:
Expected: null
  Actual: <Closure: () => void>

When the exception was thrown, this was the stack:
#4      main.<anonymous closure> (file:///Users/alebairos/Projects/mobile/chat_app/test/audio_recorder_concurrency_test.dart:194:5)
<asynchronous suspension>
#5      testWidgets.<anonymous closure>.<anonymous closure> (package:flutter_test/src/widget_tester.dart:193:15)
<asynchronous suspension>
#6      TestWidgetsFlutterBinding._runTestBody (package:flutter_test/src/binding.dart:1064:5)
<asynchronous suspension>
<asynchronous suspension>
(elided one frame from package:stack_trace)

This was caught by the test expectation on the following line:
  file:///Users/alebairos/Projects/mobile/chat_app/test/audio_recorder_concurrency_test.dart line 194
The test description was:
  cannot record while deleting
════════════════════════════════════════════════════════════════════════════════════════════════════
00:01 +0 -9: cannot record while deleting [E]                                                                                                                                                          
  Test failed. See exception logs above.
  The test description was: cannot record while deleting
  

To run this test again: /opt/homebrew/Caskroom/flutter/3.27.2/flutter/bin/cache/dart-sdk/bin/dart test /Users/alebairos/Projects/mobile/chat_app/test/audio_recorder_concurrency_test.dart -p vm --plain-name 'cannot record while deleting'
00:01 +0 -9: cannot send while deleting                                                                                                                                                                00:01 +0 -9: cannot send while deleting                                                                                                                                                                
══╡ EXCEPTION CAUGHT BY FLUTTER TEST FRAMEWORK ╞════════════════════════════════════════════════════
The following StateError was thrown running a test:
Bad state: No element

When the exception was thrown, this was the stack:
#0      Iterable.single (dart:core/iterable.dart:676:25)
#1      WidgetController.widget (package:flutter_test/src/controller.dart:804:30)
#2      main.<anonymous closure> (file:///Users/alebairos/Projects/mobile/chat_app/test/audio_recorder_concurrency_test.dart:209:31)
<asynchronous suspension>
#3      testWidgets.<anonymous closure>.<anonymous closure> (package:flutter_test/src/widget_tester.dart:193:15)
<asynchronous suspension>
#4      TestWidgetsFlutterBinding._runTestBody (package:flutter_test/src/binding.dart:1064:5)
<asynchronous suspension>
<asynchronous suspension>
(elided one frame from package:stack_trace)

The test description was:
  cannot send while deleting
════════════════════════════════════════════════════════════════════════════════════════════════════
00:01 +0 -10: cannot send while deleting [E]                                                                                                                                                           
  Test failed. See exception logs above.
  The test description was: cannot send while deleting
  

To run this test again: /opt/homebrew/Caskroom/flutter/3.27.2/flutter/bin/cache/dart-sdk/bin/dart test /Users/alebairos/Projects/mobile/chat_app/test/audio_recorder_concurrency_test.dart -p vm --plain-name 'cannot send while deleting'
00:01 +0 -10: rapid state transitions maintain consistency                                                                                                                                             00:01 +0 -10: rapid state transitions maintain consistency                                                                                                                                             
══╡ EXCEPTION CAUGHT BY FLUTTER TEST FRAMEWORK ╞════════════════════════════════════════════════════
The following assertion was thrown running a test:
The finder "Found 0 widgets with icon "IconData(U+0E3E1)": []" (used in a call to "tap()") could not
find any matching widgets.

When the exception was thrown, this was the stack:
#0      WidgetController._getElementPoint (package:flutter_test/src/controller.dart:2009:7)
#1      WidgetController.getCenter (package:flutter_test/src/controller.dart:1861:12)
#2      WidgetController.tap (package:flutter_test/src/controller.dart:1041:7)
#3      main.<anonymous closure> (file:///Users/alebairos/Projects/mobile/chat_app/test/audio_recorder_concurrency_test.dart:231:18)
<asynchronous suspension>
#4      testWidgets.<anonymous closure>.<anonymous closure> (package:flutter_test/src/widget_tester.dart:193:15)
<asynchronous suspension>
#5      TestWidgetsFlutterBinding._runTestBody (package:flutter_test/src/binding.dart:1064:5)
<asynchronous suspension>
<asynchronous suspension>
(elided one frame from package:stack_trace)

The test description was:
  rapid state transitions maintain consistency
════════════════════════════════════════════════════════════════════════════════════════════════════
00:01 +0 -11: rapid state transitions maintain consistency [E]                                                                                                                                         
  Test failed. See exception logs above.
  The test description was: rapid state transitions maintain consistency
  

To run this test again: /opt/homebrew/Caskroom/flutter/3.27.2/flutter/bin/cache/dart-sdk/bin/dart test /Users/alebairos/Projects/mobile/chat_app/test/audio_recorder_concurrency_test.dart -p vm --plain-name 'rapid state transitions maintain consistency'
00:01 +0 -11: concurrent operations maintain proper button states                                                                                                                                      00:01 +0 -11: concurrent operations maintain proper button states                                                                                                                                      
══╡ EXCEPTION CAUGHT BY FLUTTER TEST FRAMEWORK ╞════════════════════════════════════════════════════
The following TestFailure was thrown running a test:
Expected: exactly one matching candidate
  Actual: _IconWidgetFinder:<Found 0 widgets with icon "IconData(U+0E3E1)": []>
   Which: means none were found but one was expected

When the exception was thrown, this was the stack:
#4      main.<anonymous closure> (file:///Users/alebairos/Projects/mobile/chat_app/test/audio_recorder_concurrency_test.dart:254:5)
<asynchronous suspension>
#5      testWidgets.<anonymous closure>.<anonymous closure> (package:flutter_test/src/widget_tester.dart:193:15)
<asynchronous suspension>
#6      TestWidgetsFlutterBinding._runTestBody (package:flutter_test/src/binding.dart:1064:5)
<asynchronous suspension>
<asynchronous suspension>
(elided one frame from package:stack_trace)

This was caught by the test expectation on the following line:
  file:///Users/alebairos/Projects/mobile/chat_app/test/audio_recorder_concurrency_test.dart line 254
The test description was:
  concurrent operations maintain proper button states
════════════════════════════════════════════════════════════════════════════════════════════════════
00:01 +0 -12: concurrent operations maintain proper button states [E]                                                                                                                                  
  Test failed. See exception logs above.
  The test description was: concurrent operations maintain proper button states
  

To run this test again: /opt/homebrew/Caskroom/flutter/3.27.2/flutter/bin/cache/dart-sdk/bin/dart test /Users/alebairos/Projects/mobile/chat_app/test/audio_recorder_concurrency_test.dart -p vm --plain-name 'concurrent operations maintain proper button states'
[ +733 ms] test 0: Test harness is no longer needed by test process
[        ] test 0: finished
[        ] test 0: cleaning up...
[        ] test 0: ensuring test device is terminated.
[        ] test 0: Terminating flutter_tester process
[        ] test 0: Shutting down DevTools server
[        ] test 0: Test process is no longer needed by test harness
[        ] test 0: Shutting down test harness socket server
[   +3 ms] test 0: flutter_tester process at pid 3185 exited with code=-9
[        ] test 0: deleting temporary directory
[        ] test 0: finished
00:01 +0 -12: Some tests failed.                                                                                                                                                                       
[   +2 ms] Deleting /var/folders/f7/rqd14g9d2rv0v4rhwj55l7v40000gn/T/flutter_tools.Ih75Qo/flutter_test_compiler.FYcbEB...
[        ] killing pid 3178
[   +9 ms] Deleting /var/folders/f7/rqd14g9d2rv0v4rhwj55l7v40000gn/T/flutter_tools.Ih75Qo/flutter_test_fonts.ptSYqs...
[   +1 ms] test package returned with exit code 1
[        ] Runtime for phase TestRunner: Wall-clock: 0:00:01.674809; combined: 0:00:01.674824.
[        ] Runtime for phase Compile: Wall-clock: 0:00:00.453336; combined: 0:00:00.453352.
[        ] Runtime for phase Run: Wall-clock: 0:00:01.115673; combined: 0:00:01.115676.
[        ] Runtime for phase CoverageTotal: Wall-clock: 0:00:00.000000; combined: 0:00:00.000000.
[        ] Runtime for phase CoverageCollect: Wall-clock: 0:00:00.000000; combined: 0:00:00.000000.
[        ] Runtime for phase CoverageParseJson: Wall-clock: 0:00:00.000000; combined: 0:00:00.000000.
[        ] Runtime for phase CoverageAddHitmap: Wall-clock: 0:00:00.000000; combined: 0:00:00.000000.
[        ] Runtime for phase CoverageDataCollect: Wall-clock: 0:00:00.000000; combined: 0:00:00.000000.
[        ] Runtime for phase WatcherFinishedTest: Wall-clock: 0:00:00.000331; combined: 0:00:00.000331.
[   +3 ms] "flutter test" took 2,056ms.
[  +20 ms] 
           #0      throwToolExit (package:flutter_tools/src/base/common.dart:34:3)
           #1      TestCommand.runCommand (package:flutter_tools/src/commands/test.dart:715:7)
           <asynchronous suspension>
           #2      FlutterCommand.run.<anonymous closure> (package:flutter_tools/src/runner/flutter_command.dart:1558:27)
           <asynchronous suspension>
           #3      AppContext.run.<anonymous closure> (package:flutter_tools/src/base/context.dart:154:19)
           <asynchronous suspension>
           #4      CommandRunner.runCommand (package:args/command_runner.dart:212:13)
           <asynchronous suspension>
           #5      FlutterCommandRunner.runCommand.<anonymous closure> (package:flutter_tools/src/runner/flutter_command_runner.dart:496:9)
           <asynchronous suspension>
           #6      AppContext.run.<anonymous closure> (package:flutter_tools/src/base/context.dart:154:19)
           <asynchronous suspension>
           #7      FlutterCommandRunner.runCommand (package:flutter_tools/src/runner/flutter_command_runner.dart:431:5)
           <asynchronous suspension>
           #8      run.<anonymous closure>.<anonymous closure> (package:flutter_tools/runner.dart:98:11)
           <asynchronous suspension>
           #9      AppContext.run.<anonymous closure> (package:flutter_tools/src/base/context.dart:154:19)
           <asynchronous suspension>
           #10     main (package:flutter_tools/executable.dart:99:3)
           <asynchronous suspension>


[        ] Running 3 shutdown hooks
[        ] Shutdown hooks complete
[ +129 ms] exiting with code 1

=== Running ./test/chat_app_bar_test.dart ===
[   +9 ms] executing: sysctl hw.optional.arm64
[   +5 ms] Exit code 0 from: sysctl hw.optional.arm64
[        ] hw.optional.arm64: 1
[   +7 ms] executing: sw_vers -productName
[   +6 ms] Exit code 0 from: sw_vers -productName
[        ] macOS
[        ] executing: sw_vers -productVersion
[   +6 ms] Exit code 0 from: sw_vers -productVersion
[        ] 14.6.1
[        ] executing: sw_vers -buildVersion
[   +5 ms] Exit code 0 from: sw_vers -buildVersion
[        ] 23G93
[        ] executing: uname -m
[   +2 ms] Exit code 0 from: uname -m
[        ] arm64
[   +8 ms] Found 1 files which will be executed as Widget Tests.
[   +2 ms] Artifact Instance of 'AndroidGenSnapshotArtifacts' is not required, skipping update.
[        ] Artifact Instance of 'AndroidInternalBuildArtifacts' is not required, skipping update.
[        ] Artifact Instance of 'IOSEngineArtifacts' is not required, skipping update.
[        ] Artifact Instance of 'FlutterWebSdk' is not required, skipping update.
[        ] Artifact Instance of 'LegacyCanvasKitRemover' is not required, skipping update.
[   +2 ms] Artifact Instance of 'WindowsEngineArtifacts' is not required, skipping update.
[        ] Artifact Instance of 'MacOSEngineArtifacts' is not required, skipping update.
[        ] Artifact Instance of 'LinuxEngineArtifacts' is not required, skipping update.
[        ] Artifact Instance of 'LinuxFuchsiaSDKArtifacts' is not required, skipping update.
[        ] Artifact Instance of 'MacOSFuchsiaSDKArtifacts' is not required, skipping update.
[        ] Artifact Instance of 'FlutterRunnerSDKArtifacts' is not required, skipping update.
[        ] Artifact Instance of 'FlutterRunnerDebugSymbols' is not required, skipping update.
[  +17 ms] Artifact Instance of 'MaterialFonts' is not required, skipping update.
[        ] Artifact Instance of 'GradleWrapper' is not required, skipping update.
[        ] Artifact Instance of 'AndroidGenSnapshotArtifacts' is not required, skipping update.
[        ] Artifact Instance of 'AndroidInternalBuildArtifacts' is not required, skipping update.
[        ] Artifact Instance of 'IOSEngineArtifacts' is not required, skipping update.
[        ] Artifact Instance of 'FlutterWebSdk' is not required, skipping update.
[        ] Artifact Instance of 'LegacyCanvasKitRemover' is not required, skipping update.
[        ] Artifact Instance of 'FlutterSdk' is not required, skipping update.
[        ] Artifact Instance of 'WindowsEngineArtifacts' is not required, skipping update.
[        ] Artifact Instance of 'MacOSEngineArtifacts' is not required, skipping update.
[        ] Artifact Instance of 'LinuxEngineArtifacts' is not required, skipping update.
[        ] Artifact Instance of 'LinuxFuchsiaSDKArtifacts' is not required, skipping update.
[        ] Artifact Instance of 'MacOSFuchsiaSDKArtifacts' is not required, skipping update.
[        ] Artifact Instance of 'FlutterRunnerSDKArtifacts' is not required, skipping update.
[        ] Artifact Instance of 'FlutterRunnerDebugSymbols' is not required, skipping update.
[        ] Artifact Instance of 'IosUsbArtifacts' is not required, skipping update.
[        ] Artifact Instance of 'IosUsbArtifacts' is not required, skipping update.
[        ] Artifact Instance of 'IosUsbArtifacts' is not required, skipping update.
[        ] Artifact Instance of 'IosUsbArtifacts' is not required, skipping update.
[        ] Artifact Instance of 'IosUsbArtifacts' is not required, skipping update.
[        ] Artifact Instance of 'FontSubsetArtifacts' is not required, skipping update.
[        ] Artifact Instance of 'PubDependencies' is not required, skipping update.
[  +21 ms] Skipping pub get: version match.
[  +13 ms] Found plugin audioplayers at /Users/alebairos/.pub-cache/hosted/pub.dev/audioplayers-5.2.1/
[   +1 ms] Found plugin audioplayers_android at /Users/alebairos/.pub-cache/hosted/pub.dev/audioplayers_android-4.0.3/
[   +1 ms] Found plugin audioplayers_darwin at /Users/alebairos/.pub-cache/hosted/pub.dev/audioplayers_darwin-5.0.2/
[   +1 ms] Found plugin audioplayers_linux at /Users/alebairos/.pub-cache/hosted/pub.dev/audioplayers_linux-3.1.0/
[   +1 ms] Found plugin audioplayers_web at /Users/alebairos/.pub-cache/hosted/pub.dev/audioplayers_web-4.1.0/
[        ] Found plugin audioplayers_windows at /Users/alebairos/.pub-cache/hosted/pub.dev/audioplayers_windows-3.1.0/
[  +20 ms] Found plugin isar_flutter_libs at /Users/alebairos/.pub-cache/hosted/pub.dev/isar_flutter_libs-3.1.0+1/
[   +9 ms] Found plugin path_provider at /Users/alebairos/.pub-cache/hosted/pub.dev/path_provider-2.1.5/
[        ] Found plugin path_provider_android at /Users/alebairos/.pub-cache/hosted/pub.dev/path_provider_android-2.2.15/
[        ] Found plugin path_provider_foundation at /Users/alebairos/.pub-cache/hosted/pub.dev/path_provider_foundation-2.4.1/
[        ] Found plugin path_provider_linux at /Users/alebairos/.pub-cache/hosted/pub.dev/path_provider_linux-2.2.1/
[   +1 ms] Found plugin path_provider_windows at /Users/alebairos/.pub-cache/hosted/pub.dev/path_provider_windows-2.3.0/
[   +2 ms] Found plugin record at /Users/alebairos/.pub-cache/hosted/pub.dev/record-4.4.4/
[        ] Found plugin record_linux at /Users/alebairos/.pub-cache/hosted/pub.dev/record_linux-0.4.1/
[        ] Found plugin record_macos at /Users/alebairos/.pub-cache/hosted/pub.dev/record_macos-0.2.2/
[        ] Found plugin record_web at /Users/alebairos/.pub-cache/hosted/pub.dev/record_web-0.5.0/
[        ] Found plugin record_windows at /Users/alebairos/.pub-cache/hosted/pub.dev/record_windows-0.7.1/
[  +17 ms] Found plugin audioplayers at /Users/alebairos/.pub-cache/hosted/pub.dev/audioplayers-5.2.1/
[        ] Found plugin audioplayers_android at /Users/alebairos/.pub-cache/hosted/pub.dev/audioplayers_android-4.0.3/
[        ] Found plugin audioplayers_darwin at /Users/alebairos/.pub-cache/hosted/pub.dev/audioplayers_darwin-5.0.2/
[        ] Found plugin audioplayers_linux at /Users/alebairos/.pub-cache/hosted/pub.dev/audioplayers_linux-3.1.0/
[        ] Found plugin audioplayers_web at /Users/alebairos/.pub-cache/hosted/pub.dev/audioplayers_web-4.1.0/
[        ] Found plugin audioplayers_windows at /Users/alebairos/.pub-cache/hosted/pub.dev/audioplayers_windows-3.1.0/
[   +9 ms] Found plugin isar_flutter_libs at /Users/alebairos/.pub-cache/hosted/pub.dev/isar_flutter_libs-3.1.0+1/
[   +4 ms] Found plugin path_provider at /Users/alebairos/.pub-cache/hosted/pub.dev/path_provider-2.1.5/
[        ] Found plugin path_provider_android at /Users/alebairos/.pub-cache/hosted/pub.dev/path_provider_android-2.2.15/
[        ] Found plugin path_provider_foundation at /Users/alebairos/.pub-cache/hosted/pub.dev/path_provider_foundation-2.4.1/
[        ] Found plugin path_provider_linux at /Users/alebairos/.pub-cache/hosted/pub.dev/path_provider_linux-2.2.1/
[        ] Found plugin path_provider_windows at /Users/alebairos/.pub-cache/hosted/pub.dev/path_provider_windows-2.3.0/
[   +1 ms] Found plugin record at /Users/alebairos/.pub-cache/hosted/pub.dev/record-4.4.4/
[        ] Found plugin record_linux at /Users/alebairos/.pub-cache/hosted/pub.dev/record_linux-0.4.1/
[        ] Found plugin record_macos at /Users/alebairos/.pub-cache/hosted/pub.dev/record_macos-0.2.2/
[        ] Found plugin record_web at /Users/alebairos/.pub-cache/hosted/pub.dev/record_web-0.5.0/
[        ] Found plugin record_windows at /Users/alebairos/.pub-cache/hosted/pub.dev/record_windows-0.7.1/
[  +13 ms] Found plugin audioplayers at /Users/alebairos/.pub-cache/hosted/pub.dev/audioplayers-5.2.1/
[        ] Found plugin audioplayers_android at /Users/alebairos/.pub-cache/hosted/pub.dev/audioplayers_android-4.0.3/
[        ] Found plugin audioplayers_darwin at /Users/alebairos/.pub-cache/hosted/pub.dev/audioplayers_darwin-5.0.2/
[        ] Found plugin audioplayers_linux at /Users/alebairos/.pub-cache/hosted/pub.dev/audioplayers_linux-3.1.0/
[        ] Found plugin audioplayers_web at /Users/alebairos/.pub-cache/hosted/pub.dev/audioplayers_web-4.1.0/
[        ] Found plugin audioplayers_windows at /Users/alebairos/.pub-cache/hosted/pub.dev/audioplayers_windows-3.1.0/
[   +7 ms] Found plugin isar_flutter_libs at /Users/alebairos/.pub-cache/hosted/pub.dev/isar_flutter_libs-3.1.0+1/
[   +4 ms] Found plugin path_provider at /Users/alebairos/.pub-cache/hosted/pub.dev/path_provider-2.1.5/
[        ] Found plugin path_provider_android at /Users/alebairos/.pub-cache/hosted/pub.dev/path_provider_android-2.2.15/
[        ] Found plugin path_provider_foundation at /Users/alebairos/.pub-cache/hosted/pub.dev/path_provider_foundation-2.4.1/
[        ] Found plugin path_provider_linux at /Users/alebairos/.pub-cache/hosted/pub.dev/path_provider_linux-2.2.1/
[        ] Found plugin path_provider_windows at /Users/alebairos/.pub-cache/hosted/pub.dev/path_provider_windows-2.3.0/
[   +1 ms] Found plugin record at /Users/alebairos/.pub-cache/hosted/pub.dev/record-4.4.4/
[        ] Found plugin record_linux at /Users/alebairos/.pub-cache/hosted/pub.dev/record_linux-0.4.1/
[        ] Found plugin record_macos at /Users/alebairos/.pub-cache/hosted/pub.dev/record_macos-0.2.2/
[        ] Found plugin record_web at /Users/alebairos/.pub-cache/hosted/pub.dev/record_web-0.5.0/
[        ] Found plugin record_windows at /Users/alebairos/.pub-cache/hosted/pub.dev/record_windows-0.7.1/
[   +8 ms] Generating /Users/alebairos/Projects/mobile/chat_app/android/app/src/main/java/io/flutter/plugins/GeneratedPluginRegistrant.java
[  +10 ms] executing: sysctl hw.optional.arm64
[   +1 ms] Exit code 0 from: sysctl hw.optional.arm64
[        ] hw.optional.arm64: 1
[        ] executing: /usr/bin/arch -arm64e xcrun xcodebuild -version
[  +51 ms] Exit code 0 from: /usr/bin/arch -arm64e xcrun xcodebuild -version
[        ] Xcode 16.2
           Build version 16C5032a
[  +41 ms] No packages with native assets. Skipping native assets compilation.
[        ] Writing native assets json to file:///Users/alebairos/Projects/mobile/chat_app/build/native_assets/macos/native_assets.json.
[        ] Writing /Users/alebairos/Projects/mobile/chat_app/build/native_assets/macos/native_assets.json done.
[  +58 ms] running test package with arguments: [--no-color, --chain-stack-traces, --, file:///Users/alebairos/Projects/mobile/chat_app/test/chat_app_bar_test.dart?]
00:00 +0: loading /Users/alebairos/Projects/mobile/chat_app/test/chat_app_bar_test.dart                                                                                                                [  +72 ms] test 0: starting test /Users/alebairos/Projects/mobile/chat_app/test/chat_app_bar_test.dart
[   +1 ms] Stopping scan for flutter_test_config.dart; found project root at /Users/alebairos/Projects/mobile/chat_app
[        ] Compiler will use the following file as its incremental dill file: /var/folders/f7/rqd14g9d2rv0v4rhwj55l7v40000gn/T/flutter_tools.8TYICB/flutter_test_compiler.xdiyTo/output.dill
[        ] Listening to compiler controller...
[   +2 ms] Compiling file:///var/folders/f7/rqd14g9d2rv0v4rhwj55l7v40000gn/T/flutter_tools.8TYICB/flutter_test_listener.iNj4NT/listener.dart
[  +18 ms] Found plugin audioplayers at /Users/alebairos/.pub-cache/hosted/pub.dev/audioplayers-5.2.1/
[        ] Found plugin audioplayers_android at /Users/alebairos/.pub-cache/hosted/pub.dev/audioplayers_android-4.0.3/
[        ] Found plugin audioplayers_darwin at /Users/alebairos/.pub-cache/hosted/pub.dev/audioplayers_darwin-5.0.2/
[        ] Found plugin audioplayers_linux at /Users/alebairos/.pub-cache/hosted/pub.dev/audioplayers_linux-3.1.0/
[        ] Found plugin audioplayers_web at /Users/alebairos/.pub-cache/hosted/pub.dev/audioplayers_web-4.1.0/
[        ] Found plugin audioplayers_windows at /Users/alebairos/.pub-cache/hosted/pub.dev/audioplayers_windows-3.1.0/
[   +8 ms] Found plugin isar_flutter_libs at /Users/alebairos/.pub-cache/hosted/pub.dev/isar_flutter_libs-3.1.0+1/
[   +3 ms] Found plugin path_provider at /Users/alebairos/.pub-cache/hosted/pub.dev/path_provider-2.1.5/
[        ] Found plugin path_provider_android at /Users/alebairos/.pub-cache/hosted/pub.dev/path_provider_android-2.2.15/
[        ] Found plugin path_provider_foundation at /Users/alebairos/.pub-cache/hosted/pub.dev/path_provider_foundation-2.4.1/
[        ] Found plugin path_provider_linux at /Users/alebairos/.pub-cache/hosted/pub.dev/path_provider_linux-2.2.1/
[        ] Found plugin path_provider_windows at /Users/alebairos/.pub-cache/hosted/pub.dev/path_provider_windows-2.3.0/
[   +1 ms] Found plugin record at /Users/alebairos/.pub-cache/hosted/pub.dev/record-4.4.4/
[        ] Found plugin record_linux at /Users/alebairos/.pub-cache/hosted/pub.dev/record_linux-0.4.1/
[        ] Found plugin record_macos at /Users/alebairos/.pub-cache/hosted/pub.dev/record_macos-0.2.2/
[        ] Found plugin record_web at /Users/alebairos/.pub-cache/hosted/pub.dev/record_web-0.5.0/
[        ] Found plugin record_windows at /Users/alebairos/.pub-cache/hosted/pub.dev/record_windows-0.7.1/
[   +9 ms] /opt/homebrew/Caskroom/flutter/3.27.2/flutter/bin/cache/dart-sdk/bin/dartaotruntime /opt/homebrew/Caskroom/flutter/3.27.2/flutter/bin/cache/dart-sdk/bin/snapshots/frontend_server_aot.dart.snapshot --sdk-root /opt/homebrew/Caskroom/flutter/3.27.2/flutter/bin/cache/artifacts/engine/common/flutter_patched_sdk/ --incremental --no-print-incremental-dependencies --target=flutter --experimental-emit-debug-metadata --output-dill /var/folders/f7/rqd14g9d2rv0v4rhwj55l7v40000gn/T/flutter_tools.8TYICB/flutter_test_compiler.xdiyTo/output.dill --packages /Users/alebairos/Projects/mobile/chat_app/.dart_tool/package_config.json -Ddart.vm.profile=false -Ddart.vm.product=false --enable-asserts --track-widget-creation --initialize-from-dill /Users/alebairos/Projects/mobile/chat_app/build/test_cache/build/cache.dill.track.dill --verbosity=error
[   +5 ms] <- compile file:///var/folders/f7/rqd14g9d2rv0v4rhwj55l7v40000gn/T/flutter_tools.8TYICB/flutter_test_listener.iNj4NT/listener.dart
[ +410 ms] <- accept
[        ] <- reset
[        ] Compiling file:///var/folders/f7/rqd14g9d2rv0v4rhwj55l7v40000gn/T/flutter_tools.8TYICB/flutter_test_listener.iNj4NT/listener.dart took 462ms
[        ] test 0: starting test device
[   +1 ms] test 0: awaiting connection to test device
[        ] test 0: VM Service uri is not available
[   +1 ms] test 0: test harness socket server is running at port:50332
[        ] Using this directory for fonts configuration: /var/folders/f7/rqd14g9d2rv0v4rhwj55l7v40000gn/T/flutter_tools.8TYICB/flutter_test_fonts.3BeGtn
[        ] test 0: Starting flutter_tester process with command=[/opt/homebrew/Caskroom/flutter/3.27.2/flutter/bin/cache/artifacts/engine/darwin-x64/flutter_tester, --disable-vm-service, --enable-checked-mode, --verify-entry-points, --enable-software-rendering, --skia-deterministic-rendering, --enable-dart-profiling, --non-interactive, --use-test-fonts, --disable-asset-fonts, --packages=/Users/alebairos/Projects/mobile/chat_app/.dart_tool/package_config.json, --flutter-assets-dir=/Users/alebairos/Projects/mobile/chat_app/build/unit_test_assets, /var/folders/f7/rqd14g9d2rv0v4rhwj55l7v40000gn/T/flutter_tools.8TYICB/flutter_test_listener.iNj4NT/listener.dart.dill], environment={FLUTTER_TEST: true, FONTCONFIG_FILE: /var/folders/f7/rqd14g9d2rv0v4rhwj55l7v40000gn/T/flutter_tools.8TYICB/flutter_test_fonts.3BeGtn/fonts.conf, SERVER_PORT: 50332, APP_NAME: character_ai_clone, UNIT_TEST_ASSETS: /Users/alebairos/Projects/mobile/chat_app/build/unit_test_assets}
[   +7 ms] test 0: Started flutter_tester process at pid 3227
[ +296 ms] test 0: connected to test device, now awaiting test result
[        ] test 0: Waiting for test harness or tests to finish
00:00 +0: CustomChatAppBar renders correctly                                                                                                                                                           00:01 +0: CustomChatAppBar renders correctly                                                                                                                                                           00:01 +1: CustomChatAppBar renders correctly                                                                                                                                                           00:01 +1: CustomChatAppBar shows info dialog when info button is pressed                                                                                                                               00:01 +2: CustomChatAppBar shows info dialog when info button is pressed                                                                                                                               00:01 +2: CustomChatAppBar info dialog contains all necessary information                                                                                                                              00:01 +3: CustomChatAppBar info dialog contains all necessary information                                                                                                                              00:01 +3: CustomChatAppBar dialog can be closed                                                                                                                                                        00:01 +4: CustomChatAppBar dialog can be closed                                                                                                                                                        [ +480 ms] test 0: Test harness is no longer needed by test process
[        ] test 0: finished
[        ] test 0: cleaning up...
[        ] test 0: ensuring test device is terminated.
[        ] test 0: Terminating flutter_tester process
[        ] test 0: Shutting down DevTools server
[        ] test 0: Test process is no longer needed by test harness
[        ] test 0: Shutting down test harness socket server
[   +2 ms] test 0: flutter_tester process at pid 3227 exited with code=-9
[        ] test 0: deleting temporary directory
[        ] test 0: finished
00:01 +4: All tests passed!                                                                                                                                                                            
[   +2 ms] Deleting /var/folders/f7/rqd14g9d2rv0v4rhwj55l7v40000gn/T/flutter_tools.8TYICB/flutter_test_compiler.xdiyTo...
[        ] killing pid 3225
[   +6 ms] Deleting /var/folders/f7/rqd14g9d2rv0v4rhwj55l7v40000gn/T/flutter_tools.8TYICB/flutter_test_fonts.3BeGtn...
[   +1 ms] test package returned with exit code 0
[        ] Runtime for phase TestRunner: Wall-clock: 0:00:01.347834; combined: 0:00:01.347849.
[        ] Runtime for phase Compile: Wall-clock: 0:00:00.462286; combined: 0:00:00.462303.
[        ] Runtime for phase Run: Wall-clock: 0:00:00.788456; combined: 0:00:00.788457.
[        ] Runtime for phase CoverageTotal: Wall-clock: 0:00:00.000000; combined: 0:00:00.000000.
[        ] Runtime for phase CoverageCollect: Wall-clock: 0:00:00.000000; combined: 0:00:00.000000.
[        ] Runtime for phase CoverageParseJson: Wall-clock: 0:00:00.000000; combined: 0:00:00.000000.
[        ] Runtime for phase CoverageAddHitmap: Wall-clock: 0:00:00.000000; combined: 0:00:00.000000.
[        ] Runtime for phase CoverageDataCollect: Wall-clock: 0:00:00.000000; combined: 0:00:00.000000.
[        ] Runtime for phase WatcherFinishedTest: Wall-clock: 0:00:00.000279; combined: 0:00:00.000280.
[   +2 ms] "flutter test" took 1,723ms.
[  +21 ms] Running 3 shutdown hooks
[        ] Shutdown hooks complete
[ +128 ms] exiting with code 0

=== Running ./test/audio_recorder_error_handling_test.dart ===
[   +9 ms] executing: sysctl hw.optional.arm64
[   +5 ms] Exit code 0 from: sysctl hw.optional.arm64
[        ] hw.optional.arm64: 1
[   +7 ms] executing: sw_vers -productName
[   +6 ms] Exit code 0 from: sw_vers -productName
[        ] macOS
[        ] executing: sw_vers -productVersion
[   +6 ms] Exit code 0 from: sw_vers -productVersion
[        ] 14.6.1
[        ] executing: sw_vers -buildVersion
[   +6 ms] Exit code 0 from: sw_vers -buildVersion
[        ] 23G93
[        ] executing: uname -m
[   +2 ms] Exit code 0 from: uname -m
[        ] arm64
[   +8 ms] Found 1 files which will be executed as Widget Tests.
[   +2 ms] Artifact Instance of 'AndroidGenSnapshotArtifacts' is not required, skipping update.
[        ] Artifact Instance of 'AndroidInternalBuildArtifacts' is not required, skipping update.
[        ] Artifact Instance of 'IOSEngineArtifacts' is not required, skipping update.
[        ] Artifact Instance of 'FlutterWebSdk' is not required, skipping update.
[        ] Artifact Instance of 'LegacyCanvasKitRemover' is not required, skipping update.
[   +1 ms] Artifact Instance of 'WindowsEngineArtifacts' is not required, skipping update.
[        ] Artifact Instance of 'MacOSEngineArtifacts' is not required, skipping update.
[        ] Artifact Instance of 'LinuxEngineArtifacts' is not required, skipping update.
[        ] Artifact Instance of 'LinuxFuchsiaSDKArtifacts' is not required, skipping update.
[        ] Artifact Instance of 'MacOSFuchsiaSDKArtifacts' is not required, skipping update.
[        ] Artifact Instance of 'FlutterRunnerSDKArtifacts' is not required, skipping update.
[        ] Artifact Instance of 'FlutterRunnerDebugSymbols' is not required, skipping update.
[  +18 ms] Artifact Instance of 'MaterialFonts' is not required, skipping update.
[        ] Artifact Instance of 'GradleWrapper' is not required, skipping update.
[        ] Artifact Instance of 'AndroidGenSnapshotArtifacts' is not required, skipping update.
[        ] Artifact Instance of 'AndroidInternalBuildArtifacts' is not required, skipping update.
[        ] Artifact Instance of 'IOSEngineArtifacts' is not required, skipping update.
[        ] Artifact Instance of 'FlutterWebSdk' is not required, skipping update.
[        ] Artifact Instance of 'LegacyCanvasKitRemover' is not required, skipping update.
[        ] Artifact Instance of 'FlutterSdk' is not required, skipping update.
[        ] Artifact Instance of 'WindowsEngineArtifacts' is not required, skipping update.
[        ] Artifact Instance of 'MacOSEngineArtifacts' is not required, skipping update.
[        ] Artifact Instance of 'LinuxEngineArtifacts' is not required, skipping update.
[        ] Artifact Instance of 'LinuxFuchsiaSDKArtifacts' is not required, skipping update.
[        ] Artifact Instance of 'MacOSFuchsiaSDKArtifacts' is not required, skipping update.
[        ] Artifact Instance of 'FlutterRunnerSDKArtifacts' is not required, skipping update.
[        ] Artifact Instance of 'FlutterRunnerDebugSymbols' is not required, skipping update.
[        ] Artifact Instance of 'IosUsbArtifacts' is not required, skipping update.
[        ] Artifact Instance of 'IosUsbArtifacts' is not required, skipping update.
[        ] Artifact Instance of 'IosUsbArtifacts' is not required, skipping update.
[        ] Artifact Instance of 'IosUsbArtifacts' is not required, skipping update.
[        ] Artifact Instance of 'IosUsbArtifacts' is not required, skipping update.
[        ] Artifact Instance of 'FontSubsetArtifacts' is not required, skipping update.
[        ] Artifact Instance of 'PubDependencies' is not required, skipping update.
[  +21 ms] Skipping pub get: version match.
[  +13 ms] Found plugin audioplayers at /Users/alebairos/.pub-cache/hosted/pub.dev/audioplayers-5.2.1/
[   +1 ms] Found plugin audioplayers_android at /Users/alebairos/.pub-cache/hosted/pub.dev/audioplayers_android-4.0.3/
[   +1 ms] Found plugin audioplayers_darwin at /Users/alebairos/.pub-cache/hosted/pub.dev/audioplayers_darwin-5.0.2/
[   +1 ms] Found plugin audioplayers_linux at /Users/alebairos/.pub-cache/hosted/pub.dev/audioplayers_linux-3.1.0/
[   +1 ms] Found plugin audioplayers_web at /Users/alebairos/.pub-cache/hosted/pub.dev/audioplayers_web-4.1.0/
[        ] Found plugin audioplayers_windows at /Users/alebairos/.pub-cache/hosted/pub.dev/audioplayers_windows-3.1.0/
[  +20 ms] Found plugin isar_flutter_libs at /Users/alebairos/.pub-cache/hosted/pub.dev/isar_flutter_libs-3.1.0+1/
[   +9 ms] Found plugin path_provider at /Users/alebairos/.pub-cache/hosted/pub.dev/path_provider-2.1.5/
[        ] Found plugin path_provider_android at /Users/alebairos/.pub-cache/hosted/pub.dev/path_provider_android-2.2.15/
[        ] Found plugin path_provider_foundation at /Users/alebairos/.pub-cache/hosted/pub.dev/path_provider_foundation-2.4.1/
[        ] Found plugin path_provider_linux at /Users/alebairos/.pub-cache/hosted/pub.dev/path_provider_linux-2.2.1/
[   +1 ms] Found plugin path_provider_windows at /Users/alebairos/.pub-cache/hosted/pub.dev/path_provider_windows-2.3.0/
[   +2 ms] Found plugin record at /Users/alebairos/.pub-cache/hosted/pub.dev/record-4.4.4/
[        ] Found plugin record_linux at /Users/alebairos/.pub-cache/hosted/pub.dev/record_linux-0.4.1/
[        ] Found plugin record_macos at /Users/alebairos/.pub-cache/hosted/pub.dev/record_macos-0.2.2/
[        ] Found plugin record_web at /Users/alebairos/.pub-cache/hosted/pub.dev/record_web-0.5.0/
[        ] Found plugin record_windows at /Users/alebairos/.pub-cache/hosted/pub.dev/record_windows-0.7.1/
[  +18 ms] Found plugin audioplayers at /Users/alebairos/.pub-cache/hosted/pub.dev/audioplayers-5.2.1/
[        ] Found plugin audioplayers_android at /Users/alebairos/.pub-cache/hosted/pub.dev/audioplayers_android-4.0.3/
[        ] Found plugin audioplayers_darwin at /Users/alebairos/.pub-cache/hosted/pub.dev/audioplayers_darwin-5.0.2/
[        ] Found plugin audioplayers_linux at /Users/alebairos/.pub-cache/hosted/pub.dev/audioplayers_linux-3.1.0/
[        ] Found plugin audioplayers_web at /Users/alebairos/.pub-cache/hosted/pub.dev/audioplayers_web-4.1.0/
[        ] Found plugin audioplayers_windows at /Users/alebairos/.pub-cache/hosted/pub.dev/audioplayers_windows-3.1.0/
[   +9 ms] Found plugin isar_flutter_libs at /Users/alebairos/.pub-cache/hosted/pub.dev/isar_flutter_libs-3.1.0+1/
[   +4 ms] Found plugin path_provider at /Users/alebairos/.pub-cache/hosted/pub.dev/path_provider-2.1.5/
[        ] Found plugin path_provider_android at /Users/alebairos/.pub-cache/hosted/pub.dev/path_provider_android-2.2.15/
[        ] Found plugin path_provider_foundation at /Users/alebairos/.pub-cache/hosted/pub.dev/path_provider_foundation-2.4.1/
[        ] Found plugin path_provider_linux at /Users/alebairos/.pub-cache/hosted/pub.dev/path_provider_linux-2.2.1/
[        ] Found plugin path_provider_windows at /Users/alebairos/.pub-cache/hosted/pub.dev/path_provider_windows-2.3.0/
[   +1 ms] Found plugin record at /Users/alebairos/.pub-cache/hosted/pub.dev/record-4.4.4/
[        ] Found plugin record_linux at /Users/alebairos/.pub-cache/hosted/pub.dev/record_linux-0.4.1/
[        ] Found plugin record_macos at /Users/alebairos/.pub-cache/hosted/pub.dev/record_macos-0.2.2/
[        ] Found plugin record_web at /Users/alebairos/.pub-cache/hosted/pub.dev/record_web-0.5.0/
[        ] Found plugin record_windows at /Users/alebairos/.pub-cache/hosted/pub.dev/record_windows-0.7.1/
[  +14 ms] Found plugin audioplayers at /Users/alebairos/.pub-cache/hosted/pub.dev/audioplayers-5.2.1/
[        ] Found plugin audioplayers_android at /Users/alebairos/.pub-cache/hosted/pub.dev/audioplayers_android-4.0.3/
[        ] Found plugin audioplayers_darwin at /Users/alebairos/.pub-cache/hosted/pub.dev/audioplayers_darwin-5.0.2/
[        ] Found plugin audioplayers_linux at /Users/alebairos/.pub-cache/hosted/pub.dev/audioplayers_linux-3.1.0/
[        ] Found plugin audioplayers_web at /Users/alebairos/.pub-cache/hosted/pub.dev/audioplayers_web-4.1.0/
[        ] Found plugin audioplayers_windows at /Users/alebairos/.pub-cache/hosted/pub.dev/audioplayers_windows-3.1.0/
[   +7 ms] Found plugin isar_flutter_libs at /Users/alebairos/.pub-cache/hosted/pub.dev/isar_flutter_libs-3.1.0+1/
[   +3 ms] Found plugin path_provider at /Users/alebairos/.pub-cache/hosted/pub.dev/path_provider-2.1.5/
[        ] Found plugin path_provider_android at /Users/alebairos/.pub-cache/hosted/pub.dev/path_provider_android-2.2.15/
[        ] Found plugin path_provider_foundation at /Users/alebairos/.pub-cache/hosted/pub.dev/path_provider_foundation-2.4.1/
[        ] Found plugin path_provider_linux at /Users/alebairos/.pub-cache/hosted/pub.dev/path_provider_linux-2.2.1/
[        ] Found plugin path_provider_windows at /Users/alebairos/.pub-cache/hosted/pub.dev/path_provider_windows-2.3.0/
[   +1 ms] Found plugin record at /Users/alebairos/.pub-cache/hosted/pub.dev/record-4.4.4/
[        ] Found plugin record_linux at /Users/alebairos/.pub-cache/hosted/pub.dev/record_linux-0.4.1/
[        ] Found plugin record_macos at /Users/alebairos/.pub-cache/hosted/pub.dev/record_macos-0.2.2/
[        ] Found plugin record_web at /Users/alebairos/.pub-cache/hosted/pub.dev/record_web-0.5.0/
[        ] Found plugin record_windows at /Users/alebairos/.pub-cache/hosted/pub.dev/record_windows-0.7.1/
[   +8 ms] Generating /Users/alebairos/Projects/mobile/chat_app/android/app/src/main/java/io/flutter/plugins/GeneratedPluginRegistrant.java
[  +10 ms] executing: sysctl hw.optional.arm64
[   +1 ms] Exit code 0 from: sysctl hw.optional.arm64
[        ] hw.optional.arm64: 1
[        ] executing: /usr/bin/arch -arm64e xcrun xcodebuild -version
[  +44 ms] Exit code 0 from: /usr/bin/arch -arm64e xcrun xcodebuild -version
[        ] Xcode 16.2
           Build version 16C5032a
[  +43 ms] No packages with native assets. Skipping native assets compilation.
[        ] Writing native assets json to file:///Users/alebairos/Projects/mobile/chat_app/build/native_assets/macos/native_assets.json.
[        ] Writing /Users/alebairos/Projects/mobile/chat_app/build/native_assets/macos/native_assets.json done.
[  +60 ms] running test package with arguments: [--no-color, --chain-stack-traces, --, file:///Users/alebairos/Projects/mobile/chat_app/test/audio_recorder_error_handling_test.dart?]
00:00 +0: loading /Users/alebairos/Projects/mobile/chat_app/test/audio_recorder_error_handling_test.dart                                                                                               [  +81 ms] test 0: starting test /Users/alebairos/Projects/mobile/chat_app/test/audio_recorder_error_handling_test.dart
[   +1 ms] Stopping scan for flutter_test_config.dart; found project root at /Users/alebairos/Projects/mobile/chat_app
[        ] Compiler will use the following file as its incremental dill file: /var/folders/f7/rqd14g9d2rv0v4rhwj55l7v40000gn/T/flutter_tools.87QhLT/flutter_test_compiler.fnMwKN/output.dill
[        ] Listening to compiler controller...
[   +3 ms] Compiling file:///var/folders/f7/rqd14g9d2rv0v4rhwj55l7v40000gn/T/flutter_tools.87QhLT/flutter_test_listener.SNql1J/listener.dart
[  +18 ms] Found plugin audioplayers at /Users/alebairos/.pub-cache/hosted/pub.dev/audioplayers-5.2.1/
[        ] Found plugin audioplayers_android at /Users/alebairos/.pub-cache/hosted/pub.dev/audioplayers_android-4.0.3/
[        ] Found plugin audioplayers_darwin at /Users/alebairos/.pub-cache/hosted/pub.dev/audioplayers_darwin-5.0.2/
[        ] Found plugin audioplayers_linux at /Users/alebairos/.pub-cache/hosted/pub.dev/audioplayers_linux-3.1.0/
[        ] Found plugin audioplayers_web at /Users/alebairos/.pub-cache/hosted/pub.dev/audioplayers_web-4.1.0/
[        ] Found plugin audioplayers_windows at /Users/alebairos/.pub-cache/hosted/pub.dev/audioplayers_windows-3.1.0/
[   +7 ms] Found plugin isar_flutter_libs at /Users/alebairos/.pub-cache/hosted/pub.dev/isar_flutter_libs-3.1.0+1/
[   +3 ms] Found plugin path_provider at /Users/alebairos/.pub-cache/hosted/pub.dev/path_provider-2.1.5/
[        ] Found plugin path_provider_android at /Users/alebairos/.pub-cache/hosted/pub.dev/path_provider_android-2.2.15/
[        ] Found plugin path_provider_foundation at /Users/alebairos/.pub-cache/hosted/pub.dev/path_provider_foundation-2.4.1/
[        ] Found plugin path_provider_linux at /Users/alebairos/.pub-cache/hosted/pub.dev/path_provider_linux-2.2.1/
[        ] Found plugin path_provider_windows at /Users/alebairos/.pub-cache/hosted/pub.dev/path_provider_windows-2.3.0/
[   +1 ms] Found plugin record at /Users/alebairos/.pub-cache/hosted/pub.dev/record-4.4.4/
[        ] Found plugin record_linux at /Users/alebairos/.pub-cache/hosted/pub.dev/record_linux-0.4.1/
[        ] Found plugin record_macos at /Users/alebairos/.pub-cache/hosted/pub.dev/record_macos-0.2.2/
[        ] Found plugin record_web at /Users/alebairos/.pub-cache/hosted/pub.dev/record_web-0.5.0/
[        ] Found plugin record_windows at /Users/alebairos/.pub-cache/hosted/pub.dev/record_windows-0.7.1/
[  +10 ms] /opt/homebrew/Caskroom/flutter/3.27.2/flutter/bin/cache/dart-sdk/bin/dartaotruntime /opt/homebrew/Caskroom/flutter/3.27.2/flutter/bin/cache/dart-sdk/bin/snapshots/frontend_server_aot.dart.snapshot --sdk-root /opt/homebrew/Caskroom/flutter/3.27.2/flutter/bin/cache/artifacts/engine/common/flutter_patched_sdk/ --incremental --no-print-incremental-dependencies --target=flutter --experimental-emit-debug-metadata --output-dill /var/folders/f7/rqd14g9d2rv0v4rhwj55l7v40000gn/T/flutter_tools.87QhLT/flutter_test_compiler.fnMwKN/output.dill --packages /Users/alebairos/Projects/mobile/chat_app/.dart_tool/package_config.json -Ddart.vm.profile=false -Ddart.vm.product=false --enable-asserts --track-widget-creation --initialize-from-dill /Users/alebairos/Projects/mobile/chat_app/build/test_cache/build/cache.dill.track.dill --verbosity=error
[   +5 ms] <- compile file:///var/folders/f7/rqd14g9d2rv0v4rhwj55l7v40000gn/T/flutter_tools.87QhLT/flutter_test_listener.SNql1J/listener.dart
[ +499 ms] <- accept
[        ] <- reset
[        ] Compiling file:///var/folders/f7/rqd14g9d2rv0v4rhwj55l7v40000gn/T/flutter_tools.87QhLT/flutter_test_listener.SNql1J/listener.dart took 550ms
[        ] test 0: starting test device
[   +1 ms] test 0: awaiting connection to test device
[        ] test 0: VM Service uri is not available
[   +1 ms] test 0: test harness socket server is running at port:50336
[        ] Using this directory for fonts configuration: /var/folders/f7/rqd14g9d2rv0v4rhwj55l7v40000gn/T/flutter_tools.87QhLT/flutter_test_fonts.NYmJQ4
[        ] test 0: Starting flutter_tester process with command=[/opt/homebrew/Caskroom/flutter/3.27.2/flutter/bin/cache/artifacts/engine/darwin-x64/flutter_tester, --disable-vm-service, --enable-checked-mode, --verify-entry-points, --enable-software-rendering, --skia-deterministic-rendering, --enable-dart-profiling, --non-interactive, --use-test-fonts, --disable-asset-fonts, --packages=/Users/alebairos/Projects/mobile/chat_app/.dart_tool/package_config.json, --flutter-assets-dir=/Users/alebairos/Projects/mobile/chat_app/build/unit_test_assets, /var/folders/f7/rqd14g9d2rv0v4rhwj55l7v40000gn/T/flutter_tools.87QhLT/flutter_test_listener.SNql1J/listener.dart.dill], environment={FLUTTER_TEST: true, FONTCONFIG_FILE: /var/folders/f7/rqd14g9d2rv0v4rhwj55l7v40000gn/T/flutter_tools.87QhLT/flutter_test_fonts.NYmJQ4/fonts.conf, SERVER_PORT: 50336, APP_NAME: character_ai_clone, UNIT_TEST_ASSETS: /Users/alebairos/Projects/mobile/chat_app/build/unit_test_assets}
[   +2 ms] test 0: Started flutter_tester process at pid 3276
[ +301 ms] test 0: connected to test device, now awaiting test result
[        ] test 0: Waiting for test harness or tests to finish
00:00 +0: error messages have consistent red background color                                                                                                                                          00:01 +0: error messages have consistent red background color                                                                                                                                          00:01 +1: error messages have consistent red background color                                                                                                                                          00:01 +1: error messages have consistent white text color                                                                                                                                              00:01 +2: error messages have consistent white text color                                                                                                                                              00:01 +2: error messages start with "Error:" prefix                                                                                                                                                    00:01 +3: error messages start with "Error:" prefix                                                                                                                                                    00:01 +3: error messages have consistent text size                                                                                                                                                     00:01 +4: error messages have consistent text size                                                                                                                                                     00:01 +4: error messages appear for consistent duration                                                                                                                                                00:01 +5: error messages appear for consistent duration                                                                                                                                                00:01 +5: error messages have consistent padding                                                                                                                                                       00:01 +6: error messages have consistent padding                                                                                                                                                       00:01 +6: error messages have consistent elevation                                                                                                                                                     00:01 +7: error messages have consistent elevation                                                                                                                                                     00:01 +7: error messages have consistent border radius                                                                                                                                                 00:01 +8: error messages have consistent border radius                                                                                                                                                 00:01 +8: error messages animate with consistent curve                                                                                                                                                 00:01 +9: error messages animate with consistent curve                                                                                                                                                 00:01 +9: error messages can be dismissed by horizontal swipe                                                                                                                                          00:01 +10: error messages can be dismissed by horizontal swipe                                                                                                                                         00:01 +10: error messages cannot be dismissed by vertical swipe                                                                                                                                        00:01 +11: error messages cannot be dismissed by vertical swipe                                                                                                                                        [ +534 ms] test 0: Test harness is no longer needed by test process
[        ] test 0: finished
[        ] test 0: cleaning up...
[        ] test 0: ensuring test device is terminated.
[        ] test 0: Terminating flutter_tester process
[        ] test 0: Shutting down DevTools server
[        ] test 0: Test process is no longer needed by test harness
[        ] test 0: Shutting down test harness socket server
[   +3 ms] test 0: flutter_tester process at pid 3276 exited with code=-9
[        ] test 0: deleting temporary directory
[        ] test 0: finished
00:01 +11: All tests passed!                                                                                                                                                                           
[   +2 ms] Deleting /var/folders/f7/rqd14g9d2rv0v4rhwj55l7v40000gn/T/flutter_tools.87QhLT/flutter_test_compiler.fnMwKN...
[        ] killing pid 3274
[   +6 ms] Deleting /var/folders/f7/rqd14g9d2rv0v4rhwj55l7v40000gn/T/flutter_tools.87QhLT/flutter_test_fonts.NYmJQ4...
[   +1 ms] test package returned with exit code 0
[        ] Runtime for phase TestRunner: Wall-clock: 0:00:01.500753; combined: 0:00:01.500772.
[        ] Runtime for phase Compile: Wall-clock: 0:00:00.551071; combined: 0:00:00.551088.
[        ] Runtime for phase Run: Wall-clock: 0:00:00.842377; combined: 0:00:00.842380.
[        ] Runtime for phase CoverageTotal: Wall-clock: 0:00:00.000000; combined: 0:00:00.000000.
[        ] Runtime for phase CoverageCollect: Wall-clock: 0:00:00.000000; combined: 0:00:00.000000.
[        ] Runtime for phase CoverageParseJson: Wall-clock: 0:00:00.000000; combined: 0:00:00.000000.
[        ] Runtime for phase CoverageAddHitmap: Wall-clock: 0:00:00.000000; combined: 0:00:00.000000.
[        ] Runtime for phase CoverageDataCollect: Wall-clock: 0:00:00.000000; combined: 0:00:00.000000.
[        ] Runtime for phase WatcherFinishedTest: Wall-clock: 0:00:00.000282; combined: 0:00:00.000284.
[   +3 ms] "flutter test" took 1,877ms.
[  +19 ms] Running 3 shutdown hooks
[        ] Shutdown hooks complete
[ +149 ms] exiting with code 0

=== Running ./test/audio_recorder_button_style_test.dart ===
[   +9 ms] executing: sysctl hw.optional.arm64
[   +5 ms] Exit code 0 from: sysctl hw.optional.arm64
[        ] hw.optional.arm64: 1
[   +7 ms] executing: sw_vers -productName
[   +6 ms] Exit code 0 from: sw_vers -productName
[        ] macOS
[        ] executing: sw_vers -productVersion
[   +5 ms] Exit code 0 from: sw_vers -productVersion
[        ] 14.6.1
[        ] executing: sw_vers -buildVersion
[   +5 ms] Exit code 0 from: sw_vers -buildVersion
[        ] 23G93
[        ] executing: uname -m
[   +1 ms] Exit code 0 from: uname -m
[        ] arm64
[   +8 ms] Found 1 files which will be executed as Widget Tests.
[   +1 ms] Artifact Instance of 'AndroidGenSnapshotArtifacts' is not required, skipping update.
[        ] Artifact Instance of 'AndroidInternalBuildArtifacts' is not required, skipping update.
[        ] Artifact Instance of 'IOSEngineArtifacts' is not required, skipping update.
[        ] Artifact Instance of 'FlutterWebSdk' is not required, skipping update.
[        ] Artifact Instance of 'LegacyCanvasKitRemover' is not required, skipping update.
[   +1 ms] Artifact Instance of 'WindowsEngineArtifacts' is not required, skipping update.
[        ] Artifact Instance of 'MacOSEngineArtifacts' is not required, skipping update.
[        ] Artifact Instance of 'LinuxEngineArtifacts' is not required, skipping update.
[        ] Artifact Instance of 'LinuxFuchsiaSDKArtifacts' is not required, skipping update.
[        ] Artifact Instance of 'MacOSFuchsiaSDKArtifacts' is not required, skipping update.
[        ] Artifact Instance of 'FlutterRunnerSDKArtifacts' is not required, skipping update.
[        ] Artifact Instance of 'FlutterRunnerDebugSymbols' is not required, skipping update.
[  +17 ms] Artifact Instance of 'MaterialFonts' is not required, skipping update.
[        ] Artifact Instance of 'GradleWrapper' is not required, skipping update.
[        ] Artifact Instance of 'AndroidGenSnapshotArtifacts' is not required, skipping update.
[        ] Artifact Instance of 'AndroidInternalBuildArtifacts' is not required, skipping update.
[        ] Artifact Instance of 'IOSEngineArtifacts' is not required, skipping update.
[        ] Artifact Instance of 'FlutterWebSdk' is not required, skipping update.
[        ] Artifact Instance of 'LegacyCanvasKitRemover' is not required, skipping update.
[        ] Artifact Instance of 'FlutterSdk' is not required, skipping update.
[        ] Artifact Instance of 'WindowsEngineArtifacts' is not required, skipping update.
[        ] Artifact Instance of 'MacOSEngineArtifacts' is not required, skipping update.
[        ] Artifact Instance of 'LinuxEngineArtifacts' is not required, skipping update.
[        ] Artifact Instance of 'LinuxFuchsiaSDKArtifacts' is not required, skipping update.
[        ] Artifact Instance of 'MacOSFuchsiaSDKArtifacts' is not required, skipping update.
[        ] Artifact Instance of 'FlutterRunnerSDKArtifacts' is not required, skipping update.
[        ] Artifact Instance of 'FlutterRunnerDebugSymbols' is not required, skipping update.
[        ] Artifact Instance of 'IosUsbArtifacts' is not required, skipping update.
[        ] Artifact Instance of 'IosUsbArtifacts' is not required, skipping update.
[        ] Artifact Instance of 'IosUsbArtifacts' is not required, skipping update.
[        ] Artifact Instance of 'IosUsbArtifacts' is not required, skipping update.
[        ] Artifact Instance of 'IosUsbArtifacts' is not required, skipping update.
[        ] Artifact Instance of 'FontSubsetArtifacts' is not required, skipping update.
[        ] Artifact Instance of 'PubDependencies' is not required, skipping update.
[  +21 ms] Skipping pub get: version match.
[  +13 ms] Found plugin audioplayers at /Users/alebairos/.pub-cache/hosted/pub.dev/audioplayers-5.2.1/
[   +1 ms] Found plugin audioplayers_android at /Users/alebairos/.pub-cache/hosted/pub.dev/audioplayers_android-4.0.3/
[   +1 ms] Found plugin audioplayers_darwin at /Users/alebairos/.pub-cache/hosted/pub.dev/audioplayers_darwin-5.0.2/
[   +1 ms] Found plugin audioplayers_linux at /Users/alebairos/.pub-cache/hosted/pub.dev/audioplayers_linux-3.1.0/
[   +1 ms] Found plugin audioplayers_web at /Users/alebairos/.pub-cache/hosted/pub.dev/audioplayers_web-4.1.0/
[        ] Found plugin audioplayers_windows at /Users/alebairos/.pub-cache/hosted/pub.dev/audioplayers_windows-3.1.0/
[  +20 ms] Found plugin isar_flutter_libs at /Users/alebairos/.pub-cache/hosted/pub.dev/isar_flutter_libs-3.1.0+1/
[   +9 ms] Found plugin path_provider at /Users/alebairos/.pub-cache/hosted/pub.dev/path_provider-2.1.5/
[        ] Found plugin path_provider_android at /Users/alebairos/.pub-cache/hosted/pub.dev/path_provider_android-2.2.15/
[        ] Found plugin path_provider_foundation at /Users/alebairos/.pub-cache/hosted/pub.dev/path_provider_foundation-2.4.1/
[        ] Found plugin path_provider_linux at /Users/alebairos/.pub-cache/hosted/pub.dev/path_provider_linux-2.2.1/
[   +1 ms] Found plugin path_provider_windows at /Users/alebairos/.pub-cache/hosted/pub.dev/path_provider_windows-2.3.0/
[   +2 ms] Found plugin record at /Users/alebairos/.pub-cache/hosted/pub.dev/record-4.4.4/
[        ] Found plugin record_linux at /Users/alebairos/.pub-cache/hosted/pub.dev/record_linux-0.4.1/
[        ] Found plugin record_macos at /Users/alebairos/.pub-cache/hosted/pub.dev/record_macos-0.2.2/
[        ] Found plugin record_web at /Users/alebairos/.pub-cache/hosted/pub.dev/record_web-0.5.0/
[        ] Found plugin record_windows at /Users/alebairos/.pub-cache/hosted/pub.dev/record_windows-0.7.1/
[  +17 ms] Found plugin audioplayers at /Users/alebairos/.pub-cache/hosted/pub.dev/audioplayers-5.2.1/
[        ] Found plugin audioplayers_android at /Users/alebairos/.pub-cache/hosted/pub.dev/audioplayers_android-4.0.3/
[        ] Found plugin audioplayers_darwin at /Users/alebairos/.pub-cache/hosted/pub.dev/audioplayers_darwin-5.0.2/
[        ] Found plugin audioplayers_linux at /Users/alebairos/.pub-cache/hosted/pub.dev/audioplayers_linux-3.1.0/
[        ] Found plugin audioplayers_web at /Users/alebairos/.pub-cache/hosted/pub.dev/audioplayers_web-4.1.0/
[        ] Found plugin audioplayers_windows at /Users/alebairos/.pub-cache/hosted/pub.dev/audioplayers_windows-3.1.0/
[  +10 ms] Found plugin isar_flutter_libs at /Users/alebairos/.pub-cache/hosted/pub.dev/isar_flutter_libs-3.1.0+1/
[   +4 ms] Found plugin path_provider at /Users/alebairos/.pub-cache/hosted/pub.dev/path_provider-2.1.5/
[        ] Found plugin path_provider_android at /Users/alebairos/.pub-cache/hosted/pub.dev/path_provider_android-2.2.15/
[        ] Found plugin path_provider_foundation at /Users/alebairos/.pub-cache/hosted/pub.dev/path_provider_foundation-2.4.1/
[        ] Found plugin path_provider_linux at /Users/alebairos/.pub-cache/hosted/pub.dev/path_provider_linux-2.2.1/
[        ] Found plugin path_provider_windows at /Users/alebairos/.pub-cache/hosted/pub.dev/path_provider_windows-2.3.0/
[   +1 ms] Found plugin record at /Users/alebairos/.pub-cache/hosted/pub.dev/record-4.4.4/
[        ] Found plugin record_linux at /Users/alebairos/.pub-cache/hosted/pub.dev/record_linux-0.4.1/
[        ] Found plugin record_macos at /Users/alebairos/.pub-cache/hosted/pub.dev/record_macos-0.2.2/
[        ] Found plugin record_web at /Users/alebairos/.pub-cache/hosted/pub.dev/record_web-0.5.0/
[        ] Found plugin record_windows at /Users/alebairos/.pub-cache/hosted/pub.dev/record_windows-0.7.1/
[  +14 ms] Found plugin audioplayers at /Users/alebairos/.pub-cache/hosted/pub.dev/audioplayers-5.2.1/
[        ] Found plugin audioplayers_android at /Users/alebairos/.pub-cache/hosted/pub.dev/audioplayers_android-4.0.3/
[        ] Found plugin audioplayers_darwin at /Users/alebairos/.pub-cache/hosted/pub.dev/audioplayers_darwin-5.0.2/
[        ] Found plugin audioplayers_linux at /Users/alebairos/.pub-cache/hosted/pub.dev/audioplayers_linux-3.1.0/
[        ] Found plugin audioplayers_web at /Users/alebairos/.pub-cache/hosted/pub.dev/audioplayers_web-4.1.0/
[        ] Found plugin audioplayers_windows at /Users/alebairos/.pub-cache/hosted/pub.dev/audioplayers_windows-3.1.0/
[   +7 ms] Found plugin isar_flutter_libs at /Users/alebairos/.pub-cache/hosted/pub.dev/isar_flutter_libs-3.1.0+1/
[   +3 ms] Found plugin path_provider at /Users/alebairos/.pub-cache/hosted/pub.dev/path_provider-2.1.5/
[        ] Found plugin path_provider_android at /Users/alebairos/.pub-cache/hosted/pub.dev/path_provider_android-2.2.15/
[        ] Found plugin path_provider_foundation at /Users/alebairos/.pub-cache/hosted/pub.dev/path_provider_foundation-2.4.1/
[        ] Found plugin path_provider_linux at /Users/alebairos/.pub-cache/hosted/pub.dev/path_provider_linux-2.2.1/
[        ] Found plugin path_provider_windows at /Users/alebairos/.pub-cache/hosted/pub.dev/path_provider_windows-2.3.0/
[   +1 ms] Found plugin record at /Users/alebairos/.pub-cache/hosted/pub.dev/record-4.4.4/
[        ] Found plugin record_linux at /Users/alebairos/.pub-cache/hosted/pub.dev/record_linux-0.4.1/
[        ] Found plugin record_macos at /Users/alebairos/.pub-cache/hosted/pub.dev/record_macos-0.2.2/
[        ] Found plugin record_web at /Users/alebairos/.pub-cache/hosted/pub.dev/record_web-0.5.0/
[        ] Found plugin record_windows at /Users/alebairos/.pub-cache/hosted/pub.dev/record_windows-0.7.1/
[   +7 ms] Generating /Users/alebairos/Projects/mobile/chat_app/android/app/src/main/java/io/flutter/plugins/GeneratedPluginRegistrant.java
[  +10 ms] executing: sysctl hw.optional.arm64
[   +1 ms] Exit code 0 from: sysctl hw.optional.arm64
[        ] hw.optional.arm64: 1
[        ] executing: /usr/bin/arch -arm64e xcrun xcodebuild -version
[  +40 ms] Exit code 0 from: /usr/bin/arch -arm64e xcrun xcodebuild -version
[        ] Xcode 16.2
           Build version 16C5032a
[  +41 ms] No packages with native assets. Skipping native assets compilation.
[        ] Writing native assets json to file:///Users/alebairos/Projects/mobile/chat_app/build/native_assets/macos/native_assets.json.
[        ] Writing /Users/alebairos/Projects/mobile/chat_app/build/native_assets/macos/native_assets.json done.
[  +62 ms] running test package with arguments: [--no-color, --chain-stack-traces, --, file:///Users/alebairos/Projects/mobile/chat_app/test/audio_recorder_button_style_test.dart?]
00:00 +0: loading /Users/alebairos/Projects/mobile/chat_app/test/audio_recorder_button_style_test.dart                                                                                                 [  +70 ms] test 0: starting test /Users/alebairos/Projects/mobile/chat_app/test/audio_recorder_button_style_test.dart
[   +1 ms] Stopping scan for flutter_test_config.dart; found project root at /Users/alebairos/Projects/mobile/chat_app
[        ] Compiler will use the following file as its incremental dill file: /var/folders/f7/rqd14g9d2rv0v4rhwj55l7v40000gn/T/flutter_tools.FNQNyO/flutter_test_compiler.UjetKK/output.dill
[        ] Listening to compiler controller...
[   +3 ms] Compiling file:///var/folders/f7/rqd14g9d2rv0v4rhwj55l7v40000gn/T/flutter_tools.FNQNyO/flutter_test_listener.PecIu1/listener.dart
[   +5 ms] Found plugin audioplayers at /Users/alebairos/.pub-cache/hosted/pub.dev/audioplayers-5.2.1/
[   +9 ms] Found plugin audioplayers_android at /Users/alebairos/.pub-cache/hosted/pub.dev/audioplayers_android-4.0.3/
[        ] Found plugin audioplayers_darwin at /Users/alebairos/.pub-cache/hosted/pub.dev/audioplayers_darwin-5.0.2/
[        ] Found plugin audioplayers_linux at /Users/alebairos/.pub-cache/hosted/pub.dev/audioplayers_linux-3.1.0/
[        ] Found plugin audioplayers_web at /Users/alebairos/.pub-cache/hosted/pub.dev/audioplayers_web-4.1.0/
[        ] Found plugin audioplayers_windows at /Users/alebairos/.pub-cache/hosted/pub.dev/audioplayers_windows-3.1.0/
[   +8 ms] Found plugin isar_flutter_libs at /Users/alebairos/.pub-cache/hosted/pub.dev/isar_flutter_libs-3.1.0+1/
[   +3 ms] Found plugin path_provider at /Users/alebairos/.pub-cache/hosted/pub.dev/path_provider-2.1.5/
[        ] Found plugin path_provider_android at /Users/alebairos/.pub-cache/hosted/pub.dev/path_provider_android-2.2.15/
[        ] Found plugin path_provider_foundation at /Users/alebairos/.pub-cache/hosted/pub.dev/path_provider_foundation-2.4.1/
[        ] Found plugin path_provider_linux at /Users/alebairos/.pub-cache/hosted/pub.dev/path_provider_linux-2.2.1/
[        ] Found plugin path_provider_windows at /Users/alebairos/.pub-cache/hosted/pub.dev/path_provider_windows-2.3.0/
[   +1 ms] Found plugin record at /Users/alebairos/.pub-cache/hosted/pub.dev/record-4.4.4/
[        ] Found plugin record_linux at /Users/alebairos/.pub-cache/hosted/pub.dev/record_linux-0.4.1/
[        ] Found plugin record_macos at /Users/alebairos/.pub-cache/hosted/pub.dev/record_macos-0.2.2/
[        ] Found plugin record_web at /Users/alebairos/.pub-cache/hosted/pub.dev/record_web-0.5.0/
[        ] Found plugin record_windows at /Users/alebairos/.pub-cache/hosted/pub.dev/record_windows-0.7.1/
[   +9 ms] /opt/homebrew/Caskroom/flutter/3.27.2/flutter/bin/cache/dart-sdk/bin/dartaotruntime /opt/homebrew/Caskroom/flutter/3.27.2/flutter/bin/cache/dart-sdk/bin/snapshots/frontend_server_aot.dart.snapshot --sdk-root /opt/homebrew/Caskroom/flutter/3.27.2/flutter/bin/cache/artifacts/engine/common/flutter_patched_sdk/ --incremental --no-print-incremental-dependencies --target=flutter --experimental-emit-debug-metadata --output-dill /var/folders/f7/rqd14g9d2rv0v4rhwj55l7v40000gn/T/flutter_tools.FNQNyO/flutter_test_compiler.UjetKK/output.dill --packages /Users/alebairos/Projects/mobile/chat_app/.dart_tool/package_config.json -Ddart.vm.profile=false -Ddart.vm.product=false --enable-asserts --track-widget-creation --initialize-from-dill /Users/alebairos/Projects/mobile/chat_app/build/test_cache/build/cache.dill.track.dill --verbosity=error
[   +4 ms] <- compile file:///var/folders/f7/rqd14g9d2rv0v4rhwj55l7v40000gn/T/flutter_tools.FNQNyO/flutter_test_listener.PecIu1/listener.dart
[ +392 ms] <- accept
[        ] <- reset
[        ] Compiling file:///var/folders/f7/rqd14g9d2rv0v4rhwj55l7v40000gn/T/flutter_tools.FNQNyO/flutter_test_listener.PecIu1/listener.dart took 438ms
[        ] test 0: starting test device
[   +1 ms] test 0: awaiting connection to test device
[        ] test 0: VM Service uri is not available
[   +1 ms] test 0: test harness socket server is running at port:50343
[        ] Using this directory for fonts configuration: /var/folders/f7/rqd14g9d2rv0v4rhwj55l7v40000gn/T/flutter_tools.FNQNyO/flutter_test_fonts.eUBTXE
[        ] test 0: Starting flutter_tester process with command=[/opt/homebrew/Caskroom/flutter/3.27.2/flutter/bin/cache/artifacts/engine/darwin-x64/flutter_tester, --disable-vm-service, --enable-checked-mode, --verify-entry-points, --enable-software-rendering, --skia-deterministic-rendering, --enable-dart-profiling, --non-interactive, --use-test-fonts, --disable-asset-fonts, --packages=/Users/alebairos/Projects/mobile/chat_app/.dart_tool/package_config.json, --flutter-assets-dir=/Users/alebairos/Projects/mobile/chat_app/build/unit_test_assets, /var/folders/f7/rqd14g9d2rv0v4rhwj55l7v40000gn/T/flutter_tools.FNQNyO/flutter_test_listener.PecIu1/listener.dart.dill], environment={FLUTTER_TEST: true, FONTCONFIG_FILE: /var/folders/f7/rqd14g9d2rv0v4rhwj55l7v40000gn/T/flutter_tools.FNQNyO/flutter_test_fonts.eUBTXE/fonts.conf, SERVER_PORT: 50343, APP_NAME: character_ai_clone, UNIT_TEST_ASSETS: /Users/alebairos/Projects/mobile/chat_app/build/unit_test_assets}
[   +2 ms] test 0: Started flutter_tester process at pid 3319
[ +306 ms] test 0: connected to test device, now awaiting test result
[        ] test 0: Waiting for test harness or tests to finish
00:00 +0: all buttons use circle shape                                                                                                                                                                 00:01 +0: all buttons use circle shape                                                                                                                                                                 00:01 +1: all buttons use circle shape                                                                                                                                                                 [ +294 ms] test 0: Test harness is no longer needed by test process
[        ] test 0: finished
[        ] test 0: cleaning up...
[        ] test 0: ensuring test device is terminated.
[        ] test 0: Terminating flutter_tester process
[        ] test 0: Shutting down DevTools server
[        ] test 0: Test process is no longer needed by test harness
[        ] test 0: Shutting down test harness socket server
[   +3 ms] test 0: flutter_tester process at pid 3319 exited with code=-9
[        ] test 0: deleting temporary directory
[        ] test 0: finished
00:01 +1: All tests passed!                                                                                                                                                                            
[   +2 ms] Deleting /var/folders/f7/rqd14g9d2rv0v4rhwj55l7v40000gn/T/flutter_tools.FNQNyO/flutter_test_compiler.UjetKK...
[        ] killing pid 3317
[   +7 ms] Deleting /var/folders/f7/rqd14g9d2rv0v4rhwj55l7v40000gn/T/flutter_tools.FNQNyO/flutter_test_fonts.eUBTXE...
[   +1 ms] test package returned with exit code 0
[        ] Runtime for phase TestRunner: Wall-clock: 0:00:01.144263; combined: 0:00:01.144279.
[        ] Runtime for phase Compile: Wall-clock: 0:00:00.438678; combined: 0:00:00.438694.
[        ] Runtime for phase Run: Wall-clock: 0:00:00.606669; combined: 0:00:00.606670.
[        ] Runtime for phase CoverageTotal: Wall-clock: 0:00:00.000000; combined: 0:00:00.000000.
[        ] Runtime for phase CoverageCollect: Wall-clock: 0:00:00.000000; combined: 0:00:00.000000.
[        ] Runtime for phase CoverageParseJson: Wall-clock: 0:00:00.000000; combined: 0:00:00.000000.
[        ] Runtime for phase CoverageAddHitmap: Wall-clock: 0:00:00.000000; combined: 0:00:00.000000.
[        ] Runtime for phase CoverageDataCollect: Wall-clock: 0:00:00.000000; combined: 0:00:00.000000.
[        ] Runtime for phase WatcherFinishedTest: Wall-clock: 0:00:00.000349; combined: 0:00:00.000350.
[   +2 ms] "flutter test" took 1,510ms.
[  +19 ms] Running 3 shutdown hooks
[        ] Shutdown hooks complete
[ +133 ms] exiting with code 0

=== Running ./test/chat_screen_test.dart ===
[   +9 ms] executing: sysctl hw.optional.arm64
[   +5 ms] Exit code 0 from: sysctl hw.optional.arm64
[        ] hw.optional.arm64: 1
[   +6 ms] executing: sw_vers -productName
[   +6 ms] Exit code 0 from: sw_vers -productName
[        ] macOS
[        ] executing: sw_vers -productVersion
[   +6 ms] Exit code 0 from: sw_vers -productVersion
[        ] 14.6.1
[        ] executing: sw_vers -buildVersion
[   +5 ms] Exit code 0 from: sw_vers -buildVersion
[        ] 23G93
[        ] executing: uname -m
[   +2 ms] Exit code 0 from: uname -m
[        ] arm64
[   +8 ms] Found 1 files which will be executed as Widget Tests.
[   +2 ms] Artifact Instance of 'AndroidGenSnapshotArtifacts' is not required, skipping update.
[        ] Artifact Instance of 'AndroidInternalBuildArtifacts' is not required, skipping update.
[        ] Artifact Instance of 'IOSEngineArtifacts' is not required, skipping update.
[        ] Artifact Instance of 'FlutterWebSdk' is not required, skipping update.
[        ] Artifact Instance of 'LegacyCanvasKitRemover' is not required, skipping update.
[   +2 ms] Artifact Instance of 'WindowsEngineArtifacts' is not required, skipping update.
[        ] Artifact Instance of 'MacOSEngineArtifacts' is not required, skipping update.
[        ] Artifact Instance of 'LinuxEngineArtifacts' is not required, skipping update.
[        ] Artifact Instance of 'LinuxFuchsiaSDKArtifacts' is not required, skipping update.
[        ] Artifact Instance of 'MacOSFuchsiaSDKArtifacts' is not required, skipping update.
[        ] Artifact Instance of 'FlutterRunnerSDKArtifacts' is not required, skipping update.
[        ] Artifact Instance of 'FlutterRunnerDebugSymbols' is not required, skipping update.
[  +16 ms] Artifact Instance of 'MaterialFonts' is not required, skipping update.
[        ] Artifact Instance of 'GradleWrapper' is not required, skipping update.
[        ] Artifact Instance of 'AndroidGenSnapshotArtifacts' is not required, skipping update.
[        ] Artifact Instance of 'AndroidInternalBuildArtifacts' is not required, skipping update.
[        ] Artifact Instance of 'IOSEngineArtifacts' is not required, skipping update.
[        ] Artifact Instance of 'FlutterWebSdk' is not required, skipping update.
[        ] Artifact Instance of 'LegacyCanvasKitRemover' is not required, skipping update.
[        ] Artifact Instance of 'FlutterSdk' is not required, skipping update.
[        ] Artifact Instance of 'WindowsEngineArtifacts' is not required, skipping update.
[        ] Artifact Instance of 'MacOSEngineArtifacts' is not required, skipping update.
[        ] Artifact Instance of 'LinuxEngineArtifacts' is not required, skipping update.
[        ] Artifact Instance of 'LinuxFuchsiaSDKArtifacts' is not required, skipping update.
[        ] Artifact Instance of 'MacOSFuchsiaSDKArtifacts' is not required, skipping update.
[        ] Artifact Instance of 'FlutterRunnerSDKArtifacts' is not required, skipping update.
[        ] Artifact Instance of 'FlutterRunnerDebugSymbols' is not required, skipping update.
[        ] Artifact Instance of 'IosUsbArtifacts' is not required, skipping update.
[        ] Artifact Instance of 'IosUsbArtifacts' is not required, skipping update.
[        ] Artifact Instance of 'IosUsbArtifacts' is not required, skipping update.
[        ] Artifact Instance of 'IosUsbArtifacts' is not required, skipping update.
[        ] Artifact Instance of 'IosUsbArtifacts' is not required, skipping update.
[        ] Artifact Instance of 'FontSubsetArtifacts' is not required, skipping update.
[        ] Artifact Instance of 'PubDependencies' is not required, skipping update.
[  +21 ms] Skipping pub get: version match.
[  +13 ms] Found plugin audioplayers at /Users/alebairos/.pub-cache/hosted/pub.dev/audioplayers-5.2.1/
[   +1 ms] Found plugin audioplayers_android at /Users/alebairos/.pub-cache/hosted/pub.dev/audioplayers_android-4.0.3/
[   +1 ms] Found plugin audioplayers_darwin at /Users/alebairos/.pub-cache/hosted/pub.dev/audioplayers_darwin-5.0.2/
[   +1 ms] Found plugin audioplayers_linux at /Users/alebairos/.pub-cache/hosted/pub.dev/audioplayers_linux-3.1.0/
[   +1 ms] Found plugin audioplayers_web at /Users/alebairos/.pub-cache/hosted/pub.dev/audioplayers_web-4.1.0/
[        ] Found plugin audioplayers_windows at /Users/alebairos/.pub-cache/hosted/pub.dev/audioplayers_windows-3.1.0/
[  +20 ms] Found plugin isar_flutter_libs at /Users/alebairos/.pub-cache/hosted/pub.dev/isar_flutter_libs-3.1.0+1/
[   +9 ms] Found plugin path_provider at /Users/alebairos/.pub-cache/hosted/pub.dev/path_provider-2.1.5/
[        ] Found plugin path_provider_android at /Users/alebairos/.pub-cache/hosted/pub.dev/path_provider_android-2.2.15/
[        ] Found plugin path_provider_foundation at /Users/alebairos/.pub-cache/hosted/pub.dev/path_provider_foundation-2.4.1/
[        ] Found plugin path_provider_linux at /Users/alebairos/.pub-cache/hosted/pub.dev/path_provider_linux-2.2.1/
[   +1 ms] Found plugin path_provider_windows at /Users/alebairos/.pub-cache/hosted/pub.dev/path_provider_windows-2.3.0/
[   +2 ms] Found plugin record at /Users/alebairos/.pub-cache/hosted/pub.dev/record-4.4.4/
[        ] Found plugin record_linux at /Users/alebairos/.pub-cache/hosted/pub.dev/record_linux-0.4.1/
[        ] Found plugin record_macos at /Users/alebairos/.pub-cache/hosted/pub.dev/record_macos-0.2.2/
[        ] Found plugin record_web at /Users/alebairos/.pub-cache/hosted/pub.dev/record_web-0.5.0/
[        ] Found plugin record_windows at /Users/alebairos/.pub-cache/hosted/pub.dev/record_windows-0.7.1/
[  +18 ms] Found plugin audioplayers at /Users/alebairos/.pub-cache/hosted/pub.dev/audioplayers-5.2.1/
[        ] Found plugin audioplayers_android at /Users/alebairos/.pub-cache/hosted/pub.dev/audioplayers_android-4.0.3/
[        ] Found plugin audioplayers_darwin at /Users/alebairos/.pub-cache/hosted/pub.dev/audioplayers_darwin-5.0.2/
[   +1 ms] Found plugin audioplayers_linux at /Users/alebairos/.pub-cache/hosted/pub.dev/audioplayers_linux-3.1.0/
[        ] Found plugin audioplayers_web at /Users/alebairos/.pub-cache/hosted/pub.dev/audioplayers_web-4.1.0/
[        ] Found plugin audioplayers_windows at /Users/alebairos/.pub-cache/hosted/pub.dev/audioplayers_windows-3.1.0/
[  +10 ms] Found plugin isar_flutter_libs at /Users/alebairos/.pub-cache/hosted/pub.dev/isar_flutter_libs-3.1.0+1/
[   +4 ms] Found plugin path_provider at /Users/alebairos/.pub-cache/hosted/pub.dev/path_provider-2.1.5/
[        ] Found plugin path_provider_android at /Users/alebairos/.pub-cache/hosted/pub.dev/path_provider_android-2.2.15/
[        ] Found plugin path_provider_foundation at /Users/alebairos/.pub-cache/hosted/pub.dev/path_provider_foundation-2.4.1/
[        ] Found plugin path_provider_linux at /Users/alebairos/.pub-cache/hosted/pub.dev/path_provider_linux-2.2.1/
[        ] Found plugin path_provider_windows at /Users/alebairos/.pub-cache/hosted/pub.dev/path_provider_windows-2.3.0/
[   +1 ms] Found plugin record at /Users/alebairos/.pub-cache/hosted/pub.dev/record-4.4.4/
[        ] Found plugin record_linux at /Users/alebairos/.pub-cache/hosted/pub.dev/record_linux-0.4.1/
[        ] Found plugin record_macos at /Users/alebairos/.pub-cache/hosted/pub.dev/record_macos-0.2.2/
[        ] Found plugin record_web at /Users/alebairos/.pub-cache/hosted/pub.dev/record_web-0.5.0/
[        ] Found plugin record_windows at /Users/alebairos/.pub-cache/hosted/pub.dev/record_windows-0.7.1/
[  +14 ms] Found plugin audioplayers at /Users/alebairos/.pub-cache/hosted/pub.dev/audioplayers-5.2.1/
[        ] Found plugin audioplayers_android at /Users/alebairos/.pub-cache/hosted/pub.dev/audioplayers_android-4.0.3/
[        ] Found plugin audioplayers_darwin at /Users/alebairos/.pub-cache/hosted/pub.dev/audioplayers_darwin-5.0.2/
[        ] Found plugin audioplayers_linux at /Users/alebairos/.pub-cache/hosted/pub.dev/audioplayers_linux-3.1.0/
[        ] Found plugin audioplayers_web at /Users/alebairos/.pub-cache/hosted/pub.dev/audioplayers_web-4.1.0/
[        ] Found plugin audioplayers_windows at /Users/alebairos/.pub-cache/hosted/pub.dev/audioplayers_windows-3.1.0/
[   +7 ms] Found plugin isar_flutter_libs at /Users/alebairos/.pub-cache/hosted/pub.dev/isar_flutter_libs-3.1.0+1/
[   +3 ms] Found plugin path_provider at /Users/alebairos/.pub-cache/hosted/pub.dev/path_provider-2.1.5/
[        ] Found plugin path_provider_android at /Users/alebairos/.pub-cache/hosted/pub.dev/path_provider_android-2.2.15/
[        ] Found plugin path_provider_foundation at /Users/alebairos/.pub-cache/hosted/pub.dev/path_provider_foundation-2.4.1/
[        ] Found plugin path_provider_linux at /Users/alebairos/.pub-cache/hosted/pub.dev/path_provider_linux-2.2.1/
[        ] Found plugin path_provider_windows at /Users/alebairos/.pub-cache/hosted/pub.dev/path_provider_windows-2.3.0/
[   +1 ms] Found plugin record at /Users/alebairos/.pub-cache/hosted/pub.dev/record-4.4.4/
[        ] Found plugin record_linux at /Users/alebairos/.pub-cache/hosted/pub.dev/record_linux-0.4.1/
[        ] Found plugin record_macos at /Users/alebairos/.pub-cache/hosted/pub.dev/record_macos-0.2.2/
[        ] Found plugin record_web at /Users/alebairos/.pub-cache/hosted/pub.dev/record_web-0.5.0/
[        ] Found plugin record_windows at /Users/alebairos/.pub-cache/hosted/pub.dev/record_windows-0.7.1/
[   +8 ms] Generating /Users/alebairos/Projects/mobile/chat_app/android/app/src/main/java/io/flutter/plugins/GeneratedPluginRegistrant.java
[  +10 ms] executing: sysctl hw.optional.arm64
[   +2 ms] Exit code 0 from: sysctl hw.optional.arm64
[        ] hw.optional.arm64: 1
[        ] executing: /usr/bin/arch -arm64e xcrun xcodebuild -version
[  +37 ms] Exit code 0 from: /usr/bin/arch -arm64e xcrun xcodebuild -version
[        ] Xcode 16.2
           Build version 16C5032a
[  +37 ms] No packages with native assets. Skipping native assets compilation.
[        ] Writing native assets json to file:///Users/alebairos/Projects/mobile/chat_app/build/native_assets/macos/native_assets.json.
[   +4 ms] Writing /Users/alebairos/Projects/mobile/chat_app/build/native_assets/macos/native_assets.json done.
[  +59 ms] running test package with arguments: [--no-color, --chain-stack-traces, --, file:///Users/alebairos/Projects/mobile/chat_app/test/chat_screen_test.dart?]
00:00 +0: loading /Users/alebairos/Projects/mobile/chat_app/test/chat_screen_test.dart                                                                                                                 [  +83 ms] test 0: starting test /Users/alebairos/Projects/mobile/chat_app/test/chat_screen_test.dart
[   +2 ms] Stopping scan for flutter_test_config.dart; found project root at /Users/alebairos/Projects/mobile/chat_app
[   +1 ms] Compiler will use the following file as its incremental dill file: /var/folders/f7/rqd14g9d2rv0v4rhwj55l7v40000gn/T/flutter_tools.vP8grr/flutter_test_compiler.ZTB4wH/output.dill
[        ] Listening to compiler controller...
[   +6 ms] Compiling file:///var/folders/f7/rqd14g9d2rv0v4rhwj55l7v40000gn/T/flutter_tools.vP8grr/flutter_test_listener.3jKYWF/listener.dart
[   +5 ms] Found plugin audioplayers at /Users/alebairos/.pub-cache/hosted/pub.dev/audioplayers-5.2.1/
[  +10 ms] Found plugin audioplayers_android at /Users/alebairos/.pub-cache/hosted/pub.dev/audioplayers_android-4.0.3/
[        ] Found plugin audioplayers_darwin at /Users/alebairos/.pub-cache/hosted/pub.dev/audioplayers_darwin-5.0.2/
[        ] Found plugin audioplayers_linux at /Users/alebairos/.pub-cache/hosted/pub.dev/audioplayers_linux-3.1.0/
[        ] Found plugin audioplayers_web at /Users/alebairos/.pub-cache/hosted/pub.dev/audioplayers_web-4.1.0/
[   +1 ms] Found plugin audioplayers_windows at /Users/alebairos/.pub-cache/hosted/pub.dev/audioplayers_windows-3.1.0/
[   +7 ms] Found plugin isar_flutter_libs at /Users/alebairos/.pub-cache/hosted/pub.dev/isar_flutter_libs-3.1.0+1/
[   +3 ms] Found plugin path_provider at /Users/alebairos/.pub-cache/hosted/pub.dev/path_provider-2.1.5/
[        ] Found plugin path_provider_android at /Users/alebairos/.pub-cache/hosted/pub.dev/path_provider_android-2.2.15/
[        ] Found plugin path_provider_foundation at /Users/alebairos/.pub-cache/hosted/pub.dev/path_provider_foundation-2.4.1/
[        ] Found plugin path_provider_linux at /Users/alebairos/.pub-cache/hosted/pub.dev/path_provider_linux-2.2.1/
[        ] Found plugin path_provider_windows at /Users/alebairos/.pub-cache/hosted/pub.dev/path_provider_windows-2.3.0/
[   +1 ms] Found plugin record at /Users/alebairos/.pub-cache/hosted/pub.dev/record-4.4.4/
[        ] Found plugin record_linux at /Users/alebairos/.pub-cache/hosted/pub.dev/record_linux-0.4.1/
[        ] Found plugin record_macos at /Users/alebairos/.pub-cache/hosted/pub.dev/record_macos-0.2.2/
[        ] Found plugin record_web at /Users/alebairos/.pub-cache/hosted/pub.dev/record_web-0.5.0/
[        ] Found plugin record_windows at /Users/alebairos/.pub-cache/hosted/pub.dev/record_windows-0.7.1/
[  +10 ms] /opt/homebrew/Caskroom/flutter/3.27.2/flutter/bin/cache/dart-sdk/bin/dartaotruntime /opt/homebrew/Caskroom/flutter/3.27.2/flutter/bin/cache/dart-sdk/bin/snapshots/frontend_server_aot.dart.snapshot --sdk-root /opt/homebrew/Caskroom/flutter/3.27.2/flutter/bin/cache/artifacts/engine/common/flutter_patched_sdk/ --incremental --no-print-incremental-dependencies --target=flutter --experimental-emit-debug-metadata --output-dill /var/folders/f7/rqd14g9d2rv0v4rhwj55l7v40000gn/T/flutter_tools.vP8grr/flutter_test_compiler.ZTB4wH/output.dill --packages /Users/alebairos/Projects/mobile/chat_app/.dart_tool/package_config.json -Ddart.vm.profile=false -Ddart.vm.product=false --enable-asserts --track-widget-creation --initialize-from-dill /Users/alebairos/Projects/mobile/chat_app/build/test_cache/build/cache.dill.track.dill --verbosity=error
[   +5 ms] <- compile file:///var/folders/f7/rqd14g9d2rv0v4rhwj55l7v40000gn/T/flutter_tools.vP8grr/flutter_test_listener.3jKYWF/listener.dart
[ +603 ms] <- accept
[        ] <- reset
[        ] Compiling file:///var/folders/f7/rqd14g9d2rv0v4rhwj55l7v40000gn/T/flutter_tools.vP8grr/flutter_test_listener.3jKYWF/listener.dart took 653ms
[        ] test 0: starting test device
[   +1 ms] test 0: awaiting connection to test device
[        ] test 0: VM Service uri is not available
[   +1 ms] test 0: test harness socket server is running at port:50349
[        ] Using this directory for fonts configuration: /var/folders/f7/rqd14g9d2rv0v4rhwj55l7v40000gn/T/flutter_tools.vP8grr/flutter_test_fonts.3pCc4O
[        ] test 0: Starting flutter_tester process with command=[/opt/homebrew/Caskroom/flutter/3.27.2/flutter/bin/cache/artifacts/engine/darwin-x64/flutter_tester, --disable-vm-service, --enable-checked-mode, --verify-entry-points, --enable-software-rendering, --skia-deterministic-rendering, --enable-dart-profiling, --non-interactive, --use-test-fonts, --disable-asset-fonts, --packages=/Users/alebairos/Projects/mobile/chat_app/.dart_tool/package_config.json, --flutter-assets-dir=/Users/alebairos/Projects/mobile/chat_app/build/unit_test_assets, /var/folders/f7/rqd14g9d2rv0v4rhwj55l7v40000gn/T/flutter_tools.vP8grr/flutter_test_listener.3jKYWF/listener.dart.dill], environment={FLUTTER_TEST: true, FONTCONFIG_FILE: /var/folders/f7/rqd14g9d2rv0v4rhwj55l7v40000gn/T/flutter_tools.vP8grr/flutter_test_fonts.3pCc4O/fonts.conf, SERVER_PORT: 50349, APP_NAME: character_ai_clone, UNIT_TEST_ASSETS: /Users/alebairos/Projects/mobile/chat_app/build/unit_test_assets}
[   +3 ms] test 0: Started flutter_tester process at pid 3360
00:01 +0: loading /Users/alebairos/Projects/mobile/chat_app/test/chat_screen_test.dart                                                                                                                 [ +344 ms] test 0: connected to test device, now awaiting test result
[        ] test 0: Waiting for test harness or tests to finish
00:01 +0: ChatScreen Edit Functionality shows edit dialog when edit menu item is tapped                                                                                                                00:01 +0: ChatScreen Edit Functionality shows edit dialog when edit menu item is tapped                                                                                                                

=== CREATE CHAT MESSAGE ===
Creating ChatMessage widget:
- ID: 1
- Text: Test message
- Is user: true

=== EDIT CALLBACK TRIGGERED ===
Edit callback for message:
- ID: 1
- Current text: Test message
=== EDIT FLOW START ===
1. _showEditDialog called with:
   - Message ID: 1
   - Current text: Test message
2. Creating edit dialog with TextField controller
3. Building edit dialog
00:01 +1: ChatScreen Edit Functionality shows edit dialog when edit menu item is tapped                                                                                                                00:01 +1: ChatScreen Edit Functionality edit dialog shows current message text                                                                                                                         00:01 +1: ChatScreen Edit Functionality edit dialog shows current message text                                                                                                                         

=== CREATE CHAT MESSAGE ===
Creating ChatMessage widget:
- ID: 1
- Text: Test message
- Is user: true

=== EDIT CALLBACK TRIGGERED ===
Edit callback for message:
- ID: 1
- Current text: Test message
=== EDIT FLOW START ===
1. _showEditDialog called with:
   - Message ID: 1
   - Current text: Test message
2. Creating edit dialog with TextField controller
3. Building edit dialog
00:01 +2: ChatScreen Edit Functionality edit dialog shows current message text                                                                                                                         00:01 +2: ChatScreen Edit Functionality can edit message text and save changes                                                                                                                         00:01 +2: ChatScreen Edit Functionality can edit message text and save changes                                                                                                                         

=== CREATE CHAT MESSAGE ===
Creating ChatMessage widget:
- ID: 1
- Text: Test message
- Is user: true

=== EDIT CALLBACK TRIGGERED ===
Edit callback for message:
- ID: 1
- Current text: Test message
=== EDIT FLOW START ===
1. _showEditDialog called with:
   - Message ID: 1
   - Current text: Test message
2. Creating edit dialog with TextField controller
3. Building edit dialog
5a. Save button pressed
   - New text: Edited message
5c. Closing dialog before edit
5d. Calling _editMessage

=== EDIT MESSAGE START ===
1. _editMessage called with:
   - Message ID: 1
   - New text: Edited message
3. Saving edit to storage
4b. Fetching updated message from storage
5a. Updated message retrieved:
   - ID: 1
   - Text: Test message
5b. Found message at index: 0

=== CREATE CHAT MESSAGE ===
Creating ChatMessage widget:
- ID: 1
- Text: Test message
- Is user: true
5c. Message updated in UI
6. Success snackbar shown
=== EDIT MESSAGE END ===

00:01 +3: ChatScreen Edit Functionality can edit message text and save changes                                                                                                                         00:01 +3: ChatScreen Edit Functionality cannot save empty message text                                                                                                                                 00:01 +3: ChatScreen Edit Functionality cannot save empty message text                                                                                                                                 

=== CREATE CHAT MESSAGE ===
Creating ChatMessage widget:
- ID: 1
- Text: Test message
- Is user: true

=== EDIT CALLBACK TRIGGERED ===
Edit callback for message:
- ID: 1
- Current text: Test message
=== EDIT FLOW START ===
1. _showEditDialog called with:
   - Message ID: 1
   - Current text: Test message
2. Creating edit dialog with TextField controller
3. Building edit dialog
5a. Save button pressed
   - New text:    
5b. Empty text detected - not saving
00:01 +4: ChatScreen Edit Functionality cannot save empty message text                                                                                                                                 00:01 +4: ChatScreen Edit Functionality can cancel edit without saving                                                                                                                                 00:01 +4: ChatScreen Edit Functionality can cancel edit without saving                                                                                                                                 

=== CREATE CHAT MESSAGE ===
Creating ChatMessage widget:
- ID: 1
- Text: Test message
- Is user: true

=== EDIT CALLBACK TRIGGERED ===
Edit callback for message:
- ID: 1
- Current text: Test message
=== EDIT FLOW START ===
1. _showEditDialog called with:
   - Message ID: 1
   - Current text: Test message
2. Creating edit dialog with TextField controller
3. Building edit dialog
4a. Cancel button pressed
4b. Dialog dismissed via cancel
00:02 +5: ChatScreen Edit Functionality can cancel edit without saving                                                                                                                                 00:02 +5: ChatScreen Edit Functionality handles storage errors gracefully                                                                                                                              00:02 +5: ChatScreen Edit Functionality handles storage errors gracefully                                                                                                                              

=== CREATE CHAT MESSAGE ===
Creating ChatMessage widget:
- ID: 1
- Text: Test message
- Is user: true

=== EDIT CALLBACK TRIGGERED ===
Edit callback for message:
- ID: 1
- Current text: Test message
=== EDIT FLOW START ===
1. _showEditDialog called with:
   - Message ID: 1
   - Current text: Test message
2. Creating edit dialog with TextField controller
3. Building edit dialog
5a. Save button pressed
   - New text: Updated message
5c. Closing dialog before edit
5d. Calling _editMessage

=== EDIT MESSAGE START ===
1. _editMessage called with:
   - Message ID: 1
   - New text: Updated message
3. Saving edit to storage
ERROR in _editMessage:
Exception: Storage error
=== EDIT MESSAGE END ===

00:02 +6: ChatScreen Edit Functionality handles storage errors gracefully                                                                                                                              00:02 +6: ChatScreen Edit Functionality only user messages can be edited                                                                                                                               00:02 +6: ChatScreen Edit Functionality only user messages can be edited                                                                                                                               

=== CREATE CHAT MESSAGE ===
Creating ChatMessage widget:
- ID: 2
- Text: Assistant message
- Is user: false
00:02 +7: ChatScreen Edit Functionality only user messages can be edited                                                                                                                               00:02 +7: oracle avatars have consistent deep purple background                                                                                                                                        00:02 +8: oracle avatars have consistent deep purple background                                                                                                                                        [+1085 ms] test 0: Test harness is no longer needed by test process
[        ] test 0: finished
[        ] test 0: cleaning up...
[        ] test 0: ensuring test device is terminated.
[        ] test 0: Terminating flutter_tester process
[        ] test 0: Shutting down DevTools server
[        ] test 0: Test process is no longer needed by test harness
[        ] test 0: Shutting down test harness socket server
[   +3 ms] test 0: flutter_tester process at pid 3360 exited with code=-9
[        ] test 0: deleting temporary directory
[        ] test 0: finished
00:02 +8: All tests passed!                                                                                                                                                                            
[   +2 ms] Deleting /var/folders/f7/rqd14g9d2rv0v4rhwj55l7v40000gn/T/flutter_tools.vP8grr/flutter_test_compiler.ZTB4wH...
[        ] killing pid 3359
[   +6 ms] Deleting /var/folders/f7/rqd14g9d2rv0v4rhwj55l7v40000gn/T/flutter_tools.vP8grr/flutter_test_fonts.3pCc4O...
[   +1 ms] test package returned with exit code 0
[        ] Runtime for phase TestRunner: Wall-clock: 0:00:02.202958; combined: 0:00:02.202971.
[        ] Runtime for phase Compile: Wall-clock: 0:00:00.653314; combined: 0:00:00.653330.
[        ] Runtime for phase Run: Wall-clock: 0:00:01.436195; combined: 0:00:01.436197.
[        ] Runtime for phase CoverageTotal: Wall-clock: 0:00:00.000000; combined: 0:00:00.000000.
[        ] Runtime for phase CoverageCollect: Wall-clock: 0:00:00.000000; combined: 0:00:00.000000.
[        ] Runtime for phase CoverageParseJson: Wall-clock: 0:00:00.000000; combined: 0:00:00.000000.
[        ] Runtime for phase CoverageAddHitmap: Wall-clock: 0:00:00.000000; combined: 0:00:00.000000.
[        ] Runtime for phase CoverageDataCollect: Wall-clock: 0:00:00.000000; combined: 0:00:00.000000.
[        ] Runtime for phase WatcherFinishedTest: Wall-clock: 0:00:00.000269; combined: 0:00:00.000270.
[   +2 ms] "flutter test" took 2,566ms.
[  +18 ms] Running 3 shutdown hooks
[        ] Shutdown hooks complete
[ +134 ms] exiting with code 0

=== Running ./test/audio_recorder_test.dart ===
[  +10 ms] executing: sysctl hw.optional.arm64
[   +5 ms] Exit code 0 from: sysctl hw.optional.arm64
[        ] hw.optional.arm64: 1
[   +7 ms] executing: sw_vers -productName
[   +7 ms] Exit code 0 from: sw_vers -productName
[        ] macOS
[        ] executing: sw_vers -productVersion
[   +5 ms] Exit code 0 from: sw_vers -productVersion
[        ] 14.6.1
[        ] executing: sw_vers -buildVersion
[   +5 ms] Exit code 0 from: sw_vers -buildVersion
[        ] 23G93
[        ] executing: uname -m
[   +1 ms] Exit code 0 from: uname -m
[        ] arm64
[   +8 ms] Found 1 files which will be executed as Widget Tests.
[   +2 ms] Artifact Instance of 'AndroidGenSnapshotArtifacts' is not required, skipping update.
[        ] Artifact Instance of 'AndroidInternalBuildArtifacts' is not required, skipping update.
[        ] Artifact Instance of 'IOSEngineArtifacts' is not required, skipping update.
[        ] Artifact Instance of 'FlutterWebSdk' is not required, skipping update.
[        ] Artifact Instance of 'LegacyCanvasKitRemover' is not required, skipping update.
[   +2 ms] Artifact Instance of 'WindowsEngineArtifacts' is not required, skipping update.
[   +4 ms] Artifact Instance of 'MacOSEngineArtifacts' is not required, skipping update.
[        ] Artifact Instance of 'LinuxEngineArtifacts' is not required, skipping update.
[        ] Artifact Instance of 'LinuxFuchsiaSDKArtifacts' is not required, skipping update.
[        ] Artifact Instance of 'MacOSFuchsiaSDKArtifacts' is not required, skipping update.
[        ] Artifact Instance of 'FlutterRunnerSDKArtifacts' is not required, skipping update.
[        ] Artifact Instance of 'FlutterRunnerDebugSymbols' is not required, skipping update.
[  +19 ms] Artifact Instance of 'MaterialFonts' is not required, skipping update.
[        ] Artifact Instance of 'GradleWrapper' is not required, skipping update.
[        ] Artifact Instance of 'AndroidGenSnapshotArtifacts' is not required, skipping update.
[        ] Artifact Instance of 'AndroidInternalBuildArtifacts' is not required, skipping update.
[        ] Artifact Instance of 'IOSEngineArtifacts' is not required, skipping update.
[        ] Artifact Instance of 'FlutterWebSdk' is not required, skipping update.
[        ] Artifact Instance of 'LegacyCanvasKitRemover' is not required, skipping update.
[        ] Artifact Instance of 'FlutterSdk' is not required, skipping update.
[        ] Artifact Instance of 'WindowsEngineArtifacts' is not required, skipping update.
[        ] Artifact Instance of 'MacOSEngineArtifacts' is not required, skipping update.
[        ] Artifact Instance of 'LinuxEngineArtifacts' is not required, skipping update.
[        ] Artifact Instance of 'LinuxFuchsiaSDKArtifacts' is not required, skipping update.
[        ] Artifact Instance of 'MacOSFuchsiaSDKArtifacts' is not required, skipping update.
[        ] Artifact Instance of 'FlutterRunnerSDKArtifacts' is not required, skipping update.
[        ] Artifact Instance of 'FlutterRunnerDebugSymbols' is not required, skipping update.
[        ] Artifact Instance of 'IosUsbArtifacts' is not required, skipping update.
[        ] Artifact Instance of 'IosUsbArtifacts' is not required, skipping update.
[        ] Artifact Instance of 'IosUsbArtifacts' is not required, skipping update.
[        ] Artifact Instance of 'IosUsbArtifacts' is not required, skipping update.
[        ] Artifact Instance of 'IosUsbArtifacts' is not required, skipping update.
[        ] Artifact Instance of 'FontSubsetArtifacts' is not required, skipping update.
[        ] Artifact Instance of 'PubDependencies' is not required, skipping update.
[  +20 ms] Skipping pub get: version match.
[  +13 ms] Found plugin audioplayers at /Users/alebairos/.pub-cache/hosted/pub.dev/audioplayers-5.2.1/
[   +1 ms] Found plugin audioplayers_android at /Users/alebairos/.pub-cache/hosted/pub.dev/audioplayers_android-4.0.3/
[        ] Found plugin audioplayers_darwin at /Users/alebairos/.pub-cache/hosted/pub.dev/audioplayers_darwin-5.0.2/
[   +1 ms] Found plugin audioplayers_linux at /Users/alebairos/.pub-cache/hosted/pub.dev/audioplayers_linux-3.1.0/
[   +1 ms] Found plugin audioplayers_web at /Users/alebairos/.pub-cache/hosted/pub.dev/audioplayers_web-4.1.0/
[        ] Found plugin audioplayers_windows at /Users/alebairos/.pub-cache/hosted/pub.dev/audioplayers_windows-3.1.0/
[  +20 ms] Found plugin isar_flutter_libs at /Users/alebairos/.pub-cache/hosted/pub.dev/isar_flutter_libs-3.1.0+1/
[   +9 ms] Found plugin path_provider at /Users/alebairos/.pub-cache/hosted/pub.dev/path_provider-2.1.5/
[        ] Found plugin path_provider_android at /Users/alebairos/.pub-cache/hosted/pub.dev/path_provider_android-2.2.15/
[        ] Found plugin path_provider_foundation at /Users/alebairos/.pub-cache/hosted/pub.dev/path_provider_foundation-2.4.1/
[        ] Found plugin path_provider_linux at /Users/alebairos/.pub-cache/hosted/pub.dev/path_provider_linux-2.2.1/
[   +1 ms] Found plugin path_provider_windows at /Users/alebairos/.pub-cache/hosted/pub.dev/path_provider_windows-2.3.0/
[   +2 ms] Found plugin record at /Users/alebairos/.pub-cache/hosted/pub.dev/record-4.4.4/
[        ] Found plugin record_linux at /Users/alebairos/.pub-cache/hosted/pub.dev/record_linux-0.4.1/
[        ] Found plugin record_macos at /Users/alebairos/.pub-cache/hosted/pub.dev/record_macos-0.2.2/
[        ] Found plugin record_web at /Users/alebairos/.pub-cache/hosted/pub.dev/record_web-0.5.0/
[        ] Found plugin record_windows at /Users/alebairos/.pub-cache/hosted/pub.dev/record_windows-0.7.1/
[  +23 ms] Found plugin audioplayers at /Users/alebairos/.pub-cache/hosted/pub.dev/audioplayers-5.2.1/
[        ] Found plugin audioplayers_android at /Users/alebairos/.pub-cache/hosted/pub.dev/audioplayers_android-4.0.3/
[        ] Found plugin audioplayers_darwin at /Users/alebairos/.pub-cache/hosted/pub.dev/audioplayers_darwin-5.0.2/
[        ] Found plugin audioplayers_linux at /Users/alebairos/.pub-cache/hosted/pub.dev/audioplayers_linux-3.1.0/
[        ] Found plugin audioplayers_web at /Users/alebairos/.pub-cache/hosted/pub.dev/audioplayers_web-4.1.0/
[        ] Found plugin audioplayers_windows at /Users/alebairos/.pub-cache/hosted/pub.dev/audioplayers_windows-3.1.0/
[   +9 ms] Found plugin isar_flutter_libs at /Users/alebairos/.pub-cache/hosted/pub.dev/isar_flutter_libs-3.1.0+1/
[   +4 ms] Found plugin path_provider at /Users/alebairos/.pub-cache/hosted/pub.dev/path_provider-2.1.5/
[        ] Found plugin path_provider_android at /Users/alebairos/.pub-cache/hosted/pub.dev/path_provider_android-2.2.15/
[        ] Found plugin path_provider_foundation at /Users/alebairos/.pub-cache/hosted/pub.dev/path_provider_foundation-2.4.1/
[        ] Found plugin path_provider_linux at /Users/alebairos/.pub-cache/hosted/pub.dev/path_provider_linux-2.2.1/
[        ] Found plugin path_provider_windows at /Users/alebairos/.pub-cache/hosted/pub.dev/path_provider_windows-2.3.0/
[   +1 ms] Found plugin record at /Users/alebairos/.pub-cache/hosted/pub.dev/record-4.4.4/
[        ] Found plugin record_linux at /Users/alebairos/.pub-cache/hosted/pub.dev/record_linux-0.4.1/
[        ] Found plugin record_macos at /Users/alebairos/.pub-cache/hosted/pub.dev/record_macos-0.2.2/
[        ] Found plugin record_web at /Users/alebairos/.pub-cache/hosted/pub.dev/record_web-0.5.0/
[        ] Found plugin record_windows at /Users/alebairos/.pub-cache/hosted/pub.dev/record_windows-0.7.1/
[  +13 ms] Found plugin audioplayers at /Users/alebairos/.pub-cache/hosted/pub.dev/audioplayers-5.2.1/
[        ] Found plugin audioplayers_android at /Users/alebairos/.pub-cache/hosted/pub.dev/audioplayers_android-4.0.3/
[        ] Found plugin audioplayers_darwin at /Users/alebairos/.pub-cache/hosted/pub.dev/audioplayers_darwin-5.0.2/
[        ] Found plugin audioplayers_linux at /Users/alebairos/.pub-cache/hosted/pub.dev/audioplayers_linux-3.1.0/
[        ] Found plugin audioplayers_web at /Users/alebairos/.pub-cache/hosted/pub.dev/audioplayers_web-4.1.0/
[        ] Found plugin audioplayers_windows at /Users/alebairos/.pub-cache/hosted/pub.dev/audioplayers_windows-3.1.0/
[   +7 ms] Found plugin isar_flutter_libs at /Users/alebairos/.pub-cache/hosted/pub.dev/isar_flutter_libs-3.1.0+1/
[   +3 ms] Found plugin path_provider at /Users/alebairos/.pub-cache/hosted/pub.dev/path_provider-2.1.5/
[        ] Found plugin path_provider_android at /Users/alebairos/.pub-cache/hosted/pub.dev/path_provider_android-2.2.15/
[        ] Found plugin path_provider_foundation at /Users/alebairos/.pub-cache/hosted/pub.dev/path_provider_foundation-2.4.1/
[        ] Found plugin path_provider_linux at /Users/alebairos/.pub-cache/hosted/pub.dev/path_provider_linux-2.2.1/
[        ] Found plugin path_provider_windows at /Users/alebairos/.pub-cache/hosted/pub.dev/path_provider_windows-2.3.0/
[   +1 ms] Found plugin record at /Users/alebairos/.pub-cache/hosted/pub.dev/record-4.4.4/
[        ] Found plugin record_linux at /Users/alebairos/.pub-cache/hosted/pub.dev/record_linux-0.4.1/
[        ] Found plugin record_macos at /Users/alebairos/.pub-cache/hosted/pub.dev/record_macos-0.2.2/
[        ] Found plugin record_web at /Users/alebairos/.pub-cache/hosted/pub.dev/record_web-0.5.0/
[        ] Found plugin record_windows at /Users/alebairos/.pub-cache/hosted/pub.dev/record_windows-0.7.1/
[   +8 ms] Generating /Users/alebairos/Projects/mobile/chat_app/android/app/src/main/java/io/flutter/plugins/GeneratedPluginRegistrant.java
[  +10 ms] executing: sysctl hw.optional.arm64
[   +2 ms] Exit code 0 from: sysctl hw.optional.arm64
[        ] hw.optional.arm64: 1
[        ] executing: /usr/bin/arch -arm64e xcrun xcodebuild -version
[  +39 ms] Exit code 0 from: /usr/bin/arch -arm64e xcrun xcodebuild -version
[        ] Xcode 16.2
           Build version 16C5032a
[  +42 ms] No packages with native assets. Skipping native assets compilation.
[        ] Writing native assets json to file:///Users/alebairos/Projects/mobile/chat_app/build/native_assets/macos/native_assets.json.
[        ] Writing /Users/alebairos/Projects/mobile/chat_app/build/native_assets/macos/native_assets.json done.
[  +59 ms] running test package with arguments: [--no-color, --chain-stack-traces, --, file:///Users/alebairos/Projects/mobile/chat_app/test/audio_recorder_test.dart?]
00:00 +0: loading /Users/alebairos/Projects/mobile/chat_app/test/audio_recorder_test.dart                                                                                                              [  +73 ms] test 0: starting test /Users/alebairos/Projects/mobile/chat_app/test/audio_recorder_test.dart
[   +1 ms] Stopping scan for flutter_test_config.dart; found project root at /Users/alebairos/Projects/mobile/chat_app
[        ] Compiler will use the following file as its incremental dill file: /var/folders/f7/rqd14g9d2rv0v4rhwj55l7v40000gn/T/flutter_tools.E9SeUb/flutter_test_compiler.meZcN3/output.dill
[        ] Listening to compiler controller...
[   +3 ms] Compiling file:///var/folders/f7/rqd14g9d2rv0v4rhwj55l7v40000gn/T/flutter_tools.E9SeUb/flutter_test_listener.Dv191f/listener.dart
[  +18 ms] Found plugin audioplayers at /Users/alebairos/.pub-cache/hosted/pub.dev/audioplayers-5.2.1/
[        ] Found plugin audioplayers_android at /Users/alebairos/.pub-cache/hosted/pub.dev/audioplayers_android-4.0.3/
[        ] Found plugin audioplayers_darwin at /Users/alebairos/.pub-cache/hosted/pub.dev/audioplayers_darwin-5.0.2/
[        ] Found plugin audioplayers_linux at /Users/alebairos/.pub-cache/hosted/pub.dev/audioplayers_linux-3.1.0/
[        ] Found plugin audioplayers_web at /Users/alebairos/.pub-cache/hosted/pub.dev/audioplayers_web-4.1.0/
[        ] Found plugin audioplayers_windows at /Users/alebairos/.pub-cache/hosted/pub.dev/audioplayers_windows-3.1.0/
[   +7 ms] Found plugin isar_flutter_libs at /Users/alebairos/.pub-cache/hosted/pub.dev/isar_flutter_libs-3.1.0+1/
[   +3 ms] Found plugin path_provider at /Users/alebairos/.pub-cache/hosted/pub.dev/path_provider-2.1.5/
[        ] Found plugin path_provider_android at /Users/alebairos/.pub-cache/hosted/pub.dev/path_provider_android-2.2.15/
[        ] Found plugin path_provider_foundation at /Users/alebairos/.pub-cache/hosted/pub.dev/path_provider_foundation-2.4.1/
[        ] Found plugin path_provider_linux at /Users/alebairos/.pub-cache/hosted/pub.dev/path_provider_linux-2.2.1/
[        ] Found plugin path_provider_windows at /Users/alebairos/.pub-cache/hosted/pub.dev/path_provider_windows-2.3.0/
[   +1 ms] Found plugin record at /Users/alebairos/.pub-cache/hosted/pub.dev/record-4.4.4/
[        ] Found plugin record_linux at /Users/alebairos/.pub-cache/hosted/pub.dev/record_linux-0.4.1/
[        ] Found plugin record_macos at /Users/alebairos/.pub-cache/hosted/pub.dev/record_macos-0.2.2/
[        ] Found plugin record_web at /Users/alebairos/.pub-cache/hosted/pub.dev/record_web-0.5.0/
[        ] Found plugin record_windows at /Users/alebairos/.pub-cache/hosted/pub.dev/record_windows-0.7.1/
[   +9 ms] /opt/homebrew/Caskroom/flutter/3.27.2/flutter/bin/cache/dart-sdk/bin/dartaotruntime /opt/homebrew/Caskroom/flutter/3.27.2/flutter/bin/cache/dart-sdk/bin/snapshots/frontend_server_aot.dart.snapshot --sdk-root /opt/homebrew/Caskroom/flutter/3.27.2/flutter/bin/cache/artifacts/engine/common/flutter_patched_sdk/ --incremental --no-print-incremental-dependencies --target=flutter --experimental-emit-debug-metadata --output-dill /var/folders/f7/rqd14g9d2rv0v4rhwj55l7v40000gn/T/flutter_tools.E9SeUb/flutter_test_compiler.meZcN3/output.dill --packages /Users/alebairos/Projects/mobile/chat_app/.dart_tool/package_config.json -Ddart.vm.profile=false -Ddart.vm.product=false --enable-asserts --track-widget-creation --initialize-from-dill /Users/alebairos/Projects/mobile/chat_app/build/test_cache/build/cache.dill.track.dill --verbosity=error
[   +5 ms] <- compile file:///var/folders/f7/rqd14g9d2rv0v4rhwj55l7v40000gn/T/flutter_tools.E9SeUb/flutter_test_listener.Dv191f/listener.dart
[ +640 ms] <- accept
[        ] <- reset
[        ] Compiling file:///var/folders/f7/rqd14g9d2rv0v4rhwj55l7v40000gn/T/flutter_tools.E9SeUb/flutter_test_listener.Dv191f/listener.dart took 690ms
[        ] test 0: starting test device
[   +1 ms] test 0: awaiting connection to test device
[        ] test 0: VM Service uri is not available
[   +1 ms] test 0: test harness socket server is running at port:50355
[        ] Using this directory for fonts configuration: /var/folders/f7/rqd14g9d2rv0v4rhwj55l7v40000gn/T/flutter_tools.E9SeUb/flutter_test_fonts.l9d11R
[        ] test 0: Starting flutter_tester process with command=[/opt/homebrew/Caskroom/flutter/3.27.2/flutter/bin/cache/artifacts/engine/darwin-x64/flutter_tester, --disable-vm-service, --enable-checked-mode, --verify-entry-points, --enable-software-rendering, --skia-deterministic-rendering, --enable-dart-profiling, --non-interactive, --use-test-fonts, --disable-asset-fonts, --packages=/Users/alebairos/Projects/mobile/chat_app/.dart_tool/package_config.json, --flutter-assets-dir=/Users/alebairos/Projects/mobile/chat_app/build/unit_test_assets, /var/folders/f7/rqd14g9d2rv0v4rhwj55l7v40000gn/T/flutter_tools.E9SeUb/flutter_test_listener.Dv191f/listener.dart.dill], environment={FLUTTER_TEST: true, FONTCONFIG_FILE: /var/folders/f7/rqd14g9d2rv0v4rhwj55l7v40000gn/T/flutter_tools.E9SeUb/flutter_test_fonts.l9d11R/fonts.conf, SERVER_PORT: 50355, APP_NAME: character_ai_clone, UNIT_TEST_ASSETS: /Users/alebairos/Projects/mobile/chat_app/build/unit_test_assets}
[   +2 ms] test 0: Started flutter_tester process at pid 3405
[ +276 ms] test 0: connected to test device, now awaiting test result
[        ] test 0: Waiting for test harness or tests to finish
00:01 +0: loading /Users/alebairos/Projects/mobile/chat_app/test/audio_recorder_test.dart                                                                                                              00:01 +0: AudioRecorder shows mic button initially                                                                                                                                                     00:01 +1: AudioRecorder shows mic button initially                                                                                                                                                     00:01 +1: verifies recording permission before starting                                                                                                                                                00:01 +1: verifies recording permission before starting                                                                                                                                                

🎙️ Starting recording process
✓ Recording permission granted
00:01 +2: verifies recording permission before starting                                                                                                                                                [ +349 ms] test 0: Test harness is no longer needed by test process
[        ] test 0: finished
[        ] test 0: cleaning up...
[        ] test 0: ensuring test device is terminated.
[        ] test 0: Terminating flutter_tester process
[        ] test 0: Shutting down DevTools server
[        ] test 0: Test process is no longer needed by test harness
[        ] test 0: Shutting down test harness socket server
[   +2 ms] test 0: flutter_tester process at pid 3405 exited with code=-9
[        ] test 0: deleting temporary directory
[        ] test 0: finished
00:01 +2: All tests passed!                                                                                                                                                                            
[   +2 ms] Deleting /var/folders/f7/rqd14g9d2rv0v4rhwj55l7v40000gn/T/flutter_tools.E9SeUb/flutter_test_compiler.meZcN3...
[        ] killing pid 3404
[   +7 ms] Deleting /var/folders/f7/rqd14g9d2rv0v4rhwj55l7v40000gn/T/flutter_tools.E9SeUb/flutter_test_fonts.l9d11R...
[   +1 ms] test package returned with exit code 0
[        ] Runtime for phase TestRunner: Wall-clock: 0:00:01.421271; combined: 0:00:01.421286.
[        ] Runtime for phase Compile: Wall-clock: 0:00:00.690524; combined: 0:00:00.690539.
[        ] Runtime for phase Run: Wall-clock: 0:00:00.632003; combined: 0:00:00.632004.
[        ] Runtime for phase CoverageTotal: Wall-clock: 0:00:00.000000; combined: 0:00:00.000000.
[        ] Runtime for phase CoverageCollect: Wall-clock: 0:00:00.000000; combined: 0:00:00.000000.
[        ] Runtime for phase CoverageParseJson: Wall-clock: 0:00:00.000000; combined: 0:00:00.000000.
[        ] Runtime for phase CoverageAddHitmap: Wall-clock: 0:00:00.000000; combined: 0:00:00.000000.
[        ] Runtime for phase CoverageDataCollect: Wall-clock: 0:00:00.000000; combined: 0:00:00.000000.
[        ] Runtime for phase WatcherFinishedTest: Wall-clock: 0:00:00.000300; combined: 0:00:00.000300.
[   +3 ms] "flutter test" took 1,798ms.
[  +21 ms] Running 3 shutdown hooks
[        ] Shutdown hooks complete
[ +156 ms] exiting with code 0

=== Running ./test/life_plan/models/life_plan_response_test.dart ===
[  +10 ms] executing: sysctl hw.optional.arm64
[   +5 ms] Exit code 0 from: sysctl hw.optional.arm64
[        ] hw.optional.arm64: 1
[   +7 ms] executing: sw_vers -productName
[   +6 ms] Exit code 0 from: sw_vers -productName
[        ] macOS
[        ] executing: sw_vers -productVersion
[   +6 ms] Exit code 0 from: sw_vers -productVersion
[        ] 14.6.1
[        ] executing: sw_vers -buildVersion
[   +5 ms] Exit code 0 from: sw_vers -buildVersion
[        ] 23G93
[        ] executing: uname -m
[   +2 ms] Exit code 0 from: uname -m
[        ] arm64
[   +8 ms] Found 1 files which will be executed as Widget Tests.
[   +2 ms] Artifact Instance of 'AndroidGenSnapshotArtifacts' is not required, skipping update.
[        ] Artifact Instance of 'AndroidInternalBuildArtifacts' is not required, skipping update.
[        ] Artifact Instance of 'IOSEngineArtifacts' is not required, skipping update.
[        ] Artifact Instance of 'FlutterWebSdk' is not required, skipping update.
[        ] Artifact Instance of 'LegacyCanvasKitRemover' is not required, skipping update.
[   +1 ms] Artifact Instance of 'WindowsEngineArtifacts' is not required, skipping update.
[        ] Artifact Instance of 'MacOSEngineArtifacts' is not required, skipping update.
[        ] Artifact Instance of 'LinuxEngineArtifacts' is not required, skipping update.
[        ] Artifact Instance of 'LinuxFuchsiaSDKArtifacts' is not required, skipping update.
[        ] Artifact Instance of 'MacOSFuchsiaSDKArtifacts' is not required, skipping update.
[        ] Artifact Instance of 'FlutterRunnerSDKArtifacts' is not required, skipping update.
[        ] Artifact Instance of 'FlutterRunnerDebugSymbols' is not required, skipping update.
[  +16 ms] Artifact Instance of 'MaterialFonts' is not required, skipping update.
[        ] Artifact Instance of 'GradleWrapper' is not required, skipping update.
[        ] Artifact Instance of 'AndroidGenSnapshotArtifacts' is not required, skipping update.
[        ] Artifact Instance of 'AndroidInternalBuildArtifacts' is not required, skipping update.
[        ] Artifact Instance of 'IOSEngineArtifacts' is not required, skipping update.
[        ] Artifact Instance of 'FlutterWebSdk' is not required, skipping update.
[        ] Artifact Instance of 'LegacyCanvasKitRemover' is not required, skipping update.
[        ] Artifact Instance of 'FlutterSdk' is not required, skipping update.
[        ] Artifact Instance of 'WindowsEngineArtifacts' is not required, skipping update.
[        ] Artifact Instance of 'MacOSEngineArtifacts' is not required, skipping update.
[        ] Artifact Instance of 'LinuxEngineArtifacts' is not required, skipping update.
[        ] Artifact Instance of 'LinuxFuchsiaSDKArtifacts' is not required, skipping update.
[        ] Artifact Instance of 'MacOSFuchsiaSDKArtifacts' is not required, skipping update.
[        ] Artifact Instance of 'FlutterRunnerSDKArtifacts' is not required, skipping update.
[        ] Artifact Instance of 'FlutterRunnerDebugSymbols' is not required, skipping update.
[        ] Artifact Instance of 'IosUsbArtifacts' is not required, skipping update.
[        ] Artifact Instance of 'IosUsbArtifacts' is not required, skipping update.
[        ] Artifact Instance of 'IosUsbArtifacts' is not required, skipping update.
[        ] Artifact Instance of 'IosUsbArtifacts' is not required, skipping update.
[        ] Artifact Instance of 'IosUsbArtifacts' is not required, skipping update.
[        ] Artifact Instance of 'FontSubsetArtifacts' is not required, skipping update.
[        ] Artifact Instance of 'PubDependencies' is not required, skipping update.
[  +21 ms] Skipping pub get: version match.
[  +13 ms] Found plugin audioplayers at /Users/alebairos/.pub-cache/hosted/pub.dev/audioplayers-5.2.1/
[   +1 ms] Found plugin audioplayers_android at /Users/alebairos/.pub-cache/hosted/pub.dev/audioplayers_android-4.0.3/
[   +1 ms] Found plugin audioplayers_darwin at /Users/alebairos/.pub-cache/hosted/pub.dev/audioplayers_darwin-5.0.2/
[   +1 ms] Found plugin audioplayers_linux at /Users/alebairos/.pub-cache/hosted/pub.dev/audioplayers_linux-3.1.0/
[   +1 ms] Found plugin audioplayers_web at /Users/alebairos/.pub-cache/hosted/pub.dev/audioplayers_web-4.1.0/
[        ] Found plugin audioplayers_windows at /Users/alebairos/.pub-cache/hosted/pub.dev/audioplayers_windows-3.1.0/
[  +20 ms] Found plugin isar_flutter_libs at /Users/alebairos/.pub-cache/hosted/pub.dev/isar_flutter_libs-3.1.0+1/
[   +9 ms] Found plugin path_provider at /Users/alebairos/.pub-cache/hosted/pub.dev/path_provider-2.1.5/
[        ] Found plugin path_provider_android at /Users/alebairos/.pub-cache/hosted/pub.dev/path_provider_android-2.2.15/
[        ] Found plugin path_provider_foundation at /Users/alebairos/.pub-cache/hosted/pub.dev/path_provider_foundation-2.4.1/
[        ] Found plugin path_provider_linux at /Users/alebairos/.pub-cache/hosted/pub.dev/path_provider_linux-2.2.1/
[   +1 ms] Found plugin path_provider_windows at /Users/alebairos/.pub-cache/hosted/pub.dev/path_provider_windows-2.3.0/
[   +2 ms] Found plugin record at /Users/alebairos/.pub-cache/hosted/pub.dev/record-4.4.4/
[        ] Found plugin record_linux at /Users/alebairos/.pub-cache/hosted/pub.dev/record_linux-0.4.1/
[        ] Found plugin record_macos at /Users/alebairos/.pub-cache/hosted/pub.dev/record_macos-0.2.2/
[        ] Found plugin record_web at /Users/alebairos/.pub-cache/hosted/pub.dev/record_web-0.5.0/
[        ] Found plugin record_windows at /Users/alebairos/.pub-cache/hosted/pub.dev/record_windows-0.7.1/
[  +18 ms] Found plugin audioplayers at /Users/alebairos/.pub-cache/hosted/pub.dev/audioplayers-5.2.1/
[        ] Found plugin audioplayers_android at /Users/alebairos/.pub-cache/hosted/pub.dev/audioplayers_android-4.0.3/
[        ] Found plugin audioplayers_darwin at /Users/alebairos/.pub-cache/hosted/pub.dev/audioplayers_darwin-5.0.2/
[        ] Found plugin audioplayers_linux at /Users/alebairos/.pub-cache/hosted/pub.dev/audioplayers_linux-3.1.0/
[        ] Found plugin audioplayers_web at /Users/alebairos/.pub-cache/hosted/pub.dev/audioplayers_web-4.1.0/
[        ] Found plugin audioplayers_windows at /Users/alebairos/.pub-cache/hosted/pub.dev/audioplayers_windows-3.1.0/
[   +9 ms] Found plugin isar_flutter_libs at /Users/alebairos/.pub-cache/hosted/pub.dev/isar_flutter_libs-3.1.0+1/
[   +4 ms] Found plugin path_provider at /Users/alebairos/.pub-cache/hosted/pub.dev/path_provider-2.1.5/
[        ] Found plugin path_provider_android at /Users/alebairos/.pub-cache/hosted/pub.dev/path_provider_android-2.2.15/
[        ] Found plugin path_provider_foundation at /Users/alebairos/.pub-cache/hosted/pub.dev/path_provider_foundation-2.4.1/
[        ] Found plugin path_provider_linux at /Users/alebairos/.pub-cache/hosted/pub.dev/path_provider_linux-2.2.1/
[        ] Found plugin path_provider_windows at /Users/alebairos/.pub-cache/hosted/pub.dev/path_provider_windows-2.3.0/
[   +1 ms] Found plugin record at /Users/alebairos/.pub-cache/hosted/pub.dev/record-4.4.4/
[        ] Found plugin record_linux at /Users/alebairos/.pub-cache/hosted/pub.dev/record_linux-0.4.1/
[        ] Found plugin record_macos at /Users/alebairos/.pub-cache/hosted/pub.dev/record_macos-0.2.2/
[        ] Found plugin record_web at /Users/alebairos/.pub-cache/hosted/pub.dev/record_web-0.5.0/
[        ] Found plugin record_windows at /Users/alebairos/.pub-cache/hosted/pub.dev/record_windows-0.7.1/
[  +14 ms] Found plugin audioplayers at /Users/alebairos/.pub-cache/hosted/pub.dev/audioplayers-5.2.1/
[        ] Found plugin audioplayers_android at /Users/alebairos/.pub-cache/hosted/pub.dev/audioplayers_android-4.0.3/
[        ] Found plugin audioplayers_darwin at /Users/alebairos/.pub-cache/hosted/pub.dev/audioplayers_darwin-5.0.2/
[        ] Found plugin audioplayers_linux at /Users/alebairos/.pub-cache/hosted/pub.dev/audioplayers_linux-3.1.0/
[        ] Found plugin audioplayers_web at /Users/alebairos/.pub-cache/hosted/pub.dev/audioplayers_web-4.1.0/
[        ] Found plugin audioplayers_windows at /Users/alebairos/.pub-cache/hosted/pub.dev/audioplayers_windows-3.1.0/
[   +7 ms] Found plugin isar_flutter_libs at /Users/alebairos/.pub-cache/hosted/pub.dev/isar_flutter_libs-3.1.0+1/
[   +3 ms] Found plugin path_provider at /Users/alebairos/.pub-cache/hosted/pub.dev/path_provider-2.1.5/
[        ] Found plugin path_provider_android at /Users/alebairos/.pub-cache/hosted/pub.dev/path_provider_android-2.2.15/
[        ] Found plugin path_provider_foundation at /Users/alebairos/.pub-cache/hosted/pub.dev/path_provider_foundation-2.4.1/
[        ] Found plugin path_provider_linux at /Users/alebairos/.pub-cache/hosted/pub.dev/path_provider_linux-2.2.1/
[        ] Found plugin path_provider_windows at /Users/alebairos/.pub-cache/hosted/pub.dev/path_provider_windows-2.3.0/
[   +1 ms] Found plugin record at /Users/alebairos/.pub-cache/hosted/pub.dev/record-4.4.4/
[        ] Found plugin record_linux at /Users/alebairos/.pub-cache/hosted/pub.dev/record_linux-0.4.1/
[        ] Found plugin record_macos at /Users/alebairos/.pub-cache/hosted/pub.dev/record_macos-0.2.2/
[        ] Found plugin record_web at /Users/alebairos/.pub-cache/hosted/pub.dev/record_web-0.5.0/
[        ] Found plugin record_windows at /Users/alebairos/.pub-cache/hosted/pub.dev/record_windows-0.7.1/
[   +7 ms] Generating /Users/alebairos/Projects/mobile/chat_app/android/app/src/main/java/io/flutter/plugins/GeneratedPluginRegistrant.java
[  +10 ms] executing: sysctl hw.optional.arm64
[   +2 ms] Exit code 0 from: sysctl hw.optional.arm64
[        ] hw.optional.arm64: 1
[        ] executing: /usr/bin/arch -arm64e xcrun xcodebuild -version
[  +40 ms] Exit code 0 from: /usr/bin/arch -arm64e xcrun xcodebuild -version
[        ] Xcode 16.2
           Build version 16C5032a
[  +40 ms] No packages with native assets. Skipping native assets compilation.
[        ] Writing native assets json to file:///Users/alebairos/Projects/mobile/chat_app/build/native_assets/macos/native_assets.json.
[        ] Writing /Users/alebairos/Projects/mobile/chat_app/build/native_assets/macos/native_assets.json done.
[  +59 ms] running test package with arguments: [--no-color, --chain-stack-traces, --, file:///Users/alebairos/Projects/mobile/chat_app/test/life_plan/models/life_plan_response_test.dart?]
00:00 +0: loading /Users/alebairos/Projects/mobile/chat_app/test/life_plan/models/life_plan_response_test.dart                                                                                         [  +73 ms] test 0: starting test /Users/alebairos/Projects/mobile/chat_app/test/life_plan/models/life_plan_response_test.dart
[   +1 ms] Stopping scan for flutter_test_config.dart; found project root at /Users/alebairos/Projects/mobile/chat_app
[        ] Compiler will use the following file as its incremental dill file: /var/folders/f7/rqd14g9d2rv0v4rhwj55l7v40000gn/T/flutter_tools.xbaOQ8/flutter_test_compiler.Di4Js5/output.dill
[        ] Listening to compiler controller...
[   +2 ms] Compiling file:///var/folders/f7/rqd14g9d2rv0v4rhwj55l7v40000gn/T/flutter_tools.xbaOQ8/flutter_test_listener.MzQAe5/listener.dart
[  +18 ms] Found plugin audioplayers at /Users/alebairos/.pub-cache/hosted/pub.dev/audioplayers-5.2.1/
[        ] Found plugin audioplayers_android at /Users/alebairos/.pub-cache/hosted/pub.dev/audioplayers_android-4.0.3/
[        ] Found plugin audioplayers_darwin at /Users/alebairos/.pub-cache/hosted/pub.dev/audioplayers_darwin-5.0.2/
[        ] Found plugin audioplayers_linux at /Users/alebairos/.pub-cache/hosted/pub.dev/audioplayers_linux-3.1.0/
[        ] Found plugin audioplayers_web at /Users/alebairos/.pub-cache/hosted/pub.dev/audioplayers_web-4.1.0/
[        ] Found plugin audioplayers_windows at /Users/alebairos/.pub-cache/hosted/pub.dev/audioplayers_windows-3.1.0/
[   +7 ms] Found plugin isar_flutter_libs at /Users/alebairos/.pub-cache/hosted/pub.dev/isar_flutter_libs-3.1.0+1/
[   +3 ms] Found plugin path_provider at /Users/alebairos/.pub-cache/hosted/pub.dev/path_provider-2.1.5/
[        ] Found plugin path_provider_android at /Users/alebairos/.pub-cache/hosted/pub.dev/path_provider_android-2.2.15/
[        ] Found plugin path_provider_foundation at /Users/alebairos/.pub-cache/hosted/pub.dev/path_provider_foundation-2.4.1/
[        ] Found plugin path_provider_linux at /Users/alebairos/.pub-cache/hosted/pub.dev/path_provider_linux-2.2.1/
[        ] Found plugin path_provider_windows at /Users/alebairos/.pub-cache/hosted/pub.dev/path_provider_windows-2.3.0/
[   +1 ms] Found plugin record at /Users/alebairos/.pub-cache/hosted/pub.dev/record-4.4.4/
[        ] Found plugin record_linux at /Users/alebairos/.pub-cache/hosted/pub.dev/record_linux-0.4.1/
[        ] Found plugin record_macos at /Users/alebairos/.pub-cache/hosted/pub.dev/record_macos-0.2.2/
[        ] Found plugin record_web at /Users/alebairos/.pub-cache/hosted/pub.dev/record_web-0.5.0/
[        ] Found plugin record_windows at /Users/alebairos/.pub-cache/hosted/pub.dev/record_windows-0.7.1/
[   +9 ms] /opt/homebrew/Caskroom/flutter/3.27.2/flutter/bin/cache/dart-sdk/bin/dartaotruntime /opt/homebrew/Caskroom/flutter/3.27.2/flutter/bin/cache/dart-sdk/bin/snapshots/frontend_server_aot.dart.snapshot --sdk-root /opt/homebrew/Caskroom/flutter/3.27.2/flutter/bin/cache/artifacts/engine/common/flutter_patched_sdk/ --incremental --no-print-incremental-dependencies --target=flutter --experimental-emit-debug-metadata --output-dill /var/folders/f7/rqd14g9d2rv0v4rhwj55l7v40000gn/T/flutter_tools.xbaOQ8/flutter_test_compiler.Di4Js5/output.dill --packages /Users/alebairos/Projects/mobile/chat_app/.dart_tool/package_config.json -Ddart.vm.profile=false -Ddart.vm.product=false --enable-asserts --track-widget-creation --initialize-from-dill /Users/alebairos/Projects/mobile/chat_app/build/test_cache/build/cache.dill.track.dill --verbosity=error
[   +5 ms] <- compile file:///var/folders/f7/rqd14g9d2rv0v4rhwj55l7v40000gn/T/flutter_tools.xbaOQ8/flutter_test_listener.MzQAe5/listener.dart
[ +376 ms] <- accept
[        ] <- reset
[        ] Compiling file:///var/folders/f7/rqd14g9d2rv0v4rhwj55l7v40000gn/T/flutter_tools.xbaOQ8/flutter_test_listener.MzQAe5/listener.dart took 426ms
[        ] test 0: starting test device
[   +1 ms] test 0: awaiting connection to test device
[        ] test 0: VM Service uri is not available
[   +1 ms] test 0: test harness socket server is running at port:50360
[        ] Using this directory for fonts configuration: /var/folders/f7/rqd14g9d2rv0v4rhwj55l7v40000gn/T/flutter_tools.xbaOQ8/flutter_test_fonts.IFl77b
[        ] test 0: Starting flutter_tester process with command=[/opt/homebrew/Caskroom/flutter/3.27.2/flutter/bin/cache/artifacts/engine/darwin-x64/flutter_tester, --disable-vm-service, --enable-checked-mode, --verify-entry-points, --enable-software-rendering, --skia-deterministic-rendering, --enable-dart-profiling, --non-interactive, --use-test-fonts, --disable-asset-fonts, --packages=/Users/alebairos/Projects/mobile/chat_app/.dart_tool/package_config.json, --flutter-assets-dir=/Users/alebairos/Projects/mobile/chat_app/build/unit_test_assets, /var/folders/f7/rqd14g9d2rv0v4rhwj55l7v40000gn/T/flutter_tools.xbaOQ8/flutter_test_listener.MzQAe5/listener.dart.dill], environment={FLUTTER_TEST: true, FONTCONFIG_FILE: /var/folders/f7/rqd14g9d2rv0v4rhwj55l7v40000gn/T/flutter_tools.xbaOQ8/flutter_test_fonts.IFl77b/fonts.conf, SERVER_PORT: 50360, APP_NAME: character_ai_clone, UNIT_TEST_ASSETS: /Users/alebairos/Projects/mobile/chat_app/build/unit_test_assets}
[   +2 ms] test 0: Started flutter_tester process at pid 3447
[ +327 ms] test 0: connected to test device, now awaiting test result
[        ] test 0: Waiting for test harness or tests to finish
00:00 +0: LifePlanResponse Error Response Tests creates error response with correct formatting                                                                                                         00:00 +1: LifePlanResponse Error Response Tests creates error response with correct formatting                                                                                                         00:00 +1: LifePlanResponse Plan Response Tests creates plan response with all dimensions                                                                                                               00:00 +2: LifePlanResponse Plan Response Tests creates plan response with all dimensions                                                                                                               00:00 +2: LifePlanResponse Explore Response Tests creates explore response for physical dimension                                                                                                      00:00 +3: LifePlanResponse Explore Response Tests creates explore response for physical dimension                                                                                                      00:00 +3: LifePlanResponse Explore Response Tests creates explore response for mental dimension                                                                                                        00:00 +4: LifePlanResponse Explore Response Tests creates explore response for mental dimension                                                                                                        00:00 +4: LifePlanResponse Explore Response Tests creates explore response for relationships dimension                                                                                                 00:00 +5: LifePlanResponse Explore Response Tests creates explore response for relationships dimension                                                                                                 00:00 +5: LifePlanResponse Explore Response Tests creates error response for null dimension                                                                                                            00:00 +6: LifePlanResponse Explore Response Tests creates error response for null dimension                                                                                                            00:00 +6: LifePlanResponse Help Response Tests creates help response with all commands                                                                                                                 00:00 +7: LifePlanResponse Help Response Tests creates help response with all commands                                                                                                                 00:00 +7: LifePlanResponse Unknown Command Response Tests creates unknown command response                                                                                                             00:00 +8: LifePlanResponse Unknown Command Response Tests creates unknown command response                                                                                                             00:00 +8: LifePlanResponse Response Immutability Tests response objects preserve their values                                                                                                          00:00 +9: LifePlanResponse Response Immutability Tests response objects preserve their values                                                                                                          [  +51 ms] test 0: Test harness is no longer needed by test process
[        ] test 0: finished
[        ] test 0: cleaning up...
[        ] test 0: ensuring test device is terminated.
[        ] test 0: Terminating flutter_tester process
[        ] test 0: Shutting down DevTools server
[        ] test 0: Test process is no longer needed by test harness
[        ] test 0: Shutting down test harness socket server
[   +1 ms] test 0: flutter_tester process at pid 3447 exited with code=-9
[        ] test 0: deleting temporary directory
[        ] test 0: finished
00:00 +9: All tests passed!                                                                                                                                                                            
[   +2 ms] Deleting /var/folders/f7/rqd14g9d2rv0v4rhwj55l7v40000gn/T/flutter_tools.xbaOQ8/flutter_test_compiler.Di4Js5...
[        ] killing pid 3446
[   +6 ms] Deleting /var/folders/f7/rqd14g9d2rv0v4rhwj55l7v40000gn/T/flutter_tools.xbaOQ8/flutter_test_fonts.IFl77b...
[   +1 ms] test package returned with exit code 0
[        ] Runtime for phase TestRunner: Wall-clock: 0:00:00.909563; combined: 0:00:00.909577.
[        ] Runtime for phase Compile: Wall-clock: 0:00:00.426959; combined: 0:00:00.426972.
[        ] Runtime for phase Run: Wall-clock: 0:00:00.385609; combined: 0:00:00.385611.
[        ] Runtime for phase CoverageTotal: Wall-clock: 0:00:00.000000; combined: 0:00:00.000000.
[        ] Runtime for phase CoverageCollect: Wall-clock: 0:00:00.000000; combined: 0:00:00.000000.
[        ] Runtime for phase CoverageParseJson: Wall-clock: 0:00:00.000000; combined: 0:00:00.000000.
[        ] Runtime for phase CoverageAddHitmap: Wall-clock: 0:00:00.000000; combined: 0:00:00.000000.
[        ] Runtime for phase CoverageDataCollect: Wall-clock: 0:00:00.000000; combined: 0:00:00.000000.
[        ] Runtime for phase WatcherFinishedTest: Wall-clock: 0:00:00.000280; combined: 0:00:00.000281.
[   +3 ms] "flutter test" took 1,275ms.
[  +22 ms] Running 3 shutdown hooks
[        ] Shutdown hooks complete
[ +129 ms] exiting with code 0

=== Running ./test/life_plan/models/life_plan_command_test.dart ===
[   +9 ms] executing: sysctl hw.optional.arm64
[   +5 ms] Exit code 0 from: sysctl hw.optional.arm64
[        ] hw.optional.arm64: 1
[   +7 ms] executing: sw_vers -productName
[   +6 ms] Exit code 0 from: sw_vers -productName
[        ] macOS
[        ] executing: sw_vers -productVersion
[   +6 ms] Exit code 0 from: sw_vers -productVersion
[        ] 14.6.1
[        ] executing: sw_vers -buildVersion
[   +5 ms] Exit code 0 from: sw_vers -buildVersion
[        ] 23G93
[        ] executing: uname -m
[   +2 ms] Exit code 0 from: uname -m
[        ] arm64
[   +8 ms] Found 1 files which will be executed as Widget Tests.
[   +2 ms] Artifact Instance of 'AndroidGenSnapshotArtifacts' is not required, skipping update.
[        ] Artifact Instance of 'AndroidInternalBuildArtifacts' is not required, skipping update.
[        ] Artifact Instance of 'IOSEngineArtifacts' is not required, skipping update.
[        ] Artifact Instance of 'FlutterWebSdk' is not required, skipping update.
[        ] Artifact Instance of 'LegacyCanvasKitRemover' is not required, skipping update.
[   +1 ms] Artifact Instance of 'WindowsEngineArtifacts' is not required, skipping update.
[        ] Artifact Instance of 'MacOSEngineArtifacts' is not required, skipping update.
[        ] Artifact Instance of 'LinuxEngineArtifacts' is not required, skipping update.
[        ] Artifact Instance of 'LinuxFuchsiaSDKArtifacts' is not required, skipping update.
[        ] Artifact Instance of 'MacOSFuchsiaSDKArtifacts' is not required, skipping update.
[        ] Artifact Instance of 'FlutterRunnerSDKArtifacts' is not required, skipping update.
[        ] Artifact Instance of 'FlutterRunnerDebugSymbols' is not required, skipping update.
[  +16 ms] Artifact Instance of 'MaterialFonts' is not required, skipping update.
[        ] Artifact Instance of 'GradleWrapper' is not required, skipping update.
[        ] Artifact Instance of 'AndroidGenSnapshotArtifacts' is not required, skipping update.
[        ] Artifact Instance of 'AndroidInternalBuildArtifacts' is not required, skipping update.
[        ] Artifact Instance of 'IOSEngineArtifacts' is not required, skipping update.
[        ] Artifact Instance of 'FlutterWebSdk' is not required, skipping update.
[        ] Artifact Instance of 'LegacyCanvasKitRemover' is not required, skipping update.
[        ] Artifact Instance of 'FlutterSdk' is not required, skipping update.
[        ] Artifact Instance of 'WindowsEngineArtifacts' is not required, skipping update.
[        ] Artifact Instance of 'MacOSEngineArtifacts' is not required, skipping update.
[        ] Artifact Instance of 'LinuxEngineArtifacts' is not required, skipping update.
[        ] Artifact Instance of 'LinuxFuchsiaSDKArtifacts' is not required, skipping update.
[        ] Artifact Instance of 'MacOSFuchsiaSDKArtifacts' is not required, skipping update.
[        ] Artifact Instance of 'FlutterRunnerSDKArtifacts' is not required, skipping update.
[        ] Artifact Instance of 'FlutterRunnerDebugSymbols' is not required, skipping update.
[        ] Artifact Instance of 'IosUsbArtifacts' is not required, skipping update.
[        ] Artifact Instance of 'IosUsbArtifacts' is not required, skipping update.
[        ] Artifact Instance of 'IosUsbArtifacts' is not required, skipping update.
[        ] Artifact Instance of 'IosUsbArtifacts' is not required, skipping update.
[        ] Artifact Instance of 'IosUsbArtifacts' is not required, skipping update.
[        ] Artifact Instance of 'FontSubsetArtifacts' is not required, skipping update.
[        ] Artifact Instance of 'PubDependencies' is not required, skipping update.
[  +21 ms] Skipping pub get: version match.
[  +14 ms] Found plugin audioplayers at /Users/alebairos/.pub-cache/hosted/pub.dev/audioplayers-5.2.1/
[   +1 ms] Found plugin audioplayers_android at /Users/alebairos/.pub-cache/hosted/pub.dev/audioplayers_android-4.0.3/
[   +1 ms] Found plugin audioplayers_darwin at /Users/alebairos/.pub-cache/hosted/pub.dev/audioplayers_darwin-5.0.2/
[   +1 ms] Found plugin audioplayers_linux at /Users/alebairos/.pub-cache/hosted/pub.dev/audioplayers_linux-3.1.0/
[   +1 ms] Found plugin audioplayers_web at /Users/alebairos/.pub-cache/hosted/pub.dev/audioplayers_web-4.1.0/
[        ] Found plugin audioplayers_windows at /Users/alebairos/.pub-cache/hosted/pub.dev/audioplayers_windows-3.1.0/
[  +20 ms] Found plugin isar_flutter_libs at /Users/alebairos/.pub-cache/hosted/pub.dev/isar_flutter_libs-3.1.0+1/
[   +9 ms] Found plugin path_provider at /Users/alebairos/.pub-cache/hosted/pub.dev/path_provider-2.1.5/
[        ] Found plugin path_provider_android at /Users/alebairos/.pub-cache/hosted/pub.dev/path_provider_android-2.2.15/
[        ] Found plugin path_provider_foundation at /Users/alebairos/.pub-cache/hosted/pub.dev/path_provider_foundation-2.4.1/
[        ] Found plugin path_provider_linux at /Users/alebairos/.pub-cache/hosted/pub.dev/path_provider_linux-2.2.1/
[   +1 ms] Found plugin path_provider_windows at /Users/alebairos/.pub-cache/hosted/pub.dev/path_provider_windows-2.3.0/
[   +2 ms] Found plugin record at /Users/alebairos/.pub-cache/hosted/pub.dev/record-4.4.4/
[        ] Found plugin record_linux at /Users/alebairos/.pub-cache/hosted/pub.dev/record_linux-0.4.1/
[        ] Found plugin record_macos at /Users/alebairos/.pub-cache/hosted/pub.dev/record_macos-0.2.2/
[        ] Found plugin record_web at /Users/alebairos/.pub-cache/hosted/pub.dev/record_web-0.5.0/
[        ] Found plugin record_windows at /Users/alebairos/.pub-cache/hosted/pub.dev/record_windows-0.7.1/
[  +17 ms] Found plugin audioplayers at /Users/alebairos/.pub-cache/hosted/pub.dev/audioplayers-5.2.1/
[        ] Found plugin audioplayers_android at /Users/alebairos/.pub-cache/hosted/pub.dev/audioplayers_android-4.0.3/
[        ] Found plugin audioplayers_darwin at /Users/alebairos/.pub-cache/hosted/pub.dev/audioplayers_darwin-5.0.2/
[        ] Found plugin audioplayers_linux at /Users/alebairos/.pub-cache/hosted/pub.dev/audioplayers_linux-3.1.0/
[        ] Found plugin audioplayers_web at /Users/alebairos/.pub-cache/hosted/pub.dev/audioplayers_web-4.1.0/
[        ] Found plugin audioplayers_windows at /Users/alebairos/.pub-cache/hosted/pub.dev/audioplayers_windows-3.1.0/
[  +10 ms] Found plugin isar_flutter_libs at /Users/alebairos/.pub-cache/hosted/pub.dev/isar_flutter_libs-3.1.0+1/
[   +4 ms] Found plugin path_provider at /Users/alebairos/.pub-cache/hosted/pub.dev/path_provider-2.1.5/
[        ] Found plugin path_provider_android at /Users/alebairos/.pub-cache/hosted/pub.dev/path_provider_android-2.2.15/
[        ] Found plugin path_provider_foundation at /Users/alebairos/.pub-cache/hosted/pub.dev/path_provider_foundation-2.4.1/
[        ] Found plugin path_provider_linux at /Users/alebairos/.pub-cache/hosted/pub.dev/path_provider_linux-2.2.1/
[        ] Found plugin path_provider_windows at /Users/alebairos/.pub-cache/hosted/pub.dev/path_provider_windows-2.3.0/
[   +1 ms] Found plugin record at /Users/alebairos/.pub-cache/hosted/pub.dev/record-4.4.4/
[        ] Found plugin record_linux at /Users/alebairos/.pub-cache/hosted/pub.dev/record_linux-0.4.1/
[        ] Found plugin record_macos at /Users/alebairos/.pub-cache/hosted/pub.dev/record_macos-0.2.2/
[        ] Found plugin record_web at /Users/alebairos/.pub-cache/hosted/pub.dev/record_web-0.5.0/
[        ] Found plugin record_windows at /Users/alebairos/.pub-cache/hosted/pub.dev/record_windows-0.7.1/
[  +14 ms] Found plugin audioplayers at /Users/alebairos/.pub-cache/hosted/pub.dev/audioplayers-5.2.1/
[        ] Found plugin audioplayers_android at /Users/alebairos/.pub-cache/hosted/pub.dev/audioplayers_android-4.0.3/
[        ] Found plugin audioplayers_darwin at /Users/alebairos/.pub-cache/hosted/pub.dev/audioplayers_darwin-5.0.2/
[        ] Found plugin audioplayers_linux at /Users/alebairos/.pub-cache/hosted/pub.dev/audioplayers_linux-3.1.0/
[        ] Found plugin audioplayers_web at /Users/alebairos/.pub-cache/hosted/pub.dev/audioplayers_web-4.1.0/
[        ] Found plugin audioplayers_windows at /Users/alebairos/.pub-cache/hosted/pub.dev/audioplayers_windows-3.1.0/
[   +6 ms] Found plugin isar_flutter_libs at /Users/alebairos/.pub-cache/hosted/pub.dev/isar_flutter_libs-3.1.0+1/
[   +3 ms] Found plugin path_provider at /Users/alebairos/.pub-cache/hosted/pub.dev/path_provider-2.1.5/
[        ] Found plugin path_provider_android at /Users/alebairos/.pub-cache/hosted/pub.dev/path_provider_android-2.2.15/
[        ] Found plugin path_provider_foundation at /Users/alebairos/.pub-cache/hosted/pub.dev/path_provider_foundation-2.4.1/
[        ] Found plugin path_provider_linux at /Users/alebairos/.pub-cache/hosted/pub.dev/path_provider_linux-2.2.1/
[        ] Found plugin path_provider_windows at /Users/alebairos/.pub-cache/hosted/pub.dev/path_provider_windows-2.3.0/
[   +1 ms] Found plugin record at /Users/alebairos/.pub-cache/hosted/pub.dev/record-4.4.4/
[        ] Found plugin record_linux at /Users/alebairos/.pub-cache/hosted/pub.dev/record_linux-0.4.1/
[        ] Found plugin record_macos at /Users/alebairos/.pub-cache/hosted/pub.dev/record_macos-0.2.2/
[        ] Found plugin record_web at /Users/alebairos/.pub-cache/hosted/pub.dev/record_web-0.5.0/
[        ] Found plugin record_windows at /Users/alebairos/.pub-cache/hosted/pub.dev/record_windows-0.7.1/
[   +8 ms] Generating /Users/alebairos/Projects/mobile/chat_app/android/app/src/main/java/io/flutter/plugins/GeneratedPluginRegistrant.java
[  +10 ms] executing: sysctl hw.optional.arm64
[   +1 ms] Exit code 0 from: sysctl hw.optional.arm64
[        ] hw.optional.arm64: 1
[        ] executing: /usr/bin/arch -arm64e xcrun xcodebuild -version
[  +38 ms] Exit code 0 from: /usr/bin/arch -arm64e xcrun xcodebuild -version
[        ] Xcode 16.2
           Build version 16C5032a
[  +40 ms] No packages with native assets. Skipping native assets compilation.
[        ] Writing native assets json to file:///Users/alebairos/Projects/mobile/chat_app/build/native_assets/macos/native_assets.json.
[        ] Writing /Users/alebairos/Projects/mobile/chat_app/build/native_assets/macos/native_assets.json done.
[  +57 ms] running test package with arguments: [--no-color, --chain-stack-traces, --, file:///Users/alebairos/Projects/mobile/chat_app/test/life_plan/models/life_plan_command_test.dart?]
00:00 +0: loading /Users/alebairos/Projects/mobile/chat_app/test/life_plan/models/life_plan_command_test.dart                                                                                          [  +69 ms] test 0: starting test /Users/alebairos/Projects/mobile/chat_app/test/life_plan/models/life_plan_command_test.dart
[   +1 ms] Stopping scan for flutter_test_config.dart; found project root at /Users/alebairos/Projects/mobile/chat_app
[        ] Compiler will use the following file as its incremental dill file: /var/folders/f7/rqd14g9d2rv0v4rhwj55l7v40000gn/T/flutter_tools.c08PWQ/flutter_test_compiler.f1XUH1/output.dill
[        ] Listening to compiler controller...
[   +3 ms] Compiling file:///var/folders/f7/rqd14g9d2rv0v4rhwj55l7v40000gn/T/flutter_tools.c08PWQ/flutter_test_listener.xI2Tt7/listener.dart
[  +15 ms] Found plugin audioplayers at /Users/alebairos/.pub-cache/hosted/pub.dev/audioplayers-5.2.1/
[   +1 ms] Found plugin audioplayers_android at /Users/alebairos/.pub-cache/hosted/pub.dev/audioplayers_android-4.0.3/
[   +1 ms] Found plugin audioplayers_darwin at /Users/alebairos/.pub-cache/hosted/pub.dev/audioplayers_darwin-5.0.2/
[        ] Found plugin audioplayers_linux at /Users/alebairos/.pub-cache/hosted/pub.dev/audioplayers_linux-3.1.0/
[        ] Found plugin audioplayers_web at /Users/alebairos/.pub-cache/hosted/pub.dev/audioplayers_web-4.1.0/
[        ] Found plugin audioplayers_windows at /Users/alebairos/.pub-cache/hosted/pub.dev/audioplayers_windows-3.1.0/
[  +10 ms] Found plugin isar_flutter_libs at /Users/alebairos/.pub-cache/hosted/pub.dev/isar_flutter_libs-3.1.0+1/
[   +4 ms] Found plugin path_provider at /Users/alebairos/.pub-cache/hosted/pub.dev/path_provider-2.1.5/
[        ] Found plugin path_provider_android at /Users/alebairos/.pub-cache/hosted/pub.dev/path_provider_android-2.2.15/
[        ] Found plugin path_provider_foundation at /Users/alebairos/.pub-cache/hosted/pub.dev/path_provider_foundation-2.4.1/
[        ] Found plugin path_provider_linux at /Users/alebairos/.pub-cache/hosted/pub.dev/path_provider_linux-2.2.1/
[        ] Found plugin path_provider_windows at /Users/alebairos/.pub-cache/hosted/pub.dev/path_provider_windows-2.3.0/
[   +1 ms] Found plugin record at /Users/alebairos/.pub-cache/hosted/pub.dev/record-4.4.4/
[        ] Found plugin record_linux at /Users/alebairos/.pub-cache/hosted/pub.dev/record_linux-0.4.1/
[        ] Found plugin record_macos at /Users/alebairos/.pub-cache/hosted/pub.dev/record_macos-0.2.2/
[        ] Found plugin record_web at /Users/alebairos/.pub-cache/hosted/pub.dev/record_web-0.5.0/
[        ] Found plugin record_windows at /Users/alebairos/.pub-cache/hosted/pub.dev/record_windows-0.7.1/
[  +10 ms] /opt/homebrew/Caskroom/flutter/3.27.2/flutter/bin/cache/dart-sdk/bin/dartaotruntime /opt/homebrew/Caskroom/flutter/3.27.2/flutter/bin/cache/dart-sdk/bin/snapshots/frontend_server_aot.dart.snapshot --sdk-root /opt/homebrew/Caskroom/flutter/3.27.2/flutter/bin/cache/artifacts/engine/common/flutter_patched_sdk/ --incremental --no-print-incremental-dependencies --target=flutter --experimental-emit-debug-metadata --output-dill /var/folders/f7/rqd14g9d2rv0v4rhwj55l7v40000gn/T/flutter_tools.c08PWQ/flutter_test_compiler.f1XUH1/output.dill --packages /Users/alebairos/Projects/mobile/chat_app/.dart_tool/package_config.json -Ddart.vm.profile=false -Ddart.vm.product=false --enable-asserts --track-widget-creation --initialize-from-dill /Users/alebairos/Projects/mobile/chat_app/build/test_cache/build/cache.dill.track.dill --verbosity=error
[   +6 ms] <- compile file:///var/folders/f7/rqd14g9d2rv0v4rhwj55l7v40000gn/T/flutter_tools.c08PWQ/flutter_test_listener.xI2Tt7/listener.dart
[ +358 ms] <- accept
[        ] <- reset
[        ] Compiling file:///var/folders/f7/rqd14g9d2rv0v4rhwj55l7v40000gn/T/flutter_tools.c08PWQ/flutter_test_listener.xI2Tt7/listener.dart took 415ms
[        ] test 0: starting test device
[   +1 ms] test 0: awaiting connection to test device
[        ] test 0: VM Service uri is not available
[   +1 ms] test 0: test harness socket server is running at port:50366
[        ] Using this directory for fonts configuration: /var/folders/f7/rqd14g9d2rv0v4rhwj55l7v40000gn/T/flutter_tools.c08PWQ/flutter_test_fonts.GzA54m
[        ] test 0: Starting flutter_tester process with command=[/opt/homebrew/Caskroom/flutter/3.27.2/flutter/bin/cache/artifacts/engine/darwin-x64/flutter_tester, --disable-vm-service, --enable-checked-mode, --verify-entry-points, --enable-software-rendering, --skia-deterministic-rendering, --enable-dart-profiling, --non-interactive, --use-test-fonts, --disable-asset-fonts, --packages=/Users/alebairos/Projects/mobile/chat_app/.dart_tool/package_config.json, --flutter-assets-dir=/Users/alebairos/Projects/mobile/chat_app/build/unit_test_assets, /var/folders/f7/rqd14g9d2rv0v4rhwj55l7v40000gn/T/flutter_tools.c08PWQ/flutter_test_listener.xI2Tt7/listener.dart.dill], environment={FLUTTER_TEST: true, FONTCONFIG_FILE: /var/folders/f7/rqd14g9d2rv0v4rhwj55l7v40000gn/T/flutter_tools.c08PWQ/flutter_test_fonts.GzA54m/fonts.conf, SERVER_PORT: 50366, APP_NAME: character_ai_clone, UNIT_TEST_ASSETS: /Users/alebairos/Projects/mobile/chat_app/build/unit_test_assets}
[   +2 ms] test 0: Started flutter_tester process at pid 3487
[ +331 ms] test 0: connected to test device, now awaiting test result
[        ] test 0: Waiting for test harness or tests to finish
00:00 +0: LifePlanCommand Command Type Tests correctly identifies plan command                                                                                                                         00:00 +1: LifePlanCommand Command Type Tests correctly identifies plan command                                                                                                                         00:00 +1: LifePlanCommand Command Type Tests correctly identifies explore command without dimension                                                                                                    00:00 +2: LifePlanCommand Command Type Tests correctly identifies explore command without dimension                                                                                                    00:00 +2: LifePlanCommand Command Type Tests correctly identifies explore command with valid dimension                                                                                                 00:00 +3: LifePlanCommand Command Type Tests correctly identifies explore command with valid dimension                                                                                                 00:00 +3: LifePlanCommand Command Type Tests handles explore command with invalid dimension                                                                                                            00:00 +4: LifePlanCommand Command Type Tests handles explore command with invalid dimension                                                                                                            00:00 +4: LifePlanCommand Command Type Tests defaults to help command for unknown commands                                                                                                             00:00 +5: LifePlanCommand Command Type Tests defaults to help command for unknown commands                                                                                                             00:00 +5: LifePlanCommand Command Validation Tests correctly identifies valid commands                                                                                                                 00:00 +6: LifePlanCommand Command Validation Tests correctly identifies valid commands                                                                                                                 00:00 +6: LifePlanCommand Command Validation Tests correctly identifies invalid commands                                                                                                               00:00 +7: LifePlanCommand Command Validation Tests correctly identifies invalid commands                                                                                                               00:00 +7: LifePlanCommand Command Validation Tests handles whitespace in commands                                                                                                                      00:00 +8: LifePlanCommand Command Validation Tests handles whitespace in commands                                                                                                                      00:00 +8: LifePlanCommand LifePlanDimension Tests correctly maps dimension codes                                                                                                                       00:00 +9: LifePlanCommand LifePlanDimension Tests correctly maps dimension codes                                                                                                                       00:00 +9: LifePlanCommand LifePlanDimension Tests handles case-insensitive dimension codes                                                                                                             00:00 +10: LifePlanCommand LifePlanDimension Tests handles case-insensitive dimension codes                                                                                                            00:00 +10: LifePlanCommand LifePlanDimension Tests throws ArgumentError for invalid dimension codes                                                                                                    00:00 +11: LifePlanCommand LifePlanDimension Tests throws ArgumentError for invalid dimension codes                                                                                                    00:00 +11: LifePlanCommand LifePlanDimension Tests dimensions have correct properties                                                                                                                  00:00 +12: LifePlanCommand LifePlanDimension Tests dimensions have correct properties                                                                                                                  00:00 +12: LifePlanCommand Command Type String Tests command types have correct string representations                                                                                                 00:00 +13: LifePlanCommand Command Type String Tests command types have correct string representations                                                                                                 [  +55 ms] test 0: Test harness is no longer needed by test process
[        ] test 0: finished
[        ] test 0: cleaning up...
[        ] test 0: ensuring test device is terminated.
[        ] test 0: Terminating flutter_tester process
[        ] test 0: Shutting down DevTools server
[        ] test 0: Test process is no longer needed by test harness
[        ] test 0: Shutting down test harness socket server
[   +1 ms] test 0: flutter_tester process at pid 3487 exited with code=-9
[        ] test 0: deleting temporary directory
[        ] test 0: finished
00:00 +13: All tests passed!                                                                                                                                                                           
[   +2 ms] Deleting /var/folders/f7/rqd14g9d2rv0v4rhwj55l7v40000gn/T/flutter_tools.c08PWQ/flutter_test_compiler.f1XUH1...
[        ] killing pid 3486
[   +4 ms] Deleting /var/folders/f7/rqd14g9d2rv0v4rhwj55l7v40000gn/T/flutter_tools.c08PWQ/flutter_test_fonts.GzA54m...
[        ] test package returned with exit code 0
[        ] Runtime for phase TestRunner: Wall-clock: 0:00:00.900863; combined: 0:00:00.900881.
[        ] Runtime for phase Compile: Wall-clock: 0:00:00.415471; combined: 0:00:00.415484.
[        ] Runtime for phase Run: Wall-clock: 0:00:00.393477; combined: 0:00:00.393478.
[        ] Runtime for phase CoverageTotal: Wall-clock: 0:00:00.000000; combined: 0:00:00.000000.
[        ] Runtime for phase CoverageCollect: Wall-clock: 0:00:00.000000; combined: 0:00:00.000000.
[        ] Runtime for phase CoverageParseJson: Wall-clock: 0:00:00.000000; combined: 0:00:00.000000.
[        ] Runtime for phase CoverageAddHitmap: Wall-clock: 0:00:00.000000; combined: 0:00:00.000000.
[        ] Runtime for phase CoverageDataCollect: Wall-clock: 0:00:00.000000; combined: 0:00:00.000000.
[        ] Runtime for phase WatcherFinishedTest: Wall-clock: 0:00:00.000262; combined: 0:00:00.000263.
[   +2 ms] "flutter test" took 1,261ms.
[  +18 ms] Running 3 shutdown hooks
[        ] Shutdown hooks complete
[ +134 ms] exiting with code 0

=== Running ./test/life_plan/services/life_plan_command_handler_test.dart ===
[   +9 ms] executing: sysctl hw.optional.arm64
[   +5 ms] Exit code 0 from: sysctl hw.optional.arm64
[        ] hw.optional.arm64: 1
[   +7 ms] executing: sw_vers -productName
[   +6 ms] Exit code 0 from: sw_vers -productName
[        ] macOS
[        ] executing: sw_vers -productVersion
[   +6 ms] Exit code 0 from: sw_vers -productVersion
[        ] 14.6.1
[        ] executing: sw_vers -buildVersion
[   +5 ms] Exit code 0 from: sw_vers -buildVersion
[        ] 23G93
[        ] executing: uname -m
[   +2 ms] Exit code 0 from: uname -m
[        ] arm64
[   +8 ms] Found 1 files which will be executed as Widget Tests.
[   +1 ms] Artifact Instance of 'AndroidGenSnapshotArtifacts' is not required, skipping update.
[        ] Artifact Instance of 'AndroidInternalBuildArtifacts' is not required, skipping update.
[        ] Artifact Instance of 'IOSEngineArtifacts' is not required, skipping update.
[        ] Artifact Instance of 'FlutterWebSdk' is not required, skipping update.
[        ] Artifact Instance of 'LegacyCanvasKitRemover' is not required, skipping update.
[   +1 ms] Artifact Instance of 'WindowsEngineArtifacts' is not required, skipping update.
[        ] Artifact Instance of 'MacOSEngineArtifacts' is not required, skipping update.
[        ] Artifact Instance of 'LinuxEngineArtifacts' is not required, skipping update.
[        ] Artifact Instance of 'LinuxFuchsiaSDKArtifacts' is not required, skipping update.
[        ] Artifact Instance of 'MacOSFuchsiaSDKArtifacts' is not required, skipping update.
[        ] Artifact Instance of 'FlutterRunnerSDKArtifacts' is not required, skipping update.
[        ] Artifact Instance of 'FlutterRunnerDebugSymbols' is not required, skipping update.
[  +60 ms] Artifact Instance of 'MaterialFonts' is not required, skipping update.
[        ] Artifact Instance of 'GradleWrapper' is not required, skipping update.
[        ] Artifact Instance of 'AndroidGenSnapshotArtifacts' is not required, skipping update.
[        ] Artifact Instance of 'AndroidInternalBuildArtifacts' is not required, skipping update.
[        ] Artifact Instance of 'IOSEngineArtifacts' is not required, skipping update.
[        ] Artifact Instance of 'FlutterWebSdk' is not required, skipping update.
[        ] Artifact Instance of 'LegacyCanvasKitRemover' is not required, skipping update.
[        ] Artifact Instance of 'FlutterSdk' is not required, skipping update.
[        ] Artifact Instance of 'WindowsEngineArtifacts' is not required, skipping update.
[        ] Artifact Instance of 'MacOSEngineArtifacts' is not required, skipping update.
[        ] Artifact Instance of 'LinuxEngineArtifacts' is not required, skipping update.
[        ] Artifact Instance of 'LinuxFuchsiaSDKArtifacts' is not required, skipping update.
[        ] Artifact Instance of 'MacOSFuchsiaSDKArtifacts' is not required, skipping update.
[        ] Artifact Instance of 'FlutterRunnerSDKArtifacts' is not required, skipping update.
[        ] Artifact Instance of 'FlutterRunnerDebugSymbols' is not required, skipping update.
[        ] Artifact Instance of 'IosUsbArtifacts' is not required, skipping update.
[        ] Artifact Instance of 'IosUsbArtifacts' is not required, skipping update.
[        ] Artifact Instance of 'IosUsbArtifacts' is not required, skipping update.
[        ] Artifact Instance of 'IosUsbArtifacts' is not required, skipping update.
[        ] Artifact Instance of 'IosUsbArtifacts' is not required, skipping update.
[        ] Artifact Instance of 'FontSubsetArtifacts' is not required, skipping update.
[        ] Artifact Instance of 'PubDependencies' is not required, skipping update.
[  +29 ms] Skipping pub get: version match.
[  +15 ms] Found plugin audioplayers at /Users/alebairos/.pub-cache/hosted/pub.dev/audioplayers-5.2.1/
[   +2 ms] Found plugin audioplayers_android at /Users/alebairos/.pub-cache/hosted/pub.dev/audioplayers_android-4.0.3/
[   +1 ms] Found plugin audioplayers_darwin at /Users/alebairos/.pub-cache/hosted/pub.dev/audioplayers_darwin-5.0.2/
[   +1 ms] Found plugin audioplayers_linux at /Users/alebairos/.pub-cache/hosted/pub.dev/audioplayers_linux-3.1.0/
[   +1 ms] Found plugin audioplayers_web at /Users/alebairos/.pub-cache/hosted/pub.dev/audioplayers_web-4.1.0/
[        ] Found plugin audioplayers_windows at /Users/alebairos/.pub-cache/hosted/pub.dev/audioplayers_windows-3.1.0/
[  +20 ms] Found plugin isar_flutter_libs at /Users/alebairos/.pub-cache/hosted/pub.dev/isar_flutter_libs-3.1.0+1/
[   +9 ms] Found plugin path_provider at /Users/alebairos/.pub-cache/hosted/pub.dev/path_provider-2.1.5/
[        ] Found plugin path_provider_android at /Users/alebairos/.pub-cache/hosted/pub.dev/path_provider_android-2.2.15/
[        ] Found plugin path_provider_foundation at /Users/alebairos/.pub-cache/hosted/pub.dev/path_provider_foundation-2.4.1/
[        ] Found plugin path_provider_linux at /Users/alebairos/.pub-cache/hosted/pub.dev/path_provider_linux-2.2.1/
[   +1 ms] Found plugin path_provider_windows at /Users/alebairos/.pub-cache/hosted/pub.dev/path_provider_windows-2.3.0/
[   +2 ms] Found plugin record at /Users/alebairos/.pub-cache/hosted/pub.dev/record-4.4.4/
[        ] Found plugin record_linux at /Users/alebairos/.pub-cache/hosted/pub.dev/record_linux-0.4.1/
[        ] Found plugin record_macos at /Users/alebairos/.pub-cache/hosted/pub.dev/record_macos-0.2.2/
[        ] Found plugin record_web at /Users/alebairos/.pub-cache/hosted/pub.dev/record_web-0.5.0/
[        ] Found plugin record_windows at /Users/alebairos/.pub-cache/hosted/pub.dev/record_windows-0.7.1/
[  +17 ms] Found plugin audioplayers at /Users/alebairos/.pub-cache/hosted/pub.dev/audioplayers-5.2.1/
[        ] Found plugin audioplayers_android at /Users/alebairos/.pub-cache/hosted/pub.dev/audioplayers_android-4.0.3/
[        ] Found plugin audioplayers_darwin at /Users/alebairos/.pub-cache/hosted/pub.dev/audioplayers_darwin-5.0.2/
[        ] Found plugin audioplayers_linux at /Users/alebairos/.pub-cache/hosted/pub.dev/audioplayers_linux-3.1.0/
[        ] Found plugin audioplayers_web at /Users/alebairos/.pub-cache/hosted/pub.dev/audioplayers_web-4.1.0/
[        ] Found plugin audioplayers_windows at /Users/alebairos/.pub-cache/hosted/pub.dev/audioplayers_windows-3.1.0/
[  +11 ms] Found plugin isar_flutter_libs at /Users/alebairos/.pub-cache/hosted/pub.dev/isar_flutter_libs-3.1.0+1/
[   +4 ms] Found plugin path_provider at /Users/alebairos/.pub-cache/hosted/pub.dev/path_provider-2.1.5/
[        ] Found plugin path_provider_android at /Users/alebairos/.pub-cache/hosted/pub.dev/path_provider_android-2.2.15/
[        ] Found plugin path_provider_foundation at /Users/alebairos/.pub-cache/hosted/pub.dev/path_provider_foundation-2.4.1/
[        ] Found plugin path_provider_linux at /Users/alebairos/.pub-cache/hosted/pub.dev/path_provider_linux-2.2.1/
[        ] Found plugin path_provider_windows at /Users/alebairos/.pub-cache/hosted/pub.dev/path_provider_windows-2.3.0/
[   +1 ms] Found plugin record at /Users/alebairos/.pub-cache/hosted/pub.dev/record-4.4.4/
[        ] Found plugin record_linux at /Users/alebairos/.pub-cache/hosted/pub.dev/record_linux-0.4.1/
[        ] Found plugin record_macos at /Users/alebairos/.pub-cache/hosted/pub.dev/record_macos-0.2.2/
[        ] Found plugin record_web at /Users/alebairos/.pub-cache/hosted/pub.dev/record_web-0.5.0/
[        ] Found plugin record_windows at /Users/alebairos/.pub-cache/hosted/pub.dev/record_windows-0.7.1/
[  +15 ms] Found plugin audioplayers at /Users/alebairos/.pub-cache/hosted/pub.dev/audioplayers-5.2.1/
[        ] Found plugin audioplayers_android at /Users/alebairos/.pub-cache/hosted/pub.dev/audioplayers_android-4.0.3/
[        ] Found plugin audioplayers_darwin at /Users/alebairos/.pub-cache/hosted/pub.dev/audioplayers_darwin-5.0.2/
[        ] Found plugin audioplayers_linux at /Users/alebairos/.pub-cache/hosted/pub.dev/audioplayers_linux-3.1.0/
[        ] Found plugin audioplayers_web at /Users/alebairos/.pub-cache/hosted/pub.dev/audioplayers_web-4.1.0/
[        ] Found plugin audioplayers_windows at /Users/alebairos/.pub-cache/hosted/pub.dev/audioplayers_windows-3.1.0/
[   +7 ms] Found plugin isar_flutter_libs at /Users/alebairos/.pub-cache/hosted/pub.dev/isar_flutter_libs-3.1.0+1/
[   +3 ms] Found plugin path_provider at /Users/alebairos/.pub-cache/hosted/pub.dev/path_provider-2.1.5/
[        ] Found plugin path_provider_android at /Users/alebairos/.pub-cache/hosted/pub.dev/path_provider_android-2.2.15/
[        ] Found plugin path_provider_foundation at /Users/alebairos/.pub-cache/hosted/pub.dev/path_provider_foundation-2.4.1/
[        ] Found plugin path_provider_linux at /Users/alebairos/.pub-cache/hosted/pub.dev/path_provider_linux-2.2.1/
[        ] Found plugin path_provider_windows at /Users/alebairos/.pub-cache/hosted/pub.dev/path_provider_windows-2.3.0/
[   +1 ms] Found plugin record at /Users/alebairos/.pub-cache/hosted/pub.dev/record-4.4.4/
[        ] Found plugin record_linux at /Users/alebairos/.pub-cache/hosted/pub.dev/record_linux-0.4.1/
[        ] Found plugin record_macos at /Users/alebairos/.pub-cache/hosted/pub.dev/record_macos-0.2.2/
[        ] Found plugin record_web at /Users/alebairos/.pub-cache/hosted/pub.dev/record_web-0.5.0/
[        ] Found plugin record_windows at /Users/alebairos/.pub-cache/hosted/pub.dev/record_windows-0.7.1/
[   +8 ms] Generating /Users/alebairos/Projects/mobile/chat_app/android/app/src/main/java/io/flutter/plugins/GeneratedPluginRegistrant.java
[  +10 ms] executing: sysctl hw.optional.arm64
[   +2 ms] Exit code 0 from: sysctl hw.optional.arm64
[        ] hw.optional.arm64: 1
[        ] executing: /usr/bin/arch -arm64e xcrun xcodebuild -version
[  +40 ms] Exit code 0 from: /usr/bin/arch -arm64e xcrun xcodebuild -version
[        ] Xcode 16.2
           Build version 16C5032a
[  +38 ms] No packages with native assets. Skipping native assets compilation.
[        ] Writing native assets json to file:///Users/alebairos/Projects/mobile/chat_app/build/native_assets/macos/native_assets.json.
[   +4 ms] Writing /Users/alebairos/Projects/mobile/chat_app/build/native_assets/macos/native_assets.json done.
[  +60 ms] running test package with arguments: [--no-color, --chain-stack-traces, --, file:///Users/alebairos/Projects/mobile/chat_app/test/life_plan/services/life_plan_command_handler_test.dart?]
00:00 +0: loading /Users/alebairos/Projects/mobile/chat_app/test/life_plan/services/life_plan_command_handler_test.dart                                                                                [  +78 ms] test 0: starting test /Users/alebairos/Projects/mobile/chat_app/test/life_plan/services/life_plan_command_handler_test.dart
[   +1 ms] Stopping scan for flutter_test_config.dart; found project root at /Users/alebairos/Projects/mobile/chat_app
[        ] Compiler will use the following file as its incremental dill file: /var/folders/f7/rqd14g9d2rv0v4rhwj55l7v40000gn/T/flutter_tools.h7NfsH/flutter_test_compiler.rzvPL2/output.dill
[        ] Listening to compiler controller...
[   +3 ms] Compiling file:///var/folders/f7/rqd14g9d2rv0v4rhwj55l7v40000gn/T/flutter_tools.h7NfsH/flutter_test_listener.b6Xyap/listener.dart
[  +18 ms] Found plugin audioplayers at /Users/alebairos/.pub-cache/hosted/pub.dev/audioplayers-5.2.1/
[        ] Found plugin audioplayers_android at /Users/alebairos/.pub-cache/hosted/pub.dev/audioplayers_android-4.0.3/
[        ] Found plugin audioplayers_darwin at /Users/alebairos/.pub-cache/hosted/pub.dev/audioplayers_darwin-5.0.2/
[        ] Found plugin audioplayers_linux at /Users/alebairos/.pub-cache/hosted/pub.dev/audioplayers_linux-3.1.0/
[        ] Found plugin audioplayers_web at /Users/alebairos/.pub-cache/hosted/pub.dev/audioplayers_web-4.1.0/
[        ] Found plugin audioplayers_windows at /Users/alebairos/.pub-cache/hosted/pub.dev/audioplayers_windows-3.1.0/
[   +7 ms] Found plugin isar_flutter_libs at /Users/alebairos/.pub-cache/hosted/pub.dev/isar_flutter_libs-3.1.0+1/
[   +3 ms] Found plugin path_provider at /Users/alebairos/.pub-cache/hosted/pub.dev/path_provider-2.1.5/
[        ] Found plugin path_provider_android at /Users/alebairos/.pub-cache/hosted/pub.dev/path_provider_android-2.2.15/
[        ] Found plugin path_provider_foundation at /Users/alebairos/.pub-cache/hosted/pub.dev/path_provider_foundation-2.4.1/
[        ] Found plugin path_provider_linux at /Users/alebairos/.pub-cache/hosted/pub.dev/path_provider_linux-2.2.1/
[        ] Found plugin path_provider_windows at /Users/alebairos/.pub-cache/hosted/pub.dev/path_provider_windows-2.3.0/
[   +1 ms] Found plugin record at /Users/alebairos/.pub-cache/hosted/pub.dev/record-4.4.4/
[        ] Found plugin record_linux at /Users/alebairos/.pub-cache/hosted/pub.dev/record_linux-0.4.1/
[        ] Found plugin record_macos at /Users/alebairos/.pub-cache/hosted/pub.dev/record_macos-0.2.2/
[        ] Found plugin record_web at /Users/alebairos/.pub-cache/hosted/pub.dev/record_web-0.5.0/
[        ] Found plugin record_windows at /Users/alebairos/.pub-cache/hosted/pub.dev/record_windows-0.7.1/
[   +9 ms] /opt/homebrew/Caskroom/flutter/3.27.2/flutter/bin/cache/dart-sdk/bin/dartaotruntime /opt/homebrew/Caskroom/flutter/3.27.2/flutter/bin/cache/dart-sdk/bin/snapshots/frontend_server_aot.dart.snapshot --sdk-root /opt/homebrew/Caskroom/flutter/3.27.2/flutter/bin/cache/artifacts/engine/common/flutter_patched_sdk/ --incremental --no-print-incremental-dependencies --target=flutter --experimental-emit-debug-metadata --output-dill /var/folders/f7/rqd14g9d2rv0v4rhwj55l7v40000gn/T/flutter_tools.h7NfsH/flutter_test_compiler.rzvPL2/output.dill --packages /Users/alebairos/Projects/mobile/chat_app/.dart_tool/package_config.json -Ddart.vm.profile=false -Ddart.vm.product=false --enable-asserts --track-widget-creation --initialize-from-dill /Users/alebairos/Projects/mobile/chat_app/build/test_cache/build/cache.dill.track.dill --verbosity=error
[   +4 ms] <- compile file:///var/folders/f7/rqd14g9d2rv0v4rhwj55l7v40000gn/T/flutter_tools.h7NfsH/flutter_test_listener.b6Xyap/listener.dart
[ +470 ms] <- accept
[        ] <- reset
[        ] Compiling file:///var/folders/f7/rqd14g9d2rv0v4rhwj55l7v40000gn/T/flutter_tools.h7NfsH/flutter_test_listener.b6Xyap/listener.dart took 520ms
[        ] test 0: starting test device
[   +1 ms] test 0: awaiting connection to test device
[        ] test 0: VM Service uri is not available
[   +1 ms] test 0: test harness socket server is running at port:50371
[        ] Using this directory for fonts configuration: /var/folders/f7/rqd14g9d2rv0v4rhwj55l7v40000gn/T/flutter_tools.h7NfsH/flutter_test_fonts.SXosC9
[        ] test 0: Starting flutter_tester process with command=[/opt/homebrew/Caskroom/flutter/3.27.2/flutter/bin/cache/artifacts/engine/darwin-x64/flutter_tester, --disable-vm-service, --enable-checked-mode, --verify-entry-points, --enable-software-rendering, --skia-deterministic-rendering, --enable-dart-profiling, --non-interactive, --use-test-fonts, --disable-asset-fonts, --packages=/Users/alebairos/Projects/mobile/chat_app/.dart_tool/package_config.json, --flutter-assets-dir=/Users/alebairos/Projects/mobile/chat_app/build/unit_test_assets, /var/folders/f7/rqd14g9d2rv0v4rhwj55l7v40000gn/T/flutter_tools.h7NfsH/flutter_test_listener.b6Xyap/listener.dart.dill], environment={FLUTTER_TEST: true, FONTCONFIG_FILE: /var/folders/f7/rqd14g9d2rv0v4rhwj55l7v40000gn/T/flutter_tools.h7NfsH/flutter_test_fonts.SXosC9/fonts.conf, SERVER_PORT: 50371, APP_NAME: character_ai_clone, UNIT_TEST_ASSETS: /Users/alebairos/Projects/mobile/chat_app/build/unit_test_assets}
[   +2 ms] test 0: Started flutter_tester process at pid 3530
[ +331 ms] test 0: connected to test device, now awaiting test result
[        ] test 0: Waiting for test harness or tests to finish
00:00 +0: LifePlanCommandHandler Command Validation correctly identifies life plan commands                                                                                                            00:00 +0: LifePlanCommandHandler Command Validation correctly identifies life plan commands                                                                                                            

🔄 Setting up test environment...
🔧 LifePlanCommandHandler initialized
✓ Mock Claude service and handler initialized

🧪 Testing life plan command identification...
🔍 Checking if text is a command: "/plan" -> yes
🔍 Checking if text is a command: "/explore SF" -> yes
🔍 Checking if text is a command: "/help" -> yes
📋 Command validation results: {/plan: true, /explore SF: true, /help: true}
✓ All commands correctly identified
00:00 +1: LifePlanCommandHandler Command Validation correctly identifies life plan commands                                                                                                            00:00 +1: LifePlanCommandHandler Command Validation correctly identifies non-life plan commands                                                                                                        00:00 +1: LifePlanCommandHandler Command Validation correctly identifies non-life plan commands                                                                                                        

🔄 Setting up test environment...
🔧 LifePlanCommandHandler initialized
✓ Mock Claude service and handler initialized

🧪 Testing non-life plan command identification...
🔍 Checking if text is a command: "hello" -> no
🔍 Checking if text is a command: "/invalid" -> no
🔍 Checking if text is a command: "" -> no
📋 Non-command validation results: {hello: false, /invalid: false, : false}
✓ All non-commands correctly identified
00:00 +2: LifePlanCommandHandler Command Validation correctly identifies non-life plan commands                                                                                                        00:00 +2: LifePlanCommandHandler Plan Command handles plan command                                                                                                                                     00:00 +2: LifePlanCommandHandler Plan Command handles plan command                                                                                                                                     

🔄 Setting up test environment...
🔧 LifePlanCommandHandler initialized
✓ Mock Claude service and handler initialized

🧪 Testing /plan command handling...

🎮 Handling command: "/plan"
📋 Parsed command type: LifePlanCommandType.plan
📝 Generating plan response
✅ Command handled successfully
📤 Response received: *adjusts chronometer* `⚔️`
Salve, time wanderer! L...
🔍 Verifying Claude service was not called...
✓ Plan command test completed successfully
00:00 +3: LifePlanCommandHandler Plan Command handles plan command                                                                                                                                     00:00 +3: LifePlanCommandHandler Help Command handles help command                                                                                                                                     00:00 +3: LifePlanCommandHandler Help Command handles help command                                                                                                                                     

🔄 Setting up test environment...
🔧 LifePlanCommandHandler initialized
✓ Mock Claude service and handler initialized

🧪 Testing /help command handling...

🎮 Handling command: "/help"
📋 Parsed command type: LifePlanCommandType.help
❓ Generating help response
✅ Command handled successfully
📤 Response received: *unfurls ancient scroll* `📜`
Greetings, seeker! H...
🔍 Verifying Claude service was not called...
✓ Help command test completed successfully
00:00 +4: LifePlanCommandHandler Help Command handles help command                                                                                                                                     00:00 +4: LifePlanCommandHandler Explore Command handles explore command without dimension                                                                                                             00:00 +4: LifePlanCommandHandler Explore Command handles explore command without dimension                                                                                                             

🔄 Setting up test environment...
🔧 LifePlanCommandHandler initialized
✓ Mock Claude service and handler initialized

🧪 Testing /explore command without dimension...

🎮 Handling command: "/explore"
📋 Parsed command type: LifePlanCommandType.explore
⚠️ No dimension specified for explore command
✅ Command handled successfully
📤 Response received: *adjusts spectacles* `🧐`
Which dimension would yo...
🔍 Verifying Claude service was not called...
✓ Explore without dimension test completed successfully
00:00 +5: LifePlanCommandHandler Explore Command handles explore command without dimension                                                                                                             00:00 +5: LifePlanCommandHandler Explore Command handles explore command with physical dimension                                                                                                       00:00 +5: LifePlanCommandHandler Explore Command handles explore command with physical dimension                                                                                                       

🔄 Setting up test environment...
🔧 LifePlanCommandHandler initialized
✓ Mock Claude service and handler initialized

🧪 Testing /explore SF command...
✓ Mock Claude service configured

🎮 Handling command: "/explore SF"
📋 Parsed command type: LifePlanCommandType.explore
🎯 Command dimension: SF
🔍 Exploring dimension: Physical Realm
📝 Generating exploration prompt for dimension: Physical Realm
✅ Generated prompt: As Sergeant Oracle, tell me about the available paths for physical health improvement. Use the goals...
🤖 Sending exploration prompt to Claude
✅ Received response from Claude
✅ Command handled successfully
📤 Response received: Claude's response for physical dimension
🔍 Verifying Claude service call...
✓ Physical dimension explore test completed successfully
00:00 +6: LifePlanCommandHandler Explore Command handles explore command with physical dimension                                                                                                       00:00 +6: LifePlanCommandHandler Explore Command handles explore command with mental dimension                                                                                                         00:00 +6: LifePlanCommandHandler Explore Command handles explore command with mental dimension                                                                                                         

🔄 Setting up test environment...
🔧 LifePlanCommandHandler initialized
✓ Mock Claude service and handler initialized

🧪 Testing /explore SM command...
✓ Mock Claude service configured

🎮 Handling command: "/explore SM"
📋 Parsed command type: LifePlanCommandType.explore
🎯 Command dimension: SM
🔍 Exploring dimension: Mental Domain
📝 Generating exploration prompt for dimension: Mental Domain
✅ Generated prompt: As Sergeant Oracle, share the mental wellbeing journeys available. Use the goals data to inform your...
🤖 Sending exploration prompt to Claude
✅ Received response from Claude
✅ Command handled successfully
📤 Response received: Claude's response for mental dimension
🔍 Verifying Claude service call...
✓ Mental dimension explore test completed successfully
00:00 +7: LifePlanCommandHandler Explore Command handles explore command with mental dimension                                                                                                         00:00 +7: LifePlanCommandHandler Explore Command handles explore command with relationships dimension                                                                                                  00:00 +7: LifePlanCommandHandler Explore Command handles explore command with relationships dimension                                                                                                  

🔄 Setting up test environment...
🔧 LifePlanCommandHandler initialized
✓ Mock Claude service and handler initialized

🧪 Testing /explore R command...
✓ Mock Claude service configured

🎮 Handling command: "/explore R"
📋 Parsed command type: LifePlanCommandType.explore
🎯 Command dimension: R
🔍 Exploring dimension: Relationships Kingdom
📝 Generating exploration prompt for dimension: Relationships Kingdom
✅ Generated prompt: As Sergeant Oracle, reveal the paths to stronger relationships. Use the goals data in your response,...
🤖 Sending exploration prompt to Claude
✅ Received response from Claude
✅ Command handled successfully
📤 Response received: Claude's response for relationships dimension
🔍 Verifying Claude service call...
✓ Relationships dimension explore test completed successfully
00:00 +8: LifePlanCommandHandler Explore Command handles explore command with relationships dimension                                                                                                  00:00 +8: LifePlanCommandHandler Explore Command handles explore command with invalid dimension                                                                                                        00:00 +8: LifePlanCommandHandler Explore Command handles explore command with invalid dimension                                                                                                        

🔄 Setting up test environment...
🔧 LifePlanCommandHandler initialized
✓ Mock Claude service and handler initialized

🧪 Testing /explore with invalid dimension...

🎮 Handling command: "/explore INVALID"
📋 Parsed command type: LifePlanCommandType.explore
⚠️ No dimension specified for explore command
✅ Command handled successfully
📤 Response received: *adjusts spectacles* `🧐`
Which dimension would yo...
🔍 Verifying Claude service was not called...
✓ Invalid dimension test completed successfully
00:00 +9: LifePlanCommandHandler Explore Command handles explore command with invalid dimension                                                                                                        00:00 +9: LifePlanCommandHandler Planning Mode accepts dimension codes after /plan command                                                                                                             00:00 +9: LifePlanCommandHandler Planning Mode accepts dimension codes after /plan command                                                                                                             

🔄 Setting up test environment...
🔧 LifePlanCommandHandler initialized
✓ Mock Claude service and handler initialized

🧪 Testing dimension code handling in planning mode...

🎮 Handling command: "/plan"
📋 Parsed command type: LifePlanCommandType.plan
📝 Generating plan response
✅ Command handled successfully

🎮 Handling command: "SF"
📋 Parsed command type: LifePlanCommandType.explore
🎯 Command dimension: SF
🔍 Exploring dimension: Physical Realm
📝 Generating exploration prompt for dimension: Physical Realm
✅ Generated prompt: As Sergeant Oracle, tell me about the available paths for physical health improvement. Use the goals...
🤖 Sending exploration prompt to Claude
✅ Received response from Claude
✅ Command handled successfully
📤 Response received: Claude's response for physical dimension
✓ Dimension code handling test completed successfully
00:00 +10: LifePlanCommandHandler Planning Mode accepts dimension codes after /plan command                                                                                                            00:00 +10: LifePlanCommandHandler Planning Mode rejects dimension codes outside planning mode                                                                                                          00:00 +10: LifePlanCommandHandler Planning Mode rejects dimension codes outside planning mode                                                                                                          

🔄 Setting up test environment...
🔧 LifePlanCommandHandler initialized
✓ Mock Claude service and handler initialized

🧪 Testing dimension code handling outside planning mode...

🎮 Handling command: "SF"
📋 Parsed command type: LifePlanCommandType.help
❓ Generating help response
✅ Command handled successfully
📤 Response received: *unfurls ancient scroll* `📜`
Greetings, seeker! H...
✓ Outside planning mode test completed successfully
00:00 +11: LifePlanCommandHandler Planning Mode rejects dimension codes outside planning mode                                                                                                          00:00 +11: LifePlanCommandHandler Planning Mode handles invalid dimension codes in planning mode                                                                                                       00:00 +11: LifePlanCommandHandler Planning Mode handles invalid dimension codes in planning mode                                                                                                       

🔄 Setting up test environment...
🔧 LifePlanCommandHandler initialized
✓ Mock Claude service and handler initialized

🧪 Testing invalid dimension code handling...

🎮 Handling command: "/plan"
📋 Parsed command type: LifePlanCommandType.plan
📝 Generating plan response
✅ Command handled successfully

🎮 Handling command: "INVALID"
📤 Response received: *adjusts spectacles* `🧐`
Invalid dimension code. ...
✓ Invalid dimension code test completed successfully
00:00 +12: LifePlanCommandHandler Planning Mode handles invalid dimension codes in planning mode                                                                                                       00:00 +12: LifePlanCommandHandler Planning Mode exits planning mode after successful dimension exploration                                                                                             00:00 +12: LifePlanCommandHandler Planning Mode exits planning mode after successful dimension exploration                                                                                             

🔄 Setting up test environment...
🔧 LifePlanCommandHandler initialized
✓ Mock Claude service and handler initialized

🧪 Testing planning mode exit after exploration...

🎮 Handling command: "/plan"
📋 Parsed command type: LifePlanCommandType.plan
📝 Generating plan response
✅ Command handled successfully

🎮 Handling command: "SF"
📋 Parsed command type: LifePlanCommandType.explore
🎯 Command dimension: SF
🔍 Exploring dimension: Physical Realm
📝 Generating exploration prompt for dimension: Physical Realm
✅ Generated prompt: As Sergeant Oracle, tell me about the available paths for physical health improvement. Use the goals...
🤖 Sending exploration prompt to Claude
✅ Received response from Claude
✅ Command handled successfully

🎮 Handling command: "SM"
📋 Parsed command type: LifePlanCommandType.help
❓ Generating help response
✅ Command handled successfully
📤 Response received: *unfurls ancient scroll* `📜`
Greetings, seeker! H...
✓ Planning mode exit test completed successfully
00:00 +13: LifePlanCommandHandler Planning Mode exits planning mode after successful dimension exploration                                                                                             00:00 +13: LifePlanCommandHandler Error Handling handles Claude service errors gracefully                                                                                                              00:00 +13: LifePlanCommandHandler Error Handling handles Claude service errors gracefully                                                                                                              

🔄 Setting up test environment...
🔧 LifePlanCommandHandler initialized
✓ Mock Claude service and handler initialized

🧪 Testing Claude service error handling...
✓ Mock Claude service configured to throw error

🎮 Handling command: "/explore SF"
📋 Parsed command type: LifePlanCommandType.explore
🎯 Command dimension: SF
🔍 Exploring dimension: Physical Realm
📝 Generating exploration prompt for dimension: Physical Realm
✅ Generated prompt: As Sergeant Oracle, tell me about the available paths for physical health improvement. Use the goals...
🤖 Sending exploration prompt to Claude
❌ Error getting response from Claude: Exception: Claude service error
✅ Command handled successfully
📤 Response received: *adjusts spectacles* `🧐`
Error getting response from Claude: Exception: Claude service error
🔍 Verifying Claude service call...
✓ Error handling test completed successfully
00:00 +14: LifePlanCommandHandler Error Handling handles Claude service errors gracefully                                                                                                              00:00 +14: LifePlanCommandHandler Error Handling handles unknown commands                                                                                                                              00:00 +14: LifePlanCommandHandler Error Handling handles unknown commands                                                                                                                              

🔄 Setting up test environment...
🔧 LifePlanCommandHandler initialized
✓ Mock Claude service and handler initialized

🧪 Testing unknown command handling...

🎮 Handling command: "/unknown"
📋 Parsed command type: LifePlanCommandType.help
❓ Generating help response
✅ Command handled successfully
📤 Response received: *unfurls ancient scroll* `📜`
Greetings, seeker! H...
🔍 Verifying Claude service was not called...
✓ Unknown command test completed successfully
00:00 +15: LifePlanCommandHandler Error Handling handles unknown commands                                                                                                                              [  +92 ms] test 0: Test harness is no longer needed by test process
[        ] test 0: finished
[        ] test 0: cleaning up...
[        ] test 0: ensuring test device is terminated.
[        ] test 0: Terminating flutter_tester process
[        ] test 0: Shutting down DevTools server
[        ] test 0: Test process is no longer needed by test harness
[        ] test 0: Shutting down test harness socket server
[   +1 ms] test 0: flutter_tester process at pid 3530 exited with code=-9
[        ] test 0: deleting temporary directory
[        ] test 0: finished
00:00 +15: All tests passed!                                                                                                                                                                           
[   +2 ms] Deleting /var/folders/f7/rqd14g9d2rv0v4rhwj55l7v40000gn/T/flutter_tools.h7NfsH/flutter_test_compiler.rzvPL2...
[        ] killing pid 3526
[   +5 ms] Deleting /var/folders/f7/rqd14g9d2rv0v4rhwj55l7v40000gn/T/flutter_tools.h7NfsH/flutter_test_fonts.SXosC9...
[   +1 ms] test package returned with exit code 0
[        ] Runtime for phase TestRunner: Wall-clock: 0:00:01.052405; combined: 0:00:01.052422.
[        ] Runtime for phase Compile: Wall-clock: 0:00:00.520484; combined: 0:00:00.520497.
[        ] Runtime for phase Run: Wall-clock: 0:00:00.429663; combined: 0:00:00.429664.
[        ] Runtime for phase CoverageTotal: Wall-clock: 0:00:00.000000; combined: 0:00:00.000000.
[        ] Runtime for phase CoverageCollect: Wall-clock: 0:00:00.000000; combined: 0:00:00.000000.
[        ] Runtime for phase CoverageParseJson: Wall-clock: 0:00:00.000000; combined: 0:00:00.000000.
[        ] Runtime for phase CoverageAddHitmap: Wall-clock: 0:00:00.000000; combined: 0:00:00.000000.
[        ] Runtime for phase CoverageDataCollect: Wall-clock: 0:00:00.000000; combined: 0:00:00.000000.
[        ] Runtime for phase WatcherFinishedTest: Wall-clock: 0:00:00.000329; combined: 0:00:00.000330.
[   +2 ms] "flutter test" took 1,478ms.
[  +20 ms] Running 3 shutdown hooks
[        ] Shutdown hooks complete
[ +168 ms] exiting with code 0

=== Running ./test/models/life_plan/habit_test.dart ===
[  +10 ms] executing: sysctl hw.optional.arm64
[   +5 ms] Exit code 0 from: sysctl hw.optional.arm64
[        ] hw.optional.arm64: 1
[   +7 ms] executing: sw_vers -productName
[   +6 ms] Exit code 0 from: sw_vers -productName
[        ] macOS
[        ] executing: sw_vers -productVersion
[   +5 ms] Exit code 0 from: sw_vers -productVersion
[        ] 14.6.1
[        ] executing: sw_vers -buildVersion
[   +5 ms] Exit code 0 from: sw_vers -buildVersion
[        ] 23G93
[        ] executing: uname -m
[   +2 ms] Exit code 0 from: uname -m
[        ] arm64
[   +8 ms] Found 1 files which will be executed as Widget Tests.
[   +2 ms] Artifact Instance of 'AndroidGenSnapshotArtifacts' is not required, skipping update.
[        ] Artifact Instance of 'AndroidInternalBuildArtifacts' is not required, skipping update.
[        ] Artifact Instance of 'IOSEngineArtifacts' is not required, skipping update.
[        ] Artifact Instance of 'FlutterWebSdk' is not required, skipping update.
[        ] Artifact Instance of 'LegacyCanvasKitRemover' is not required, skipping update.
[   +2 ms] Artifact Instance of 'WindowsEngineArtifacts' is not required, skipping update.
[        ] Artifact Instance of 'MacOSEngineArtifacts' is not required, skipping update.
[        ] Artifact Instance of 'LinuxEngineArtifacts' is not required, skipping update.
[        ] Artifact Instance of 'LinuxFuchsiaSDKArtifacts' is not required, skipping update.
[        ] Artifact Instance of 'MacOSFuchsiaSDKArtifacts' is not required, skipping update.
[        ] Artifact Instance of 'FlutterRunnerSDKArtifacts' is not required, skipping update.
[        ] Artifact Instance of 'FlutterRunnerDebugSymbols' is not required, skipping update.
[  +17 ms] Artifact Instance of 'MaterialFonts' is not required, skipping update.
[        ] Artifact Instance of 'GradleWrapper' is not required, skipping update.
[        ] Artifact Instance of 'AndroidGenSnapshotArtifacts' is not required, skipping update.
[        ] Artifact Instance of 'AndroidInternalBuildArtifacts' is not required, skipping update.
[        ] Artifact Instance of 'IOSEngineArtifacts' is not required, skipping update.
[        ] Artifact Instance of 'FlutterWebSdk' is not required, skipping update.
[        ] Artifact Instance of 'LegacyCanvasKitRemover' is not required, skipping update.
[        ] Artifact Instance of 'FlutterSdk' is not required, skipping update.
[        ] Artifact Instance of 'WindowsEngineArtifacts' is not required, skipping update.
[        ] Artifact Instance of 'MacOSEngineArtifacts' is not required, skipping update.
[        ] Artifact Instance of 'LinuxEngineArtifacts' is not required, skipping update.
[        ] Artifact Instance of 'LinuxFuchsiaSDKArtifacts' is not required, skipping update.
[        ] Artifact Instance of 'MacOSFuchsiaSDKArtifacts' is not required, skipping update.
[        ] Artifact Instance of 'FlutterRunnerSDKArtifacts' is not required, skipping update.
[        ] Artifact Instance of 'FlutterRunnerDebugSymbols' is not required, skipping update.
[        ] Artifact Instance of 'IosUsbArtifacts' is not required, skipping update.
[        ] Artifact Instance of 'IosUsbArtifacts' is not required, skipping update.
[        ] Artifact Instance of 'IosUsbArtifacts' is not required, skipping update.
[        ] Artifact Instance of 'IosUsbArtifacts' is not required, skipping update.
[        ] Artifact Instance of 'IosUsbArtifacts' is not required, skipping update.
[        ] Artifact Instance of 'FontSubsetArtifacts' is not required, skipping update.
[        ] Artifact Instance of 'PubDependencies' is not required, skipping update.
[  +20 ms] Skipping pub get: version match.
[  +13 ms] Found plugin audioplayers at /Users/alebairos/.pub-cache/hosted/pub.dev/audioplayers-5.2.1/
[   +1 ms] Found plugin audioplayers_android at /Users/alebairos/.pub-cache/hosted/pub.dev/audioplayers_android-4.0.3/
[   +1 ms] Found plugin audioplayers_darwin at /Users/alebairos/.pub-cache/hosted/pub.dev/audioplayers_darwin-5.0.2/
[   +1 ms] Found plugin audioplayers_linux at /Users/alebairos/.pub-cache/hosted/pub.dev/audioplayers_linux-3.1.0/
[   +1 ms] Found plugin audioplayers_web at /Users/alebairos/.pub-cache/hosted/pub.dev/audioplayers_web-4.1.0/
[        ] Found plugin audioplayers_windows at /Users/alebairos/.pub-cache/hosted/pub.dev/audioplayers_windows-3.1.0/
[  +20 ms] Found plugin isar_flutter_libs at /Users/alebairos/.pub-cache/hosted/pub.dev/isar_flutter_libs-3.1.0+1/
[   +9 ms] Found plugin path_provider at /Users/alebairos/.pub-cache/hosted/pub.dev/path_provider-2.1.5/
[        ] Found plugin path_provider_android at /Users/alebairos/.pub-cache/hosted/pub.dev/path_provider_android-2.2.15/
[        ] Found plugin path_provider_foundation at /Users/alebairos/.pub-cache/hosted/pub.dev/path_provider_foundation-2.4.1/
[        ] Found plugin path_provider_linux at /Users/alebairos/.pub-cache/hosted/pub.dev/path_provider_linux-2.2.1/
[   +1 ms] Found plugin path_provider_windows at /Users/alebairos/.pub-cache/hosted/pub.dev/path_provider_windows-2.3.0/
[   +2 ms] Found plugin record at /Users/alebairos/.pub-cache/hosted/pub.dev/record-4.4.4/
[        ] Found plugin record_linux at /Users/alebairos/.pub-cache/hosted/pub.dev/record_linux-0.4.1/
[        ] Found plugin record_macos at /Users/alebairos/.pub-cache/hosted/pub.dev/record_macos-0.2.2/
[        ] Found plugin record_web at /Users/alebairos/.pub-cache/hosted/pub.dev/record_web-0.5.0/
[        ] Found plugin record_windows at /Users/alebairos/.pub-cache/hosted/pub.dev/record_windows-0.7.1/
[  +17 ms] Found plugin audioplayers at /Users/alebairos/.pub-cache/hosted/pub.dev/audioplayers-5.2.1/
[        ] Found plugin audioplayers_android at /Users/alebairos/.pub-cache/hosted/pub.dev/audioplayers_android-4.0.3/
[        ] Found plugin audioplayers_darwin at /Users/alebairos/.pub-cache/hosted/pub.dev/audioplayers_darwin-5.0.2/
[        ] Found plugin audioplayers_linux at /Users/alebairos/.pub-cache/hosted/pub.dev/audioplayers_linux-3.1.0/
[        ] Found plugin audioplayers_web at /Users/alebairos/.pub-cache/hosted/pub.dev/audioplayers_web-4.1.0/
[        ] Found plugin audioplayers_windows at /Users/alebairos/.pub-cache/hosted/pub.dev/audioplayers_windows-3.1.0/
[   +9 ms] Found plugin isar_flutter_libs at /Users/alebairos/.pub-cache/hosted/pub.dev/isar_flutter_libs-3.1.0+1/
[   +4 ms] Found plugin path_provider at /Users/alebairos/.pub-cache/hosted/pub.dev/path_provider-2.1.5/
[        ] Found plugin path_provider_android at /Users/alebairos/.pub-cache/hosted/pub.dev/path_provider_android-2.2.15/
[        ] Found plugin path_provider_foundation at /Users/alebairos/.pub-cache/hosted/pub.dev/path_provider_foundation-2.4.1/
[        ] Found plugin path_provider_linux at /Users/alebairos/.pub-cache/hosted/pub.dev/path_provider_linux-2.2.1/
[        ] Found plugin path_provider_windows at /Users/alebairos/.pub-cache/hosted/pub.dev/path_provider_windows-2.3.0/
[   +1 ms] Found plugin record at /Users/alebairos/.pub-cache/hosted/pub.dev/record-4.4.4/
[        ] Found plugin record_linux at /Users/alebairos/.pub-cache/hosted/pub.dev/record_linux-0.4.1/
[        ] Found plugin record_macos at /Users/alebairos/.pub-cache/hosted/pub.dev/record_macos-0.2.2/
[        ] Found plugin record_web at /Users/alebairos/.pub-cache/hosted/pub.dev/record_web-0.5.0/
[        ] Found plugin record_windows at /Users/alebairos/.pub-cache/hosted/pub.dev/record_windows-0.7.1/
[  +14 ms] Found plugin audioplayers at /Users/alebairos/.pub-cache/hosted/pub.dev/audioplayers-5.2.1/
[        ] Found plugin audioplayers_android at /Users/alebairos/.pub-cache/hosted/pub.dev/audioplayers_android-4.0.3/
[        ] Found plugin audioplayers_darwin at /Users/alebairos/.pub-cache/hosted/pub.dev/audioplayers_darwin-5.0.2/
[        ] Found plugin audioplayers_linux at /Users/alebairos/.pub-cache/hosted/pub.dev/audioplayers_linux-3.1.0/
[        ] Found plugin audioplayers_web at /Users/alebairos/.pub-cache/hosted/pub.dev/audioplayers_web-4.1.0/
[        ] Found plugin audioplayers_windows at /Users/alebairos/.pub-cache/hosted/pub.dev/audioplayers_windows-3.1.0/
[   +7 ms] Found plugin isar_flutter_libs at /Users/alebairos/.pub-cache/hosted/pub.dev/isar_flutter_libs-3.1.0+1/
[   +3 ms] Found plugin path_provider at /Users/alebairos/.pub-cache/hosted/pub.dev/path_provider-2.1.5/
[        ] Found plugin path_provider_android at /Users/alebairos/.pub-cache/hosted/pub.dev/path_provider_android-2.2.15/
[        ] Found plugin path_provider_foundation at /Users/alebairos/.pub-cache/hosted/pub.dev/path_provider_foundation-2.4.1/
[        ] Found plugin path_provider_linux at /Users/alebairos/.pub-cache/hosted/pub.dev/path_provider_linux-2.2.1/
[        ] Found plugin path_provider_windows at /Users/alebairos/.pub-cache/hosted/pub.dev/path_provider_windows-2.3.0/
[   +1 ms] Found plugin record at /Users/alebairos/.pub-cache/hosted/pub.dev/record-4.4.4/
[        ] Found plugin record_linux at /Users/alebairos/.pub-cache/hosted/pub.dev/record_linux-0.4.1/
[        ] Found plugin record_macos at /Users/alebairos/.pub-cache/hosted/pub.dev/record_macos-0.2.2/
[        ] Found plugin record_web at /Users/alebairos/.pub-cache/hosted/pub.dev/record_web-0.5.0/
[        ] Found plugin record_windows at /Users/alebairos/.pub-cache/hosted/pub.dev/record_windows-0.7.1/
[   +8 ms] Generating /Users/alebairos/Projects/mobile/chat_app/android/app/src/main/java/io/flutter/plugins/GeneratedPluginRegistrant.java
[  +10 ms] executing: sysctl hw.optional.arm64
[   +2 ms] Exit code 0 from: sysctl hw.optional.arm64
[        ] hw.optional.arm64: 1
[        ] executing: /usr/bin/arch -arm64e xcrun xcodebuild -version
[  +39 ms] Exit code 0 from: /usr/bin/arch -arm64e xcrun xcodebuild -version
[        ] Xcode 16.2
           Build version 16C5032a
[  +41 ms] No packages with native assets. Skipping native assets compilation.
[        ] Writing native assets json to file:///Users/alebairos/Projects/mobile/chat_app/build/native_assets/macos/native_assets.json.
[        ] Writing /Users/alebairos/Projects/mobile/chat_app/build/native_assets/macos/native_assets.json done.
[  +59 ms] running test package with arguments: [--no-color, --chain-stack-traces, --, file:///Users/alebairos/Projects/mobile/chat_app/test/models/life_plan/habit_test.dart?]
00:00 +0: loading /Users/alebairos/Projects/mobile/chat_app/test/models/life_plan/habit_test.dart                                                                                                      [  +70 ms] test 0: starting test /Users/alebairos/Projects/mobile/chat_app/test/models/life_plan/habit_test.dart
[   +1 ms] Stopping scan for flutter_test_config.dart; found project root at /Users/alebairos/Projects/mobile/chat_app
[        ] Compiler will use the following file as its incremental dill file: /var/folders/f7/rqd14g9d2rv0v4rhwj55l7v40000gn/T/flutter_tools.IZBcnT/flutter_test_compiler.BfA7DO/output.dill
[        ] Listening to compiler controller...
[   +2 ms] Compiling file:///var/folders/f7/rqd14g9d2rv0v4rhwj55l7v40000gn/T/flutter_tools.IZBcnT/flutter_test_listener.mBOJJR/listener.dart
[   +5 ms] Found plugin audioplayers at /Users/alebairos/.pub-cache/hosted/pub.dev/audioplayers-5.2.1/
[  +11 ms] Found plugin audioplayers_android at /Users/alebairos/.pub-cache/hosted/pub.dev/audioplayers_android-4.0.3/
[        ] Found plugin audioplayers_darwin at /Users/alebairos/.pub-cache/hosted/pub.dev/audioplayers_darwin-5.0.2/
[        ] Found plugin audioplayers_linux at /Users/alebairos/.pub-cache/hosted/pub.dev/audioplayers_linux-3.1.0/
[        ] Found plugin audioplayers_web at /Users/alebairos/.pub-cache/hosted/pub.dev/audioplayers_web-4.1.0/
[        ] Found plugin audioplayers_windows at /Users/alebairos/.pub-cache/hosted/pub.dev/audioplayers_windows-3.1.0/
[   +7 ms] Found plugin isar_flutter_libs at /Users/alebairos/.pub-cache/hosted/pub.dev/isar_flutter_libs-3.1.0+1/
[   +3 ms] Found plugin path_provider at /Users/alebairos/.pub-cache/hosted/pub.dev/path_provider-2.1.5/
[        ] Found plugin path_provider_android at /Users/alebairos/.pub-cache/hosted/pub.dev/path_provider_android-2.2.15/
[        ] Found plugin path_provider_foundation at /Users/alebairos/.pub-cache/hosted/pub.dev/path_provider_foundation-2.4.1/
[        ] Found plugin path_provider_linux at /Users/alebairos/.pub-cache/hosted/pub.dev/path_provider_linux-2.2.1/
[        ] Found plugin path_provider_windows at /Users/alebairos/.pub-cache/hosted/pub.dev/path_provider_windows-2.3.0/
[   +1 ms] Found plugin record at /Users/alebairos/.pub-cache/hosted/pub.dev/record-4.4.4/
[        ] Found plugin record_linux at /Users/alebairos/.pub-cache/hosted/pub.dev/record_linux-0.4.1/
[        ] Found plugin record_macos at /Users/alebairos/.pub-cache/hosted/pub.dev/record_macos-0.2.2/
[        ] Found plugin record_web at /Users/alebairos/.pub-cache/hosted/pub.dev/record_web-0.5.0/
[        ] Found plugin record_windows at /Users/alebairos/.pub-cache/hosted/pub.dev/record_windows-0.7.1/
[   +9 ms] /opt/homebrew/Caskroom/flutter/3.27.2/flutter/bin/cache/dart-sdk/bin/dartaotruntime /opt/homebrew/Caskroom/flutter/3.27.2/flutter/bin/cache/dart-sdk/bin/snapshots/frontend_server_aot.dart.snapshot --sdk-root /opt/homebrew/Caskroom/flutter/3.27.2/flutter/bin/cache/artifacts/engine/common/flutter_patched_sdk/ --incremental --no-print-incremental-dependencies --target=flutter --experimental-emit-debug-metadata --output-dill /var/folders/f7/rqd14g9d2rv0v4rhwj55l7v40000gn/T/flutter_tools.IZBcnT/flutter_test_compiler.BfA7DO/output.dill --packages /Users/alebairos/Projects/mobile/chat_app/.dart_tool/package_config.json -Ddart.vm.profile=false -Ddart.vm.product=false --enable-asserts --track-widget-creation --initialize-from-dill /Users/alebairos/Projects/mobile/chat_app/build/test_cache/build/cache.dill.track.dill --verbosity=error
[   +4 ms] <- compile file:///var/folders/f7/rqd14g9d2rv0v4rhwj55l7v40000gn/T/flutter_tools.IZBcnT/flutter_test_listener.mBOJJR/listener.dart
[ +371 ms] <- accept
[        ] <- reset
[        ] Compiling file:///var/folders/f7/rqd14g9d2rv0v4rhwj55l7v40000gn/T/flutter_tools.IZBcnT/flutter_test_listener.mBOJJR/listener.dart took 419ms
[        ] test 0: starting test device
[   +1 ms] test 0: awaiting connection to test device
[        ] test 0: VM Service uri is not available
[   +1 ms] test 0: test harness socket server is running at port:50378
[        ] Using this directory for fonts configuration: /var/folders/f7/rqd14g9d2rv0v4rhwj55l7v40000gn/T/flutter_tools.IZBcnT/flutter_test_fonts.wKfSG5
[        ] test 0: Starting flutter_tester process with command=[/opt/homebrew/Caskroom/flutter/3.27.2/flutter/bin/cache/artifacts/engine/darwin-x64/flutter_tester, --disable-vm-service, --enable-checked-mode, --verify-entry-points, --enable-software-rendering, --skia-deterministic-rendering, --enable-dart-profiling, --non-interactive, --use-test-fonts, --disable-asset-fonts, --packages=/Users/alebairos/Projects/mobile/chat_app/.dart_tool/package_config.json, --flutter-assets-dir=/Users/alebairos/Projects/mobile/chat_app/build/unit_test_assets, /var/folders/f7/rqd14g9d2rv0v4rhwj55l7v40000gn/T/flutter_tools.IZBcnT/flutter_test_listener.mBOJJR/listener.dart.dill], environment={FLUTTER_TEST: true, FONTCONFIG_FILE: /var/folders/f7/rqd14g9d2rv0v4rhwj55l7v40000gn/T/flutter_tools.IZBcnT/flutter_test_fonts.wKfSG5/fonts.conf, SERVER_PORT: 50378, APP_NAME: character_ai_clone, UNIT_TEST_ASSETS: /Users/alebairos/Projects/mobile/chat_app/build/unit_test_assets}
[   +2 ms] test 0: Started flutter_tester process at pid 3570
[ +332 ms] test 0: connected to test device, now awaiting test result
[        ] test 0: Waiting for test harness or tests to finish
00:00 +0: Habit Model creates Habit from CSV row                                                                                                                                                       00:00 +1: Habit Model creates Habit from CSV row                                                                                                                                                       00:00 +1: Habit Model handles invalid impact values in CSV row                                                                                                                                         00:00 +2: Habit Model handles invalid impact values in CSV row                                                                                                                                         00:00 +2: Habit Model toString returns formatted string                                                                                                                                                00:00 +3: Habit Model toString returns formatted string                                                                                                                                                00:00 +3: Habit Model HabitImpact returns correct impact for each dimension                                                                                                                            00:00 +4: Habit Model HabitImpact returns correct impact for each dimension                                                                                                                            00:00 +4: Habit Model HabitImpact returns 0 for unknown dimension                                                                                                                                      00:00 +5: Habit Model HabitImpact returns 0 for unknown dimension                                                                                                                                      00:00 +5: Habit Model getImpactForDimension delegates to HabitImpact                                                                                                                                   00:00 +6: Habit Model getImpactForDimension delegates to HabitImpact                                                                                                                                   [  +51 ms] test 0: Test harness is no longer needed by test process
[        ] test 0: finished
[        ] test 0: cleaning up...
[        ] test 0: ensuring test device is terminated.
[        ] test 0: Terminating flutter_tester process
[        ] test 0: Shutting down DevTools server
[        ] test 0: Test process is no longer needed by test harness
[        ] test 0: Shutting down test harness socket server
[   +2 ms] test 0: flutter_tester process at pid 3570 exited with code=-9
[        ] test 0: deleting temporary directory
[   +1 ms] test 0: finished
00:00 +6: All tests passed!                                                                                                                                                                            
[   +3 ms] Deleting /var/folders/f7/rqd14g9d2rv0v4rhwj55l7v40000gn/T/flutter_tools.IZBcnT/flutter_test_compiler.BfA7DO...
[        ] killing pid 3568
[   +6 ms] Deleting /var/folders/f7/rqd14g9d2rv0v4rhwj55l7v40000gn/T/flutter_tools.IZBcnT/flutter_test_fonts.wKfSG5...
[   +1 ms] test package returned with exit code 0
[        ] Runtime for phase TestRunner: Wall-clock: 0:00:00.904321; combined: 0:00:00.904336.
[        ] Runtime for phase Compile: Wall-clock: 0:00:00.419378; combined: 0:00:00.419410.
[        ] Runtime for phase Run: Wall-clock: 0:00:00.389583; combined: 0:00:00.389584.
[        ] Runtime for phase CoverageTotal: Wall-clock: 0:00:00.000000; combined: 0:00:00.000000.
[        ] Runtime for phase CoverageCollect: Wall-clock: 0:00:00.000000; combined: 0:00:00.000000.
[        ] Runtime for phase CoverageParseJson: Wall-clock: 0:00:00.000000; combined: 0:00:00.000000.
[        ] Runtime for phase CoverageAddHitmap: Wall-clock: 0:00:00.000000; combined: 0:00:00.000000.
[        ] Runtime for phase CoverageDataCollect: Wall-clock: 0:00:00.000000; combined: 0:00:00.000000.
[        ] Runtime for phase WatcherFinishedTest: Wall-clock: 0:00:00.000281; combined: 0:00:00.000281.
[   +3 ms] "flutter test" took 1,268ms.
[  +18 ms] Running 3 shutdown hooks
[        ] Shutdown hooks complete
[ +136 ms] exiting with code 0

=== Running ./test/models/life_plan/track_test.dart ===
[   +9 ms] executing: sysctl hw.optional.arm64
[   +5 ms] Exit code 0 from: sysctl hw.optional.arm64
[        ] hw.optional.arm64: 1
[   +7 ms] executing: sw_vers -productName
[   +7 ms] Exit code 0 from: sw_vers -productName
[        ] macOS
[        ] executing: sw_vers -productVersion
[   +5 ms] Exit code 0 from: sw_vers -productVersion
[        ] 14.6.1
[        ] executing: sw_vers -buildVersion
[   +5 ms] Exit code 0 from: sw_vers -buildVersion
[        ] 23G93
[        ] executing: uname -m
[   +2 ms] Exit code 0 from: uname -m
[        ] arm64
[   +8 ms] Found 1 files which will be executed as Widget Tests.
[   +2 ms] Artifact Instance of 'AndroidGenSnapshotArtifacts' is not required, skipping update.
[        ] Artifact Instance of 'AndroidInternalBuildArtifacts' is not required, skipping update.
[        ] Artifact Instance of 'IOSEngineArtifacts' is not required, skipping update.
[        ] Artifact Instance of 'FlutterWebSdk' is not required, skipping update.
[        ] Artifact Instance of 'LegacyCanvasKitRemover' is not required, skipping update.
[   +2 ms] Artifact Instance of 'WindowsEngineArtifacts' is not required, skipping update.
[        ] Artifact Instance of 'MacOSEngineArtifacts' is not required, skipping update.
[        ] Artifact Instance of 'LinuxEngineArtifacts' is not required, skipping update.
[        ] Artifact Instance of 'LinuxFuchsiaSDKArtifacts' is not required, skipping update.
[        ] Artifact Instance of 'MacOSFuchsiaSDKArtifacts' is not required, skipping update.
[        ] Artifact Instance of 'FlutterRunnerSDKArtifacts' is not required, skipping update.
[        ] Artifact Instance of 'FlutterRunnerDebugSymbols' is not required, skipping update.
[  +17 ms] Artifact Instance of 'MaterialFonts' is not required, skipping update.
[        ] Artifact Instance of 'GradleWrapper' is not required, skipping update.
[        ] Artifact Instance of 'AndroidGenSnapshotArtifacts' is not required, skipping update.
[        ] Artifact Instance of 'AndroidInternalBuildArtifacts' is not required, skipping update.
[        ] Artifact Instance of 'IOSEngineArtifacts' is not required, skipping update.
[        ] Artifact Instance of 'FlutterWebSdk' is not required, skipping update.
[        ] Artifact Instance of 'LegacyCanvasKitRemover' is not required, skipping update.
[        ] Artifact Instance of 'FlutterSdk' is not required, skipping update.
[        ] Artifact Instance of 'WindowsEngineArtifacts' is not required, skipping update.
[        ] Artifact Instance of 'MacOSEngineArtifacts' is not required, skipping update.
[        ] Artifact Instance of 'LinuxEngineArtifacts' is not required, skipping update.
[        ] Artifact Instance of 'LinuxFuchsiaSDKArtifacts' is not required, skipping update.
[        ] Artifact Instance of 'MacOSFuchsiaSDKArtifacts' is not required, skipping update.
[        ] Artifact Instance of 'FlutterRunnerSDKArtifacts' is not required, skipping update.
[        ] Artifact Instance of 'FlutterRunnerDebugSymbols' is not required, skipping update.
[        ] Artifact Instance of 'IosUsbArtifacts' is not required, skipping update.
[        ] Artifact Instance of 'IosUsbArtifacts' is not required, skipping update.
[        ] Artifact Instance of 'IosUsbArtifacts' is not required, skipping update.
[        ] Artifact Instance of 'IosUsbArtifacts' is not required, skipping update.
[        ] Artifact Instance of 'IosUsbArtifacts' is not required, skipping update.
[        ] Artifact Instance of 'FontSubsetArtifacts' is not required, skipping update.
[        ] Artifact Instance of 'PubDependencies' is not required, skipping update.
[  +21 ms] Skipping pub get: version match.
[  +13 ms] Found plugin audioplayers at /Users/alebairos/.pub-cache/hosted/pub.dev/audioplayers-5.2.1/
[   +1 ms] Found plugin audioplayers_android at /Users/alebairos/.pub-cache/hosted/pub.dev/audioplayers_android-4.0.3/
[   +1 ms] Found plugin audioplayers_darwin at /Users/alebairos/.pub-cache/hosted/pub.dev/audioplayers_darwin-5.0.2/
[   +1 ms] Found plugin audioplayers_linux at /Users/alebairos/.pub-cache/hosted/pub.dev/audioplayers_linux-3.1.0/
[   +1 ms] Found plugin audioplayers_web at /Users/alebairos/.pub-cache/hosted/pub.dev/audioplayers_web-4.1.0/
[        ] Found plugin audioplayers_windows at /Users/alebairos/.pub-cache/hosted/pub.dev/audioplayers_windows-3.1.0/
[  +20 ms] Found plugin isar_flutter_libs at /Users/alebairos/.pub-cache/hosted/pub.dev/isar_flutter_libs-3.1.0+1/
[   +9 ms] Found plugin path_provider at /Users/alebairos/.pub-cache/hosted/pub.dev/path_provider-2.1.5/
[        ] Found plugin path_provider_android at /Users/alebairos/.pub-cache/hosted/pub.dev/path_provider_android-2.2.15/
[        ] Found plugin path_provider_foundation at /Users/alebairos/.pub-cache/hosted/pub.dev/path_provider_foundation-2.4.1/
[        ] Found plugin path_provider_linux at /Users/alebairos/.pub-cache/hosted/pub.dev/path_provider_linux-2.2.1/
[   +1 ms] Found plugin path_provider_windows at /Users/alebairos/.pub-cache/hosted/pub.dev/path_provider_windows-2.3.0/
[   +2 ms] Found plugin record at /Users/alebairos/.pub-cache/hosted/pub.dev/record-4.4.4/
[        ] Found plugin record_linux at /Users/alebairos/.pub-cache/hosted/pub.dev/record_linux-0.4.1/
[        ] Found plugin record_macos at /Users/alebairos/.pub-cache/hosted/pub.dev/record_macos-0.2.2/
[        ] Found plugin record_web at /Users/alebairos/.pub-cache/hosted/pub.dev/record_web-0.5.0/
[        ] Found plugin record_windows at /Users/alebairos/.pub-cache/hosted/pub.dev/record_windows-0.7.1/
[  +17 ms] Found plugin audioplayers at /Users/alebairos/.pub-cache/hosted/pub.dev/audioplayers-5.2.1/
[        ] Found plugin audioplayers_android at /Users/alebairos/.pub-cache/hosted/pub.dev/audioplayers_android-4.0.3/
[        ] Found plugin audioplayers_darwin at /Users/alebairos/.pub-cache/hosted/pub.dev/audioplayers_darwin-5.0.2/
[        ] Found plugin audioplayers_linux at /Users/alebairos/.pub-cache/hosted/pub.dev/audioplayers_linux-3.1.0/
[        ] Found plugin audioplayers_web at /Users/alebairos/.pub-cache/hosted/pub.dev/audioplayers_web-4.1.0/
[        ] Found plugin audioplayers_windows at /Users/alebairos/.pub-cache/hosted/pub.dev/audioplayers_windows-3.1.0/
[  +10 ms] Found plugin isar_flutter_libs at /Users/alebairos/.pub-cache/hosted/pub.dev/isar_flutter_libs-3.1.0+1/
[   +4 ms] Found plugin path_provider at /Users/alebairos/.pub-cache/hosted/pub.dev/path_provider-2.1.5/
[        ] Found plugin path_provider_android at /Users/alebairos/.pub-cache/hosted/pub.dev/path_provider_android-2.2.15/
[        ] Found plugin path_provider_foundation at /Users/alebairos/.pub-cache/hosted/pub.dev/path_provider_foundation-2.4.1/
[        ] Found plugin path_provider_linux at /Users/alebairos/.pub-cache/hosted/pub.dev/path_provider_linux-2.2.1/
[        ] Found plugin path_provider_windows at /Users/alebairos/.pub-cache/hosted/pub.dev/path_provider_windows-2.3.0/
[   +1 ms] Found plugin record at /Users/alebairos/.pub-cache/hosted/pub.dev/record-4.4.4/
[        ] Found plugin record_linux at /Users/alebairos/.pub-cache/hosted/pub.dev/record_linux-0.4.1/
[        ] Found plugin record_macos at /Users/alebairos/.pub-cache/hosted/pub.dev/record_macos-0.2.2/
[        ] Found plugin record_web at /Users/alebairos/.pub-cache/hosted/pub.dev/record_web-0.5.0/
[        ] Found plugin record_windows at /Users/alebairos/.pub-cache/hosted/pub.dev/record_windows-0.7.1/
[  +15 ms] Found plugin audioplayers at /Users/alebairos/.pub-cache/hosted/pub.dev/audioplayers-5.2.1/
[        ] Found plugin audioplayers_android at /Users/alebairos/.pub-cache/hosted/pub.dev/audioplayers_android-4.0.3/
[        ] Found plugin audioplayers_darwin at /Users/alebairos/.pub-cache/hosted/pub.dev/audioplayers_darwin-5.0.2/
[        ] Found plugin audioplayers_linux at /Users/alebairos/.pub-cache/hosted/pub.dev/audioplayers_linux-3.1.0/
[        ] Found plugin audioplayers_web at /Users/alebairos/.pub-cache/hosted/pub.dev/audioplayers_web-4.1.0/
[        ] Found plugin audioplayers_windows at /Users/alebairos/.pub-cache/hosted/pub.dev/audioplayers_windows-3.1.0/
[   +7 ms] Found plugin isar_flutter_libs at /Users/alebairos/.pub-cache/hosted/pub.dev/isar_flutter_libs-3.1.0+1/
[   +3 ms] Found plugin path_provider at /Users/alebairos/.pub-cache/hosted/pub.dev/path_provider-2.1.5/
[        ] Found plugin path_provider_android at /Users/alebairos/.pub-cache/hosted/pub.dev/path_provider_android-2.2.15/
[        ] Found plugin path_provider_foundation at /Users/alebairos/.pub-cache/hosted/pub.dev/path_provider_foundation-2.4.1/
[        ] Found plugin path_provider_linux at /Users/alebairos/.pub-cache/hosted/pub.dev/path_provider_linux-2.2.1/
[        ] Found plugin path_provider_windows at /Users/alebairos/.pub-cache/hosted/pub.dev/path_provider_windows-2.3.0/
[   +1 ms] Found plugin record at /Users/alebairos/.pub-cache/hosted/pub.dev/record-4.4.4/
[        ] Found plugin record_linux at /Users/alebairos/.pub-cache/hosted/pub.dev/record_linux-0.4.1/
[        ] Found plugin record_macos at /Users/alebairos/.pub-cache/hosted/pub.dev/record_macos-0.2.2/
[        ] Found plugin record_web at /Users/alebairos/.pub-cache/hosted/pub.dev/record_web-0.5.0/
[        ] Found plugin record_windows at /Users/alebairos/.pub-cache/hosted/pub.dev/record_windows-0.7.1/
[   +8 ms] Generating /Users/alebairos/Projects/mobile/chat_app/android/app/src/main/java/io/flutter/plugins/GeneratedPluginRegistrant.java
[  +10 ms] executing: sysctl hw.optional.arm64
[   +1 ms] Exit code 0 from: sysctl hw.optional.arm64
[        ] hw.optional.arm64: 1
[        ] executing: /usr/bin/arch -arm64e xcrun xcodebuild -version
[  +41 ms] Exit code 0 from: /usr/bin/arch -arm64e xcrun xcodebuild -version
[        ] Xcode 16.2
           Build version 16C5032a
[  +42 ms] No packages with native assets. Skipping native assets compilation.
[        ] Writing native assets json to file:///Users/alebairos/Projects/mobile/chat_app/build/native_assets/macos/native_assets.json.
[        ] Writing /Users/alebairos/Projects/mobile/chat_app/build/native_assets/macos/native_assets.json done.
[  +61 ms] running test package with arguments: [--no-color, --chain-stack-traces, --, file:///Users/alebairos/Projects/mobile/chat_app/test/models/life_plan/track_test.dart?]
00:00 +0: loading /Users/alebairos/Projects/mobile/chat_app/test/models/life_plan/track_test.dart                                                                                                      [  +69 ms] test 0: starting test /Users/alebairos/Projects/mobile/chat_app/test/models/life_plan/track_test.dart
[   +1 ms] Stopping scan for flutter_test_config.dart; found project root at /Users/alebairos/Projects/mobile/chat_app
[        ] Compiler will use the following file as its incremental dill file: /var/folders/f7/rqd14g9d2rv0v4rhwj55l7v40000gn/T/flutter_tools.65iiH4/flutter_test_compiler.HTgs0h/output.dill
[        ] Listening to compiler controller...
[   +2 ms] Compiling file:///var/folders/f7/rqd14g9d2rv0v4rhwj55l7v40000gn/T/flutter_tools.65iiH4/flutter_test_listener.H3rIul/listener.dart
[   +4 ms] Found plugin audioplayers at /Users/alebairos/.pub-cache/hosted/pub.dev/audioplayers-5.2.1/
[  +10 ms] Found plugin audioplayers_android at /Users/alebairos/.pub-cache/hosted/pub.dev/audioplayers_android-4.0.3/
[        ] Found plugin audioplayers_darwin at /Users/alebairos/.pub-cache/hosted/pub.dev/audioplayers_darwin-5.0.2/
[        ] Found plugin audioplayers_linux at /Users/alebairos/.pub-cache/hosted/pub.dev/audioplayers_linux-3.1.0/
[        ] Found plugin audioplayers_web at /Users/alebairos/.pub-cache/hosted/pub.dev/audioplayers_web-4.1.0/
[        ] Found plugin audioplayers_windows at /Users/alebairos/.pub-cache/hosted/pub.dev/audioplayers_windows-3.1.0/
[   +8 ms] Found plugin isar_flutter_libs at /Users/alebairos/.pub-cache/hosted/pub.dev/isar_flutter_libs-3.1.0+1/
[   +3 ms] Found plugin path_provider at /Users/alebairos/.pub-cache/hosted/pub.dev/path_provider-2.1.5/
[        ] Found plugin path_provider_android at /Users/alebairos/.pub-cache/hosted/pub.dev/path_provider_android-2.2.15/
[        ] Found plugin path_provider_foundation at /Users/alebairos/.pub-cache/hosted/pub.dev/path_provider_foundation-2.4.1/
[        ] Found plugin path_provider_linux at /Users/alebairos/.pub-cache/hosted/pub.dev/path_provider_linux-2.2.1/
[        ] Found plugin path_provider_windows at /Users/alebairos/.pub-cache/hosted/pub.dev/path_provider_windows-2.3.0/
[   +1 ms] Found plugin record at /Users/alebairos/.pub-cache/hosted/pub.dev/record-4.4.4/
[        ] Found plugin record_linux at /Users/alebairos/.pub-cache/hosted/pub.dev/record_linux-0.4.1/
[        ] Found plugin record_macos at /Users/alebairos/.pub-cache/hosted/pub.dev/record_macos-0.2.2/
[        ] Found plugin record_web at /Users/alebairos/.pub-cache/hosted/pub.dev/record_web-0.5.0/
[        ] Found plugin record_windows at /Users/alebairos/.pub-cache/hosted/pub.dev/record_windows-0.7.1/
[   +9 ms] /opt/homebrew/Caskroom/flutter/3.27.2/flutter/bin/cache/dart-sdk/bin/dartaotruntime /opt/homebrew/Caskroom/flutter/3.27.2/flutter/bin/cache/dart-sdk/bin/snapshots/frontend_server_aot.dart.snapshot --sdk-root /opt/homebrew/Caskroom/flutter/3.27.2/flutter/bin/cache/artifacts/engine/common/flutter_patched_sdk/ --incremental --no-print-incremental-dependencies --target=flutter --experimental-emit-debug-metadata --output-dill /var/folders/f7/rqd14g9d2rv0v4rhwj55l7v40000gn/T/flutter_tools.65iiH4/flutter_test_compiler.HTgs0h/output.dill --packages /Users/alebairos/Projects/mobile/chat_app/.dart_tool/package_config.json -Ddart.vm.profile=false -Ddart.vm.product=false --enable-asserts --track-widget-creation --initialize-from-dill /Users/alebairos/Projects/mobile/chat_app/build/test_cache/build/cache.dill.track.dill --verbosity=error
[   +4 ms] <- compile file:///var/folders/f7/rqd14g9d2rv0v4rhwj55l7v40000gn/T/flutter_tools.65iiH4/flutter_test_listener.H3rIul/listener.dart
[ +369 ms] <- accept
[        ] <- reset
[        ] Compiling file:///var/folders/f7/rqd14g9d2rv0v4rhwj55l7v40000gn/T/flutter_tools.65iiH4/flutter_test_listener.H3rIul/listener.dart took 415ms
[        ] test 0: starting test device
[   +1 ms] test 0: awaiting connection to test device
[        ] test 0: VM Service uri is not available
[   +1 ms] test 0: test harness socket server is running at port:50382
[        ] Using this directory for fonts configuration: /var/folders/f7/rqd14g9d2rv0v4rhwj55l7v40000gn/T/flutter_tools.65iiH4/flutter_test_fonts.Ah6e2r
[        ] test 0: Starting flutter_tester process with command=[/opt/homebrew/Caskroom/flutter/3.27.2/flutter/bin/cache/artifacts/engine/darwin-x64/flutter_tester, --disable-vm-service, --enable-checked-mode, --verify-entry-points, --enable-software-rendering, --skia-deterministic-rendering, --enable-dart-profiling, --non-interactive, --use-test-fonts, --disable-asset-fonts, --packages=/Users/alebairos/Projects/mobile/chat_app/.dart_tool/package_config.json, --flutter-assets-dir=/Users/alebairos/Projects/mobile/chat_app/build/unit_test_assets, /var/folders/f7/rqd14g9d2rv0v4rhwj55l7v40000gn/T/flutter_tools.65iiH4/flutter_test_listener.H3rIul/listener.dart.dill], environment={FLUTTER_TEST: true, FONTCONFIG_FILE: /var/folders/f7/rqd14g9d2rv0v4rhwj55l7v40000gn/T/flutter_tools.65iiH4/flutter_test_fonts.Ah6e2r/fonts.conf, SERVER_PORT: 50382, APP_NAME: character_ai_clone, UNIT_TEST_ASSETS: /Users/alebairos/Projects/mobile/chat_app/build/unit_test_assets}
[   +2 ms] test 0: Started flutter_tester process at pid 3609
[ +274 ms] test 0: connected to test device, now awaiting test result
[        ] test 0: Waiting for test harness or tests to finish
00:00 +0: Track Model creates Track from CSV rows                                                                                                                                                      00:00 +1: Track Model creates Track from CSV rows                                                                                                                                                      00:00 +1: Track Model handles empty rows                                                                                                                                                               00:00 +2: Track Model handles empty rows                                                                                                                                                               00:00 +2: Track Model groups multiple challenges correctly                                                                                                                                             00:00 +3: Track Model groups multiple challenges correctly                                                                                                                                             00:00 +3: Track Model handles invalid level values                                                                                                                                                     00:00 +4: Track Model handles invalid level values                                                                                                                                                     00:00 +4: Track Model handles invalid frequency values                                                                                                                                                 00:00 +5: Track Model handles invalid frequency values                                                                                                                                                 00:00 +5: Track Model getChallengeByCode returns null for non-existent code                                                                                                                            00:00 +6: Track Model getChallengeByCode returns null for non-existent code                                                                                                                            00:00 +6: Track Model toString methods Track toString includes essential information                                                                                                                   00:00 +7: Track Model toString methods Track toString includes essential information                                                                                                                   00:00 +7: Track Model toString methods Challenge toString includes essential information                                                                                                               00:00 +8: Track Model toString methods Challenge toString includes essential information                                                                                                               00:00 +8: Track Model toString methods TrackHabit toString includes essential information                                                                                                              00:00 +9: Track Model toString methods TrackHabit toString includes essential information                                                                                                              [  +52 ms] test 0: Test harness is no longer needed by test process
[        ] test 0: finished
[        ] test 0: cleaning up...
[        ] test 0: ensuring test device is terminated.
[        ] test 0: Terminating flutter_tester process
[        ] test 0: Shutting down DevTools server
[        ] test 0: Test process is no longer needed by test harness
[        ] test 0: Shutting down test harness socket server
[   +1 ms] test 0: flutter_tester process at pid 3609 exited with code=-9
[        ] test 0: deleting temporary directory
[        ] test 0: finished
00:00 +9: All tests passed!                                                                                                                                                                            
[   +2 ms] Deleting /var/folders/f7/rqd14g9d2rv0v4rhwj55l7v40000gn/T/flutter_tools.65iiH4/flutter_test_compiler.HTgs0h...
[        ] killing pid 3607
[   +5 ms] Deleting /var/folders/f7/rqd14g9d2rv0v4rhwj55l7v40000gn/T/flutter_tools.65iiH4/flutter_test_fonts.Ah6e2r...
[   +2 ms] test package returned with exit code 0
[        ] Runtime for phase TestRunner: Wall-clock: 0:00:00.844135; combined: 0:00:00.844158.
[        ] Runtime for phase Compile: Wall-clock: 0:00:00.415906; combined: 0:00:00.415921.
[        ] Runtime for phase Run: Wall-clock: 0:00:00.333364; combined: 0:00:00.333366.
[        ] Runtime for phase CoverageTotal: Wall-clock: 0:00:00.000000; combined: 0:00:00.000000.
[        ] Runtime for phase CoverageCollect: Wall-clock: 0:00:00.000000; combined: 0:00:00.000000.
[        ] Runtime for phase CoverageParseJson: Wall-clock: 0:00:00.000000; combined: 0:00:00.000000.
[        ] Runtime for phase CoverageAddHitmap: Wall-clock: 0:00:00.000000; combined: 0:00:00.000000.
[        ] Runtime for phase CoverageDataCollect: Wall-clock: 0:00:00.000000; combined: 0:00:00.000000.
[        ] Runtime for phase WatcherFinishedTest: Wall-clock: 0:00:00.000261; combined: 0:00:00.000262.
[   +3 ms] "flutter test" took 1,214ms.
[  +22 ms] Running 3 shutdown hooks
[        ] Shutdown hooks complete
[ +128 ms] exiting with code 0

=== Running ./test/models/life_plan/goal_test.dart ===
[  +10 ms] executing: sysctl hw.optional.arm64
[   +5 ms] Exit code 0 from: sysctl hw.optional.arm64
[        ] hw.optional.arm64: 1
[   +7 ms] executing: sw_vers -productName
[   +6 ms] Exit code 0 from: sw_vers -productName
[        ] macOS
[        ] executing: sw_vers -productVersion
[   +6 ms] Exit code 0 from: sw_vers -productVersion
[        ] 14.6.1
[        ] executing: sw_vers -buildVersion
[   +5 ms] Exit code 0 from: sw_vers -buildVersion
[        ] 23G93
[        ] executing: uname -m
[   +1 ms] Exit code 0 from: uname -m
[        ] arm64
[   +8 ms] Found 1 files which will be executed as Widget Tests.
[   +2 ms] Artifact Instance of 'AndroidGenSnapshotArtifacts' is not required, skipping update.
[        ] Artifact Instance of 'AndroidInternalBuildArtifacts' is not required, skipping update.
[        ] Artifact Instance of 'IOSEngineArtifacts' is not required, skipping update.
[        ] Artifact Instance of 'FlutterWebSdk' is not required, skipping update.
[        ] Artifact Instance of 'LegacyCanvasKitRemover' is not required, skipping update.
[   +2 ms] Artifact Instance of 'WindowsEngineArtifacts' is not required, skipping update.
[        ] Artifact Instance of 'MacOSEngineArtifacts' is not required, skipping update.
[        ] Artifact Instance of 'LinuxEngineArtifacts' is not required, skipping update.
[        ] Artifact Instance of 'LinuxFuchsiaSDKArtifacts' is not required, skipping update.
[        ] Artifact Instance of 'MacOSFuchsiaSDKArtifacts' is not required, skipping update.
[        ] Artifact Instance of 'FlutterRunnerSDKArtifacts' is not required, skipping update.
[        ] Artifact Instance of 'FlutterRunnerDebugSymbols' is not required, skipping update.
[  +17 ms] Artifact Instance of 'MaterialFonts' is not required, skipping update.
[        ] Artifact Instance of 'GradleWrapper' is not required, skipping update.
[        ] Artifact Instance of 'AndroidGenSnapshotArtifacts' is not required, skipping update.
[        ] Artifact Instance of 'AndroidInternalBuildArtifacts' is not required, skipping update.
[        ] Artifact Instance of 'IOSEngineArtifacts' is not required, skipping update.
[        ] Artifact Instance of 'FlutterWebSdk' is not required, skipping update.
[        ] Artifact Instance of 'LegacyCanvasKitRemover' is not required, skipping update.
[        ] Artifact Instance of 'FlutterSdk' is not required, skipping update.
[        ] Artifact Instance of 'WindowsEngineArtifacts' is not required, skipping update.
[        ] Artifact Instance of 'MacOSEngineArtifacts' is not required, skipping update.
[        ] Artifact Instance of 'LinuxEngineArtifacts' is not required, skipping update.
[        ] Artifact Instance of 'LinuxFuchsiaSDKArtifacts' is not required, skipping update.
[        ] Artifact Instance of 'MacOSFuchsiaSDKArtifacts' is not required, skipping update.
[        ] Artifact Instance of 'FlutterRunnerSDKArtifacts' is not required, skipping update.
[        ] Artifact Instance of 'FlutterRunnerDebugSymbols' is not required, skipping update.
[        ] Artifact Instance of 'IosUsbArtifacts' is not required, skipping update.
[        ] Artifact Instance of 'IosUsbArtifacts' is not required, skipping update.
[        ] Artifact Instance of 'IosUsbArtifacts' is not required, skipping update.
[        ] Artifact Instance of 'IosUsbArtifacts' is not required, skipping update.
[        ] Artifact Instance of 'IosUsbArtifacts' is not required, skipping update.
[        ] Artifact Instance of 'FontSubsetArtifacts' is not required, skipping update.
[        ] Artifact Instance of 'PubDependencies' is not required, skipping update.
[  +23 ms] Skipping pub get: version match.
[  +15 ms] Found plugin audioplayers at /Users/alebairos/.pub-cache/hosted/pub.dev/audioplayers-5.2.1/
[   +2 ms] Found plugin audioplayers_android at /Users/alebairos/.pub-cache/hosted/pub.dev/audioplayers_android-4.0.3/
[   +1 ms] Found plugin audioplayers_darwin at /Users/alebairos/.pub-cache/hosted/pub.dev/audioplayers_darwin-5.0.2/
[   +1 ms] Found plugin audioplayers_linux at /Users/alebairos/.pub-cache/hosted/pub.dev/audioplayers_linux-3.1.0/
[   +1 ms] Found plugin audioplayers_web at /Users/alebairos/.pub-cache/hosted/pub.dev/audioplayers_web-4.1.0/
[   +1 ms] Found plugin audioplayers_windows at /Users/alebairos/.pub-cache/hosted/pub.dev/audioplayers_windows-3.1.0/
[  +24 ms] Found plugin isar_flutter_libs at /Users/alebairos/.pub-cache/hosted/pub.dev/isar_flutter_libs-3.1.0+1/
[   +9 ms] Found plugin path_provider at /Users/alebairos/.pub-cache/hosted/pub.dev/path_provider-2.1.5/
[        ] Found plugin path_provider_android at /Users/alebairos/.pub-cache/hosted/pub.dev/path_provider_android-2.2.15/
[        ] Found plugin path_provider_foundation at /Users/alebairos/.pub-cache/hosted/pub.dev/path_provider_foundation-2.4.1/
[        ] Found plugin path_provider_linux at /Users/alebairos/.pub-cache/hosted/pub.dev/path_provider_linux-2.2.1/
[        ] Found plugin path_provider_windows at /Users/alebairos/.pub-cache/hosted/pub.dev/path_provider_windows-2.3.0/
[   +2 ms] Found plugin record at /Users/alebairos/.pub-cache/hosted/pub.dev/record-4.4.4/
[        ] Found plugin record_linux at /Users/alebairos/.pub-cache/hosted/pub.dev/record_linux-0.4.1/
[        ] Found plugin record_macos at /Users/alebairos/.pub-cache/hosted/pub.dev/record_macos-0.2.2/
[        ] Found plugin record_web at /Users/alebairos/.pub-cache/hosted/pub.dev/record_web-0.5.0/
[        ] Found plugin record_windows at /Users/alebairos/.pub-cache/hosted/pub.dev/record_windows-0.7.1/
[  +18 ms] Found plugin audioplayers at /Users/alebairos/.pub-cache/hosted/pub.dev/audioplayers-5.2.1/
[        ] Found plugin audioplayers_android at /Users/alebairos/.pub-cache/hosted/pub.dev/audioplayers_android-4.0.3/
[        ] Found plugin audioplayers_darwin at /Users/alebairos/.pub-cache/hosted/pub.dev/audioplayers_darwin-5.0.2/
[        ] Found plugin audioplayers_linux at /Users/alebairos/.pub-cache/hosted/pub.dev/audioplayers_linux-3.1.0/
[        ] Found plugin audioplayers_web at /Users/alebairos/.pub-cache/hosted/pub.dev/audioplayers_web-4.1.0/
[        ] Found plugin audioplayers_windows at /Users/alebairos/.pub-cache/hosted/pub.dev/audioplayers_windows-3.1.0/
[  +10 ms] Found plugin isar_flutter_libs at /Users/alebairos/.pub-cache/hosted/pub.dev/isar_flutter_libs-3.1.0+1/
[   +4 ms] Found plugin path_provider at /Users/alebairos/.pub-cache/hosted/pub.dev/path_provider-2.1.5/
[        ] Found plugin path_provider_android at /Users/alebairos/.pub-cache/hosted/pub.dev/path_provider_android-2.2.15/
[        ] Found plugin path_provider_foundation at /Users/alebairos/.pub-cache/hosted/pub.dev/path_provider_foundation-2.4.1/
[        ] Found plugin path_provider_linux at /Users/alebairos/.pub-cache/hosted/pub.dev/path_provider_linux-2.2.1/
[        ] Found plugin path_provider_windows at /Users/alebairos/.pub-cache/hosted/pub.dev/path_provider_windows-2.3.0/
[   +1 ms] Found plugin record at /Users/alebairos/.pub-cache/hosted/pub.dev/record-4.4.4/
[        ] Found plugin record_linux at /Users/alebairos/.pub-cache/hosted/pub.dev/record_linux-0.4.1/
[        ] Found plugin record_macos at /Users/alebairos/.pub-cache/hosted/pub.dev/record_macos-0.2.2/
[        ] Found plugin record_web at /Users/alebairos/.pub-cache/hosted/pub.dev/record_web-0.5.0/
[        ] Found plugin record_windows at /Users/alebairos/.pub-cache/hosted/pub.dev/record_windows-0.7.1/
[  +14 ms] Found plugin audioplayers at /Users/alebairos/.pub-cache/hosted/pub.dev/audioplayers-5.2.1/
[        ] Found plugin audioplayers_android at /Users/alebairos/.pub-cache/hosted/pub.dev/audioplayers_android-4.0.3/
[        ] Found plugin audioplayers_darwin at /Users/alebairos/.pub-cache/hosted/pub.dev/audioplayers_darwin-5.0.2/
[        ] Found plugin audioplayers_linux at /Users/alebairos/.pub-cache/hosted/pub.dev/audioplayers_linux-3.1.0/
[        ] Found plugin audioplayers_web at /Users/alebairos/.pub-cache/hosted/pub.dev/audioplayers_web-4.1.0/
[        ] Found plugin audioplayers_windows at /Users/alebairos/.pub-cache/hosted/pub.dev/audioplayers_windows-3.1.0/
[   +7 ms] Found plugin isar_flutter_libs at /Users/alebairos/.pub-cache/hosted/pub.dev/isar_flutter_libs-3.1.0+1/
[   +3 ms] Found plugin path_provider at /Users/alebairos/.pub-cache/hosted/pub.dev/path_provider-2.1.5/
[        ] Found plugin path_provider_android at /Users/alebairos/.pub-cache/hosted/pub.dev/path_provider_android-2.2.15/
[        ] Found plugin path_provider_foundation at /Users/alebairos/.pub-cache/hosted/pub.dev/path_provider_foundation-2.4.1/
[        ] Found plugin path_provider_linux at /Users/alebairos/.pub-cache/hosted/pub.dev/path_provider_linux-2.2.1/
[        ] Found plugin path_provider_windows at /Users/alebairos/.pub-cache/hosted/pub.dev/path_provider_windows-2.3.0/
[   +1 ms] Found plugin record at /Users/alebairos/.pub-cache/hosted/pub.dev/record-4.4.4/
[        ] Found plugin record_linux at /Users/alebairos/.pub-cache/hosted/pub.dev/record_linux-0.4.1/
[        ] Found plugin record_macos at /Users/alebairos/.pub-cache/hosted/pub.dev/record_macos-0.2.2/
[        ] Found plugin record_web at /Users/alebairos/.pub-cache/hosted/pub.dev/record_web-0.5.0/
[        ] Found plugin record_windows at /Users/alebairos/.pub-cache/hosted/pub.dev/record_windows-0.7.1/
[   +8 ms] Generating /Users/alebairos/Projects/mobile/chat_app/android/app/src/main/java/io/flutter/plugins/GeneratedPluginRegistrant.java
[  +11 ms] executing: sysctl hw.optional.arm64
[   +2 ms] Exit code 0 from: sysctl hw.optional.arm64
[        ] hw.optional.arm64: 1
[        ] executing: /usr/bin/arch -arm64e xcrun xcodebuild -version
[  +40 ms] Exit code 0 from: /usr/bin/arch -arm64e xcrun xcodebuild -version
[        ] Xcode 16.2
           Build version 16C5032a
[  +41 ms] No packages with native assets. Skipping native assets compilation.
[        ] Writing native assets json to file:///Users/alebairos/Projects/mobile/chat_app/build/native_assets/macos/native_assets.json.
[        ] Writing /Users/alebairos/Projects/mobile/chat_app/build/native_assets/macos/native_assets.json done.
[  +59 ms] running test package with arguments: [--no-color, --chain-stack-traces, --, file:///Users/alebairos/Projects/mobile/chat_app/test/models/life_plan/goal_test.dart?]
00:00 +0: loading /Users/alebairos/Projects/mobile/chat_app/test/models/life_plan/goal_test.dart                                                                                                       [  +70 ms] test 0: starting test /Users/alebairos/Projects/mobile/chat_app/test/models/life_plan/goal_test.dart
[   +1 ms] Stopping scan for flutter_test_config.dart; found project root at /Users/alebairos/Projects/mobile/chat_app
[        ] Compiler will use the following file as its incremental dill file: /var/folders/f7/rqd14g9d2rv0v4rhwj55l7v40000gn/T/flutter_tools.wX9fuB/flutter_test_compiler.6LBpEV/output.dill
[        ] Listening to compiler controller...
[   +2 ms] Compiling file:///var/folders/f7/rqd14g9d2rv0v4rhwj55l7v40000gn/T/flutter_tools.wX9fuB/flutter_test_listener.d3k3un/listener.dart
[  +16 ms] Found plugin audioplayers at /Users/alebairos/.pub-cache/hosted/pub.dev/audioplayers-5.2.1/
[        ] Found plugin audioplayers_android at /Users/alebairos/.pub-cache/hosted/pub.dev/audioplayers_android-4.0.3/
[        ] Found plugin audioplayers_darwin at /Users/alebairos/.pub-cache/hosted/pub.dev/audioplayers_darwin-5.0.2/
[        ] Found plugin audioplayers_linux at /Users/alebairos/.pub-cache/hosted/pub.dev/audioplayers_linux-3.1.0/
[        ] Found plugin audioplayers_web at /Users/alebairos/.pub-cache/hosted/pub.dev/audioplayers_web-4.1.0/
[        ] Found plugin audioplayers_windows at /Users/alebairos/.pub-cache/hosted/pub.dev/audioplayers_windows-3.1.0/
[   +7 ms] Found plugin isar_flutter_libs at /Users/alebairos/.pub-cache/hosted/pub.dev/isar_flutter_libs-3.1.0+1/
[   +3 ms] Found plugin path_provider at /Users/alebairos/.pub-cache/hosted/pub.dev/path_provider-2.1.5/
[        ] Found plugin path_provider_android at /Users/alebairos/.pub-cache/hosted/pub.dev/path_provider_android-2.2.15/
[        ] Found plugin path_provider_foundation at /Users/alebairos/.pub-cache/hosted/pub.dev/path_provider_foundation-2.4.1/
[        ] Found plugin path_provider_linux at /Users/alebairos/.pub-cache/hosted/pub.dev/path_provider_linux-2.2.1/
[        ] Found plugin path_provider_windows at /Users/alebairos/.pub-cache/hosted/pub.dev/path_provider_windows-2.3.0/
[   +1 ms] Found plugin record at /Users/alebairos/.pub-cache/hosted/pub.dev/record-4.4.4/
[        ] Found plugin record_linux at /Users/alebairos/.pub-cache/hosted/pub.dev/record_linux-0.4.1/
[        ] Found plugin record_macos at /Users/alebairos/.pub-cache/hosted/pub.dev/record_macos-0.2.2/
[        ] Found plugin record_web at /Users/alebairos/.pub-cache/hosted/pub.dev/record_web-0.5.0/
[        ] Found plugin record_windows at /Users/alebairos/.pub-cache/hosted/pub.dev/record_windows-0.7.1/
[   +9 ms] /opt/homebrew/Caskroom/flutter/3.27.2/flutter/bin/cache/dart-sdk/bin/dartaotruntime /opt/homebrew/Caskroom/flutter/3.27.2/flutter/bin/cache/dart-sdk/bin/snapshots/frontend_server_aot.dart.snapshot --sdk-root /opt/homebrew/Caskroom/flutter/3.27.2/flutter/bin/cache/artifacts/engine/common/flutter_patched_sdk/ --incremental --no-print-incremental-dependencies --target=flutter --experimental-emit-debug-metadata --output-dill /var/folders/f7/rqd14g9d2rv0v4rhwj55l7v40000gn/T/flutter_tools.wX9fuB/flutter_test_compiler.6LBpEV/output.dill --packages /Users/alebairos/Projects/mobile/chat_app/.dart_tool/package_config.json -Ddart.vm.profile=false -Ddart.vm.product=false --enable-asserts --track-widget-creation --initialize-from-dill /Users/alebairos/Projects/mobile/chat_app/build/test_cache/build/cache.dill.track.dill --verbosity=error
[   +5 ms] <- compile file:///var/folders/f7/rqd14g9d2rv0v4rhwj55l7v40000gn/T/flutter_tools.wX9fuB/flutter_test_listener.d3k3un/listener.dart
[ +397 ms] <- accept
[        ] <- reset
[        ] Compiling file:///var/folders/f7/rqd14g9d2rv0v4rhwj55l7v40000gn/T/flutter_tools.wX9fuB/flutter_test_listener.d3k3un/listener.dart took 445ms
[        ] test 0: starting test device
[   +1 ms] test 0: awaiting connection to test device
[        ] test 0: VM Service uri is not available
[   +1 ms] test 0: test harness socket server is running at port:50386
[        ] Using this directory for fonts configuration: /var/folders/f7/rqd14g9d2rv0v4rhwj55l7v40000gn/T/flutter_tools.wX9fuB/flutter_test_fonts.YAdeUY
[        ] test 0: Starting flutter_tester process with command=[/opt/homebrew/Caskroom/flutter/3.27.2/flutter/bin/cache/artifacts/engine/darwin-x64/flutter_tester, --disable-vm-service, --enable-checked-mode, --verify-entry-points, --enable-software-rendering, --skia-deterministic-rendering, --enable-dart-profiling, --non-interactive, --use-test-fonts, --disable-asset-fonts, --packages=/Users/alebairos/Projects/mobile/chat_app/.dart_tool/package_config.json, --flutter-assets-dir=/Users/alebairos/Projects/mobile/chat_app/build/unit_test_assets, /var/folders/f7/rqd14g9d2rv0v4rhwj55l7v40000gn/T/flutter_tools.wX9fuB/flutter_test_listener.d3k3un/listener.dart.dill], environment={FLUTTER_TEST: true, FONTCONFIG_FILE: /var/folders/f7/rqd14g9d2rv0v4rhwj55l7v40000gn/T/flutter_tools.wX9fuB/flutter_test_fonts.YAdeUY/fonts.conf, SERVER_PORT: 50386, APP_NAME: character_ai_clone, UNIT_TEST_ASSETS: /Users/alebairos/Projects/mobile/chat_app/build/unit_test_assets}
[   +2 ms] test 0: Started flutter_tester process at pid 3651
[ +324 ms] test 0: connected to test device, now awaiting test result
[        ] test 0: Waiting for test harness or tests to finish
00:00 +0: Goal Model creates Goal from CSV row                                                                                                                                                         00:00 +1: Goal Model creates Goal from CSV row                                                                                                                                                         00:00 +1: Goal Model handles empty or null values in CSV row                                                                                                                                           00:00 +2: Goal Model handles empty or null values in CSV row                                                                                                                                           00:00 +2: Goal Model correctly matches dimension                                                                                                                                                       00:00 +3: Goal Model correctly matches dimension                                                                                                                                                       00:00 +3: Goal Model toString returns formatted string                                                                                                                                                 00:00 +4: Goal Model toString returns formatted string                                                                                                                                                 00:00 +4: Goal Model LifeDimension Constants contains all required dimensions                                                                                                                          00:00 +5: Goal Model LifeDimension Constants contains all required dimensions                                                                                                                          [  +45 ms] test 0: Test harness is no longer needed by test process
[        ] test 0: finished
[        ] test 0: cleaning up...
[        ] test 0: ensuring test device is terminated.
[        ] test 0: Terminating flutter_tester process
[        ] test 0: Shutting down DevTools server
[        ] test 0: Test process is no longer needed by test harness
[        ] test 0: Shutting down test harness socket server
[   +1 ms] test 0: flutter_tester process at pid 3651 exited with code=-9
[        ] test 0: deleting temporary directory
[        ] test 0: finished
00:00 +5: All tests passed!                                                                                                                                                                            
[   +2 ms] Deleting /var/folders/f7/rqd14g9d2rv0v4rhwj55l7v40000gn/T/flutter_tools.wX9fuB/flutter_test_compiler.6LBpEV...
[        ] killing pid 3650
[   +4 ms] Deleting /var/folders/f7/rqd14g9d2rv0v4rhwj55l7v40000gn/T/flutter_tools.wX9fuB/flutter_test_fonts.YAdeUY...
[        ] test package returned with exit code 0
[        ] Runtime for phase TestRunner: Wall-clock: 0:00:00.914924; combined: 0:00:00.914938.
[        ] Runtime for phase Compile: Wall-clock: 0:00:00.445977; combined: 0:00:00.445991.
[        ] Runtime for phase Run: Wall-clock: 0:00:00.377243; combined: 0:00:00.377245.
[        ] Runtime for phase CoverageTotal: Wall-clock: 0:00:00.000000; combined: 0:00:00.000000.
[        ] Runtime for phase CoverageCollect: Wall-clock: 0:00:00.000000; combined: 0:00:00.000000.
[        ] Runtime for phase CoverageParseJson: Wall-clock: 0:00:00.000000; combined: 0:00:00.000000.
[        ] Runtime for phase CoverageAddHitmap: Wall-clock: 0:00:00.000000; combined: 0:00:00.000000.
[        ] Runtime for phase CoverageDataCollect: Wall-clock: 0:00:00.000000; combined: 0:00:00.000000.
[        ] Runtime for phase WatcherFinishedTest: Wall-clock: 0:00:00.000255; combined: 0:00:00.000256.
[   +2 ms] "flutter test" took 1,291ms.
[  +18 ms] Running 3 shutdown hooks
[        ] Shutdown hooks complete
[ +129 ms] exiting with code 0

=== Running ./test/widget_test.dart ===
[   +9 ms] executing: sysctl hw.optional.arm64
[   +5 ms] Exit code 0 from: sysctl hw.optional.arm64
[        ] hw.optional.arm64: 1
[   +7 ms] executing: sw_vers -productName
[   +6 ms] Exit code 0 from: sw_vers -productName
[        ] macOS
[        ] executing: sw_vers -productVersion
[   +6 ms] Exit code 0 from: sw_vers -productVersion
[        ] 14.6.1
[        ] executing: sw_vers -buildVersion
[   +5 ms] Exit code 0 from: sw_vers -buildVersion
[        ] 23G93
[        ] executing: uname -m
[   +2 ms] Exit code 0 from: uname -m
[        ] arm64
[   +8 ms] Found 1 files which will be executed as Widget Tests.
[   +2 ms] Artifact Instance of 'AndroidGenSnapshotArtifacts' is not required, skipping update.
[        ] Artifact Instance of 'AndroidInternalBuildArtifacts' is not required, skipping update.
[        ] Artifact Instance of 'IOSEngineArtifacts' is not required, skipping update.
[        ] Artifact Instance of 'FlutterWebSdk' is not required, skipping update.
[        ] Artifact Instance of 'LegacyCanvasKitRemover' is not required, skipping update.
[   +1 ms] Artifact Instance of 'WindowsEngineArtifacts' is not required, skipping update.
[        ] Artifact Instance of 'MacOSEngineArtifacts' is not required, skipping update.
[        ] Artifact Instance of 'LinuxEngineArtifacts' is not required, skipping update.
[        ] Artifact Instance of 'LinuxFuchsiaSDKArtifacts' is not required, skipping update.
[        ] Artifact Instance of 'MacOSFuchsiaSDKArtifacts' is not required, skipping update.
[        ] Artifact Instance of 'FlutterRunnerSDKArtifacts' is not required, skipping update.
[        ] Artifact Instance of 'FlutterRunnerDebugSymbols' is not required, skipping update.
[  +17 ms] Artifact Instance of 'MaterialFonts' is not required, skipping update.
[        ] Artifact Instance of 'GradleWrapper' is not required, skipping update.
[        ] Artifact Instance of 'AndroidGenSnapshotArtifacts' is not required, skipping update.
[        ] Artifact Instance of 'AndroidInternalBuildArtifacts' is not required, skipping update.
[        ] Artifact Instance of 'IOSEngineArtifacts' is not required, skipping update.
[        ] Artifact Instance of 'FlutterWebSdk' is not required, skipping update.
[        ] Artifact Instance of 'LegacyCanvasKitRemover' is not required, skipping update.
[        ] Artifact Instance of 'FlutterSdk' is not required, skipping update.
[        ] Artifact Instance of 'WindowsEngineArtifacts' is not required, skipping update.
[        ] Artifact Instance of 'MacOSEngineArtifacts' is not required, skipping update.
[        ] Artifact Instance of 'LinuxEngineArtifacts' is not required, skipping update.
[        ] Artifact Instance of 'LinuxFuchsiaSDKArtifacts' is not required, skipping update.
[        ] Artifact Instance of 'MacOSFuchsiaSDKArtifacts' is not required, skipping update.
[        ] Artifact Instance of 'FlutterRunnerSDKArtifacts' is not required, skipping update.
[        ] Artifact Instance of 'FlutterRunnerDebugSymbols' is not required, skipping update.
[        ] Artifact Instance of 'IosUsbArtifacts' is not required, skipping update.
[        ] Artifact Instance of 'IosUsbArtifacts' is not required, skipping update.
[        ] Artifact Instance of 'IosUsbArtifacts' is not required, skipping update.
[        ] Artifact Instance of 'IosUsbArtifacts' is not required, skipping update.
[        ] Artifact Instance of 'IosUsbArtifacts' is not required, skipping update.
[        ] Artifact Instance of 'FontSubsetArtifacts' is not required, skipping update.
[        ] Artifact Instance of 'PubDependencies' is not required, skipping update.
[  +21 ms] Skipping pub get: version match.
[  +13 ms] Found plugin audioplayers at /Users/alebairos/.pub-cache/hosted/pub.dev/audioplayers-5.2.1/
[   +1 ms] Found plugin audioplayers_android at /Users/alebairos/.pub-cache/hosted/pub.dev/audioplayers_android-4.0.3/
[   +1 ms] Found plugin audioplayers_darwin at /Users/alebairos/.pub-cache/hosted/pub.dev/audioplayers_darwin-5.0.2/
[   +1 ms] Found plugin audioplayers_linux at /Users/alebairos/.pub-cache/hosted/pub.dev/audioplayers_linux-3.1.0/
[   +1 ms] Found plugin audioplayers_web at /Users/alebairos/.pub-cache/hosted/pub.dev/audioplayers_web-4.1.0/
[        ] Found plugin audioplayers_windows at /Users/alebairos/.pub-cache/hosted/pub.dev/audioplayers_windows-3.1.0/
[  +20 ms] Found plugin isar_flutter_libs at /Users/alebairos/.pub-cache/hosted/pub.dev/isar_flutter_libs-3.1.0+1/
[   +9 ms] Found plugin path_provider at /Users/alebairos/.pub-cache/hosted/pub.dev/path_provider-2.1.5/
[        ] Found plugin path_provider_android at /Users/alebairos/.pub-cache/hosted/pub.dev/path_provider_android-2.2.15/
[        ] Found plugin path_provider_foundation at /Users/alebairos/.pub-cache/hosted/pub.dev/path_provider_foundation-2.4.1/
[        ] Found plugin path_provider_linux at /Users/alebairos/.pub-cache/hosted/pub.dev/path_provider_linux-2.2.1/
[   +1 ms] Found plugin path_provider_windows at /Users/alebairos/.pub-cache/hosted/pub.dev/path_provider_windows-2.3.0/
[   +2 ms] Found plugin record at /Users/alebairos/.pub-cache/hosted/pub.dev/record-4.4.4/
[        ] Found plugin record_linux at /Users/alebairos/.pub-cache/hosted/pub.dev/record_linux-0.4.1/
[        ] Found plugin record_macos at /Users/alebairos/.pub-cache/hosted/pub.dev/record_macos-0.2.2/
[        ] Found plugin record_web at /Users/alebairos/.pub-cache/hosted/pub.dev/record_web-0.5.0/
[        ] Found plugin record_windows at /Users/alebairos/.pub-cache/hosted/pub.dev/record_windows-0.7.1/
[  +17 ms] Found plugin audioplayers at /Users/alebairos/.pub-cache/hosted/pub.dev/audioplayers-5.2.1/
[        ] Found plugin audioplayers_android at /Users/alebairos/.pub-cache/hosted/pub.dev/audioplayers_android-4.0.3/
[        ] Found plugin audioplayers_darwin at /Users/alebairos/.pub-cache/hosted/pub.dev/audioplayers_darwin-5.0.2/
[        ] Found plugin audioplayers_linux at /Users/alebairos/.pub-cache/hosted/pub.dev/audioplayers_linux-3.1.0/
[        ] Found plugin audioplayers_web at /Users/alebairos/.pub-cache/hosted/pub.dev/audioplayers_web-4.1.0/
[        ] Found plugin audioplayers_windows at /Users/alebairos/.pub-cache/hosted/pub.dev/audioplayers_windows-3.1.0/
[  +10 ms] Found plugin isar_flutter_libs at /Users/alebairos/.pub-cache/hosted/pub.dev/isar_flutter_libs-3.1.0+1/
[   +4 ms] Found plugin path_provider at /Users/alebairos/.pub-cache/hosted/pub.dev/path_provider-2.1.5/
[        ] Found plugin path_provider_android at /Users/alebairos/.pub-cache/hosted/pub.dev/path_provider_android-2.2.15/
[        ] Found plugin path_provider_foundation at /Users/alebairos/.pub-cache/hosted/pub.dev/path_provider_foundation-2.4.1/
[        ] Found plugin path_provider_linux at /Users/alebairos/.pub-cache/hosted/pub.dev/path_provider_linux-2.2.1/
[        ] Found plugin path_provider_windows at /Users/alebairos/.pub-cache/hosted/pub.dev/path_provider_windows-2.3.0/
[   +1 ms] Found plugin record at /Users/alebairos/.pub-cache/hosted/pub.dev/record-4.4.4/
[        ] Found plugin record_linux at /Users/alebairos/.pub-cache/hosted/pub.dev/record_linux-0.4.1/
[        ] Found plugin record_macos at /Users/alebairos/.pub-cache/hosted/pub.dev/record_macos-0.2.2/
[        ] Found plugin record_web at /Users/alebairos/.pub-cache/hosted/pub.dev/record_web-0.5.0/
[        ] Found plugin record_windows at /Users/alebairos/.pub-cache/hosted/pub.dev/record_windows-0.7.1/
[  +14 ms] Found plugin audioplayers at /Users/alebairos/.pub-cache/hosted/pub.dev/audioplayers-5.2.1/
[        ] Found plugin audioplayers_android at /Users/alebairos/.pub-cache/hosted/pub.dev/audioplayers_android-4.0.3/
[        ] Found plugin audioplayers_darwin at /Users/alebairos/.pub-cache/hosted/pub.dev/audioplayers_darwin-5.0.2/
[        ] Found plugin audioplayers_linux at /Users/alebairos/.pub-cache/hosted/pub.dev/audioplayers_linux-3.1.0/
[        ] Found plugin audioplayers_web at /Users/alebairos/.pub-cache/hosted/pub.dev/audioplayers_web-4.1.0/
[        ] Found plugin audioplayers_windows at /Users/alebairos/.pub-cache/hosted/pub.dev/audioplayers_windows-3.1.0/
[   +7 ms] Found plugin isar_flutter_libs at /Users/alebairos/.pub-cache/hosted/pub.dev/isar_flutter_libs-3.1.0+1/
[   +3 ms] Found plugin path_provider at /Users/alebairos/.pub-cache/hosted/pub.dev/path_provider-2.1.5/
[        ] Found plugin path_provider_android at /Users/alebairos/.pub-cache/hosted/pub.dev/path_provider_android-2.2.15/
[        ] Found plugin path_provider_foundation at /Users/alebairos/.pub-cache/hosted/pub.dev/path_provider_foundation-2.4.1/
[        ] Found plugin path_provider_linux at /Users/alebairos/.pub-cache/hosted/pub.dev/path_provider_linux-2.2.1/
[        ] Found plugin path_provider_windows at /Users/alebairos/.pub-cache/hosted/pub.dev/path_provider_windows-2.3.0/
[   +1 ms] Found plugin record at /Users/alebairos/.pub-cache/hosted/pub.dev/record-4.4.4/
[        ] Found plugin record_linux at /Users/alebairos/.pub-cache/hosted/pub.dev/record_linux-0.4.1/
[        ] Found plugin record_macos at /Users/alebairos/.pub-cache/hosted/pub.dev/record_macos-0.2.2/
[        ] Found plugin record_web at /Users/alebairos/.pub-cache/hosted/pub.dev/record_web-0.5.0/
[        ] Found plugin record_windows at /Users/alebairos/.pub-cache/hosted/pub.dev/record_windows-0.7.1/
[   +8 ms] Generating /Users/alebairos/Projects/mobile/chat_app/android/app/src/main/java/io/flutter/plugins/GeneratedPluginRegistrant.java
[  +10 ms] executing: sysctl hw.optional.arm64
[   +1 ms] Exit code 0 from: sysctl hw.optional.arm64
[        ] hw.optional.arm64: 1
[        ] executing: /usr/bin/arch -arm64e xcrun xcodebuild -version
[  +38 ms] Exit code 0 from: /usr/bin/arch -arm64e xcrun xcodebuild -version
[        ] Xcode 16.2
           Build version 16C5032a
[  +41 ms] No packages with native assets. Skipping native assets compilation.
[        ] Writing native assets json to file:///Users/alebairos/Projects/mobile/chat_app/build/native_assets/macos/native_assets.json.
[        ] Writing /Users/alebairos/Projects/mobile/chat_app/build/native_assets/macos/native_assets.json done.
[  +60 ms] running test package with arguments: [--no-color, --chain-stack-traces, --, file:///Users/alebairos/Projects/mobile/chat_app/test/widget_test.dart?]
00:00 +0: loading /Users/alebairos/Projects/mobile/chat_app/test/widget_test.dart                                                                                                                      [  +70 ms] test 0: starting test /Users/alebairos/Projects/mobile/chat_app/test/widget_test.dart
[   +1 ms] Stopping scan for flutter_test_config.dart; found project root at /Users/alebairos/Projects/mobile/chat_app
[        ] Compiler will use the following file as its incremental dill file: /var/folders/f7/rqd14g9d2rv0v4rhwj55l7v40000gn/T/flutter_tools.LIwFlL/flutter_test_compiler.iIwVo3/output.dill
[        ] Listening to compiler controller...
[   +3 ms] Compiling file:///var/folders/f7/rqd14g9d2rv0v4rhwj55l7v40000gn/T/flutter_tools.LIwFlL/flutter_test_listener.gjCcJp/listener.dart
[  +18 ms] Found plugin audioplayers at /Users/alebairos/.pub-cache/hosted/pub.dev/audioplayers-5.2.1/
[        ] Found plugin audioplayers_android at /Users/alebairos/.pub-cache/hosted/pub.dev/audioplayers_android-4.0.3/
[        ] Found plugin audioplayers_darwin at /Users/alebairos/.pub-cache/hosted/pub.dev/audioplayers_darwin-5.0.2/
[        ] Found plugin audioplayers_linux at /Users/alebairos/.pub-cache/hosted/pub.dev/audioplayers_linux-3.1.0/
[        ] Found plugin audioplayers_web at /Users/alebairos/.pub-cache/hosted/pub.dev/audioplayers_web-4.1.0/
[        ] Found plugin audioplayers_windows at /Users/alebairos/.pub-cache/hosted/pub.dev/audioplayers_windows-3.1.0/
[   +7 ms] Found plugin isar_flutter_libs at /Users/alebairos/.pub-cache/hosted/pub.dev/isar_flutter_libs-3.1.0+1/
[   +3 ms] Found plugin path_provider at /Users/alebairos/.pub-cache/hosted/pub.dev/path_provider-2.1.5/
[        ] Found plugin path_provider_android at /Users/alebairos/.pub-cache/hosted/pub.dev/path_provider_android-2.2.15/
[        ] Found plugin path_provider_foundation at /Users/alebairos/.pub-cache/hosted/pub.dev/path_provider_foundation-2.4.1/
[        ] Found plugin path_provider_linux at /Users/alebairos/.pub-cache/hosted/pub.dev/path_provider_linux-2.2.1/
[        ] Found plugin path_provider_windows at /Users/alebairos/.pub-cache/hosted/pub.dev/path_provider_windows-2.3.0/
[   +1 ms] Found plugin record at /Users/alebairos/.pub-cache/hosted/pub.dev/record-4.4.4/
[        ] Found plugin record_linux at /Users/alebairos/.pub-cache/hosted/pub.dev/record_linux-0.4.1/
[        ] Found plugin record_macos at /Users/alebairos/.pub-cache/hosted/pub.dev/record_macos-0.2.2/
[        ] Found plugin record_web at /Users/alebairos/.pub-cache/hosted/pub.dev/record_web-0.5.0/
[        ] Found plugin record_windows at /Users/alebairos/.pub-cache/hosted/pub.dev/record_windows-0.7.1/
[   +9 ms] /opt/homebrew/Caskroom/flutter/3.27.2/flutter/bin/cache/dart-sdk/bin/dartaotruntime /opt/homebrew/Caskroom/flutter/3.27.2/flutter/bin/cache/dart-sdk/bin/snapshots/frontend_server_aot.dart.snapshot --sdk-root /opt/homebrew/Caskroom/flutter/3.27.2/flutter/bin/cache/artifacts/engine/common/flutter_patched_sdk/ --incremental --no-print-incremental-dependencies --target=flutter --experimental-emit-debug-metadata --output-dill /var/folders/f7/rqd14g9d2rv0v4rhwj55l7v40000gn/T/flutter_tools.LIwFlL/flutter_test_compiler.iIwVo3/output.dill --packages /Users/alebairos/Projects/mobile/chat_app/.dart_tool/package_config.json -Ddart.vm.profile=false -Ddart.vm.product=false --enable-asserts --track-widget-creation --initialize-from-dill /Users/alebairos/Projects/mobile/chat_app/build/test_cache/build/cache.dill.track.dill --verbosity=error
[   +5 ms] <- compile file:///var/folders/f7/rqd14g9d2rv0v4rhwj55l7v40000gn/T/flutter_tools.LIwFlL/flutter_test_listener.gjCcJp/listener.dart
[ +597 ms] <- accept
[        ] <- reset
[        ] Compiling file:///var/folders/f7/rqd14g9d2rv0v4rhwj55l7v40000gn/T/flutter_tools.LIwFlL/flutter_test_listener.gjCcJp/listener.dart took 647ms
[        ] test 0: starting test device
[   +1 ms] test 0: awaiting connection to test device
[        ] test 0: VM Service uri is not available
[   +1 ms] test 0: test harness socket server is running at port:50392
[        ] Using this directory for fonts configuration: /var/folders/f7/rqd14g9d2rv0v4rhwj55l7v40000gn/T/flutter_tools.LIwFlL/flutter_test_fonts.dmGBuC
[        ] test 0: Starting flutter_tester process with command=[/opt/homebrew/Caskroom/flutter/3.27.2/flutter/bin/cache/artifacts/engine/darwin-x64/flutter_tester, --disable-vm-service, --enable-checked-mode, --verify-entry-points, --enable-software-rendering, --skia-deterministic-rendering, --enable-dart-profiling, --non-interactive, --use-test-fonts, --disable-asset-fonts, --packages=/Users/alebairos/Projects/mobile/chat_app/.dart_tool/package_config.json, --flutter-assets-dir=/Users/alebairos/Projects/mobile/chat_app/build/unit_test_assets, /var/folders/f7/rqd14g9d2rv0v4rhwj55l7v40000gn/T/flutter_tools.LIwFlL/flutter_test_listener.gjCcJp/listener.dart.dill], environment={FLUTTER_TEST: true, FONTCONFIG_FILE: /var/folders/f7/rqd14g9d2rv0v4rhwj55l7v40000gn/T/flutter_tools.LIwFlL/flutter_test_fonts.dmGBuC/fonts.conf, SERVER_PORT: 50392, APP_NAME: character_ai_clone, UNIT_TEST_ASSETS: /Users/alebairos/Projects/mobile/chat_app/build/unit_test_assets}
[   +3 ms] test 0: Started flutter_tester process at pid 3691
[ +323 ms] test 0: connected to test device, now awaiting test result
[        ] test 0: Waiting for test harness or tests to finish
00:01 +0: loading /Users/alebairos/Projects/mobile/chat_app/test/widget_test.dart                                                                                                                      00:01 +0: (setUpAll)                                                                                                                                                                                   00:01 +0: Claude service initializes with API key                                                                                                                                                      00:01 +1: Claude service initializes with API key                                                                                                                                                      00:01 +1: ChatApp can be instantiated                                                                                                                                                                  00:01 +2: ChatApp can be instantiated                                                                                                                                                                  00:01 +2: (tearDownAll)                                                                                                                                                                                [  +78 ms] test 0: Test harness is no longer needed by test process
[        ] test 0: finished
[        ] test 0: cleaning up...
[        ] test 0: ensuring test device is terminated.
[        ] test 0: Terminating flutter_tester process
[        ] test 0: Shutting down DevTools server
[        ] test 0: Test process is no longer needed by test harness
[        ] test 0: Shutting down test harness socket server
[   +1 ms] test 0: flutter_tester process at pid 3691 exited with code=-9
[        ] test 0: deleting temporary directory
[        ] test 0: finished
00:01 +2: All tests passed!                                                                                                                                                                            
[   +2 ms] Deleting /var/folders/f7/rqd14g9d2rv0v4rhwj55l7v40000gn/T/flutter_tools.LIwFlL/flutter_test_compiler.iIwVo3...
[   +4 ms] killing pid 3689
[  +18 ms] Deleting /var/folders/f7/rqd14g9d2rv0v4rhwj55l7v40000gn/T/flutter_tools.LIwFlL/flutter_test_fonts.dmGBuC...
[   +1 ms] test package returned with exit code 0
[        ] Runtime for phase TestRunner: Wall-clock: 0:00:01.167374; combined: 0:00:01.167395.
[        ] Runtime for phase Compile: Wall-clock: 0:00:00.647778; combined: 0:00:00.647796.
[        ] Runtime for phase Run: Wall-clock: 0:00:00.408829; combined: 0:00:00.408832.
[        ] Runtime for phase CoverageTotal: Wall-clock: 0:00:00.000000; combined: 0:00:00.000000.
[        ] Runtime for phase CoverageCollect: Wall-clock: 0:00:00.000000; combined: 0:00:00.000000.
[        ] Runtime for phase CoverageParseJson: Wall-clock: 0:00:00.000000; combined: 0:00:00.000000.
[        ] Runtime for phase CoverageAddHitmap: Wall-clock: 0:00:00.000000; combined: 0:00:00.000000.
[        ] Runtime for phase CoverageDataCollect: Wall-clock: 0:00:00.000000; combined: 0:00:00.000000.
[        ] Runtime for phase WatcherFinishedTest: Wall-clock: 0:00:00.000309; combined: 0:00:00.000310.
[   +2 ms] "flutter test" took 1,532ms.
[  +18 ms] Running 3 shutdown hooks
[        ] Shutdown hooks complete
[ +132 ms] exiting with code 0

=== Running ./test/chat_message_test.dart ===
[  +10 ms] executing: sysctl hw.optional.arm64
[   +5 ms] Exit code 0 from: sysctl hw.optional.arm64
[        ] hw.optional.arm64: 1
[   +7 ms] executing: sw_vers -productName
[   +6 ms] Exit code 0 from: sw_vers -productName
[        ] macOS
[        ] executing: sw_vers -productVersion
[   +6 ms] Exit code 0 from: sw_vers -productVersion
[        ] 14.6.1
[        ] executing: sw_vers -buildVersion
[   +5 ms] Exit code 0 from: sw_vers -buildVersion
[        ] 23G93
[        ] executing: uname -m
[   +2 ms] Exit code 0 from: uname -m
[        ] arm64
[   +8 ms] Found 1 files which will be executed as Widget Tests.
[   +2 ms] Artifact Instance of 'AndroidGenSnapshotArtifacts' is not required, skipping update.
[        ] Artifact Instance of 'AndroidInternalBuildArtifacts' is not required, skipping update.
[        ] Artifact Instance of 'IOSEngineArtifacts' is not required, skipping update.
[        ] Artifact Instance of 'FlutterWebSdk' is not required, skipping update.
[        ] Artifact Instance of 'LegacyCanvasKitRemover' is not required, skipping update.
[   +1 ms] Artifact Instance of 'WindowsEngineArtifacts' is not required, skipping update.
[        ] Artifact Instance of 'MacOSEngineArtifacts' is not required, skipping update.
[        ] Artifact Instance of 'LinuxEngineArtifacts' is not required, skipping update.
[        ] Artifact Instance of 'LinuxFuchsiaSDKArtifacts' is not required, skipping update.
[        ] Artifact Instance of 'MacOSFuchsiaSDKArtifacts' is not required, skipping update.
[        ] Artifact Instance of 'FlutterRunnerSDKArtifacts' is not required, skipping update.
[        ] Artifact Instance of 'FlutterRunnerDebugSymbols' is not required, skipping update.
[  +17 ms] Artifact Instance of 'MaterialFonts' is not required, skipping update.
[        ] Artifact Instance of 'GradleWrapper' is not required, skipping update.
[        ] Artifact Instance of 'AndroidGenSnapshotArtifacts' is not required, skipping update.
[        ] Artifact Instance of 'AndroidInternalBuildArtifacts' is not required, skipping update.
[        ] Artifact Instance of 'IOSEngineArtifacts' is not required, skipping update.
[        ] Artifact Instance of 'FlutterWebSdk' is not required, skipping update.
[        ] Artifact Instance of 'LegacyCanvasKitRemover' is not required, skipping update.
[        ] Artifact Instance of 'FlutterSdk' is not required, skipping update.
[        ] Artifact Instance of 'WindowsEngineArtifacts' is not required, skipping update.
[        ] Artifact Instance of 'MacOSEngineArtifacts' is not required, skipping update.
[        ] Artifact Instance of 'LinuxEngineArtifacts' is not required, skipping update.
[        ] Artifact Instance of 'LinuxFuchsiaSDKArtifacts' is not required, skipping update.
[        ] Artifact Instance of 'MacOSFuchsiaSDKArtifacts' is not required, skipping update.
[        ] Artifact Instance of 'FlutterRunnerSDKArtifacts' is not required, skipping update.
[        ] Artifact Instance of 'FlutterRunnerDebugSymbols' is not required, skipping update.
[        ] Artifact Instance of 'IosUsbArtifacts' is not required, skipping update.
[        ] Artifact Instance of 'IosUsbArtifacts' is not required, skipping update.
[        ] Artifact Instance of 'IosUsbArtifacts' is not required, skipping update.
[        ] Artifact Instance of 'IosUsbArtifacts' is not required, skipping update.
[        ] Artifact Instance of 'IosUsbArtifacts' is not required, skipping update.
[        ] Artifact Instance of 'FontSubsetArtifacts' is not required, skipping update.
[        ] Artifact Instance of 'PubDependencies' is not required, skipping update.
[  +20 ms] Skipping pub get: version match.
[  +13 ms] Found plugin audioplayers at /Users/alebairos/.pub-cache/hosted/pub.dev/audioplayers-5.2.1/
[   +1 ms] Found plugin audioplayers_android at /Users/alebairos/.pub-cache/hosted/pub.dev/audioplayers_android-4.0.3/
[   +1 ms] Found plugin audioplayers_darwin at /Users/alebairos/.pub-cache/hosted/pub.dev/audioplayers_darwin-5.0.2/
[   +1 ms] Found plugin audioplayers_linux at /Users/alebairos/.pub-cache/hosted/pub.dev/audioplayers_linux-3.1.0/
[   +1 ms] Found plugin audioplayers_web at /Users/alebairos/.pub-cache/hosted/pub.dev/audioplayers_web-4.1.0/
[        ] Found plugin audioplayers_windows at /Users/alebairos/.pub-cache/hosted/pub.dev/audioplayers_windows-3.1.0/
[  +20 ms] Found plugin isar_flutter_libs at /Users/alebairos/.pub-cache/hosted/pub.dev/isar_flutter_libs-3.1.0+1/
[   +9 ms] Found plugin path_provider at /Users/alebairos/.pub-cache/hosted/pub.dev/path_provider-2.1.5/
[        ] Found plugin path_provider_android at /Users/alebairos/.pub-cache/hosted/pub.dev/path_provider_android-2.2.15/
[        ] Found plugin path_provider_foundation at /Users/alebairos/.pub-cache/hosted/pub.dev/path_provider_foundation-2.4.1/
[        ] Found plugin path_provider_linux at /Users/alebairos/.pub-cache/hosted/pub.dev/path_provider_linux-2.2.1/
[   +1 ms] Found plugin path_provider_windows at /Users/alebairos/.pub-cache/hosted/pub.dev/path_provider_windows-2.3.0/
[   +2 ms] Found plugin record at /Users/alebairos/.pub-cache/hosted/pub.dev/record-4.4.4/
[        ] Found plugin record_linux at /Users/alebairos/.pub-cache/hosted/pub.dev/record_linux-0.4.1/
[        ] Found plugin record_macos at /Users/alebairos/.pub-cache/hosted/pub.dev/record_macos-0.2.2/
[        ] Found plugin record_web at /Users/alebairos/.pub-cache/hosted/pub.dev/record_web-0.5.0/
[        ] Found plugin record_windows at /Users/alebairos/.pub-cache/hosted/pub.dev/record_windows-0.7.1/
[  +17 ms] Found plugin audioplayers at /Users/alebairos/.pub-cache/hosted/pub.dev/audioplayers-5.2.1/
[        ] Found plugin audioplayers_android at /Users/alebairos/.pub-cache/hosted/pub.dev/audioplayers_android-4.0.3/
[        ] Found plugin audioplayers_darwin at /Users/alebairos/.pub-cache/hosted/pub.dev/audioplayers_darwin-5.0.2/
[        ] Found plugin audioplayers_linux at /Users/alebairos/.pub-cache/hosted/pub.dev/audioplayers_linux-3.1.0/
[        ] Found plugin audioplayers_web at /Users/alebairos/.pub-cache/hosted/pub.dev/audioplayers_web-4.1.0/
[        ] Found plugin audioplayers_windows at /Users/alebairos/.pub-cache/hosted/pub.dev/audioplayers_windows-3.1.0/
[   +9 ms] Found plugin isar_flutter_libs at /Users/alebairos/.pub-cache/hosted/pub.dev/isar_flutter_libs-3.1.0+1/
[   +4 ms] Found plugin path_provider at /Users/alebairos/.pub-cache/hosted/pub.dev/path_provider-2.1.5/
[        ] Found plugin path_provider_android at /Users/alebairos/.pub-cache/hosted/pub.dev/path_provider_android-2.2.15/
[        ] Found plugin path_provider_foundation at /Users/alebairos/.pub-cache/hosted/pub.dev/path_provider_foundation-2.4.1/
[        ] Found plugin path_provider_linux at /Users/alebairos/.pub-cache/hosted/pub.dev/path_provider_linux-2.2.1/
[        ] Found plugin path_provider_windows at /Users/alebairos/.pub-cache/hosted/pub.dev/path_provider_windows-2.3.0/
[   +1 ms] Found plugin record at /Users/alebairos/.pub-cache/hosted/pub.dev/record-4.4.4/
[        ] Found plugin record_linux at /Users/alebairos/.pub-cache/hosted/pub.dev/record_linux-0.4.1/
[        ] Found plugin record_macos at /Users/alebairos/.pub-cache/hosted/pub.dev/record_macos-0.2.2/
[        ] Found plugin record_web at /Users/alebairos/.pub-cache/hosted/pub.dev/record_web-0.5.0/
[        ] Found plugin record_windows at /Users/alebairos/.pub-cache/hosted/pub.dev/record_windows-0.7.1/
[  +14 ms] Found plugin audioplayers at /Users/alebairos/.pub-cache/hosted/pub.dev/audioplayers-5.2.1/
[        ] Found plugin audioplayers_android at /Users/alebairos/.pub-cache/hosted/pub.dev/audioplayers_android-4.0.3/
[        ] Found plugin audioplayers_darwin at /Users/alebairos/.pub-cache/hosted/pub.dev/audioplayers_darwin-5.0.2/
[        ] Found plugin audioplayers_linux at /Users/alebairos/.pub-cache/hosted/pub.dev/audioplayers_linux-3.1.0/
[        ] Found plugin audioplayers_web at /Users/alebairos/.pub-cache/hosted/pub.dev/audioplayers_web-4.1.0/
[        ] Found plugin audioplayers_windows at /Users/alebairos/.pub-cache/hosted/pub.dev/audioplayers_windows-3.1.0/
[   +7 ms] Found plugin isar_flutter_libs at /Users/alebairos/.pub-cache/hosted/pub.dev/isar_flutter_libs-3.1.0+1/
[   +3 ms] Found plugin path_provider at /Users/alebairos/.pub-cache/hosted/pub.dev/path_provider-2.1.5/
[        ] Found plugin path_provider_android at /Users/alebairos/.pub-cache/hosted/pub.dev/path_provider_android-2.2.15/
[        ] Found plugin path_provider_foundation at /Users/alebairos/.pub-cache/hosted/pub.dev/path_provider_foundation-2.4.1/
[        ] Found plugin path_provider_linux at /Users/alebairos/.pub-cache/hosted/pub.dev/path_provider_linux-2.2.1/
[        ] Found plugin path_provider_windows at /Users/alebairos/.pub-cache/hosted/pub.dev/path_provider_windows-2.3.0/
[   +1 ms] Found plugin record at /Users/alebairos/.pub-cache/hosted/pub.dev/record-4.4.4/
[        ] Found plugin record_linux at /Users/alebairos/.pub-cache/hosted/pub.dev/record_linux-0.4.1/
[        ] Found plugin record_macos at /Users/alebairos/.pub-cache/hosted/pub.dev/record_macos-0.2.2/
[        ] Found plugin record_web at /Users/alebairos/.pub-cache/hosted/pub.dev/record_web-0.5.0/
[        ] Found plugin record_windows at /Users/alebairos/.pub-cache/hosted/pub.dev/record_windows-0.7.1/
[   +8 ms] Generating /Users/alebairos/Projects/mobile/chat_app/android/app/src/main/java/io/flutter/plugins/GeneratedPluginRegistrant.java
[  +10 ms] executing: sysctl hw.optional.arm64
[   +1 ms] Exit code 0 from: sysctl hw.optional.arm64
[        ] hw.optional.arm64: 1
[        ] executing: /usr/bin/arch -arm64e xcrun xcodebuild -version
[  +38 ms] Exit code 0 from: /usr/bin/arch -arm64e xcrun xcodebuild -version
[        ] Xcode 16.2
           Build version 16C5032a
[  +40 ms] No packages with native assets. Skipping native assets compilation.
[        ] Writing native assets json to file:///Users/alebairos/Projects/mobile/chat_app/build/native_assets/macos/native_assets.json.
[        ] Writing /Users/alebairos/Projects/mobile/chat_app/build/native_assets/macos/native_assets.json done.
[  +60 ms] running test package with arguments: [--no-color, --chain-stack-traces, --, file:///Users/alebairos/Projects/mobile/chat_app/test/chat_message_test.dart?]
00:00 +0: loading /Users/alebairos/Projects/mobile/chat_app/test/chat_message_test.dart                                                                                                                [  +84 ms] test 0: starting test /Users/alebairos/Projects/mobile/chat_app/test/chat_message_test.dart
[   +2 ms] Stopping scan for flutter_test_config.dart; found project root at /Users/alebairos/Projects/mobile/chat_app
[   +1 ms] Compiler will use the following file as its incremental dill file: /var/folders/f7/rqd14g9d2rv0v4rhwj55l7v40000gn/T/flutter_tools.TKij39/flutter_test_compiler.G1TynS/output.dill
[        ] Listening to compiler controller...
[   +5 ms] Compiling file:///var/folders/f7/rqd14g9d2rv0v4rhwj55l7v40000gn/T/flutter_tools.TKij39/flutter_test_listener.qMzLxQ/listener.dart
[   +5 ms] Found plugin audioplayers at /Users/alebairos/.pub-cache/hosted/pub.dev/audioplayers-5.2.1/
[  +10 ms] Found plugin audioplayers_android at /Users/alebairos/.pub-cache/hosted/pub.dev/audioplayers_android-4.0.3/
[        ] Found plugin audioplayers_darwin at /Users/alebairos/.pub-cache/hosted/pub.dev/audioplayers_darwin-5.0.2/
[        ] Found plugin audioplayers_linux at /Users/alebairos/.pub-cache/hosted/pub.dev/audioplayers_linux-3.1.0/
[        ] Found plugin audioplayers_web at /Users/alebairos/.pub-cache/hosted/pub.dev/audioplayers_web-4.1.0/
[        ] Found plugin audioplayers_windows at /Users/alebairos/.pub-cache/hosted/pub.dev/audioplayers_windows-3.1.0/
[   +7 ms] Found plugin isar_flutter_libs at /Users/alebairos/.pub-cache/hosted/pub.dev/isar_flutter_libs-3.1.0+1/
[   +3 ms] Found plugin path_provider at /Users/alebairos/.pub-cache/hosted/pub.dev/path_provider-2.1.5/
[        ] Found plugin path_provider_android at /Users/alebairos/.pub-cache/hosted/pub.dev/path_provider_android-2.2.15/
[        ] Found plugin path_provider_foundation at /Users/alebairos/.pub-cache/hosted/pub.dev/path_provider_foundation-2.4.1/
[        ] Found plugin path_provider_linux at /Users/alebairos/.pub-cache/hosted/pub.dev/path_provider_linux-2.2.1/
[        ] Found plugin path_provider_windows at /Users/alebairos/.pub-cache/hosted/pub.dev/path_provider_windows-2.3.0/
[   +1 ms] Found plugin record at /Users/alebairos/.pub-cache/hosted/pub.dev/record-4.4.4/
[        ] Found plugin record_linux at /Users/alebairos/.pub-cache/hosted/pub.dev/record_linux-0.4.1/
[        ] Found plugin record_macos at /Users/alebairos/.pub-cache/hosted/pub.dev/record_macos-0.2.2/
[        ] Found plugin record_web at /Users/alebairos/.pub-cache/hosted/pub.dev/record_web-0.5.0/
[        ] Found plugin record_windows at /Users/alebairos/.pub-cache/hosted/pub.dev/record_windows-0.7.1/
[   +9 ms] /opt/homebrew/Caskroom/flutter/3.27.2/flutter/bin/cache/dart-sdk/bin/dartaotruntime /opt/homebrew/Caskroom/flutter/3.27.2/flutter/bin/cache/dart-sdk/bin/snapshots/frontend_server_aot.dart.snapshot --sdk-root /opt/homebrew/Caskroom/flutter/3.27.2/flutter/bin/cache/artifacts/engine/common/flutter_patched_sdk/ --incremental --no-print-incremental-dependencies --target=flutter --experimental-emit-debug-metadata --output-dill /var/folders/f7/rqd14g9d2rv0v4rhwj55l7v40000gn/T/flutter_tools.TKij39/flutter_test_compiler.G1TynS/output.dill --packages /Users/alebairos/Projects/mobile/chat_app/.dart_tool/package_config.json -Ddart.vm.profile=false -Ddart.vm.product=false --enable-asserts --track-widget-creation --initialize-from-dill /Users/alebairos/Projects/mobile/chat_app/build/test_cache/build/cache.dill.track.dill --verbosity=error
[   +4 ms] <- compile file:///var/folders/f7/rqd14g9d2rv0v4rhwj55l7v40000gn/T/flutter_tools.TKij39/flutter_test_listener.qMzLxQ/listener.dart
[ +407 ms] <- accept
[        ] <- reset
[        ] Compiling file:///var/folders/f7/rqd14g9d2rv0v4rhwj55l7v40000gn/T/flutter_tools.TKij39/flutter_test_listener.qMzLxQ/listener.dart took 454ms
[        ] test 0: starting test device
[   +1 ms] test 0: awaiting connection to test device
[        ] test 0: VM Service uri is not available
[   +1 ms] test 0: test harness socket server is running at port:50396
[        ] Using this directory for fonts configuration: /var/folders/f7/rqd14g9d2rv0v4rhwj55l7v40000gn/T/flutter_tools.TKij39/flutter_test_fonts.QoA5Hd
[        ] test 0: Starting flutter_tester process with command=[/opt/homebrew/Caskroom/flutter/3.27.2/flutter/bin/cache/artifacts/engine/darwin-x64/flutter_tester, --disable-vm-service, --enable-checked-mode, --verify-entry-points, --enable-software-rendering, --skia-deterministic-rendering, --enable-dart-profiling, --non-interactive, --use-test-fonts, --disable-asset-fonts, --packages=/Users/alebairos/Projects/mobile/chat_app/.dart_tool/package_config.json, --flutter-assets-dir=/Users/alebairos/Projects/mobile/chat_app/build/unit_test_assets, /var/folders/f7/rqd14g9d2rv0v4rhwj55l7v40000gn/T/flutter_tools.TKij39/flutter_test_listener.qMzLxQ/listener.dart.dill], environment={FLUTTER_TEST: true, FONTCONFIG_FILE: /var/folders/f7/rqd14g9d2rv0v4rhwj55l7v40000gn/T/flutter_tools.TKij39/flutter_test_fonts.QoA5Hd/fonts.conf, SERVER_PORT: 50396, APP_NAME: character_ai_clone, UNIT_TEST_ASSETS: /Users/alebairos/Projects/mobile/chat_app/build/unit_test_assets}
[   +3 ms] test 0: Started flutter_tester process at pid 3730
[ +335 ms] test 0: connected to test device, now awaiting test result
[        ] test 0: Waiting for test harness or tests to finish
00:00 +0: ChatMessage Widget renders formatted text correctly                                                                                                                                          00:01 +0: ChatMessage Widget renders formatted text correctly                                                                                                                                          00:01 +1: ChatMessage Widget renders formatted text correctly                                                                                                                                          00:01 +1: ChatMessage Widget applies correct text styling                                                                                                                                              00:01 +2: ChatMessage Widget applies correct text styling                                                                                                                                              00:01 +2: ChatMessage Widget renders user message correctly                                                                                                                                            00:01 +3: ChatMessage Widget renders user message correctly                                                                                                                                            00:01 +3: ChatMessage Widget renders audio message correctly                                                                                                                                           00:01 +4: ChatMessage Widget renders audio message correctly                                                                                                                                           00:01 +4: ChatMessage Widget copyWith creates correct copy                                                                                                                                             00:01 +5: ChatMessage Widget copyWith creates correct copy                                                                                                                                             00:01 +5: ChatMessage Widget handles empty text gracefully                                                                                                                                             00:01 +6: ChatMessage Widget handles empty text gracefully                                                                                                                                             00:01 +6: ChatMessage Widget applies correct text colors based on user/non-user                                                                                                                        00:01 +7: ChatMessage Widget applies correct text colors based on user/non-user                                                                                                                        00:01 +7: ChatMessage Widget handles long messages with proper wrapping                                                                                                                                00:01 +8: ChatMessage Widget handles long messages with proper wrapping                                                                                                                                00:01 +8: ChatMessage Widget supports accessibility features                                                                                                                                           00:01 +9: ChatMessage Widget supports accessibility features                                                                                                                                           00:01 +9: ChatMessage Widget handles invalid audio paths gracefully                                                                                                                                    00:01 +10: ChatMessage Widget handles invalid audio paths gracefully                                                                                                                                   00:01 +10: ChatMessage Widget audio player controls are responsive                                                                                                                                     00:01 +11: ChatMessage Widget audio player controls are responsive                                                                                                                                     00:01 +11: ChatMessage Widget supports message deletion for user messages                                                                                                                              00:01 +12: ChatMessage Widget supports message deletion for user messages                                                                                                                              00:01 +12: ChatMessage Widget prevents deletion of non-user messages                                                                                                                                   00:01 +13: ChatMessage Widget prevents deletion of non-user messages                                                                                                                                   00:01 +13: ChatMessage Widget shows menu button for all messages                                                                                                                                       00:01 +14: ChatMessage Widget shows menu button for all messages                                                                                                                                       00:01 +14: ChatMessage Widget shows all menu options for user messages                                                                                                                                 00:01 +15: ChatMessage Widget shows all menu options for user messages                                                                                                                                 00:01 +15: ChatMessage Widget shows limited menu options for bot messages                                                                                                                              00:01 +16: ChatMessage Widget shows limited menu options for bot messages                                                                                                                              00:01 +16: ChatMessage Widget supports message editing for user messages                                                                                                                               00:01 +17: ChatMessage Widget supports message editing for user messages                                                                                                                               00:01 +17: ChatMessage Widget supports message copying                                                                                                                                                 00:01 +18: ChatMessage Widget supports message copying                                                                                                                                                 [ +913 ms] test 0: Test harness is no longer needed by test process
[        ] test 0: finished
[        ] test 0: cleaning up...
[        ] test 0: ensuring test device is terminated.
[        ] test 0: Terminating flutter_tester process
[        ] test 0: Shutting down DevTools server
[        ] test 0: Test process is no longer needed by test harness
[        ] test 0: Shutting down test harness socket server
[   +2 ms] test 0: flutter_tester process at pid 3730 exited with code=-9
[        ] test 0: deleting temporary directory
[        ] test 0: finished
00:01 +18: All tests passed!                                                                                                                                                                           
[   +2 ms] Deleting /var/folders/f7/rqd14g9d2rv0v4rhwj55l7v40000gn/T/flutter_tools.TKij39/flutter_test_compiler.G1TynS...
[        ] killing pid 3728
[   +5 ms] Deleting /var/folders/f7/rqd14g9d2rv0v4rhwj55l7v40000gn/T/flutter_tools.TKij39/flutter_test_fonts.QoA5Hd...
[   +1 ms] test package returned with exit code 0
[        ] Runtime for phase TestRunner: Wall-clock: 0:00:01.821725; combined: 0:00:01.821740.
[        ] Runtime for phase Compile: Wall-clock: 0:00:00.454338; combined: 0:00:00.454357.
[        ] Runtime for phase Run: Wall-clock: 0:00:01.255820; combined: 0:00:01.255822.
[        ] Runtime for phase CoverageTotal: Wall-clock: 0:00:00.000000; combined: 0:00:00.000000.
[        ] Runtime for phase CoverageCollect: Wall-clock: 0:00:00.000000; combined: 0:00:00.000000.
[        ] Runtime for phase CoverageParseJson: Wall-clock: 0:00:00.000000; combined: 0:00:00.000000.
[        ] Runtime for phase CoverageAddHitmap: Wall-clock: 0:00:00.000000; combined: 0:00:00.000000.
[        ] Runtime for phase CoverageDataCollect: Wall-clock: 0:00:00.000000; combined: 0:00:00.000000.
[        ] Runtime for phase WatcherFinishedTest: Wall-clock: 0:00:00.000295; combined: 0:00:00.000296.
[   +3 ms] "flutter test" took 2,183ms.
[  +23 ms] Running 3 shutdown hooks
[        ] Shutdown hooks complete
[ +128 ms] exiting with code 0

=== Running ./test/audio_recorder_delete_test.dart ===
[  +10 ms] executing: sysctl hw.optional.arm64
[   +5 ms] Exit code 0 from: sysctl hw.optional.arm64
[        ] hw.optional.arm64: 1
[   +7 ms] executing: sw_vers -productName
[   +7 ms] Exit code 0 from: sw_vers -productName
[        ] macOS
[        ] executing: sw_vers -productVersion
[   +6 ms] Exit code 0 from: sw_vers -productVersion
[        ] 14.6.1
[        ] executing: sw_vers -buildVersion
[   +5 ms] Exit code 0 from: sw_vers -buildVersion
[        ] 23G93
[        ] executing: uname -m
[   +2 ms] Exit code 0 from: uname -m
[        ] arm64
[   +8 ms] Found 1 files which will be executed as Widget Tests.
[   +2 ms] Artifact Instance of 'AndroidGenSnapshotArtifacts' is not required, skipping update.
[        ] Artifact Instance of 'AndroidInternalBuildArtifacts' is not required, skipping update.
[        ] Artifact Instance of 'IOSEngineArtifacts' is not required, skipping update.
[        ] Artifact Instance of 'FlutterWebSdk' is not required, skipping update.
[        ] Artifact Instance of 'LegacyCanvasKitRemover' is not required, skipping update.
[   +1 ms] Artifact Instance of 'WindowsEngineArtifacts' is not required, skipping update.
[        ] Artifact Instance of 'MacOSEngineArtifacts' is not required, skipping update.
[        ] Artifact Instance of 'LinuxEngineArtifacts' is not required, skipping update.
[        ] Artifact Instance of 'LinuxFuchsiaSDKArtifacts' is not required, skipping update.
[        ] Artifact Instance of 'MacOSFuchsiaSDKArtifacts' is not required, skipping update.
[        ] Artifact Instance of 'FlutterRunnerSDKArtifacts' is not required, skipping update.
[        ] Artifact Instance of 'FlutterRunnerDebugSymbols' is not required, skipping update.
[  +17 ms] Artifact Instance of 'MaterialFonts' is not required, skipping update.
[        ] Artifact Instance of 'GradleWrapper' is not required, skipping update.
[        ] Artifact Instance of 'AndroidGenSnapshotArtifacts' is not required, skipping update.
[        ] Artifact Instance of 'AndroidInternalBuildArtifacts' is not required, skipping update.
[        ] Artifact Instance of 'IOSEngineArtifacts' is not required, skipping update.
[        ] Artifact Instance of 'FlutterWebSdk' is not required, skipping update.
[        ] Artifact Instance of 'LegacyCanvasKitRemover' is not required, skipping update.
[        ] Artifact Instance of 'FlutterSdk' is not required, skipping update.
[        ] Artifact Instance of 'WindowsEngineArtifacts' is not required, skipping update.
[        ] Artifact Instance of 'MacOSEngineArtifacts' is not required, skipping update.
[        ] Artifact Instance of 'LinuxEngineArtifacts' is not required, skipping update.
[        ] Artifact Instance of 'LinuxFuchsiaSDKArtifacts' is not required, skipping update.
[        ] Artifact Instance of 'MacOSFuchsiaSDKArtifacts' is not required, skipping update.
[        ] Artifact Instance of 'FlutterRunnerSDKArtifacts' is not required, skipping update.
[        ] Artifact Instance of 'FlutterRunnerDebugSymbols' is not required, skipping update.
[        ] Artifact Instance of 'IosUsbArtifacts' is not required, skipping update.
[        ] Artifact Instance of 'IosUsbArtifacts' is not required, skipping update.
[        ] Artifact Instance of 'IosUsbArtifacts' is not required, skipping update.
[        ] Artifact Instance of 'IosUsbArtifacts' is not required, skipping update.
[        ] Artifact Instance of 'IosUsbArtifacts' is not required, skipping update.
[        ] Artifact Instance of 'FontSubsetArtifacts' is not required, skipping update.
[        ] Artifact Instance of 'PubDependencies' is not required, skipping update.
[  +21 ms] Skipping pub get: version match.
[  +13 ms] Found plugin audioplayers at /Users/alebairos/.pub-cache/hosted/pub.dev/audioplayers-5.2.1/
[   +1 ms] Found plugin audioplayers_android at /Users/alebairos/.pub-cache/hosted/pub.dev/audioplayers_android-4.0.3/
[   +1 ms] Found plugin audioplayers_darwin at /Users/alebairos/.pub-cache/hosted/pub.dev/audioplayers_darwin-5.0.2/
[   +1 ms] Found plugin audioplayers_linux at /Users/alebairos/.pub-cache/hosted/pub.dev/audioplayers_linux-3.1.0/
[   +1 ms] Found plugin audioplayers_web at /Users/alebairos/.pub-cache/hosted/pub.dev/audioplayers_web-4.1.0/
[        ] Found plugin audioplayers_windows at /Users/alebairos/.pub-cache/hosted/pub.dev/audioplayers_windows-3.1.0/
[  +20 ms] Found plugin isar_flutter_libs at /Users/alebairos/.pub-cache/hosted/pub.dev/isar_flutter_libs-3.1.0+1/
[   +9 ms] Found plugin path_provider at /Users/alebairos/.pub-cache/hosted/pub.dev/path_provider-2.1.5/
[        ] Found plugin path_provider_android at /Users/alebairos/.pub-cache/hosted/pub.dev/path_provider_android-2.2.15/
[        ] Found plugin path_provider_foundation at /Users/alebairos/.pub-cache/hosted/pub.dev/path_provider_foundation-2.4.1/
[        ] Found plugin path_provider_linux at /Users/alebairos/.pub-cache/hosted/pub.dev/path_provider_linux-2.2.1/
[   +1 ms] Found plugin path_provider_windows at /Users/alebairos/.pub-cache/hosted/pub.dev/path_provider_windows-2.3.0/
[   +2 ms] Found plugin record at /Users/alebairos/.pub-cache/hosted/pub.dev/record-4.4.4/
[        ] Found plugin record_linux at /Users/alebairos/.pub-cache/hosted/pub.dev/record_linux-0.4.1/
[        ] Found plugin record_macos at /Users/alebairos/.pub-cache/hosted/pub.dev/record_macos-0.2.2/
[        ] Found plugin record_web at /Users/alebairos/.pub-cache/hosted/pub.dev/record_web-0.5.0/
[        ] Found plugin record_windows at /Users/alebairos/.pub-cache/hosted/pub.dev/record_windows-0.7.1/
[  +18 ms] Found plugin audioplayers at /Users/alebairos/.pub-cache/hosted/pub.dev/audioplayers-5.2.1/
[        ] Found plugin audioplayers_android at /Users/alebairos/.pub-cache/hosted/pub.dev/audioplayers_android-4.0.3/
[        ] Found plugin audioplayers_darwin at /Users/alebairos/.pub-cache/hosted/pub.dev/audioplayers_darwin-5.0.2/
[   +1 ms] Found plugin audioplayers_linux at /Users/alebairos/.pub-cache/hosted/pub.dev/audioplayers_linux-3.1.0/
[        ] Found plugin audioplayers_web at /Users/alebairos/.pub-cache/hosted/pub.dev/audioplayers_web-4.1.0/
[        ] Found plugin audioplayers_windows at /Users/alebairos/.pub-cache/hosted/pub.dev/audioplayers_windows-3.1.0/
[   +9 ms] Found plugin isar_flutter_libs at /Users/alebairos/.pub-cache/hosted/pub.dev/isar_flutter_libs-3.1.0+1/
[   +4 ms] Found plugin path_provider at /Users/alebairos/.pub-cache/hosted/pub.dev/path_provider-2.1.5/
[        ] Found plugin path_provider_android at /Users/alebairos/.pub-cache/hosted/pub.dev/path_provider_android-2.2.15/
[        ] Found plugin path_provider_foundation at /Users/alebairos/.pub-cache/hosted/pub.dev/path_provider_foundation-2.4.1/
[        ] Found plugin path_provider_linux at /Users/alebairos/.pub-cache/hosted/pub.dev/path_provider_linux-2.2.1/
[        ] Found plugin path_provider_windows at /Users/alebairos/.pub-cache/hosted/pub.dev/path_provider_windows-2.3.0/
[   +1 ms] Found plugin record at /Users/alebairos/.pub-cache/hosted/pub.dev/record-4.4.4/
[        ] Found plugin record_linux at /Users/alebairos/.pub-cache/hosted/pub.dev/record_linux-0.4.1/
[        ] Found plugin record_macos at /Users/alebairos/.pub-cache/hosted/pub.dev/record_macos-0.2.2/
[        ] Found plugin record_web at /Users/alebairos/.pub-cache/hosted/pub.dev/record_web-0.5.0/
[        ] Found plugin record_windows at /Users/alebairos/.pub-cache/hosted/pub.dev/record_windows-0.7.1/
[  +14 ms] Found plugin audioplayers at /Users/alebairos/.pub-cache/hosted/pub.dev/audioplayers-5.2.1/
[        ] Found plugin audioplayers_android at /Users/alebairos/.pub-cache/hosted/pub.dev/audioplayers_android-4.0.3/
[        ] Found plugin audioplayers_darwin at /Users/alebairos/.pub-cache/hosted/pub.dev/audioplayers_darwin-5.0.2/
[        ] Found plugin audioplayers_linux at /Users/alebairos/.pub-cache/hosted/pub.dev/audioplayers_linux-3.1.0/
[        ] Found plugin audioplayers_web at /Users/alebairos/.pub-cache/hosted/pub.dev/audioplayers_web-4.1.0/
[        ] Found plugin audioplayers_windows at /Users/alebairos/.pub-cache/hosted/pub.dev/audioplayers_windows-3.1.0/
[   +7 ms] Found plugin isar_flutter_libs at /Users/alebairos/.pub-cache/hosted/pub.dev/isar_flutter_libs-3.1.0+1/
[   +3 ms] Found plugin path_provider at /Users/alebairos/.pub-cache/hosted/pub.dev/path_provider-2.1.5/
[        ] Found plugin path_provider_android at /Users/alebairos/.pub-cache/hosted/pub.dev/path_provider_android-2.2.15/
[        ] Found plugin path_provider_foundation at /Users/alebairos/.pub-cache/hosted/pub.dev/path_provider_foundation-2.4.1/
[        ] Found plugin path_provider_linux at /Users/alebairos/.pub-cache/hosted/pub.dev/path_provider_linux-2.2.1/
[        ] Found plugin path_provider_windows at /Users/alebairos/.pub-cache/hosted/pub.dev/path_provider_windows-2.3.0/
[   +1 ms] Found plugin record at /Users/alebairos/.pub-cache/hosted/pub.dev/record-4.4.4/
[        ] Found plugin record_linux at /Users/alebairos/.pub-cache/hosted/pub.dev/record_linux-0.4.1/
[        ] Found plugin record_macos at /Users/alebairos/.pub-cache/hosted/pub.dev/record_macos-0.2.2/
[        ] Found plugin record_web at /Users/alebairos/.pub-cache/hosted/pub.dev/record_web-0.5.0/
[        ] Found plugin record_windows at /Users/alebairos/.pub-cache/hosted/pub.dev/record_windows-0.7.1/
[   +8 ms] Generating /Users/alebairos/Projects/mobile/chat_app/android/app/src/main/java/io/flutter/plugins/GeneratedPluginRegistrant.java
[  +10 ms] executing: sysctl hw.optional.arm64
[   +1 ms] Exit code 0 from: sysctl hw.optional.arm64
[        ] hw.optional.arm64: 1
[        ] executing: /usr/bin/arch -arm64e xcrun xcodebuild -version
[  +40 ms] Exit code 0 from: /usr/bin/arch -arm64e xcrun xcodebuild -version
[        ] Xcode 16.2
           Build version 16C5032a
[  +37 ms] No packages with native assets. Skipping native assets compilation.
[        ] Writing native assets json to file:///Users/alebairos/Projects/mobile/chat_app/build/native_assets/macos/native_assets.json.
[   +4 ms] Writing /Users/alebairos/Projects/mobile/chat_app/build/native_assets/macos/native_assets.json done.
[  +61 ms] running test package with arguments: [--no-color, --chain-stack-traces, --, file:///Users/alebairos/Projects/mobile/chat_app/test/audio_recorder_delete_test.dart?]
00:00 +0: loading /Users/alebairos/Projects/mobile/chat_app/test/audio_recorder_delete_test.dart                                                                                                       [  +81 ms] test 0: starting test /Users/alebairos/Projects/mobile/chat_app/test/audio_recorder_delete_test.dart
[   +1 ms] Stopping scan for flutter_test_config.dart; found project root at /Users/alebairos/Projects/mobile/chat_app
[        ] Compiler will use the following file as its incremental dill file: /var/folders/f7/rqd14g9d2rv0v4rhwj55l7v40000gn/T/flutter_tools.1UzFGO/flutter_test_compiler.sjQA03/output.dill
[        ] Listening to compiler controller...
[   +3 ms] Compiling file:///var/folders/f7/rqd14g9d2rv0v4rhwj55l7v40000gn/T/flutter_tools.1UzFGO/flutter_test_listener.Exxpn8/listener.dart
[  +18 ms] Found plugin audioplayers at /Users/alebairos/.pub-cache/hosted/pub.dev/audioplayers-5.2.1/
[        ] Found plugin audioplayers_android at /Users/alebairos/.pub-cache/hosted/pub.dev/audioplayers_android-4.0.3/
[        ] Found plugin audioplayers_darwin at /Users/alebairos/.pub-cache/hosted/pub.dev/audioplayers_darwin-5.0.2/
[        ] Found plugin audioplayers_linux at /Users/alebairos/.pub-cache/hosted/pub.dev/audioplayers_linux-3.1.0/
[        ] Found plugin audioplayers_web at /Users/alebairos/.pub-cache/hosted/pub.dev/audioplayers_web-4.1.0/
[        ] Found plugin audioplayers_windows at /Users/alebairos/.pub-cache/hosted/pub.dev/audioplayers_windows-3.1.0/
[   +7 ms] Found plugin isar_flutter_libs at /Users/alebairos/.pub-cache/hosted/pub.dev/isar_flutter_libs-3.1.0+1/
[   +3 ms] Found plugin path_provider at /Users/alebairos/.pub-cache/hosted/pub.dev/path_provider-2.1.5/
[        ] Found plugin path_provider_android at /Users/alebairos/.pub-cache/hosted/pub.dev/path_provider_android-2.2.15/
[        ] Found plugin path_provider_foundation at /Users/alebairos/.pub-cache/hosted/pub.dev/path_provider_foundation-2.4.1/
[        ] Found plugin path_provider_linux at /Users/alebairos/.pub-cache/hosted/pub.dev/path_provider_linux-2.2.1/
[        ] Found plugin path_provider_windows at /Users/alebairos/.pub-cache/hosted/pub.dev/path_provider_windows-2.3.0/
[   +1 ms] Found plugin record at /Users/alebairos/.pub-cache/hosted/pub.dev/record-4.4.4/
[        ] Found plugin record_linux at /Users/alebairos/.pub-cache/hosted/pub.dev/record_linux-0.4.1/
[        ] Found plugin record_macos at /Users/alebairos/.pub-cache/hosted/pub.dev/record_macos-0.2.2/
[        ] Found plugin record_web at /Users/alebairos/.pub-cache/hosted/pub.dev/record_web-0.5.0/
[        ] Found plugin record_windows at /Users/alebairos/.pub-cache/hosted/pub.dev/record_windows-0.7.1/
[   +9 ms] /opt/homebrew/Caskroom/flutter/3.27.2/flutter/bin/cache/dart-sdk/bin/dartaotruntime /opt/homebrew/Caskroom/flutter/3.27.2/flutter/bin/cache/dart-sdk/bin/snapshots/frontend_server_aot.dart.snapshot --sdk-root /opt/homebrew/Caskroom/flutter/3.27.2/flutter/bin/cache/artifacts/engine/common/flutter_patched_sdk/ --incremental --no-print-incremental-dependencies --target=flutter --experimental-emit-debug-metadata --output-dill /var/folders/f7/rqd14g9d2rv0v4rhwj55l7v40000gn/T/flutter_tools.1UzFGO/flutter_test_compiler.sjQA03/output.dill --packages /Users/alebairos/Projects/mobile/chat_app/.dart_tool/package_config.json -Ddart.vm.profile=false -Ddart.vm.product=false --enable-asserts --track-widget-creation --initialize-from-dill /Users/alebairos/Projects/mobile/chat_app/build/test_cache/build/cache.dill.track.dill --verbosity=error
[   +5 ms] <- compile file:///var/folders/f7/rqd14g9d2rv0v4rhwj55l7v40000gn/T/flutter_tools.1UzFGO/flutter_test_listener.Exxpn8/listener.dart
[ +422 ms] <- accept
[        ] <- reset
[        ] Compiling file:///var/folders/f7/rqd14g9d2rv0v4rhwj55l7v40000gn/T/flutter_tools.1UzFGO/flutter_test_listener.Exxpn8/listener.dart took 472ms
[        ] test 0: starting test device
[   +1 ms] test 0: awaiting connection to test device
[        ] test 0: VM Service uri is not available
[   +1 ms] test 0: test harness socket server is running at port:50403
[        ] Using this directory for fonts configuration: /var/folders/f7/rqd14g9d2rv0v4rhwj55l7v40000gn/T/flutter_tools.1UzFGO/flutter_test_fonts.8VSOP8
[        ] test 0: Starting flutter_tester process with command=[/opt/homebrew/Caskroom/flutter/3.27.2/flutter/bin/cache/artifacts/engine/darwin-x64/flutter_tester, --disable-vm-service, --enable-checked-mode, --verify-entry-points, --enable-software-rendering, --skia-deterministic-rendering, --enable-dart-profiling, --non-interactive, --use-test-fonts, --disable-asset-fonts, --packages=/Users/alebairos/Projects/mobile/chat_app/.dart_tool/package_config.json, --flutter-assets-dir=/Users/alebairos/Projects/mobile/chat_app/build/unit_test_assets, /var/folders/f7/rqd14g9d2rv0v4rhwj55l7v40000gn/T/flutter_tools.1UzFGO/flutter_test_listener.Exxpn8/listener.dart.dill], environment={FLUTTER_TEST: true, FONTCONFIG_FILE: /var/folders/f7/rqd14g9d2rv0v4rhwj55l7v40000gn/T/flutter_tools.1UzFGO/flutter_test_fonts.8VSOP8/fonts.conf, SERVER_PORT: 50403, APP_NAME: character_ai_clone, UNIT_TEST_ASSETS: /Users/alebairos/Projects/mobile/chat_app/build/unit_test_assets}
[   +3 ms] test 0: Started flutter_tester process at pid 3779
[ +361 ms] test 0: connected to test device, now awaiting test result
[        ] test 0: Waiting for test harness or tests to finish
00:00 +0: AudioRecorder Delete Feature delete button is not visible initially                                                                                                                          00:01 +0: AudioRecorder Delete Feature delete button is not visible initially                                                                                                                          00:01 +1: AudioRecorder Delete Feature delete button is not visible initially                                                                                                                          00:01 +1: AudioRecorder Delete Feature delete button appears in correct order after recording                                                                                                          00:01 +2: AudioRecorder Delete Feature delete button appears in correct order after recording                                                                                                          00:01 +2: AudioRecorder Delete Feature delete button has correct style                                                                                                                                 00:01 +3: AudioRecorder Delete Feature delete button has correct style                                                                                                                                 00:01 +3: AudioRecorder Delete Feature tapping delete button resets to initial state                                                                                                                   00:01 +4: AudioRecorder Delete Feature tapping delete button resets to initial state                                                                                                                   00:01 +4: AudioRecorder Delete Feature send button is disabled while deleting                                                                                                                          00:01 +5: AudioRecorder Delete Feature send button is disabled while deleting                                                                                                                          00:01 +5: AudioRecorder Delete Feature send button has blue background and white icon                                                                                                                  00:01 +6: AudioRecorder Delete Feature send button has blue background and white icon                                                                                                                  00:01 +6: AudioRecorder Delete Feature play button toggles between play and stop icons                                                                                                                 00:01 +7: AudioRecorder Delete Feature play button toggles between play and stop icons                                                                                                                 00:01 +7: AudioRecorder Delete Feature play button maintains grey background while playing                                                                                                             00:01 +8: AudioRecorder Delete Feature play button maintains grey background while playing                                                                                                             00:01 +8: AudioRecorder Delete Feature play button is disabled while deleting                                                                                                                          00:01 +9: AudioRecorder Delete Feature play button is disabled while deleting                                                                                                                          00:01 +9: AudioRecorder Delete Feature container has consistent padding                                                                                                                                00:01 +10: AudioRecorder Delete Feature container has consistent padding                                                                                                                               00:01 +10: AudioRecorder Delete Feature row uses minimum required space                                                                                                                                00:01 +11: AudioRecorder Delete Feature row uses minimum required space                                                                                                                                00:01 +11: AudioRecorder Delete Feature all buttons use circle shape                                                                                                                                   00:01 +12: AudioRecorder Delete Feature all buttons use circle shape                                                                                                                                   00:01 +12: AudioRecorder Delete Feature mic button has grey background initially                                                                                                                       00:01 +13: AudioRecorder Delete Feature mic button has grey background initially                                                                                                                       00:01 +13: AudioRecorder Delete Feature stop button has red style while recording                                                                                                                      00:01 +14: AudioRecorder Delete Feature stop button has red style while recording                                                                                                                      00:01 +14: AudioRecorder Delete Feature send callback receives correct parameters                                                                                                                      00:01 +15: AudioRecorder Delete Feature send callback receives correct parameters                                                                                                                      00:01 +15: AudioRecorder Delete Feature send button clears recording state                                                                                                                             00:01 +16: AudioRecorder Delete Feature send button clears recording state                                                                                                                             00:01 +16: AudioRecorder Delete Feature play button is disabled during sending                                                                                                                         00:01 +17: AudioRecorder Delete Feature play button is disabled during sending                                                                                                                         00:01 +17: AudioRecorder Delete Feature delete button remains enabled during playback                                                                                                                  00:01 +18: AudioRecorder Delete Feature delete button remains enabled during playback                                                                                                                  00:01 +18: AudioRecorder Delete Feature send button remains enabled during playback                                                                                                                    00:01 +19: AudioRecorder Delete Feature send button remains enabled during playback                                                                                                                    00:01 +19: AudioRecorder Delete Feature play button stops when deleting during playback                                                                                                                00:01 +20: AudioRecorder Delete Feature play button stops when deleting during playback                                                                                                                00:01 +20: AudioRecorder Delete Feature play button can toggle while sending is pending                                                                                                                00:01 +21: AudioRecorder Delete Feature play button can toggle while sending is pending                                                                                                                00:01 +21: AudioRecorder Delete Feature stop button shows recording controls when tapped                                                                                                               00:01 +22: AudioRecorder Delete Feature stop button shows recording controls when tapped                                                                                                               00:01 +22: AudioRecorder Delete Feature stop button has red background and icon during recording                                                                                                       00:01 +23: AudioRecorder Delete Feature stop button has red background and icon during recording                                                                                                       00:01 +23: AudioRecorder Delete Feature mic button transitions to stop button when tapped                                                                                                              00:01 +24: AudioRecorder Delete Feature mic button transitions to stop button when tapped                                                                                                              [ +625 ms] test 0: Test harness is no longer needed by test process
[        ] test 0: finished
[        ] test 0: cleaning up...
[        ] test 0: ensuring test device is terminated.
[        ] test 0: Terminating flutter_tester process
[        ] test 0: Shutting down DevTools server
[        ] test 0: Test process is no longer needed by test harness
[        ] test 0: Shutting down test harness socket server
[   +2 ms] test 0: flutter_tester process at pid 3779 exited with code=-9
[        ] test 0: deleting temporary directory
[        ] test 0: finished
00:01 +24: All tests passed!                                                                                                                                                                           
[   +2 ms] Deleting /var/folders/f7/rqd14g9d2rv0v4rhwj55l7v40000gn/T/flutter_tools.1UzFGO/flutter_test_compiler.sjQA03...
[        ] killing pid 3777
[   +5 ms] Deleting /var/folders/f7/rqd14g9d2rv0v4rhwj55l7v40000gn/T/flutter_tools.1UzFGO/flutter_test_fonts.8VSOP8...
[   +1 ms] test package returned with exit code 0
[        ] Runtime for phase TestRunner: Wall-clock: 0:00:01.572520; combined: 0:00:01.572534.
[        ] Runtime for phase Compile: Wall-clock: 0:00:00.472839; combined: 0:00:00.472851.
[        ] Runtime for phase Run: Wall-clock: 0:00:00.994008; combined: 0:00:00.994009.
[        ] Runtime for phase CoverageTotal: Wall-clock: 0:00:00.000000; combined: 0:00:00.000000.
[        ] Runtime for phase CoverageCollect: Wall-clock: 0:00:00.000000; combined: 0:00:00.000000.
[        ] Runtime for phase CoverageParseJson: Wall-clock: 0:00:00.000000; combined: 0:00:00.000000.
[        ] Runtime for phase CoverageAddHitmap: Wall-clock: 0:00:00.000000; combined: 0:00:00.000000.
[        ] Runtime for phase CoverageDataCollect: Wall-clock: 0:00:00.000000; combined: 0:00:00.000000.
[        ] Runtime for phase WatcherFinishedTest: Wall-clock: 0:00:00.000275; combined: 0:00:00.000275.
[   +2 ms] "flutter test" took 1,944ms.
[  +18 ms] Running 3 shutdown hooks
[        ] Shutdown hooks complete
[ +126 ms] exiting with code 0

=== Running ./test/claude_service_test.dart ===
[   +9 ms] executing: sysctl hw.optional.arm64
[   +5 ms] Exit code 0 from: sysctl hw.optional.arm64
[        ] hw.optional.arm64: 1
[   +7 ms] executing: sw_vers -productName
[   +6 ms] Exit code 0 from: sw_vers -productName
[        ] macOS
[        ] executing: sw_vers -productVersion
[   +6 ms] Exit code 0 from: sw_vers -productVersion
[        ] 14.6.1
[        ] executing: sw_vers -buildVersion
[   +5 ms] Exit code 0 from: sw_vers -buildVersion
[        ] 23G93
[        ] executing: uname -m
[   +2 ms] Exit code 0 from: uname -m
[        ] arm64
[   +8 ms] Found 1 files which will be executed as Widget Tests.
[   +2 ms] Artifact Instance of 'AndroidGenSnapshotArtifacts' is not required, skipping update.
[        ] Artifact Instance of 'AndroidInternalBuildArtifacts' is not required, skipping update.
[        ] Artifact Instance of 'IOSEngineArtifacts' is not required, skipping update.
[        ] Artifact Instance of 'FlutterWebSdk' is not required, skipping update.
[        ] Artifact Instance of 'LegacyCanvasKitRemover' is not required, skipping update.
[   +2 ms] Artifact Instance of 'WindowsEngineArtifacts' is not required, skipping update.
[        ] Artifact Instance of 'MacOSEngineArtifacts' is not required, skipping update.
[        ] Artifact Instance of 'LinuxEngineArtifacts' is not required, skipping update.
[        ] Artifact Instance of 'LinuxFuchsiaSDKArtifacts' is not required, skipping update.
[        ] Artifact Instance of 'MacOSFuchsiaSDKArtifacts' is not required, skipping update.
[        ] Artifact Instance of 'FlutterRunnerSDKArtifacts' is not required, skipping update.
[        ] Artifact Instance of 'FlutterRunnerDebugSymbols' is not required, skipping update.
[  +17 ms] Artifact Instance of 'MaterialFonts' is not required, skipping update.
[        ] Artifact Instance of 'GradleWrapper' is not required, skipping update.
[        ] Artifact Instance of 'AndroidGenSnapshotArtifacts' is not required, skipping update.
[        ] Artifact Instance of 'AndroidInternalBuildArtifacts' is not required, skipping update.
[        ] Artifact Instance of 'IOSEngineArtifacts' is not required, skipping update.
[        ] Artifact Instance of 'FlutterWebSdk' is not required, skipping update.
[        ] Artifact Instance of 'LegacyCanvasKitRemover' is not required, skipping update.
[        ] Artifact Instance of 'FlutterSdk' is not required, skipping update.
[        ] Artifact Instance of 'WindowsEngineArtifacts' is not required, skipping update.
[        ] Artifact Instance of 'MacOSEngineArtifacts' is not required, skipping update.
[        ] Artifact Instance of 'LinuxEngineArtifacts' is not required, skipping update.
[        ] Artifact Instance of 'LinuxFuchsiaSDKArtifacts' is not required, skipping update.
[        ] Artifact Instance of 'MacOSFuchsiaSDKArtifacts' is not required, skipping update.
[        ] Artifact Instance of 'FlutterRunnerSDKArtifacts' is not required, skipping update.
[        ] Artifact Instance of 'FlutterRunnerDebugSymbols' is not required, skipping update.
[        ] Artifact Instance of 'IosUsbArtifacts' is not required, skipping update.
[        ] Artifact Instance of 'IosUsbArtifacts' is not required, skipping update.
[        ] Artifact Instance of 'IosUsbArtifacts' is not required, skipping update.
[        ] Artifact Instance of 'IosUsbArtifacts' is not required, skipping update.
[        ] Artifact Instance of 'IosUsbArtifacts' is not required, skipping update.
[        ] Artifact Instance of 'FontSubsetArtifacts' is not required, skipping update.
[        ] Artifact Instance of 'PubDependencies' is not required, skipping update.
[  +21 ms] Skipping pub get: version match.
[  +13 ms] Found plugin audioplayers at /Users/alebairos/.pub-cache/hosted/pub.dev/audioplayers-5.2.1/
[   +1 ms] Found plugin audioplayers_android at /Users/alebairos/.pub-cache/hosted/pub.dev/audioplayers_android-4.0.3/
[        ] Found plugin audioplayers_darwin at /Users/alebairos/.pub-cache/hosted/pub.dev/audioplayers_darwin-5.0.2/
[   +1 ms] Found plugin audioplayers_linux at /Users/alebairos/.pub-cache/hosted/pub.dev/audioplayers_linux-3.1.0/
[   +1 ms] Found plugin audioplayers_web at /Users/alebairos/.pub-cache/hosted/pub.dev/audioplayers_web-4.1.0/
[        ] Found plugin audioplayers_windows at /Users/alebairos/.pub-cache/hosted/pub.dev/audioplayers_windows-3.1.0/
[  +20 ms] Found plugin isar_flutter_libs at /Users/alebairos/.pub-cache/hosted/pub.dev/isar_flutter_libs-3.1.0+1/
[   +9 ms] Found plugin path_provider at /Users/alebairos/.pub-cache/hosted/pub.dev/path_provider-2.1.5/
[        ] Found plugin path_provider_android at /Users/alebairos/.pub-cache/hosted/pub.dev/path_provider_android-2.2.15/
[        ] Found plugin path_provider_foundation at /Users/alebairos/.pub-cache/hosted/pub.dev/path_provider_foundation-2.4.1/
[        ] Found plugin path_provider_linux at /Users/alebairos/.pub-cache/hosted/pub.dev/path_provider_linux-2.2.1/
[   +1 ms] Found plugin path_provider_windows at /Users/alebairos/.pub-cache/hosted/pub.dev/path_provider_windows-2.3.0/
[   +2 ms] Found plugin record at /Users/alebairos/.pub-cache/hosted/pub.dev/record-4.4.4/
[        ] Found plugin record_linux at /Users/alebairos/.pub-cache/hosted/pub.dev/record_linux-0.4.1/
[        ] Found plugin record_macos at /Users/alebairos/.pub-cache/hosted/pub.dev/record_macos-0.2.2/
[        ] Found plugin record_web at /Users/alebairos/.pub-cache/hosted/pub.dev/record_web-0.5.0/
[        ] Found plugin record_windows at /Users/alebairos/.pub-cache/hosted/pub.dev/record_windows-0.7.1/
[  +17 ms] Found plugin audioplayers at /Users/alebairos/.pub-cache/hosted/pub.dev/audioplayers-5.2.1/
[        ] Found plugin audioplayers_android at /Users/alebairos/.pub-cache/hosted/pub.dev/audioplayers_android-4.0.3/
[        ] Found plugin audioplayers_darwin at /Users/alebairos/.pub-cache/hosted/pub.dev/audioplayers_darwin-5.0.2/
[        ] Found plugin audioplayers_linux at /Users/alebairos/.pub-cache/hosted/pub.dev/audioplayers_linux-3.1.0/
[        ] Found plugin audioplayers_web at /Users/alebairos/.pub-cache/hosted/pub.dev/audioplayers_web-4.1.0/
[        ] Found plugin audioplayers_windows at /Users/alebairos/.pub-cache/hosted/pub.dev/audioplayers_windows-3.1.0/
[  +10 ms] Found plugin isar_flutter_libs at /Users/alebairos/.pub-cache/hosted/pub.dev/isar_flutter_libs-3.1.0+1/
[   +4 ms] Found plugin path_provider at /Users/alebairos/.pub-cache/hosted/pub.dev/path_provider-2.1.5/
[        ] Found plugin path_provider_android at /Users/alebairos/.pub-cache/hosted/pub.dev/path_provider_android-2.2.15/
[        ] Found plugin path_provider_foundation at /Users/alebairos/.pub-cache/hosted/pub.dev/path_provider_foundation-2.4.1/
[        ] Found plugin path_provider_linux at /Users/alebairos/.pub-cache/hosted/pub.dev/path_provider_linux-2.2.1/
[        ] Found plugin path_provider_windows at /Users/alebairos/.pub-cache/hosted/pub.dev/path_provider_windows-2.3.0/
[   +1 ms] Found plugin record at /Users/alebairos/.pub-cache/hosted/pub.dev/record-4.4.4/
[        ] Found plugin record_linux at /Users/alebairos/.pub-cache/hosted/pub.dev/record_linux-0.4.1/
[        ] Found plugin record_macos at /Users/alebairos/.pub-cache/hosted/pub.dev/record_macos-0.2.2/
[        ] Found plugin record_web at /Users/alebairos/.pub-cache/hosted/pub.dev/record_web-0.5.0/
[        ] Found plugin record_windows at /Users/alebairos/.pub-cache/hosted/pub.dev/record_windows-0.7.1/
[  +14 ms] Found plugin audioplayers at /Users/alebairos/.pub-cache/hosted/pub.dev/audioplayers-5.2.1/
[        ] Found plugin audioplayers_android at /Users/alebairos/.pub-cache/hosted/pub.dev/audioplayers_android-4.0.3/
[        ] Found plugin audioplayers_darwin at /Users/alebairos/.pub-cache/hosted/pub.dev/audioplayers_darwin-5.0.2/
[        ] Found plugin audioplayers_linux at /Users/alebairos/.pub-cache/hosted/pub.dev/audioplayers_linux-3.1.0/
[        ] Found plugin audioplayers_web at /Users/alebairos/.pub-cache/hosted/pub.dev/audioplayers_web-4.1.0/
[        ] Found plugin audioplayers_windows at /Users/alebairos/.pub-cache/hosted/pub.dev/audioplayers_windows-3.1.0/
[   +7 ms] Found plugin isar_flutter_libs at /Users/alebairos/.pub-cache/hosted/pub.dev/isar_flutter_libs-3.1.0+1/
[   +3 ms] Found plugin path_provider at /Users/alebairos/.pub-cache/hosted/pub.dev/path_provider-2.1.5/
[        ] Found plugin path_provider_android at /Users/alebairos/.pub-cache/hosted/pub.dev/path_provider_android-2.2.15/
[        ] Found plugin path_provider_foundation at /Users/alebairos/.pub-cache/hosted/pub.dev/path_provider_foundation-2.4.1/
[        ] Found plugin path_provider_linux at /Users/alebairos/.pub-cache/hosted/pub.dev/path_provider_linux-2.2.1/
[        ] Found plugin path_provider_windows at /Users/alebairos/.pub-cache/hosted/pub.dev/path_provider_windows-2.3.0/
[   +1 ms] Found plugin record at /Users/alebairos/.pub-cache/hosted/pub.dev/record-4.4.4/
[        ] Found plugin record_linux at /Users/alebairos/.pub-cache/hosted/pub.dev/record_linux-0.4.1/
[        ] Found plugin record_macos at /Users/alebairos/.pub-cache/hosted/pub.dev/record_macos-0.2.2/
[        ] Found plugin record_web at /Users/alebairos/.pub-cache/hosted/pub.dev/record_web-0.5.0/
[        ] Found plugin record_windows at /Users/alebairos/.pub-cache/hosted/pub.dev/record_windows-0.7.1/
[   +8 ms] Generating /Users/alebairos/Projects/mobile/chat_app/android/app/src/main/java/io/flutter/plugins/GeneratedPluginRegistrant.java
[  +10 ms] executing: sysctl hw.optional.arm64
[   +2 ms] Exit code 0 from: sysctl hw.optional.arm64
[        ] hw.optional.arm64: 1
[        ] executing: /usr/bin/arch -arm64e xcrun xcodebuild -version
[  +38 ms] Exit code 0 from: /usr/bin/arch -arm64e xcrun xcodebuild -version
[        ] Xcode 16.2
           Build version 16C5032a
[  +42 ms] No packages with native assets. Skipping native assets compilation.
[        ] Writing native assets json to file:///Users/alebairos/Projects/mobile/chat_app/build/native_assets/macos/native_assets.json.
[        ] Writing /Users/alebairos/Projects/mobile/chat_app/build/native_assets/macos/native_assets.json done.
[  +60 ms] running test package with arguments: [--no-color, --chain-stack-traces, --, file:///Users/alebairos/Projects/mobile/chat_app/test/claude_service_test.dart?]
00:00 +0: loading /Users/alebairos/Projects/mobile/chat_app/test/claude_service_test.dart                                                                                                              [  +80 ms] test 0: starting test /Users/alebairos/Projects/mobile/chat_app/test/claude_service_test.dart
[   +1 ms] Stopping scan for flutter_test_config.dart; found project root at /Users/alebairos/Projects/mobile/chat_app
[        ] Compiler will use the following file as its incremental dill file: /var/folders/f7/rqd14g9d2rv0v4rhwj55l7v40000gn/T/flutter_tools.A1VoDe/flutter_test_compiler.f6h5y2/output.dill
[        ] Listening to compiler controller...
[   +2 ms] Compiling file:///var/folders/f7/rqd14g9d2rv0v4rhwj55l7v40000gn/T/flutter_tools.A1VoDe/flutter_test_listener.h2kTQm/listener.dart
[  +17 ms] Found plugin audioplayers at /Users/alebairos/.pub-cache/hosted/pub.dev/audioplayers-5.2.1/
[        ] Found plugin audioplayers_android at /Users/alebairos/.pub-cache/hosted/pub.dev/audioplayers_android-4.0.3/
[   +1 ms] Found plugin audioplayers_darwin at /Users/alebairos/.pub-cache/hosted/pub.dev/audioplayers_darwin-5.0.2/
[        ] Found plugin audioplayers_linux at /Users/alebairos/.pub-cache/hosted/pub.dev/audioplayers_linux-3.1.0/
[        ] Found plugin audioplayers_web at /Users/alebairos/.pub-cache/hosted/pub.dev/audioplayers_web-4.1.0/
[        ] Found plugin audioplayers_windows at /Users/alebairos/.pub-cache/hosted/pub.dev/audioplayers_windows-3.1.0/
[   +7 ms] Found plugin isar_flutter_libs at /Users/alebairos/.pub-cache/hosted/pub.dev/isar_flutter_libs-3.1.0+1/
[   +3 ms] Found plugin path_provider at /Users/alebairos/.pub-cache/hosted/pub.dev/path_provider-2.1.5/
[        ] Found plugin path_provider_android at /Users/alebairos/.pub-cache/hosted/pub.dev/path_provider_android-2.2.15/
[        ] Found plugin path_provider_foundation at /Users/alebairos/.pub-cache/hosted/pub.dev/path_provider_foundation-2.4.1/
[        ] Found plugin path_provider_linux at /Users/alebairos/.pub-cache/hosted/pub.dev/path_provider_linux-2.2.1/
[        ] Found plugin path_provider_windows at /Users/alebairos/.pub-cache/hosted/pub.dev/path_provider_windows-2.3.0/
[   +1 ms] Found plugin record at /Users/alebairos/.pub-cache/hosted/pub.dev/record-4.4.4/
[        ] Found plugin record_linux at /Users/alebairos/.pub-cache/hosted/pub.dev/record_linux-0.4.1/
[        ] Found plugin record_macos at /Users/alebairos/.pub-cache/hosted/pub.dev/record_macos-0.2.2/
[        ] Found plugin record_web at /Users/alebairos/.pub-cache/hosted/pub.dev/record_web-0.5.0/
[        ] Found plugin record_windows at /Users/alebairos/.pub-cache/hosted/pub.dev/record_windows-0.7.1/
[  +10 ms] /opt/homebrew/Caskroom/flutter/3.27.2/flutter/bin/cache/dart-sdk/bin/dartaotruntime /opt/homebrew/Caskroom/flutter/3.27.2/flutter/bin/cache/dart-sdk/bin/snapshots/frontend_server_aot.dart.snapshot --sdk-root /opt/homebrew/Caskroom/flutter/3.27.2/flutter/bin/cache/artifacts/engine/common/flutter_patched_sdk/ --incremental --no-print-incremental-dependencies --target=flutter --experimental-emit-debug-metadata --output-dill /var/folders/f7/rqd14g9d2rv0v4rhwj55l7v40000gn/T/flutter_tools.A1VoDe/flutter_test_compiler.f6h5y2/output.dill --packages /Users/alebairos/Projects/mobile/chat_app/.dart_tool/package_config.json -Ddart.vm.profile=false -Ddart.vm.product=false --enable-asserts --track-widget-creation --initialize-from-dill /Users/alebairos/Projects/mobile/chat_app/build/test_cache/build/cache.dill.track.dill --verbosity=error
[   +4 ms] <- compile file:///var/folders/f7/rqd14g9d2rv0v4rhwj55l7v40000gn/T/flutter_tools.A1VoDe/flutter_test_listener.h2kTQm/listener.dart
[ +417 ms] <- accept
[        ] <- reset
[        ] Compiling file:///var/folders/f7/rqd14g9d2rv0v4rhwj55l7v40000gn/T/flutter_tools.A1VoDe/flutter_test_listener.h2kTQm/listener.dart took 467ms
[        ] test 0: starting test device
[   +1 ms] test 0: awaiting connection to test device
[        ] test 0: VM Service uri is not available
[   +1 ms] test 0: test harness socket server is running at port:50407
[        ] Using this directory for fonts configuration: /var/folders/f7/rqd14g9d2rv0v4rhwj55l7v40000gn/T/flutter_tools.A1VoDe/flutter_test_fonts.C3hRvI
[        ] test 0: Starting flutter_tester process with command=[/opt/homebrew/Caskroom/flutter/3.27.2/flutter/bin/cache/artifacts/engine/darwin-x64/flutter_tester, --disable-vm-service, --enable-checked-mode, --verify-entry-points, --enable-software-rendering, --skia-deterministic-rendering, --enable-dart-profiling, --non-interactive, --use-test-fonts, --disable-asset-fonts, --packages=/Users/alebairos/Projects/mobile/chat_app/.dart_tool/package_config.json, --flutter-assets-dir=/Users/alebairos/Projects/mobile/chat_app/build/unit_test_assets, /var/folders/f7/rqd14g9d2rv0v4rhwj55l7v40000gn/T/flutter_tools.A1VoDe/flutter_test_listener.h2kTQm/listener.dart.dill], environment={FLUTTER_TEST: true, FONTCONFIG_FILE: /var/folders/f7/rqd14g9d2rv0v4rhwj55l7v40000gn/T/flutter_tools.A1VoDe/flutter_test_fonts.C3hRvI/fonts.conf, SERVER_PORT: 50407, APP_NAME: character_ai_clone, UNIT_TEST_ASSETS: /Users/alebairos/Projects/mobile/chat_app/build/unit_test_assets}
[   +3 ms] test 0: Started flutter_tester process at pid 3820
[ +332 ms] test 0: connected to test device, now awaiting test result
[        ] test 0: Waiting for test harness or tests to finish
00:00 +0: loading /Users/alebairos/Projects/mobile/chat_app/test/claude_service_test.dart                                                                                                              

🚀 Starting Claude Service Tests
00:00 +0: (setUpAll)                                                                                                                                                                                   00:00 +0: (setUpAll)                                                                                                                                                                                   

📝 Setting up test environment...
✓ Environment variables loaded
00:00 +0: ClaudeService maintains conversation history                                                                                                                                                 00:00 +0: ClaudeService maintains conversation history                                                                                                                                                 

🔄 Setting up test case...
✓ Mock client and MCP initialized
✓ ConfigLoader initialized with mock system prompt
✓ Claude Service initialized

🧪 Testing conversation history maintenance...
✓ Mock API response configured
📡 Mock Claude API called
📥 First response received: First response
📊 Conversation history length: 2
✓ Test completed successfully
00:00 +1: ClaudeService maintains conversation history                                                                                                                                                 00:00 +1: ClaudeService clears conversation history                                                                                                                                                    00:00 +1: ClaudeService clears conversation history                                                                                                                                                    

🔄 Setting up test case...
✓ Mock client and MCP initialized
✓ ConfigLoader initialized with mock system prompt
✓ Claude Service initialized

🧪 Testing conversation history clearing...
✓ Mock API response configured
📡 Mock Claude API called
📊 Initial history length: 2
🧹 History cleared
📊 Final history length: 0
✓ Test completed successfully
00:00 +2: ClaudeService clears conversation history                                                                                                                                                    00:00 +2: ClaudeService handles network errors gracefully                                                                                                                                              00:00 +2: ClaudeService handles network errors gracefully                                                                                                                                              

🔄 Setting up test case...
✓ Mock client and MCP initialized
✓ ConfigLoader initialized with mock system prompt
✓ Claude Service initialized

🧪 Testing network error handling...
✓ Mock network error configured
📥 Error response received: {"status":"error","message":"Error: Unable to connect to Claude: Exception: Network error"}
🔍 Decoded error response: {status: error, message: Error: Unable to connect to Claude: Exception: Network error}
📊 Conversation history length: 1
✓ Test completed successfully
00:00 +3: ClaudeService handles network errors gracefully                                                                                                                                              00:00 +3: ClaudeService handles API errors gracefully                                                                                                                                                  00:00 +3: ClaudeService handles API errors gracefully                                                                                                                                                  

🔄 Setting up test case...
✓ Mock client and MCP initialized
✓ ConfigLoader initialized with mock system prompt
✓ Claude Service initialized

🧪 Testing API error handling...
✓ Mock API error configured
📡 Mock API error response
📥 Error response received: {"status":"error","message":"Error: Unable to connect to Claude: Exception: Failed to get response from Claude: Rate limit exceeded"}
🔍 Decoded error response: {status: error, message: Error: Unable to connect to Claude: Exception: Failed to get response from Claude: Rate limit exceeded}
📊 Conversation history length: 1
✓ Test completed successfully
00:00 +4: ClaudeService handles API errors gracefully                                                                                                                                                  00:00 +4: ClaudeService handles malformed JSON response gracefully                                                                                                                                     00:00 +4: ClaudeService handles malformed JSON response gracefully                                                                                                                                     

🔄 Setting up test case...
✓ Mock client and MCP initialized
✓ ConfigLoader initialized with mock system prompt
✓ Claude Service initialized

🧪 Testing malformed JSON handling...
✓ Mock malformed JSON configured
📡 Mock malformed JSON response
📥 Error response received: {"status":"error","message":"Error: Unable to connect to Claude: FormatException: Unexpected character (at character 2)\n{malformed json\n ^\n"}
🔍 Decoded error response: {status: error, message: Error: Unable to connect to Claude: FormatException: Unexpected character (at character 2)
{malformed json
 ^
}
✓ Test completed successfully
00:00 +5: ClaudeService handles malformed JSON response gracefully                                                                                                                                     00:00 +5: ClaudeService handles empty response gracefully                                                                                                                                              00:00 +5: ClaudeService handles empty response gracefully                                                                                                                                              

🔄 Setting up test case...
✓ Mock client and MCP initialized
✓ ConfigLoader initialized with mock system prompt
✓ Claude Service initialized

🧪 Testing empty response handling...
✓ Mock empty response configured
📡 Mock empty response
📥 Error response received: {"status":"error","message":"Error: Unable to connect to Claude: FormatException: Unexpected end of input (at character 1)\n\n^\n"}
🔍 Decoded error response: {status: error, message: Error: Unable to connect to Claude: FormatException: Unexpected end of input (at character 1)

^
}
✓ Test completed successfully
00:00 +6: ClaudeService handles empty response gracefully                                                                                                                                              00:00 +6: Life Plan MCP Integration processes life plan commands through MCP                                                                                                                           00:00 +6: Life Plan MCP Integration processes life plan commands through MCP                                                                                                                           

🔄 Setting up test case...
✓ Mock client and MCP initialized
✓ ConfigLoader initialized with mock system prompt
✓ Claude Service initialized

🧪 Testing life plan command processing...
📤 Sending command: {"action":"get_goals_by_dimension","dimension":"SF"}
✓ Mock MCP response configured
📥 Received response: {"status":"success","data":[{"dimension":"SF","id":"G1","description":"Test Goal","trackId":"T1"}]}
🔍 Decoded response: {status: success, data: [{dimension: SF, id: G1, description: Test Goal, trackId: T1}]}
✓ Test completed successfully
00:00 +7: Life Plan MCP Integration processes life plan commands through MCP                                                                                                                           00:00 +7: Life Plan MCP Integration falls back to normal message processing if MCP fails                                                                                                               00:00 +7: Life Plan MCP Integration falls back to normal message processing if MCP fails                                                                                                               

🔄 Setting up test case...
✓ Mock client and MCP initialized
✓ ConfigLoader initialized with mock system prompt
✓ Claude Service initialized

🧪 Testing MCP failure fallback...
📤 Sending invalid command: {"action":"invalid_command"}
✓ Mock MCP error configured
✓ Mock Claude API response configured
📥 Received response: {"status":"error","message":"Missing required parameter: Exception: MCP Error"}
🔍 Decoded error response: {status: error, message: Missing required parameter: Exception: MCP Error}
✓ Test completed successfully
00:00 +8: Life Plan MCP Integration falls back to normal message processing if MCP fails                                                                                                               00:00 +8: Life Plan MCP Integration processes normal messages without MCP                                                                                                                              00:00 +8: Life Plan MCP Integration processes normal messages without MCP                                                                                                                              

🔄 Setting up test case...
✓ Mock client and MCP initialized
✓ ConfigLoader initialized with mock system prompt
✓ Claude Service initialized

🧪 Testing normal message processing...
📤 Sending message: Hello
✓ Mock Claude API response configured
📡 Mock Claude API called
📥 Received response: Normal response
✓ Test completed successfully
00:00 +9: Life Plan MCP Integration processes normal messages without MCP                                                                                                                              00:00 +9: (tearDownAll)                                                                                                                                                                                [ +109 ms] test 0: Test harness is no longer needed by test process
[        ] test 0: finished
[        ] test 0: cleaning up...
[        ] test 0: ensuring test device is terminated.
[        ] test 0: Terminating flutter_tester process
[        ] test 0: Shutting down DevTools server
[        ] test 0: Test process is no longer needed by test harness
[        ] test 0: Shutting down test harness socket server
[   +1 ms] test 0: flutter_tester process at pid 3820 exited with code=-9
[        ] test 0: deleting temporary directory
[        ] test 0: finished
00:00 +9: All tests passed!                                                                                                                                                                            
[   +2 ms] Deleting /var/folders/f7/rqd14g9d2rv0v4rhwj55l7v40000gn/T/flutter_tools.A1VoDe/flutter_test_compiler.f6h5y2...
[        ] killing pid 3819
[   +5 ms] Deleting /var/folders/f7/rqd14g9d2rv0v4rhwj55l7v40000gn/T/flutter_tools.A1VoDe/flutter_test_fonts.C3hRvI...
[   +1 ms] test package returned with exit code 0
[        ] Runtime for phase TestRunner: Wall-clock: 0:00:01.020734; combined: 0:00:01.020751.
[        ] Runtime for phase Compile: Wall-clock: 0:00:00.468037; combined: 0:00:00.468055.
[        ] Runtime for phase Run: Wall-clock: 0:00:00.448924; combined: 0:00:00.448925.
[        ] Runtime for phase CoverageTotal: Wall-clock: 0:00:00.000000; combined: 0:00:00.000000.
[        ] Runtime for phase CoverageCollect: Wall-clock: 0:00:00.000000; combined: 0:00:00.000000.
[        ] Runtime for phase CoverageParseJson: Wall-clock: 0:00:00.000000; combined: 0:00:00.000000.
[        ] Runtime for phase CoverageAddHitmap: Wall-clock: 0:00:00.000000; combined: 0:00:00.000000.
[        ] Runtime for phase CoverageDataCollect: Wall-clock: 0:00:00.000000; combined: 0:00:00.000000.
[        ] Runtime for phase WatcherFinishedTest: Wall-clock: 0:00:00.000272; combined: 0:00:00.000272.
[   +2 ms] "flutter test" took 1,386ms.
[  +18 ms] Running 3 shutdown hooks
[        ] Shutdown hooks complete
[ +136 ms] exiting with code 0

=== Running ./test/utf8_handling_test.dart ===
[   +9 ms] executing: sysctl hw.optional.arm64
[   +5 ms] Exit code 0 from: sysctl hw.optional.arm64
[        ] hw.optional.arm64: 1
[   +7 ms] executing: sw_vers -productName
[   +6 ms] Exit code 0 from: sw_vers -productName
[        ] macOS
[        ] executing: sw_vers -productVersion
[   +6 ms] Exit code 0 from: sw_vers -productVersion
[        ] 14.6.1
[        ] executing: sw_vers -buildVersion
[   +5 ms] Exit code 0 from: sw_vers -buildVersion
[        ] 23G93
[        ] executing: uname -m
[   +2 ms] Exit code 0 from: uname -m
[        ] arm64
[   +8 ms] Found 1 files which will be executed as Widget Tests.
[   +2 ms] Artifact Instance of 'AndroidGenSnapshotArtifacts' is not required, skipping update.
[        ] Artifact Instance of 'AndroidInternalBuildArtifacts' is not required, skipping update.
[        ] Artifact Instance of 'IOSEngineArtifacts' is not required, skipping update.
[        ] Artifact Instance of 'FlutterWebSdk' is not required, skipping update.
[        ] Artifact Instance of 'LegacyCanvasKitRemover' is not required, skipping update.
[   +2 ms] Artifact Instance of 'WindowsEngineArtifacts' is not required, skipping update.
[        ] Artifact Instance of 'MacOSEngineArtifacts' is not required, skipping update.
[        ] Artifact Instance of 'LinuxEngineArtifacts' is not required, skipping update.
[        ] Artifact Instance of 'LinuxFuchsiaSDKArtifacts' is not required, skipping update.
[        ] Artifact Instance of 'MacOSFuchsiaSDKArtifacts' is not required, skipping update.
[        ] Artifact Instance of 'FlutterRunnerSDKArtifacts' is not required, skipping update.
[        ] Artifact Instance of 'FlutterRunnerDebugSymbols' is not required, skipping update.
[  +17 ms] Artifact Instance of 'MaterialFonts' is not required, skipping update.
[        ] Artifact Instance of 'GradleWrapper' is not required, skipping update.
[        ] Artifact Instance of 'AndroidGenSnapshotArtifacts' is not required, skipping update.
[        ] Artifact Instance of 'AndroidInternalBuildArtifacts' is not required, skipping update.
[        ] Artifact Instance of 'IOSEngineArtifacts' is not required, skipping update.
[        ] Artifact Instance of 'FlutterWebSdk' is not required, skipping update.
[        ] Artifact Instance of 'LegacyCanvasKitRemover' is not required, skipping update.
[        ] Artifact Instance of 'FlutterSdk' is not required, skipping update.
[        ] Artifact Instance of 'WindowsEngineArtifacts' is not required, skipping update.
[        ] Artifact Instance of 'MacOSEngineArtifacts' is not required, skipping update.
[        ] Artifact Instance of 'LinuxEngineArtifacts' is not required, skipping update.
[        ] Artifact Instance of 'LinuxFuchsiaSDKArtifacts' is not required, skipping update.
[        ] Artifact Instance of 'MacOSFuchsiaSDKArtifacts' is not required, skipping update.
[        ] Artifact Instance of 'FlutterRunnerSDKArtifacts' is not required, skipping update.
[        ] Artifact Instance of 'FlutterRunnerDebugSymbols' is not required, skipping update.
[        ] Artifact Instance of 'IosUsbArtifacts' is not required, skipping update.
[        ] Artifact Instance of 'IosUsbArtifacts' is not required, skipping update.
[        ] Artifact Instance of 'IosUsbArtifacts' is not required, skipping update.
[        ] Artifact Instance of 'IosUsbArtifacts' is not required, skipping update.
[        ] Artifact Instance of 'IosUsbArtifacts' is not required, skipping update.
[        ] Artifact Instance of 'FontSubsetArtifacts' is not required, skipping update.
[        ] Artifact Instance of 'PubDependencies' is not required, skipping update.
[  +21 ms] Skipping pub get: version match.
[  +13 ms] Found plugin audioplayers at /Users/alebairos/.pub-cache/hosted/pub.dev/audioplayers-5.2.1/
[   +1 ms] Found plugin audioplayers_android at /Users/alebairos/.pub-cache/hosted/pub.dev/audioplayers_android-4.0.3/
[   +1 ms] Found plugin audioplayers_darwin at /Users/alebairos/.pub-cache/hosted/pub.dev/audioplayers_darwin-5.0.2/
[   +1 ms] Found plugin audioplayers_linux at /Users/alebairos/.pub-cache/hosted/pub.dev/audioplayers_linux-3.1.0/
[   +1 ms] Found plugin audioplayers_web at /Users/alebairos/.pub-cache/hosted/pub.dev/audioplayers_web-4.1.0/
[        ] Found plugin audioplayers_windows at /Users/alebairos/.pub-cache/hosted/pub.dev/audioplayers_windows-3.1.0/
[  +20 ms] Found plugin isar_flutter_libs at /Users/alebairos/.pub-cache/hosted/pub.dev/isar_flutter_libs-3.1.0+1/
[   +9 ms] Found plugin path_provider at /Users/alebairos/.pub-cache/hosted/pub.dev/path_provider-2.1.5/
[        ] Found plugin path_provider_android at /Users/alebairos/.pub-cache/hosted/pub.dev/path_provider_android-2.2.15/
[        ] Found plugin path_provider_foundation at /Users/alebairos/.pub-cache/hosted/pub.dev/path_provider_foundation-2.4.1/
[        ] Found plugin path_provider_linux at /Users/alebairos/.pub-cache/hosted/pub.dev/path_provider_linux-2.2.1/
[   +1 ms] Found plugin path_provider_windows at /Users/alebairos/.pub-cache/hosted/pub.dev/path_provider_windows-2.3.0/
[   +2 ms] Found plugin record at /Users/alebairos/.pub-cache/hosted/pub.dev/record-4.4.4/
[        ] Found plugin record_linux at /Users/alebairos/.pub-cache/hosted/pub.dev/record_linux-0.4.1/
[        ] Found plugin record_macos at /Users/alebairos/.pub-cache/hosted/pub.dev/record_macos-0.2.2/
[        ] Found plugin record_web at /Users/alebairos/.pub-cache/hosted/pub.dev/record_web-0.5.0/
[        ] Found plugin record_windows at /Users/alebairos/.pub-cache/hosted/pub.dev/record_windows-0.7.1/
[  +17 ms] Found plugin audioplayers at /Users/alebairos/.pub-cache/hosted/pub.dev/audioplayers-5.2.1/
[        ] Found plugin audioplayers_android at /Users/alebairos/.pub-cache/hosted/pub.dev/audioplayers_android-4.0.3/
[        ] Found plugin audioplayers_darwin at /Users/alebairos/.pub-cache/hosted/pub.dev/audioplayers_darwin-5.0.2/
[        ] Found plugin audioplayers_linux at /Users/alebairos/.pub-cache/hosted/pub.dev/audioplayers_linux-3.1.0/
[        ] Found plugin audioplayers_web at /Users/alebairos/.pub-cache/hosted/pub.dev/audioplayers_web-4.1.0/
[        ] Found plugin audioplayers_windows at /Users/alebairos/.pub-cache/hosted/pub.dev/audioplayers_windows-3.1.0/
[  +10 ms] Found plugin isar_flutter_libs at /Users/alebairos/.pub-cache/hosted/pub.dev/isar_flutter_libs-3.1.0+1/
[   +4 ms] Found plugin path_provider at /Users/alebairos/.pub-cache/hosted/pub.dev/path_provider-2.1.5/
[        ] Found plugin path_provider_android at /Users/alebairos/.pub-cache/hosted/pub.dev/path_provider_android-2.2.15/
[        ] Found plugin path_provider_foundation at /Users/alebairos/.pub-cache/hosted/pub.dev/path_provider_foundation-2.4.1/
[        ] Found plugin path_provider_linux at /Users/alebairos/.pub-cache/hosted/pub.dev/path_provider_linux-2.2.1/
[        ] Found plugin path_provider_windows at /Users/alebairos/.pub-cache/hosted/pub.dev/path_provider_windows-2.3.0/
[   +1 ms] Found plugin record at /Users/alebairos/.pub-cache/hosted/pub.dev/record-4.4.4/
[        ] Found plugin record_linux at /Users/alebairos/.pub-cache/hosted/pub.dev/record_linux-0.4.1/
[        ] Found plugin record_macos at /Users/alebairos/.pub-cache/hosted/pub.dev/record_macos-0.2.2/
[        ] Found plugin record_web at /Users/alebairos/.pub-cache/hosted/pub.dev/record_web-0.5.0/
[        ] Found plugin record_windows at /Users/alebairos/.pub-cache/hosted/pub.dev/record_windows-0.7.1/
[  +14 ms] Found plugin audioplayers at /Users/alebairos/.pub-cache/hosted/pub.dev/audioplayers-5.2.1/
[        ] Found plugin audioplayers_android at /Users/alebairos/.pub-cache/hosted/pub.dev/audioplayers_android-4.0.3/
[        ] Found plugin audioplayers_darwin at /Users/alebairos/.pub-cache/hosted/pub.dev/audioplayers_darwin-5.0.2/
[        ] Found plugin audioplayers_linux at /Users/alebairos/.pub-cache/hosted/pub.dev/audioplayers_linux-3.1.0/
[        ] Found plugin audioplayers_web at /Users/alebairos/.pub-cache/hosted/pub.dev/audioplayers_web-4.1.0/
[        ] Found plugin audioplayers_windows at /Users/alebairos/.pub-cache/hosted/pub.dev/audioplayers_windows-3.1.0/
[   +7 ms] Found plugin isar_flutter_libs at /Users/alebairos/.pub-cache/hosted/pub.dev/isar_flutter_libs-3.1.0+1/
[   +3 ms] Found plugin path_provider at /Users/alebairos/.pub-cache/hosted/pub.dev/path_provider-2.1.5/
[        ] Found plugin path_provider_android at /Users/alebairos/.pub-cache/hosted/pub.dev/path_provider_android-2.2.15/
[        ] Found plugin path_provider_foundation at /Users/alebairos/.pub-cache/hosted/pub.dev/path_provider_foundation-2.4.1/
[        ] Found plugin path_provider_linux at /Users/alebairos/.pub-cache/hosted/pub.dev/path_provider_linux-2.2.1/
[        ] Found plugin path_provider_windows at /Users/alebairos/.pub-cache/hosted/pub.dev/path_provider_windows-2.3.0/
[   +1 ms] Found plugin record at /Users/alebairos/.pub-cache/hosted/pub.dev/record-4.4.4/
[        ] Found plugin record_linux at /Users/alebairos/.pub-cache/hosted/pub.dev/record_linux-0.4.1/
[        ] Found plugin record_macos at /Users/alebairos/.pub-cache/hosted/pub.dev/record_macos-0.2.2/
[        ] Found plugin record_web at /Users/alebairos/.pub-cache/hosted/pub.dev/record_web-0.5.0/
[        ] Found plugin record_windows at /Users/alebairos/.pub-cache/hosted/pub.dev/record_windows-0.7.1/
[   +8 ms] Generating /Users/alebairos/Projects/mobile/chat_app/android/app/src/main/java/io/flutter/plugins/GeneratedPluginRegistrant.java
[  +10 ms] executing: sysctl hw.optional.arm64
[   +1 ms] Exit code 0 from: sysctl hw.optional.arm64
[        ] hw.optional.arm64: 1
[        ] executing: /usr/bin/arch -arm64e xcrun xcodebuild -version
[  +38 ms] Exit code 0 from: /usr/bin/arch -arm64e xcrun xcodebuild -version
[        ] Xcode 16.2
           Build version 16C5032a
[  +41 ms] No packages with native assets. Skipping native assets compilation.
[        ] Writing native assets json to file:///Users/alebairos/Projects/mobile/chat_app/build/native_assets/macos/native_assets.json.
[        ] Writing /Users/alebairos/Projects/mobile/chat_app/build/native_assets/macos/native_assets.json done.
[  +63 ms] running test package with arguments: [--no-color, --chain-stack-traces, --, file:///Users/alebairos/Projects/mobile/chat_app/test/utf8_handling_test.dart?]
00:00 +0: loading /Users/alebairos/Projects/mobile/chat_app/test/utf8_handling_test.dart                                                                                                               [  +83 ms] test 0: starting test /Users/alebairos/Projects/mobile/chat_app/test/utf8_handling_test.dart
[   +1 ms] Stopping scan for flutter_test_config.dart; found project root at /Users/alebairos/Projects/mobile/chat_app
[        ] Compiler will use the following file as its incremental dill file: /var/folders/f7/rqd14g9d2rv0v4rhwj55l7v40000gn/T/flutter_tools.vagnfu/flutter_test_compiler.Q3qnkr/output.dill
[        ] Listening to compiler controller...
[   +3 ms] Compiling file:///var/folders/f7/rqd14g9d2rv0v4rhwj55l7v40000gn/T/flutter_tools.vagnfu/flutter_test_listener.wgVoRV/listener.dart
[  +13 ms] Found plugin audioplayers at /Users/alebairos/.pub-cache/hosted/pub.dev/audioplayers-5.2.1/
[        ] Found plugin audioplayers_android at /Users/alebairos/.pub-cache/hosted/pub.dev/audioplayers_android-4.0.3/
[        ] Found plugin audioplayers_darwin at /Users/alebairos/.pub-cache/hosted/pub.dev/audioplayers_darwin-5.0.2/
[        ] Found plugin audioplayers_linux at /Users/alebairos/.pub-cache/hosted/pub.dev/audioplayers_linux-3.1.0/
[        ] Found plugin audioplayers_web at /Users/alebairos/.pub-cache/hosted/pub.dev/audioplayers_web-4.1.0/
[        ] Found plugin audioplayers_windows at /Users/alebairos/.pub-cache/hosted/pub.dev/audioplayers_windows-3.1.0/
[   +8 ms] Found plugin isar_flutter_libs at /Users/alebairos/.pub-cache/hosted/pub.dev/isar_flutter_libs-3.1.0+1/
[   +3 ms] Found plugin path_provider at /Users/alebairos/.pub-cache/hosted/pub.dev/path_provider-2.1.5/
[        ] Found plugin path_provider_android at /Users/alebairos/.pub-cache/hosted/pub.dev/path_provider_android-2.2.15/
[        ] Found plugin path_provider_foundation at /Users/alebairos/.pub-cache/hosted/pub.dev/path_provider_foundation-2.4.1/
[        ] Found plugin path_provider_linux at /Users/alebairos/.pub-cache/hosted/pub.dev/path_provider_linux-2.2.1/
[        ] Found plugin path_provider_windows at /Users/alebairos/.pub-cache/hosted/pub.dev/path_provider_windows-2.3.0/
[   +1 ms] Found plugin record at /Users/alebairos/.pub-cache/hosted/pub.dev/record-4.4.4/
[        ] Found plugin record_linux at /Users/alebairos/.pub-cache/hosted/pub.dev/record_linux-0.4.1/
[        ] Found plugin record_macos at /Users/alebairos/.pub-cache/hosted/pub.dev/record_macos-0.2.2/
[        ] Found plugin record_web at /Users/alebairos/.pub-cache/hosted/pub.dev/record_web-0.5.0/
[        ] Found plugin record_windows at /Users/alebairos/.pub-cache/hosted/pub.dev/record_windows-0.7.1/
[   +8 ms] /opt/homebrew/Caskroom/flutter/3.27.2/flutter/bin/cache/dart-sdk/bin/dartaotruntime /opt/homebrew/Caskroom/flutter/3.27.2/flutter/bin/cache/dart-sdk/bin/snapshots/frontend_server_aot.dart.snapshot --sdk-root /opt/homebrew/Caskroom/flutter/3.27.2/flutter/bin/cache/artifacts/engine/common/flutter_patched_sdk/ --incremental --no-print-incremental-dependencies --target=flutter --experimental-emit-debug-metadata --output-dill /var/folders/f7/rqd14g9d2rv0v4rhwj55l7v40000gn/T/flutter_tools.vagnfu/flutter_test_compiler.Q3qnkr/output.dill --packages /Users/alebairos/Projects/mobile/chat_app/.dart_tool/package_config.json -Ddart.vm.profile=false -Ddart.vm.product=false --enable-asserts --track-widget-creation --initialize-from-dill /Users/alebairos/Projects/mobile/chat_app/build/test_cache/build/cache.dill.track.dill --verbosity=error
[   +4 ms] <- compile file:///var/folders/f7/rqd14g9d2rv0v4rhwj55l7v40000gn/T/flutter_tools.vagnfu/flutter_test_listener.wgVoRV/listener.dart
[ +533 ms] <- accept
[        ] <- reset
[        ] Compiling file:///var/folders/f7/rqd14g9d2rv0v4rhwj55l7v40000gn/T/flutter_tools.vagnfu/flutter_test_listener.wgVoRV/listener.dart took 579ms
[        ] test 0: starting test device
[   +1 ms] test 0: awaiting connection to test device
[        ] test 0: VM Service uri is not available
[   +1 ms] test 0: test harness socket server is running at port:50413
[        ] Using this directory for fonts configuration: /var/folders/f7/rqd14g9d2rv0v4rhwj55l7v40000gn/T/flutter_tools.vagnfu/flutter_test_fonts.eUZvxe
[        ] test 0: Starting flutter_tester process with command=[/opt/homebrew/Caskroom/flutter/3.27.2/flutter/bin/cache/artifacts/engine/darwin-x64/flutter_tester, --disable-vm-service, --enable-checked-mode, --verify-entry-points, --enable-software-rendering, --skia-deterministic-rendering, --enable-dart-profiling, --non-interactive, --use-test-fonts, --disable-asset-fonts, --packages=/Users/alebairos/Projects/mobile/chat_app/.dart_tool/package_config.json, --flutter-assets-dir=/Users/alebairos/Projects/mobile/chat_app/build/unit_test_assets, /var/folders/f7/rqd14g9d2rv0v4rhwj55l7v40000gn/T/flutter_tools.vagnfu/flutter_test_listener.wgVoRV/listener.dart.dill], environment={FLUTTER_TEST: true, FONTCONFIG_FILE: /var/folders/f7/rqd14g9d2rv0v4rhwj55l7v40000gn/T/flutter_tools.vagnfu/flutter_test_fonts.eUZvxe/fonts.conf, SERVER_PORT: 50413, APP_NAME: character_ai_clone, UNIT_TEST_ASSETS: /Users/alebairos/Projects/mobile/chat_app/build/unit_test_assets}
[   +2 ms] test 0: Started flutter_tester process at pid 3865
[ +344 ms] test 0: connected to test device, now awaiting test result
[        ] test 0: Waiting for test harness or tests to finish
00:00 +0: UTF-8 Text Handling (setUpAll)                                                                                                                                                               00:01 +0: UTF-8 Text Handling (setUpAll)                                                                                                                                                               00:01 +0: UTF-8 Text Handling handles Portuguese characters in ChatInput                                                                                                                               00:01 +1: UTF-8 Text Handling handles Portuguese characters in ChatInput                                                                                                                               00:01 +1: UTF-8 Text Handling Storage Service Tests storage service preserves Portuguese characters                                                                                                    00:01 +1: UTF-8 Text Handling Storage Service Tests storage service preserves Portuguese characters                                                                                                    
🧹 Clearing database before test
🧹 Cleaning up after test
00:01 +2: UTF-8 Text Handling Storage Service Tests storage service preserves Portuguese characters                                                                                                    00:01 +2: UTF-8 Text Handling Storage Service Tests storage service handles search with Portuguese characters                                                                                          00:01 +2: UTF-8 Text Handling Storage Service Tests storage service handles search with Portuguese characters                                                                                          
🧹 Clearing database before test

🧪 Starting Portuguese characters search test
📝 Test messages:
1️⃣ "palavra específica teste"
2️⃣ "outra função teste"
3️⃣ "mais uma específica diferente"

💾 Saving test messages...
✓ Messages saved

🔍 Testing search for "específica"...
📊 Found 2 results: "mais uma específica diferente", "palavra específica teste"
✓ First search test passed

🔍 Testing search for "função"...
📊 Found 1 results: "outra função teste"
✓ Second search test passed

🔍 Testing case-insensitive search for "FUNÇÃO"...
📊 Found 1 results: "outra função teste"
✓ Third search test passed

✅ All search tests completed
🧹 Cleaning up after test
00:01 +3: UTF-8 Text Handling Storage Service Tests storage service handles search with Portuguese characters                                                                                          00:01 +3: UTF-8 Text Handling (tearDownAll)                                                                                                                                                            [ +522 ms] test 0: Test harness is no longer needed by test process
[        ] test 0: finished
[        ] test 0: cleaning up...
[        ] test 0: ensuring test device is terminated.
[        ] test 0: Terminating flutter_tester process
[        ] test 0: Shutting down DevTools server
[        ] test 0: Test process is no longer needed by test harness
[        ] test 0: Shutting down test harness socket server
[   +2 ms] test 0: flutter_tester process at pid 3865 exited with code=-9
[        ] test 0: deleting temporary directory
[        ] test 0: finished
00:01 +3: All tests passed!                                                                                                                                                                            
[   +2 ms] Deleting /var/folders/f7/rqd14g9d2rv0v4rhwj55l7v40000gn/T/flutter_tools.vagnfu/flutter_test_compiler.Q3qnkr...
[        ] killing pid 3859
[   +5 ms] Deleting /var/folders/f7/rqd14g9d2rv0v4rhwj55l7v40000gn/T/flutter_tools.vagnfu/flutter_test_fonts.eUZvxe...
[   +1 ms] test package returned with exit code 0
[        ] Runtime for phase TestRunner: Wall-clock: 0:00:01.561015; combined: 0:00:01.561031.
[        ] Runtime for phase Compile: Wall-clock: 0:00:00.579141; combined: 0:00:00.579158.
[        ] Runtime for phase Run: Wall-clock: 0:00:00.872824; combined: 0:00:00.872825.
[        ] Runtime for phase CoverageTotal: Wall-clock: 0:00:00.000000; combined: 0:00:00.000000.
[        ] Runtime for phase CoverageCollect: Wall-clock: 0:00:00.000000; combined: 0:00:00.000000.
[        ] Runtime for phase CoverageParseJson: Wall-clock: 0:00:00.000000; combined: 0:00:00.000000.
[        ] Runtime for phase CoverageAddHitmap: Wall-clock: 0:00:00.000000; combined: 0:00:00.000000.
[        ] Runtime for phase CoverageDataCollect: Wall-clock: 0:00:00.000000; combined: 0:00:00.000000.
[        ] Runtime for phase WatcherFinishedTest: Wall-clock: 0:00:00.000273; combined: 0:00:00.000273.
[   +2 ms] "flutter test" took 1,929ms.
[  +16 ms] Running 3 shutdown hooks
[        ] Shutdown hooks complete
[ +137 ms] exiting with code 0

=== Running ./test/transcription_service_test.dart ===
[   +9 ms] executing: sysctl hw.optional.arm64
[   +5 ms] Exit code 0 from: sysctl hw.optional.arm64
[        ] hw.optional.arm64: 1
[   +7 ms] executing: sw_vers -productName
[   +6 ms] Exit code 0 from: sw_vers -productName
[        ] macOS
[        ] executing: sw_vers -productVersion
[   +6 ms] Exit code 0 from: sw_vers -productVersion
[        ] 14.6.1
[        ] executing: sw_vers -buildVersion
[   +6 ms] Exit code 0 from: sw_vers -buildVersion
[        ] 23G93
[        ] executing: uname -m
[   +2 ms] Exit code 0 from: uname -m
[        ] arm64
[   +9 ms] Found 1 files which will be executed as Widget Tests.
[   +2 ms] Artifact Instance of 'AndroidGenSnapshotArtifacts' is not required, skipping update.
[        ] Artifact Instance of 'AndroidInternalBuildArtifacts' is not required, skipping update.
[        ] Artifact Instance of 'IOSEngineArtifacts' is not required, skipping update.
[        ] Artifact Instance of 'FlutterWebSdk' is not required, skipping update.
[        ] Artifact Instance of 'LegacyCanvasKitRemover' is not required, skipping update.
[   +1 ms] Artifact Instance of 'WindowsEngineArtifacts' is not required, skipping update.
[        ] Artifact Instance of 'MacOSEngineArtifacts' is not required, skipping update.
[        ] Artifact Instance of 'LinuxEngineArtifacts' is not required, skipping update.
[        ] Artifact Instance of 'LinuxFuchsiaSDKArtifacts' is not required, skipping update.
[        ] Artifact Instance of 'MacOSFuchsiaSDKArtifacts' is not required, skipping update.
[        ] Artifact Instance of 'FlutterRunnerSDKArtifacts' is not required, skipping update.
[        ] Artifact Instance of 'FlutterRunnerDebugSymbols' is not required, skipping update.
[  +17 ms] Artifact Instance of 'MaterialFonts' is not required, skipping update.
[        ] Artifact Instance of 'GradleWrapper' is not required, skipping update.
[        ] Artifact Instance of 'AndroidGenSnapshotArtifacts' is not required, skipping update.
[        ] Artifact Instance of 'AndroidInternalBuildArtifacts' is not required, skipping update.
[        ] Artifact Instance of 'IOSEngineArtifacts' is not required, skipping update.
[        ] Artifact Instance of 'FlutterWebSdk' is not required, skipping update.
[        ] Artifact Instance of 'LegacyCanvasKitRemover' is not required, skipping update.
[        ] Artifact Instance of 'FlutterSdk' is not required, skipping update.
[        ] Artifact Instance of 'WindowsEngineArtifacts' is not required, skipping update.
[        ] Artifact Instance of 'MacOSEngineArtifacts' is not required, skipping update.
[        ] Artifact Instance of 'LinuxEngineArtifacts' is not required, skipping update.
[        ] Artifact Instance of 'LinuxFuchsiaSDKArtifacts' is not required, skipping update.
[        ] Artifact Instance of 'MacOSFuchsiaSDKArtifacts' is not required, skipping update.
[        ] Artifact Instance of 'FlutterRunnerSDKArtifacts' is not required, skipping update.
[        ] Artifact Instance of 'FlutterRunnerDebugSymbols' is not required, skipping update.
[        ] Artifact Instance of 'IosUsbArtifacts' is not required, skipping update.
[        ] Artifact Instance of 'IosUsbArtifacts' is not required, skipping update.
[        ] Artifact Instance of 'IosUsbArtifacts' is not required, skipping update.
[        ] Artifact Instance of 'IosUsbArtifacts' is not required, skipping update.
[        ] Artifact Instance of 'IosUsbArtifacts' is not required, skipping update.
[        ] Artifact Instance of 'FontSubsetArtifacts' is not required, skipping update.
[        ] Artifact Instance of 'PubDependencies' is not required, skipping update.
[  +22 ms] Skipping pub get: version match.
[  +13 ms] Found plugin audioplayers at /Users/alebairos/.pub-cache/hosted/pub.dev/audioplayers-5.2.1/
[   +1 ms] Found plugin audioplayers_android at /Users/alebairos/.pub-cache/hosted/pub.dev/audioplayers_android-4.0.3/
[   +1 ms] Found plugin audioplayers_darwin at /Users/alebairos/.pub-cache/hosted/pub.dev/audioplayers_darwin-5.0.2/
[   +1 ms] Found plugin audioplayers_linux at /Users/alebairos/.pub-cache/hosted/pub.dev/audioplayers_linux-3.1.0/
[   +1 ms] Found plugin audioplayers_web at /Users/alebairos/.pub-cache/hosted/pub.dev/audioplayers_web-4.1.0/
[        ] Found plugin audioplayers_windows at /Users/alebairos/.pub-cache/hosted/pub.dev/audioplayers_windows-3.1.0/
[  +20 ms] Found plugin isar_flutter_libs at /Users/alebairos/.pub-cache/hosted/pub.dev/isar_flutter_libs-3.1.0+1/
[   +9 ms] Found plugin path_provider at /Users/alebairos/.pub-cache/hosted/pub.dev/path_provider-2.1.5/
[        ] Found plugin path_provider_android at /Users/alebairos/.pub-cache/hosted/pub.dev/path_provider_android-2.2.15/
[        ] Found plugin path_provider_foundation at /Users/alebairos/.pub-cache/hosted/pub.dev/path_provider_foundation-2.4.1/
[        ] Found plugin path_provider_linux at /Users/alebairos/.pub-cache/hosted/pub.dev/path_provider_linux-2.2.1/
[   +1 ms] Found plugin path_provider_windows at /Users/alebairos/.pub-cache/hosted/pub.dev/path_provider_windows-2.3.0/
[   +2 ms] Found plugin record at /Users/alebairos/.pub-cache/hosted/pub.dev/record-4.4.4/
[        ] Found plugin record_linux at /Users/alebairos/.pub-cache/hosted/pub.dev/record_linux-0.4.1/
[        ] Found plugin record_macos at /Users/alebairos/.pub-cache/hosted/pub.dev/record_macos-0.2.2/
[        ] Found plugin record_web at /Users/alebairos/.pub-cache/hosted/pub.dev/record_web-0.5.0/
[        ] Found plugin record_windows at /Users/alebairos/.pub-cache/hosted/pub.dev/record_windows-0.7.1/
[  +17 ms] Found plugin audioplayers at /Users/alebairos/.pub-cache/hosted/pub.dev/audioplayers-5.2.1/
[        ] Found plugin audioplayers_android at /Users/alebairos/.pub-cache/hosted/pub.dev/audioplayers_android-4.0.3/
[        ] Found plugin audioplayers_darwin at /Users/alebairos/.pub-cache/hosted/pub.dev/audioplayers_darwin-5.0.2/
[        ] Found plugin audioplayers_linux at /Users/alebairos/.pub-cache/hosted/pub.dev/audioplayers_linux-3.1.0/
[        ] Found plugin audioplayers_web at /Users/alebairos/.pub-cache/hosted/pub.dev/audioplayers_web-4.1.0/
[        ] Found plugin audioplayers_windows at /Users/alebairos/.pub-cache/hosted/pub.dev/audioplayers_windows-3.1.0/
[  +10 ms] Found plugin isar_flutter_libs at /Users/alebairos/.pub-cache/hosted/pub.dev/isar_flutter_libs-3.1.0+1/
[   +4 ms] Found plugin path_provider at /Users/alebairos/.pub-cache/hosted/pub.dev/path_provider-2.1.5/
[        ] Found plugin path_provider_android at /Users/alebairos/.pub-cache/hosted/pub.dev/path_provider_android-2.2.15/
[        ] Found plugin path_provider_foundation at /Users/alebairos/.pub-cache/hosted/pub.dev/path_provider_foundation-2.4.1/
[        ] Found plugin path_provider_linux at /Users/alebairos/.pub-cache/hosted/pub.dev/path_provider_linux-2.2.1/
[        ] Found plugin path_provider_windows at /Users/alebairos/.pub-cache/hosted/pub.dev/path_provider_windows-2.3.0/
[   +1 ms] Found plugin record at /Users/alebairos/.pub-cache/hosted/pub.dev/record-4.4.4/
[        ] Found plugin record_linux at /Users/alebairos/.pub-cache/hosted/pub.dev/record_linux-0.4.1/
[        ] Found plugin record_macos at /Users/alebairos/.pub-cache/hosted/pub.dev/record_macos-0.2.2/
[        ] Found plugin record_web at /Users/alebairos/.pub-cache/hosted/pub.dev/record_web-0.5.0/
[        ] Found plugin record_windows at /Users/alebairos/.pub-cache/hosted/pub.dev/record_windows-0.7.1/
[  +14 ms] Found plugin audioplayers at /Users/alebairos/.pub-cache/hosted/pub.dev/audioplayers-5.2.1/
[        ] Found plugin audioplayers_android at /Users/alebairos/.pub-cache/hosted/pub.dev/audioplayers_android-4.0.3/
[        ] Found plugin audioplayers_darwin at /Users/alebairos/.pub-cache/hosted/pub.dev/audioplayers_darwin-5.0.2/
[        ] Found plugin audioplayers_linux at /Users/alebairos/.pub-cache/hosted/pub.dev/audioplayers_linux-3.1.0/
[        ] Found plugin audioplayers_web at /Users/alebairos/.pub-cache/hosted/pub.dev/audioplayers_web-4.1.0/
[        ] Found plugin audioplayers_windows at /Users/alebairos/.pub-cache/hosted/pub.dev/audioplayers_windows-3.1.0/
[   +7 ms] Found plugin isar_flutter_libs at /Users/alebairos/.pub-cache/hosted/pub.dev/isar_flutter_libs-3.1.0+1/
[   +3 ms] Found plugin path_provider at /Users/alebairos/.pub-cache/hosted/pub.dev/path_provider-2.1.5/
[        ] Found plugin path_provider_android at /Users/alebairos/.pub-cache/hosted/pub.dev/path_provider_android-2.2.15/
[        ] Found plugin path_provider_foundation at /Users/alebairos/.pub-cache/hosted/pub.dev/path_provider_foundation-2.4.1/
[        ] Found plugin path_provider_linux at /Users/alebairos/.pub-cache/hosted/pub.dev/path_provider_linux-2.2.1/
[        ] Found plugin path_provider_windows at /Users/alebairos/.pub-cache/hosted/pub.dev/path_provider_windows-2.3.0/
[   +1 ms] Found plugin record at /Users/alebairos/.pub-cache/hosted/pub.dev/record-4.4.4/
[        ] Found plugin record_linux at /Users/alebairos/.pub-cache/hosted/pub.dev/record_linux-0.4.1/
[        ] Found plugin record_macos at /Users/alebairos/.pub-cache/hosted/pub.dev/record_macos-0.2.2/
[        ] Found plugin record_web at /Users/alebairos/.pub-cache/hosted/pub.dev/record_web-0.5.0/
[        ] Found plugin record_windows at /Users/alebairos/.pub-cache/hosted/pub.dev/record_windows-0.7.1/
[   +8 ms] Generating /Users/alebairos/Projects/mobile/chat_app/android/app/src/main/java/io/flutter/plugins/GeneratedPluginRegistrant.java
[  +10 ms] executing: sysctl hw.optional.arm64
[   +1 ms] Exit code 0 from: sysctl hw.optional.arm64
[        ] hw.optional.arm64: 1
[        ] executing: /usr/bin/arch -arm64e xcrun xcodebuild -version
[  +38 ms] Exit code 0 from: /usr/bin/arch -arm64e xcrun xcodebuild -version
[        ] Xcode 16.2
           Build version 16C5032a
[  +40 ms] No packages with native assets. Skipping native assets compilation.
[        ] Writing native assets json to file:///Users/alebairos/Projects/mobile/chat_app/build/native_assets/macos/native_assets.json.
[        ] Writing /Users/alebairos/Projects/mobile/chat_app/build/native_assets/macos/native_assets.json done.
[  +59 ms] running test package with arguments: [--no-color, --chain-stack-traces, --, file:///Users/alebairos/Projects/mobile/chat_app/test/transcription_service_test.dart?]
00:00 +0: loading /Users/alebairos/Projects/mobile/chat_app/test/transcription_service_test.dart                                                                                                       [  +77 ms] test 0: starting test /Users/alebairos/Projects/mobile/chat_app/test/transcription_service_test.dart
[   +1 ms] Stopping scan for flutter_test_config.dart; found project root at /Users/alebairos/Projects/mobile/chat_app
[        ] Compiler will use the following file as its incremental dill file: /var/folders/f7/rqd14g9d2rv0v4rhwj55l7v40000gn/T/flutter_tools.NJrjH9/flutter_test_compiler.tWoXDe/output.dill
[        ] Listening to compiler controller...
[   +3 ms] Compiling file:///var/folders/f7/rqd14g9d2rv0v4rhwj55l7v40000gn/T/flutter_tools.NJrjH9/flutter_test_listener.d73rhC/listener.dart
[  +17 ms] Found plugin audioplayers at /Users/alebairos/.pub-cache/hosted/pub.dev/audioplayers-5.2.1/
[        ] Found plugin audioplayers_android at /Users/alebairos/.pub-cache/hosted/pub.dev/audioplayers_android-4.0.3/
[        ] Found plugin audioplayers_darwin at /Users/alebairos/.pub-cache/hosted/pub.dev/audioplayers_darwin-5.0.2/
[        ] Found plugin audioplayers_linux at /Users/alebairos/.pub-cache/hosted/pub.dev/audioplayers_linux-3.1.0/
[        ] Found plugin audioplayers_web at /Users/alebairos/.pub-cache/hosted/pub.dev/audioplayers_web-4.1.0/
[        ] Found plugin audioplayers_windows at /Users/alebairos/.pub-cache/hosted/pub.dev/audioplayers_windows-3.1.0/
[   +7 ms] Found plugin isar_flutter_libs at /Users/alebairos/.pub-cache/hosted/pub.dev/isar_flutter_libs-3.1.0+1/
[   +3 ms] Found plugin path_provider at /Users/alebairos/.pub-cache/hosted/pub.dev/path_provider-2.1.5/
[        ] Found plugin path_provider_android at /Users/alebairos/.pub-cache/hosted/pub.dev/path_provider_android-2.2.15/
[        ] Found plugin path_provider_foundation at /Users/alebairos/.pub-cache/hosted/pub.dev/path_provider_foundation-2.4.1/
[        ] Found plugin path_provider_linux at /Users/alebairos/.pub-cache/hosted/pub.dev/path_provider_linux-2.2.1/
[        ] Found plugin path_provider_windows at /Users/alebairos/.pub-cache/hosted/pub.dev/path_provider_windows-2.3.0/
[   +1 ms] Found plugin record at /Users/alebairos/.pub-cache/hosted/pub.dev/record-4.4.4/
[        ] Found plugin record_linux at /Users/alebairos/.pub-cache/hosted/pub.dev/record_linux-0.4.1/
[        ] Found plugin record_macos at /Users/alebairos/.pub-cache/hosted/pub.dev/record_macos-0.2.2/
[        ] Found plugin record_web at /Users/alebairos/.pub-cache/hosted/pub.dev/record_web-0.5.0/
[        ] Found plugin record_windows at /Users/alebairos/.pub-cache/hosted/pub.dev/record_windows-0.7.1/
[   +9 ms] /opt/homebrew/Caskroom/flutter/3.27.2/flutter/bin/cache/dart-sdk/bin/dartaotruntime /opt/homebrew/Caskroom/flutter/3.27.2/flutter/bin/cache/dart-sdk/bin/snapshots/frontend_server_aot.dart.snapshot --sdk-root /opt/homebrew/Caskroom/flutter/3.27.2/flutter/bin/cache/artifacts/engine/common/flutter_patched_sdk/ --incremental --no-print-incremental-dependencies --target=flutter --experimental-emit-debug-metadata --output-dill /var/folders/f7/rqd14g9d2rv0v4rhwj55l7v40000gn/T/flutter_tools.NJrjH9/flutter_test_compiler.tWoXDe/output.dill --packages /Users/alebairos/Projects/mobile/chat_app/.dart_tool/package_config.json -Ddart.vm.profile=false -Ddart.vm.product=false --enable-asserts --track-widget-creation --initialize-from-dill /Users/alebairos/Projects/mobile/chat_app/build/test_cache/build/cache.dill.track.dill --verbosity=error
[   +5 ms] <- compile file:///var/folders/f7/rqd14g9d2rv0v4rhwj55l7v40000gn/T/flutter_tools.NJrjH9/flutter_test_listener.d73rhC/listener.dart
[ +406 ms] <- accept
[        ] <- reset
[        ] Compiling file:///var/folders/f7/rqd14g9d2rv0v4rhwj55l7v40000gn/T/flutter_tools.NJrjH9/flutter_test_listener.d73rhC/listener.dart took 456ms
[        ] test 0: starting test device
[   +1 ms] test 0: awaiting connection to test device
[        ] test 0: VM Service uri is not available
[   +1 ms] test 0: test harness socket server is running at port:50417
[        ] Using this directory for fonts configuration: /var/folders/f7/rqd14g9d2rv0v4rhwj55l7v40000gn/T/flutter_tools.NJrjH9/flutter_test_fonts.M4giNF
[        ] test 0: Starting flutter_tester process with command=[/opt/homebrew/Caskroom/flutter/3.27.2/flutter/bin/cache/artifacts/engine/darwin-x64/flutter_tester, --disable-vm-service, --enable-checked-mode, --verify-entry-points, --enable-software-rendering, --skia-deterministic-rendering, --enable-dart-profiling, --non-interactive, --use-test-fonts, --disable-asset-fonts, --packages=/Users/alebairos/Projects/mobile/chat_app/.dart_tool/package_config.json, --flutter-assets-dir=/Users/alebairos/Projects/mobile/chat_app/build/unit_test_assets, /var/folders/f7/rqd14g9d2rv0v4rhwj55l7v40000gn/T/flutter_tools.NJrjH9/flutter_test_listener.d73rhC/listener.dart.dill], environment={FLUTTER_TEST: true, FONTCONFIG_FILE: /var/folders/f7/rqd14g9d2rv0v4rhwj55l7v40000gn/T/flutter_tools.NJrjH9/flutter_test_fonts.M4giNF/fonts.conf, SERVER_PORT: 50417, APP_NAME: character_ai_clone, UNIT_TEST_ASSETS: /Users/alebairos/Projects/mobile/chat_app/build/unit_test_assets}
[   +3 ms] test 0: Started flutter_tester process at pid 3906
[ +337 ms] test 0: connected to test device, now awaiting test result
[        ] test 0: Waiting for test harness or tests to finish
00:00 +0: Service Initialization OpenAI service initializes correctly                                                                                                                                  00:00 +1: Service Initialization OpenAI service initializes correctly                                                                                                                                  00:00 +1: Service Initialization Handles missing API key gracefully                                                                                                                                    00:00 +2: Service Initialization Handles missing API key gracefully                                                                                                                                    00:00 +2: Service Initialization Initializes with custom client                                                                                                                                        00:00 +3: Service Initialization Initializes with custom client                                                                                                                                        00:00 +3: Error Handling Transcription handles invalid path gracefully                                                                                                                                 00:00 +4: Error Handling Transcription handles invalid path gracefully                                                                                                                                 00:00 +4: Error Handling Handles API error gracefully                                                                                                                                                  00:00 +5: Error Handling Handles API error gracefully                                                                                                                                                  00:00 +5: Error Handling Handles network errors gracefully                                                                                                                                             00:00 +5: Error Handling Handles network errors gracefully                                                                                                                                             
OpenAI Transcription error: Exception: Network error
00:00 +6: Error Handling Handles network errors gracefully                                                                                                                                             00:00 +6: Error Handling Handles malformed JSON response                                                                                                                                               00:00 +6: Error Handling Handles malformed JSON response                                                                                                                                               
OpenAI Transcription error: FormatException: Unterminated string (at character 17)
{"malformed json
                ^

00:00 +7: Error Handling Handles malformed JSON response                                                                                                                                               00:00 +7: Error Handling Handles empty response body                                                                                                                                                   00:00 +7: Error Handling Handles empty response body                                                                                                                                                   
OpenAI Transcription error: FormatException: Unexpected end of input (at character 1)

^

00:00 +8: Error Handling Handles empty response body                                                                                                                                                   00:00 +8: Successful Transcription Handles successful transcription                                                                                                                                    00:00 +9: Successful Transcription Handles successful transcription                                                                                                                                    00:00 +9: Successful Transcription Handles successful transcription with special characters                                                                                                            00:00 +10: Successful Transcription Handles successful transcription with special characters                                                                                                           00:00 +10: Successful Transcription Handles successful transcription with empty text                                                                                                                   00:00 +11: Successful Transcription Handles successful transcription with empty text                                                                                                                   00:00 +11: Request Validation Sends correct headers and model                                                                                                                                          00:00 +12: Request Validation Sends correct headers and model                                                                                                                                          [ +104 ms] test 0: Test harness is no longer needed by test process
[        ] test 0: finished
[        ] test 0: cleaning up...
[        ] test 0: ensuring test device is terminated.
[        ] test 0: Terminating flutter_tester process
[        ] test 0: Shutting down DevTools server
[        ] test 0: Test process is no longer needed by test harness
[        ] test 0: Shutting down test harness socket server
[   +1 ms] test 0: flutter_tester process at pid 3906 exited with code=-9
[        ] test 0: deleting temporary directory
[        ] test 0: finished
00:00 +12: All tests passed!                                                                                                                                                                           
[   +2 ms] Deleting /var/folders/f7/rqd14g9d2rv0v4rhwj55l7v40000gn/T/flutter_tools.NJrjH9/flutter_test_compiler.tWoXDe...
[        ] killing pid 3902
[   +5 ms] Deleting /var/folders/f7/rqd14g9d2rv0v4rhwj55l7v40000gn/T/flutter_tools.NJrjH9/flutter_test_fonts.M4giNF...
[   +1 ms] test package returned with exit code 0
[        ] Runtime for phase TestRunner: Wall-clock: 0:00:01.005533; combined: 0:00:01.005548.
[        ] Runtime for phase Compile: Wall-clock: 0:00:00.456212; combined: 0:00:00.456227.
[        ] Runtime for phase Run: Wall-clock: 0:00:00.448510; combined: 0:00:00.448511.
[        ] Runtime for phase CoverageTotal: Wall-clock: 0:00:00.000000; combined: 0:00:00.000000.
[        ] Runtime for phase CoverageCollect: Wall-clock: 0:00:00.000000; combined: 0:00:00.000000.
[        ] Runtime for phase CoverageParseJson: Wall-clock: 0:00:00.000000; combined: 0:00:00.000000.
[        ] Runtime for phase CoverageAddHitmap: Wall-clock: 0:00:00.000000; combined: 0:00:00.000000.
[        ] Runtime for phase CoverageDataCollect: Wall-clock: 0:00:00.000000; combined: 0:00:00.000000.
[        ] Runtime for phase WatcherFinishedTest: Wall-clock: 0:00:00.000297; combined: 0:00:00.000297.
[   +2 ms] "flutter test" took 1,370ms.
[  +20 ms] Running 3 shutdown hooks
[        ] Shutdown hooks complete
[ +127 ms] exiting with code 0

=== Running ./test/chat_storage_test.dart ===
[  +10 ms] executing: sysctl hw.optional.arm64
[   +5 ms] Exit code 0 from: sysctl hw.optional.arm64
[        ] hw.optional.arm64: 1
[   +7 ms] executing: sw_vers -productName
[   +6 ms] Exit code 0 from: sw_vers -productName
[        ] macOS
[        ] executing: sw_vers -productVersion
[   +6 ms] Exit code 0 from: sw_vers -productVersion
[        ] 14.6.1
[        ] executing: sw_vers -buildVersion
[   +5 ms] Exit code 0 from: sw_vers -buildVersion
[        ] 23G93
[        ] executing: uname -m
[   +2 ms] Exit code 0 from: uname -m
[        ] arm64
[   +8 ms] Found 1 files which will be executed as Widget Tests.
[   +2 ms] Artifact Instance of 'AndroidGenSnapshotArtifacts' is not required, skipping update.
[        ] Artifact Instance of 'AndroidInternalBuildArtifacts' is not required, skipping update.
[        ] Artifact Instance of 'IOSEngineArtifacts' is not required, skipping update.
[        ] Artifact Instance of 'FlutterWebSdk' is not required, skipping update.
[        ] Artifact Instance of 'LegacyCanvasKitRemover' is not required, skipping update.
[   +2 ms] Artifact Instance of 'WindowsEngineArtifacts' is not required, skipping update.
[        ] Artifact Instance of 'MacOSEngineArtifacts' is not required, skipping update.
[        ] Artifact Instance of 'LinuxEngineArtifacts' is not required, skipping update.
[        ] Artifact Instance of 'LinuxFuchsiaSDKArtifacts' is not required, skipping update.
[        ] Artifact Instance of 'MacOSFuchsiaSDKArtifacts' is not required, skipping update.
[        ] Artifact Instance of 'FlutterRunnerSDKArtifacts' is not required, skipping update.
[        ] Artifact Instance of 'FlutterRunnerDebugSymbols' is not required, skipping update.
[  +17 ms] Artifact Instance of 'MaterialFonts' is not required, skipping update.
[        ] Artifact Instance of 'GradleWrapper' is not required, skipping update.
[        ] Artifact Instance of 'AndroidGenSnapshotArtifacts' is not required, skipping update.
[        ] Artifact Instance of 'AndroidInternalBuildArtifacts' is not required, skipping update.
[        ] Artifact Instance of 'IOSEngineArtifacts' is not required, skipping update.
[        ] Artifact Instance of 'FlutterWebSdk' is not required, skipping update.
[        ] Artifact Instance of 'LegacyCanvasKitRemover' is not required, skipping update.
[        ] Artifact Instance of 'FlutterSdk' is not required, skipping update.
[        ] Artifact Instance of 'WindowsEngineArtifacts' is not required, skipping update.
[        ] Artifact Instance of 'MacOSEngineArtifacts' is not required, skipping update.
[        ] Artifact Instance of 'LinuxEngineArtifacts' is not required, skipping update.
[        ] Artifact Instance of 'LinuxFuchsiaSDKArtifacts' is not required, skipping update.
[        ] Artifact Instance of 'MacOSFuchsiaSDKArtifacts' is not required, skipping update.
[        ] Artifact Instance of 'FlutterRunnerSDKArtifacts' is not required, skipping update.
[        ] Artifact Instance of 'FlutterRunnerDebugSymbols' is not required, skipping update.
[        ] Artifact Instance of 'IosUsbArtifacts' is not required, skipping update.
[        ] Artifact Instance of 'IosUsbArtifacts' is not required, skipping update.
[        ] Artifact Instance of 'IosUsbArtifacts' is not required, skipping update.
[        ] Artifact Instance of 'IosUsbArtifacts' is not required, skipping update.
[        ] Artifact Instance of 'IosUsbArtifacts' is not required, skipping update.
[        ] Artifact Instance of 'FontSubsetArtifacts' is not required, skipping update.
[        ] Artifact Instance of 'PubDependencies' is not required, skipping update.
[  +21 ms] Skipping pub get: version match.
[  +13 ms] Found plugin audioplayers at /Users/alebairos/.pub-cache/hosted/pub.dev/audioplayers-5.2.1/
[   +1 ms] Found plugin audioplayers_android at /Users/alebairos/.pub-cache/hosted/pub.dev/audioplayers_android-4.0.3/
[   +1 ms] Found plugin audioplayers_darwin at /Users/alebairos/.pub-cache/hosted/pub.dev/audioplayers_darwin-5.0.2/
[   +1 ms] Found plugin audioplayers_linux at /Users/alebairos/.pub-cache/hosted/pub.dev/audioplayers_linux-3.1.0/
[   +1 ms] Found plugin audioplayers_web at /Users/alebairos/.pub-cache/hosted/pub.dev/audioplayers_web-4.1.0/
[        ] Found plugin audioplayers_windows at /Users/alebairos/.pub-cache/hosted/pub.dev/audioplayers_windows-3.1.0/
[  +20 ms] Found plugin isar_flutter_libs at /Users/alebairos/.pub-cache/hosted/pub.dev/isar_flutter_libs-3.1.0+1/
[   +9 ms] Found plugin path_provider at /Users/alebairos/.pub-cache/hosted/pub.dev/path_provider-2.1.5/
[        ] Found plugin path_provider_android at /Users/alebairos/.pub-cache/hosted/pub.dev/path_provider_android-2.2.15/
[        ] Found plugin path_provider_foundation at /Users/alebairos/.pub-cache/hosted/pub.dev/path_provider_foundation-2.4.1/
[        ] Found plugin path_provider_linux at /Users/alebairos/.pub-cache/hosted/pub.dev/path_provider_linux-2.2.1/
[   +1 ms] Found plugin path_provider_windows at /Users/alebairos/.pub-cache/hosted/pub.dev/path_provider_windows-2.3.0/
[   +2 ms] Found plugin record at /Users/alebairos/.pub-cache/hosted/pub.dev/record-4.4.4/
[        ] Found plugin record_linux at /Users/alebairos/.pub-cache/hosted/pub.dev/record_linux-0.4.1/
[        ] Found plugin record_macos at /Users/alebairos/.pub-cache/hosted/pub.dev/record_macos-0.2.2/
[        ] Found plugin record_web at /Users/alebairos/.pub-cache/hosted/pub.dev/record_web-0.5.0/
[        ] Found plugin record_windows at /Users/alebairos/.pub-cache/hosted/pub.dev/record_windows-0.7.1/
[  +17 ms] Found plugin audioplayers at /Users/alebairos/.pub-cache/hosted/pub.dev/audioplayers-5.2.1/
[        ] Found plugin audioplayers_android at /Users/alebairos/.pub-cache/hosted/pub.dev/audioplayers_android-4.0.3/
[        ] Found plugin audioplayers_darwin at /Users/alebairos/.pub-cache/hosted/pub.dev/audioplayers_darwin-5.0.2/
[        ] Found plugin audioplayers_linux at /Users/alebairos/.pub-cache/hosted/pub.dev/audioplayers_linux-3.1.0/
[        ] Found plugin audioplayers_web at /Users/alebairos/.pub-cache/hosted/pub.dev/audioplayers_web-4.1.0/
[        ] Found plugin audioplayers_windows at /Users/alebairos/.pub-cache/hosted/pub.dev/audioplayers_windows-3.1.0/
[  +10 ms] Found plugin isar_flutter_libs at /Users/alebairos/.pub-cache/hosted/pub.dev/isar_flutter_libs-3.1.0+1/
[   +4 ms] Found plugin path_provider at /Users/alebairos/.pub-cache/hosted/pub.dev/path_provider-2.1.5/
[        ] Found plugin path_provider_android at /Users/alebairos/.pub-cache/hosted/pub.dev/path_provider_android-2.2.15/
[        ] Found plugin path_provider_foundation at /Users/alebairos/.pub-cache/hosted/pub.dev/path_provider_foundation-2.4.1/
[        ] Found plugin path_provider_linux at /Users/alebairos/.pub-cache/hosted/pub.dev/path_provider_linux-2.2.1/
[        ] Found plugin path_provider_windows at /Users/alebairos/.pub-cache/hosted/pub.dev/path_provider_windows-2.3.0/
[   +1 ms] Found plugin record at /Users/alebairos/.pub-cache/hosted/pub.dev/record-4.4.4/
[        ] Found plugin record_linux at /Users/alebairos/.pub-cache/hosted/pub.dev/record_linux-0.4.1/
[        ] Found plugin record_macos at /Users/alebairos/.pub-cache/hosted/pub.dev/record_macos-0.2.2/
[        ] Found plugin record_web at /Users/alebairos/.pub-cache/hosted/pub.dev/record_web-0.5.0/
[        ] Found plugin record_windows at /Users/alebairos/.pub-cache/hosted/pub.dev/record_windows-0.7.1/
[  +14 ms] Found plugin audioplayers at /Users/alebairos/.pub-cache/hosted/pub.dev/audioplayers-5.2.1/
[        ] Found plugin audioplayers_android at /Users/alebairos/.pub-cache/hosted/pub.dev/audioplayers_android-4.0.3/
[        ] Found plugin audioplayers_darwin at /Users/alebairos/.pub-cache/hosted/pub.dev/audioplayers_darwin-5.0.2/
[        ] Found plugin audioplayers_linux at /Users/alebairos/.pub-cache/hosted/pub.dev/audioplayers_linux-3.1.0/
[        ] Found plugin audioplayers_web at /Users/alebairos/.pub-cache/hosted/pub.dev/audioplayers_web-4.1.0/
[        ] Found plugin audioplayers_windows at /Users/alebairos/.pub-cache/hosted/pub.dev/audioplayers_windows-3.1.0/
[   +7 ms] Found plugin isar_flutter_libs at /Users/alebairos/.pub-cache/hosted/pub.dev/isar_flutter_libs-3.1.0+1/
[   +3 ms] Found plugin path_provider at /Users/alebairos/.pub-cache/hosted/pub.dev/path_provider-2.1.5/
[        ] Found plugin path_provider_android at /Users/alebairos/.pub-cache/hosted/pub.dev/path_provider_android-2.2.15/
[        ] Found plugin path_provider_foundation at /Users/alebairos/.pub-cache/hosted/pub.dev/path_provider_foundation-2.4.1/
[        ] Found plugin path_provider_linux at /Users/alebairos/.pub-cache/hosted/pub.dev/path_provider_linux-2.2.1/
[        ] Found plugin path_provider_windows at /Users/alebairos/.pub-cache/hosted/pub.dev/path_provider_windows-2.3.0/
[   +1 ms] Found plugin record at /Users/alebairos/.pub-cache/hosted/pub.dev/record-4.4.4/
[        ] Found plugin record_linux at /Users/alebairos/.pub-cache/hosted/pub.dev/record_linux-0.4.1/
[        ] Found plugin record_macos at /Users/alebairos/.pub-cache/hosted/pub.dev/record_macos-0.2.2/
[        ] Found plugin record_web at /Users/alebairos/.pub-cache/hosted/pub.dev/record_web-0.5.0/
[        ] Found plugin record_windows at /Users/alebairos/.pub-cache/hosted/pub.dev/record_windows-0.7.1/
[   +8 ms] Generating /Users/alebairos/Projects/mobile/chat_app/android/app/src/main/java/io/flutter/plugins/GeneratedPluginRegistrant.java
[  +10 ms] executing: sysctl hw.optional.arm64
[   +1 ms] Exit code 0 from: sysctl hw.optional.arm64
[        ] hw.optional.arm64: 1
[        ] executing: /usr/bin/arch -arm64e xcrun xcodebuild -version
[  +39 ms] Exit code 0 from: /usr/bin/arch -arm64e xcrun xcodebuild -version
[        ] Xcode 16.2
           Build version 16C5032a
[  +40 ms] No packages with native assets. Skipping native assets compilation.
[        ] Writing native assets json to file:///Users/alebairos/Projects/mobile/chat_app/build/native_assets/macos/native_assets.json.
[        ] Writing /Users/alebairos/Projects/mobile/chat_app/build/native_assets/macos/native_assets.json done.
[  +60 ms] running test package with arguments: [--no-color, --chain-stack-traces, --, file:///Users/alebairos/Projects/mobile/chat_app/test/chat_storage_test.dart?]
00:00 +0: loading /Users/alebairos/Projects/mobile/chat_app/test/chat_storage_test.dart                                                                                                                [  +90 ms] test 0: starting test /Users/alebairos/Projects/mobile/chat_app/test/chat_storage_test.dart
[   +1 ms] Stopping scan for flutter_test_config.dart; found project root at /Users/alebairos/Projects/mobile/chat_app
[        ] Compiler will use the following file as its incremental dill file: /var/folders/f7/rqd14g9d2rv0v4rhwj55l7v40000gn/T/flutter_tools.nTGzen/flutter_test_compiler.wthDrg/output.dill
[        ] Listening to compiler controller...
[   +3 ms] Compiling file:///var/folders/f7/rqd14g9d2rv0v4rhwj55l7v40000gn/T/flutter_tools.nTGzen/flutter_test_listener.SXAlkT/listener.dart
[  +14 ms] Found plugin audioplayers at /Users/alebairos/.pub-cache/hosted/pub.dev/audioplayers-5.2.1/
[        ] Found plugin audioplayers_android at /Users/alebairos/.pub-cache/hosted/pub.dev/audioplayers_android-4.0.3/
[        ] Found plugin audioplayers_darwin at /Users/alebairos/.pub-cache/hosted/pub.dev/audioplayers_darwin-5.0.2/
[        ] Found plugin audioplayers_linux at /Users/alebairos/.pub-cache/hosted/pub.dev/audioplayers_linux-3.1.0/
[        ] Found plugin audioplayers_web at /Users/alebairos/.pub-cache/hosted/pub.dev/audioplayers_web-4.1.0/
[        ] Found plugin audioplayers_windows at /Users/alebairos/.pub-cache/hosted/pub.dev/audioplayers_windows-3.1.0/
[   +8 ms] Found plugin isar_flutter_libs at /Users/alebairos/.pub-cache/hosted/pub.dev/isar_flutter_libs-3.1.0+1/
[   +3 ms] Found plugin path_provider at /Users/alebairos/.pub-cache/hosted/pub.dev/path_provider-2.1.5/
[        ] Found plugin path_provider_android at /Users/alebairos/.pub-cache/hosted/pub.dev/path_provider_android-2.2.15/
[        ] Found plugin path_provider_foundation at /Users/alebairos/.pub-cache/hosted/pub.dev/path_provider_foundation-2.4.1/
[        ] Found plugin path_provider_linux at /Users/alebairos/.pub-cache/hosted/pub.dev/path_provider_linux-2.2.1/
[        ] Found plugin path_provider_windows at /Users/alebairos/.pub-cache/hosted/pub.dev/path_provider_windows-2.3.0/
[   +1 ms] Found plugin record at /Users/alebairos/.pub-cache/hosted/pub.dev/record-4.4.4/
[        ] Found plugin record_linux at /Users/alebairos/.pub-cache/hosted/pub.dev/record_linux-0.4.1/
[        ] Found plugin record_macos at /Users/alebairos/.pub-cache/hosted/pub.dev/record_macos-0.2.2/
[        ] Found plugin record_web at /Users/alebairos/.pub-cache/hosted/pub.dev/record_web-0.5.0/
[        ] Found plugin record_windows at /Users/alebairos/.pub-cache/hosted/pub.dev/record_windows-0.7.1/
[   +9 ms] /opt/homebrew/Caskroom/flutter/3.27.2/flutter/bin/cache/dart-sdk/bin/dartaotruntime /opt/homebrew/Caskroom/flutter/3.27.2/flutter/bin/cache/dart-sdk/bin/snapshots/frontend_server_aot.dart.snapshot --sdk-root /opt/homebrew/Caskroom/flutter/3.27.2/flutter/bin/cache/artifacts/engine/common/flutter_patched_sdk/ --incremental --no-print-incremental-dependencies --target=flutter --experimental-emit-debug-metadata --output-dill /var/folders/f7/rqd14g9d2rv0v4rhwj55l7v40000gn/T/flutter_tools.nTGzen/flutter_test_compiler.wthDrg/output.dill --packages /Users/alebairos/Projects/mobile/chat_app/.dart_tool/package_config.json -Ddart.vm.profile=false -Ddart.vm.product=false --enable-asserts --track-widget-creation --initialize-from-dill /Users/alebairos/Projects/mobile/chat_app/build/test_cache/build/cache.dill.track.dill --verbosity=error
[   +4 ms] <- compile file:///var/folders/f7/rqd14g9d2rv0v4rhwj55l7v40000gn/T/flutter_tools.nTGzen/flutter_test_listener.SXAlkT/listener.dart
[ +469 ms] <- accept
[        ] <- reset
[        ] Compiling file:///var/folders/f7/rqd14g9d2rv0v4rhwj55l7v40000gn/T/flutter_tools.nTGzen/flutter_test_listener.SXAlkT/listener.dart took 515ms
[        ] test 0: starting test device
[   +1 ms] test 0: awaiting connection to test device
[        ] test 0: VM Service uri is not available
[   +1 ms] test 0: test harness socket server is running at port:50423
[        ] Using this directory for fonts configuration: /var/folders/f7/rqd14g9d2rv0v4rhwj55l7v40000gn/T/flutter_tools.nTGzen/flutter_test_fonts.FNb2Ni
[        ] test 0: Starting flutter_tester process with command=[/opt/homebrew/Caskroom/flutter/3.27.2/flutter/bin/cache/artifacts/engine/darwin-x64/flutter_tester, --disable-vm-service, --enable-checked-mode, --verify-entry-points, --enable-software-rendering, --skia-deterministic-rendering, --enable-dart-profiling, --non-interactive, --use-test-fonts, --disable-asset-fonts, --packages=/Users/alebairos/Projects/mobile/chat_app/.dart_tool/package_config.json, --flutter-assets-dir=/Users/alebairos/Projects/mobile/chat_app/build/unit_test_assets, /var/folders/f7/rqd14g9d2rv0v4rhwj55l7v40000gn/T/flutter_tools.nTGzen/flutter_test_listener.SXAlkT/listener.dart.dill], environment={FLUTTER_TEST: true, FONTCONFIG_FILE: /var/folders/f7/rqd14g9d2rv0v4rhwj55l7v40000gn/T/flutter_tools.nTGzen/flutter_test_fonts.FNb2Ni/fonts.conf, SERVER_PORT: 50423, APP_NAME: character_ai_clone, UNIT_TEST_ASSETS: /Users/alebairos/Projects/mobile/chat_app/build/unit_test_assets}
[   +2 ms] test 0: Started flutter_tester process at pid 3947
[ +337 ms] test 0: connected to test device, now awaiting test result
[        ] test 0: Waiting for test harness or tests to finish
00:00 +0: (setUpAll)                                                                                                                                                                                   00:00 +0: ChatStorageService saves and retrieves text message                                                                                                                                          00:00 +1: ChatStorageService saves and retrieves text message                                                                                                                                          00:00 +1: ChatStorageService saves and retrieves audio message                                                                                                                                         00:00 +2: ChatStorageService saves and retrieves audio message                                                                                                                                         00:00 +2: ChatStorageService retrieves messages in descending order                                                                                                                                    00:01 +2: ChatStorageService retrieves messages in descending order                                                                                                                                    00:01 +3: ChatStorageService retrieves messages in descending order                                                                                                                                    00:01 +3: ChatStorageService deletes message by id                                                                                                                                                     00:01 +4: ChatStorageService deletes message by id                                                                                                                                                     00:01 +4: ChatStorageService deletes all messages                                                                                                                                                      00:01 +5: ChatStorageService deletes all messages                                                                                                                                                      00:01 +5: ChatStorageService searches messages by text                                                                                                                                                 00:01 +6: ChatStorageService searches messages by text                                                                                                                                                 00:01 +6: ChatStorageService limits number of messages returned                                                                                                                                        00:01 +7: ChatStorageService limits number of messages returned                                                                                                                                        00:01 +7: ChatStorageService filters messages before timestamp                                                                                                                                         00:01 +8: ChatStorageService filters messages before timestamp                                                                                                                                         00:01 +8: ChatStorageService handles pagination correctly                                                                                                                                              00:01 +9: ChatStorageService handles pagination correctly                                                                                                                                              00:01 +9: ChatStorageService handles empty pages gracefully                                                                                                                                            00:01 +10: ChatStorageService handles empty pages gracefully                                                                                                                                           00:01 +10: ChatStorageService maintains message order during pagination                                                                                                                                00:01 +11: ChatStorageService maintains message order during pagination                                                                                                                                00:01 +11: Concurrency Tests maintains message order during concurrent saves                                                                                                                           00:02 +11: Concurrency Tests maintains message order during concurrent saves                                                                                                                           00:02 +12: Concurrency Tests maintains message order during concurrent saves                                                                                                                           00:02 +12: Concurrency Tests handles concurrent delete and edit operations                                                                                                                             00:02 +13: Concurrency Tests handles concurrent delete and edit operations                                                                                                                             00:02 +13: (tearDownAll)                                                                                                                                                                               [+1139 ms] test 0: Test harness is no longer needed by test process
[        ] test 0: finished
[        ] test 0: cleaning up...
[        ] test 0: ensuring test device is terminated.
[        ] test 0: Terminating flutter_tester process
[        ] test 0: Shutting down DevTools server
[        ] test 0: Test process is no longer needed by test harness
[        ] test 0: Shutting down test harness socket server
[   +1 ms] test 0: flutter_tester process at pid 3947 exited with code=-9
[        ] test 0: deleting temporary directory
[   +1 ms] test 0: finished
00:02 +13: All tests passed!                                                                                                                                                                           
[   +3 ms] Deleting /var/folders/f7/rqd14g9d2rv0v4rhwj55l7v40000gn/T/flutter_tools.nTGzen/flutter_test_compiler.wthDrg...
[        ] killing pid 3944
[   +6 ms] Deleting /var/folders/f7/rqd14g9d2rv0v4rhwj55l7v40000gn/T/flutter_tools.nTGzen/flutter_test_fonts.FNb2Ni...
[   +1 ms] test package returned with exit code 0
[        ] Runtime for phase TestRunner: Wall-clock: 0:00:02.117265; combined: 0:00:02.117279.
[        ] Runtime for phase Compile: Wall-clock: 0:00:00.516021; combined: 0:00:00.516036.
[        ] Runtime for phase Run: Wall-clock: 0:00:01.484037; combined: 0:00:01.484038.
[        ] Runtime for phase CoverageTotal: Wall-clock: 0:00:00.000000; combined: 0:00:00.000000.
[        ] Runtime for phase CoverageCollect: Wall-clock: 0:00:00.000000; combined: 0:00:00.000000.
[        ] Runtime for phase CoverageParseJson: Wall-clock: 0:00:00.000000; combined: 0:00:00.000000.
[        ] Runtime for phase CoverageAddHitmap: Wall-clock: 0:00:00.000000; combined: 0:00:00.000000.
[        ] Runtime for phase CoverageDataCollect: Wall-clock: 0:00:00.000000; combined: 0:00:00.000000.
[        ] Runtime for phase WatcherFinishedTest: Wall-clock: 0:00:00.000431; combined: 0:00:00.000432.
[   +3 ms] "flutter test" took 2,482ms.
[  +20 ms] Running 3 shutdown hooks
[        ] Shutdown hooks complete
[ +135 ms] exiting with code 0

=== Running ./test/services/claude_service_integration_test.dart ===
[   +9 ms] executing: sysctl hw.optional.arm64
[   +5 ms] Exit code 0 from: sysctl hw.optional.arm64
[        ] hw.optional.arm64: 1
[   +7 ms] executing: sw_vers -productName
[   +6 ms] Exit code 0 from: sw_vers -productName
[        ] macOS
[        ] executing: sw_vers -productVersion
[   +6 ms] Exit code 0 from: sw_vers -productVersion
[        ] 14.6.1
[        ] executing: sw_vers -buildVersion
[   +5 ms] Exit code 0 from: sw_vers -buildVersion
[        ] 23G93
[        ] executing: uname -m
[   +2 ms] Exit code 0 from: uname -m
[        ] arm64
[   +8 ms] Found 1 files which will be executed as Widget Tests.
[   +2 ms] Artifact Instance of 'AndroidGenSnapshotArtifacts' is not required, skipping update.
[        ] Artifact Instance of 'AndroidInternalBuildArtifacts' is not required, skipping update.
[        ] Artifact Instance of 'IOSEngineArtifacts' is not required, skipping update.
[        ] Artifact Instance of 'FlutterWebSdk' is not required, skipping update.
[        ] Artifact Instance of 'LegacyCanvasKitRemover' is not required, skipping update.
[   +1 ms] Artifact Instance of 'WindowsEngineArtifacts' is not required, skipping update.
[        ] Artifact Instance of 'MacOSEngineArtifacts' is not required, skipping update.
[        ] Artifact Instance of 'LinuxEngineArtifacts' is not required, skipping update.
[        ] Artifact Instance of 'LinuxFuchsiaSDKArtifacts' is not required, skipping update.
[        ] Artifact Instance of 'MacOSFuchsiaSDKArtifacts' is not required, skipping update.
[        ] Artifact Instance of 'FlutterRunnerSDKArtifacts' is not required, skipping update.
[        ] Artifact Instance of 'FlutterRunnerDebugSymbols' is not required, skipping update.
[  +17 ms] Artifact Instance of 'MaterialFonts' is not required, skipping update.
[        ] Artifact Instance of 'GradleWrapper' is not required, skipping update.
[        ] Artifact Instance of 'AndroidGenSnapshotArtifacts' is not required, skipping update.
[        ] Artifact Instance of 'AndroidInternalBuildArtifacts' is not required, skipping update.
[        ] Artifact Instance of 'IOSEngineArtifacts' is not required, skipping update.
[        ] Artifact Instance of 'FlutterWebSdk' is not required, skipping update.
[        ] Artifact Instance of 'LegacyCanvasKitRemover' is not required, skipping update.
[        ] Artifact Instance of 'FlutterSdk' is not required, skipping update.
[        ] Artifact Instance of 'WindowsEngineArtifacts' is not required, skipping update.
[        ] Artifact Instance of 'MacOSEngineArtifacts' is not required, skipping update.
[        ] Artifact Instance of 'LinuxEngineArtifacts' is not required, skipping update.
[        ] Artifact Instance of 'LinuxFuchsiaSDKArtifacts' is not required, skipping update.
[        ] Artifact Instance of 'MacOSFuchsiaSDKArtifacts' is not required, skipping update.
[        ] Artifact Instance of 'FlutterRunnerSDKArtifacts' is not required, skipping update.
[        ] Artifact Instance of 'FlutterRunnerDebugSymbols' is not required, skipping update.
[        ] Artifact Instance of 'IosUsbArtifacts' is not required, skipping update.
[        ] Artifact Instance of 'IosUsbArtifacts' is not required, skipping update.
[        ] Artifact Instance of 'IosUsbArtifacts' is not required, skipping update.
[        ] Artifact Instance of 'IosUsbArtifacts' is not required, skipping update.
[        ] Artifact Instance of 'IosUsbArtifacts' is not required, skipping update.
[        ] Artifact Instance of 'FontSubsetArtifacts' is not required, skipping update.
[        ] Artifact Instance of 'PubDependencies' is not required, skipping update.
[  +21 ms] Skipping pub get: version match.
[  +13 ms] Found plugin audioplayers at /Users/alebairos/.pub-cache/hosted/pub.dev/audioplayers-5.2.1/
[   +1 ms] Found plugin audioplayers_android at /Users/alebairos/.pub-cache/hosted/pub.dev/audioplayers_android-4.0.3/
[   +1 ms] Found plugin audioplayers_darwin at /Users/alebairos/.pub-cache/hosted/pub.dev/audioplayers_darwin-5.0.2/
[   +1 ms] Found plugin audioplayers_linux at /Users/alebairos/.pub-cache/hosted/pub.dev/audioplayers_linux-3.1.0/
[   +1 ms] Found plugin audioplayers_web at /Users/alebairos/.pub-cache/hosted/pub.dev/audioplayers_web-4.1.0/
[        ] Found plugin audioplayers_windows at /Users/alebairos/.pub-cache/hosted/pub.dev/audioplayers_windows-3.1.0/
[  +20 ms] Found plugin isar_flutter_libs at /Users/alebairos/.pub-cache/hosted/pub.dev/isar_flutter_libs-3.1.0+1/
[   +9 ms] Found plugin path_provider at /Users/alebairos/.pub-cache/hosted/pub.dev/path_provider-2.1.5/
[        ] Found plugin path_provider_android at /Users/alebairos/.pub-cache/hosted/pub.dev/path_provider_android-2.2.15/
[        ] Found plugin path_provider_foundation at /Users/alebairos/.pub-cache/hosted/pub.dev/path_provider_foundation-2.4.1/
[        ] Found plugin path_provider_linux at /Users/alebairos/.pub-cache/hosted/pub.dev/path_provider_linux-2.2.1/
[   +1 ms] Found plugin path_provider_windows at /Users/alebairos/.pub-cache/hosted/pub.dev/path_provider_windows-2.3.0/
[   +2 ms] Found plugin record at /Users/alebairos/.pub-cache/hosted/pub.dev/record-4.4.4/
[        ] Found plugin record_linux at /Users/alebairos/.pub-cache/hosted/pub.dev/record_linux-0.4.1/
[        ] Found plugin record_macos at /Users/alebairos/.pub-cache/hosted/pub.dev/record_macos-0.2.2/
[        ] Found plugin record_web at /Users/alebairos/.pub-cache/hosted/pub.dev/record_web-0.5.0/
[        ] Found plugin record_windows at /Users/alebairos/.pub-cache/hosted/pub.dev/record_windows-0.7.1/
[  +18 ms] Found plugin audioplayers at /Users/alebairos/.pub-cache/hosted/pub.dev/audioplayers-5.2.1/
[        ] Found plugin audioplayers_android at /Users/alebairos/.pub-cache/hosted/pub.dev/audioplayers_android-4.0.3/
[        ] Found plugin audioplayers_darwin at /Users/alebairos/.pub-cache/hosted/pub.dev/audioplayers_darwin-5.0.2/
[   +1 ms] Found plugin audioplayers_linux at /Users/alebairos/.pub-cache/hosted/pub.dev/audioplayers_linux-3.1.0/
[        ] Found plugin audioplayers_web at /Users/alebairos/.pub-cache/hosted/pub.dev/audioplayers_web-4.1.0/
[        ] Found plugin audioplayers_windows at /Users/alebairos/.pub-cache/hosted/pub.dev/audioplayers_windows-3.1.0/
[   +9 ms] Found plugin isar_flutter_libs at /Users/alebairos/.pub-cache/hosted/pub.dev/isar_flutter_libs-3.1.0+1/
[   +4 ms] Found plugin path_provider at /Users/alebairos/.pub-cache/hosted/pub.dev/path_provider-2.1.5/
[        ] Found plugin path_provider_android at /Users/alebairos/.pub-cache/hosted/pub.dev/path_provider_android-2.2.15/
[        ] Found plugin path_provider_foundation at /Users/alebairos/.pub-cache/hosted/pub.dev/path_provider_foundation-2.4.1/
[        ] Found plugin path_provider_linux at /Users/alebairos/.pub-cache/hosted/pub.dev/path_provider_linux-2.2.1/
[        ] Found plugin path_provider_windows at /Users/alebairos/.pub-cache/hosted/pub.dev/path_provider_windows-2.3.0/
[   +1 ms] Found plugin record at /Users/alebairos/.pub-cache/hosted/pub.dev/record-4.4.4/
[        ] Found plugin record_linux at /Users/alebairos/.pub-cache/hosted/pub.dev/record_linux-0.4.1/
[        ] Found plugin record_macos at /Users/alebairos/.pub-cache/hosted/pub.dev/record_macos-0.2.2/
[        ] Found plugin record_web at /Users/alebairos/.pub-cache/hosted/pub.dev/record_web-0.5.0/
[        ] Found plugin record_windows at /Users/alebairos/.pub-cache/hosted/pub.dev/record_windows-0.7.1/
[  +14 ms] Found plugin audioplayers at /Users/alebairos/.pub-cache/hosted/pub.dev/audioplayers-5.2.1/
[        ] Found plugin audioplayers_android at /Users/alebairos/.pub-cache/hosted/pub.dev/audioplayers_android-4.0.3/
[        ] Found plugin audioplayers_darwin at /Users/alebairos/.pub-cache/hosted/pub.dev/audioplayers_darwin-5.0.2/
[        ] Found plugin audioplayers_linux at /Users/alebairos/.pub-cache/hosted/pub.dev/audioplayers_linux-3.1.0/
[        ] Found plugin audioplayers_web at /Users/alebairos/.pub-cache/hosted/pub.dev/audioplayers_web-4.1.0/
[        ] Found plugin audioplayers_windows at /Users/alebairos/.pub-cache/hosted/pub.dev/audioplayers_windows-3.1.0/
[   +7 ms] Found plugin isar_flutter_libs at /Users/alebairos/.pub-cache/hosted/pub.dev/isar_flutter_libs-3.1.0+1/
[   +3 ms] Found plugin path_provider at /Users/alebairos/.pub-cache/hosted/pub.dev/path_provider-2.1.5/
[        ] Found plugin path_provider_android at /Users/alebairos/.pub-cache/hosted/pub.dev/path_provider_android-2.2.15/
[        ] Found plugin path_provider_foundation at /Users/alebairos/.pub-cache/hosted/pub.dev/path_provider_foundation-2.4.1/
[        ] Found plugin path_provider_linux at /Users/alebairos/.pub-cache/hosted/pub.dev/path_provider_linux-2.2.1/
[        ] Found plugin path_provider_windows at /Users/alebairos/.pub-cache/hosted/pub.dev/path_provider_windows-2.3.0/
[   +1 ms] Found plugin record at /Users/alebairos/.pub-cache/hosted/pub.dev/record-4.4.4/
[        ] Found plugin record_linux at /Users/alebairos/.pub-cache/hosted/pub.dev/record_linux-0.4.1/
[        ] Found plugin record_macos at /Users/alebairos/.pub-cache/hosted/pub.dev/record_macos-0.2.2/
[        ] Found plugin record_web at /Users/alebairos/.pub-cache/hosted/pub.dev/record_web-0.5.0/
[        ] Found plugin record_windows at /Users/alebairos/.pub-cache/hosted/pub.dev/record_windows-0.7.1/
[   +8 ms] Generating /Users/alebairos/Projects/mobile/chat_app/android/app/src/main/java/io/flutter/plugins/GeneratedPluginRegistrant.java
[  +10 ms] executing: sysctl hw.optional.arm64
[   +1 ms] Exit code 0 from: sysctl hw.optional.arm64
[        ] hw.optional.arm64: 1
[        ] executing: /usr/bin/arch -arm64e xcrun xcodebuild -version
[  +38 ms] Exit code 0 from: /usr/bin/arch -arm64e xcrun xcodebuild -version
[        ] Xcode 16.2
           Build version 16C5032a
[  +41 ms] No packages with native assets. Skipping native assets compilation.
[        ] Writing native assets json to file:///Users/alebairos/Projects/mobile/chat_app/build/native_assets/macos/native_assets.json.
[        ] Writing /Users/alebairos/Projects/mobile/chat_app/build/native_assets/macos/native_assets.json done.
[  +60 ms] running test package with arguments: [--no-color, --chain-stack-traces, --, file:///Users/alebairos/Projects/mobile/chat_app/test/services/claude_service_integration_test.dart?]
00:00 +0: loading /Users/alebairos/Projects/mobile/chat_app/test/services/claude_service_integration_test.dart                                                                                         [  +81 ms] test 0: starting test /Users/alebairos/Projects/mobile/chat_app/test/services/claude_service_integration_test.dart
[   +1 ms] Stopping scan for flutter_test_config.dart; found project root at /Users/alebairos/Projects/mobile/chat_app
[   +1 ms] Compiler will use the following file as its incremental dill file: /var/folders/f7/rqd14g9d2rv0v4rhwj55l7v40000gn/T/flutter_tools.2BjpTD/flutter_test_compiler.B19aTL/output.dill
[        ] Listening to compiler controller...
[   +3 ms] Compiling file:///var/folders/f7/rqd14g9d2rv0v4rhwj55l7v40000gn/T/flutter_tools.2BjpTD/flutter_test_listener.nUcanm/listener.dart
[  +18 ms] Found plugin audioplayers at /Users/alebairos/.pub-cache/hosted/pub.dev/audioplayers-5.2.1/
[        ] Found plugin audioplayers_android at /Users/alebairos/.pub-cache/hosted/pub.dev/audioplayers_android-4.0.3/
[        ] Found plugin audioplayers_darwin at /Users/alebairos/.pub-cache/hosted/pub.dev/audioplayers_darwin-5.0.2/
[        ] Found plugin audioplayers_linux at /Users/alebairos/.pub-cache/hosted/pub.dev/audioplayers_linux-3.1.0/
[        ] Found plugin audioplayers_web at /Users/alebairos/.pub-cache/hosted/pub.dev/audioplayers_web-4.1.0/
[        ] Found plugin audioplayers_windows at /Users/alebairos/.pub-cache/hosted/pub.dev/audioplayers_windows-3.1.0/
[   +7 ms] Found plugin isar_flutter_libs at /Users/alebairos/.pub-cache/hosted/pub.dev/isar_flutter_libs-3.1.0+1/
[   +3 ms] Found plugin path_provider at /Users/alebairos/.pub-cache/hosted/pub.dev/path_provider-2.1.5/
[        ] Found plugin path_provider_android at /Users/alebairos/.pub-cache/hosted/pub.dev/path_provider_android-2.2.15/
[        ] Found plugin path_provider_foundation at /Users/alebairos/.pub-cache/hosted/pub.dev/path_provider_foundation-2.4.1/
[        ] Found plugin path_provider_linux at /Users/alebairos/.pub-cache/hosted/pub.dev/path_provider_linux-2.2.1/
[        ] Found plugin path_provider_windows at /Users/alebairos/.pub-cache/hosted/pub.dev/path_provider_windows-2.3.0/
[   +1 ms] Found plugin record at /Users/alebairos/.pub-cache/hosted/pub.dev/record-4.4.4/
[        ] Found plugin record_linux at /Users/alebairos/.pub-cache/hosted/pub.dev/record_linux-0.4.1/
[        ] Found plugin record_macos at /Users/alebairos/.pub-cache/hosted/pub.dev/record_macos-0.2.2/
[        ] Found plugin record_web at /Users/alebairos/.pub-cache/hosted/pub.dev/record_web-0.5.0/
[        ] Found plugin record_windows at /Users/alebairos/.pub-cache/hosted/pub.dev/record_windows-0.7.1/
[   +9 ms] /opt/homebrew/Caskroom/flutter/3.27.2/flutter/bin/cache/dart-sdk/bin/dartaotruntime /opt/homebrew/Caskroom/flutter/3.27.2/flutter/bin/cache/dart-sdk/bin/snapshots/frontend_server_aot.dart.snapshot --sdk-root /opt/homebrew/Caskroom/flutter/3.27.2/flutter/bin/cache/artifacts/engine/common/flutter_patched_sdk/ --incremental --no-print-incremental-dependencies --target=flutter --experimental-emit-debug-metadata --output-dill /var/folders/f7/rqd14g9d2rv0v4rhwj55l7v40000gn/T/flutter_tools.2BjpTD/flutter_test_compiler.B19aTL/output.dill --packages /Users/alebairos/Projects/mobile/chat_app/.dart_tool/package_config.json -Ddart.vm.profile=false -Ddart.vm.product=false --enable-asserts --track-widget-creation --initialize-from-dill /Users/alebairos/Projects/mobile/chat_app/build/test_cache/build/cache.dill.track.dill --verbosity=error
[   +4 ms] <- compile file:///var/folders/f7/rqd14g9d2rv0v4rhwj55l7v40000gn/T/flutter_tools.2BjpTD/flutter_test_listener.nUcanm/listener.dart
[ +470 ms] <- accept
[        ] <- reset
[        ] Compiling file:///var/folders/f7/rqd14g9d2rv0v4rhwj55l7v40000gn/T/flutter_tools.2BjpTD/flutter_test_listener.nUcanm/listener.dart took 521ms
[        ] test 0: starting test device
[   +1 ms] test 0: awaiting connection to test device
[        ] test 0: VM Service uri is not available
[   +1 ms] test 0: test harness socket server is running at port:50428
[        ] Using this directory for fonts configuration: /var/folders/f7/rqd14g9d2rv0v4rhwj55l7v40000gn/T/flutter_tools.2BjpTD/flutter_test_fonts.cDPB9V
[        ] test 0: Starting flutter_tester process with command=[/opt/homebrew/Caskroom/flutter/3.27.2/flutter/bin/cache/artifacts/engine/darwin-x64/flutter_tester, --disable-vm-service, --enable-checked-mode, --verify-entry-points, --enable-software-rendering, --skia-deterministic-rendering, --enable-dart-profiling, --non-interactive, --use-test-fonts, --disable-asset-fonts, --packages=/Users/alebairos/Projects/mobile/chat_app/.dart_tool/package_config.json, --flutter-assets-dir=/Users/alebairos/Projects/mobile/chat_app/build/unit_test_assets, /var/folders/f7/rqd14g9d2rv0v4rhwj55l7v40000gn/T/flutter_tools.2BjpTD/flutter_test_listener.nUcanm/listener.dart.dill], environment={FLUTTER_TEST: true, FONTCONFIG_FILE: /var/folders/f7/rqd14g9d2rv0v4rhwj55l7v40000gn/T/flutter_tools.2BjpTD/flutter_test_fonts.cDPB9V/fonts.conf, SERVER_PORT: 50428, APP_NAME: character_ai_clone, UNIT_TEST_ASSETS: /Users/alebairos/Projects/mobile/chat_app/build/unit_test_assets}
[   +3 ms] test 0: Started flutter_tester process at pid 3991
[ +353 ms] test 0: connected to test device, now awaiting test result
[        ] test 0: Waiting for test harness or tests to finish
00:00 +0: loading /Users/alebairos/Projects/mobile/chat_app/test/services/claude_service_integration_test.dart                                                                                         

🚀 Starting Claude Service Integration Tests
00:00 +0: (setUpAll)                                                                                                                                                                                   00:00 +0: (setUpAll)                                                                                                                                                                                   

📝 Setting up test environment...
✓ Environment variables loaded
Goals data loaded: Dimensão;ID Objetivo;Descrição;Trilha
SF;OPP1;Perder peso;ME1
SF;OPP2;Perder peso avançado;ME2
SF;OGM1;Ganhar massa;GM1
SF;OGM2;Ganhar massa avançado;GM2
TG;OAE1;Aprender de forma mais eficaz;AE1
TG;OSPM1;Ser um profissional melhor : Gerenciar melhor meu tempo e objetivos;GV1
TG;OSPM2;Ser um profissional melhor : Gerenciar melhor meu tempo e objetivos: avançado;GV2
TG;OSPM3;Ser um profissional melhor : Liderar melhor;LS1
TG;OSPM4;Ser um profissional melhor : Liderar melhor: avançado;LS2
TG;OSPM5;Ser um profissional melhor : Apreder de forma eficaz e eficiente;AE1
SF;ODM1;Dormir melhor;DM1
SF;ODM2;Dormir melhor : avançado;DM2
SM;ORA1;Reduzir ansiedade;RA1
SM;ORA2;Reduzir ansiedade : avançado;RA2
SM;OLM1;Ler mais;LC1
E;ODE1;Desenvolver minha espiritualidade;EE1
E;ODE2;Desenvolver minha espiritualidade : avançado;EE2
R;OREQ1;Relacionamento com entes queridos;MMV1
R;OREQ2;Relacionamento com entes queridos : avançado;MMV2
SF;OMMA1;Melhorar minha alimentação;ES1
SF;OMMA2;Melhorar minha alimentação : avançado;ES2
All rows: [[Dimensão, ID Objetivo, Descrição, Trilha], [SF, OPP1, Perder peso, ME1], [SF, OPP2, Perder peso avançado, ME2], [SF, OGM1, Ganhar massa, GM1], [SF, OGM2, Ganhar massa avançado, GM2], [TG, OAE1, Aprender de forma mais eficaz, AE1], [TG, OSPM1, Ser um profissional melhor : Gerenciar melhor meu tempo e objetivos, GV1], [TG, OSPM2, Ser um profissional melhor : Gerenciar melhor meu tempo e objetivos: avançado, GV2], [TG, OSPM3, Ser um profissional melhor : Liderar melhor, LS1], [TG, OSPM4, Ser um profissional melhor : Liderar melhor: avançado, LS2], [TG, OSPM5, Ser um profissional melhor : Apreder de forma eficaz e eficiente, AE1], [SF, ODM1, Dormir melhor, DM1], [SF, ODM2, Dormir melhor : avançado, DM2], [SM, ORA1, Reduzir ansiedade, RA1], [SM, ORA2, Reduzir ansiedade : avançado, RA2], [SM, OLM1, Ler mais, LC1], [E, ODE1, Desenvolver minha espiritualidade, EE1], [E, ODE2, Desenvolver minha espiritualidade : avançado, EE2], [R, OREQ1, Relacionamento com entes queridos, MMV1], [R, OREQ2, Relacionamento com entes queridos : avançado, MMV2], [SF, OMMA1, Melhorar minha alimentação, ES1], [SF, OMMA2, Melhorar minha alimentação : avançado, ES2]]
Data rows: [[SF, OPP1, Perder peso, ME1], [SF, OPP2, Perder peso avançado, ME2], [SF, OGM1, Ganhar massa, GM1], [SF, OGM2, Ganhar massa avançado, GM2], [TG, OAE1, Aprender de forma mais eficaz, AE1], [TG, OSPM1, Ser um profissional melhor : Gerenciar melhor meu tempo e objetivos, GV1], [TG, OSPM2, Ser um profissional melhor : Gerenciar melhor meu tempo e objetivos: avançado, GV2], [TG, OSPM3, Ser um profissional melhor : Liderar melhor, LS1], [TG, OSPM4, Ser um profissional melhor : Liderar melhor: avançado, LS2], [TG, OSPM5, Ser um profissional melhor : Apreder de forma eficaz e eficiente, AE1], [SF, ODM1, Dormir melhor, DM1], [SF, ODM2, Dormir melhor : avançado, DM2], [SM, ORA1, Reduzir ansiedade, RA1], [SM, ORA2, Reduzir ansiedade : avançado, RA2], [SM, OLM1, Ler mais, LC1], [E, ODE1, Desenvolver minha espiritualidade, EE1], [E, ODE2, Desenvolver minha espiritualidade : avançado, EE2], [R, OREQ1, Relacionamento com entes queridos, MMV1], [R, OREQ2, Relacionamento com entes queridos : avançado, MMV2], [SF, OMMA1, Melhorar minha alimentação, ES1], [SF, OMMA2, Melhorar minha alimentação : avançado, ES2]]
Goals created: 21
Habits data loaded: ID;Hábito ;Intensidade;Duração ;Relacionamento ;Trabalho;Saúde física;Espiritualidade;Saúde mental
R1;Praticar escuta ativa ;;;5;1;0;0;2
R2;Jantar romântico com esposo(a) sem celular ;;;5;0;0;0;2
R3;Manter contato (Touchbase);;;5;1;0;0;2
R4;Expressar elogios e palavras de amor ;;;5;1;0;1;1
R5;Jantar/almoçar com família sem celular;;;5;0;1;0;2
R6;Jantar/almoçar com amigos sem celular;;;5;0;1;0;2
E1;Ir a uma celebração religiosa de sua preferência ;;;1;0;0;5;1
E2;Rezar;;;0;0;0;5;1
E3;Praticar ato de bondade ;;;2;1;0;5;2
E4;Fazer anotações de gratidão;;;1;1;1;3;2
E5;Agradecer 1 coisa do meu dia ;;;1;1;1;3;2
E6;Agradecer 3 coisas do meu dia ;;;3;3;3;5;5
E7;Ler a bíblia;;;0;0;0;5;1
T1;Executar a rotina da manhã;;;0;5;0;0;0
T2;Revisar o Planejamento anual;;;0;5;0;0;1
T3;Fazer e revisar o Planejamento anual;;;0;5;0;0;1
T4;Fazer e revisar o Planejamento mensal e semanal;;;0;5;0;0;1
T5;Planejar minha semana ;;;1;5;1;1;3
T6;Ampliar a rede de contatos profissionais;;;1;4;0;0;1
T7;"Ativar o modo ""foco"" no trabalho";;;0;5;0;0;1
T8;Realizar sessão de trabalho focado (pomodoro);;;0;4;0;0;0
T9;Assistir um vídeo no youtube relacionado ao tema que você quer aprender (de preferência da sua lista relacionada ao tema);;;0;1;0;0;1
T10;Preparar o ambiente (facilite a leitura);;;0;2;0;0;1
T11;Definir seu local de leitura (espaço livre de celular);;;0;2;0;0;1
T13;Ler resumo de livro do meu tema de aprendizado;;;0;1;1;0;1
T14;Ler livro relacionado ao tema que você quer aprender;;;0;0;0;0;0
T15;Escutar podcast ou TED talks relacionado ao tema que você quer aprender;;;0;1;0;0;1
T16;Colocar vídeos na sua lista do youtube relacionado ao tema que você quer aprender;;;0;1;0;0;1
T17;Dar manutenção na sua lista do youtube (adicionar e retirar vídeos) ;;;0;1;0;0;1
T18;Rever sua estratégia ;;;0;1;0;0;1
SF1;Beber água ;;;0;0;1;0;0
SF2;Preparar o quarto;;;0;0;2;0;1
SF3;Fazer um ritual de relaxamento;;;0;0;2;0;1
SF4;Escrever diário do sono ;;;0;0;2;0;1
SF5;Dormir de 7 a 9 horas ;;;0;1;5;0;3
SF6;Evitar o consumo de cafeína após as 15:00;;;0;0;3;0;2
SF7;Fazer diário alimentar ;;;0;0;2;0;0
SF8;Comer fruta ;;;0;0;3;0;1
SF9;Comer fonte de carboidrato complexo ;;;0;0;3;0;1
SF10;Comer proteína nas refeições (ingestão adequade de proteína) ;;;0;0;3;0;1
SF11;Comer legumes e salada;;;0;0;3;0;1
SF12;Fazer exercício de força ;Leve;Até 20 min;0;0;1;0;1
SF1212;Fazer exercício de força ;Leve;De 21 a 40 min;0;1;2;0;2
SF1213;Fazer exercício de força ;Leve;Mais de 40 min;0;2;3;0;3
SF1221;Fazer exercício de força ;Moderada;Até 20 min;0;0;2;0;2
SF1222;Fazer exercício de força ;Moderada;De 21 a 40 min;0;2;3;0;3
SF1223;Fazer exercício de força ;Moderada;Mais de 40 min;0;3;5;0;5
SF1231;Fazer exercício de força ;Intensa;Até 20 min;0;1;3;0;3
SF1232;Fazer exercício de força ;Intensa;De 21 a 40 min;0;3;4;0;4
SF1233;Fazer exercício de força ;Intensa;Mais de 40 min;0;5;5;0;5
SF13;Fazer exercício de cardio/aeróbico  ;Leve;Até 20 min;0;0;1;0;1
SF1312;Fazer exercício de cardio/aeróbico  ;Leve;De 21 a 40 min;0;1;2;0;2
SF1313;Fazer exercício de cardio/aeróbico  ;Leve;Mais de 40 min;0;2;3;0;3
SF1321;Fazer exercício de cardio/aeróbico  ;Moderada;Até 20 min;0;0;2;0;2
SF1322;Fazer exercício de cardio/aeróbico  ;Moderada;De 21 a 40 min;0;2;3;0;3
SF1323;Fazer exercício de cardio/aeróbico  ;Moderada;Mais de 40 min;0;3;5;0;5
SF1331;Fazer exercício de cardio/aeróbico  ;Intensa;Até 20 min;0;1;3;0;3
SF1332;Fazer exercício de cardio/aeróbico  ;Intensa;De 21 a 40 min;0;3;4;0;4
SF1333;Fazer exercício de cardio/aeróbico  ;Intensa;Mais de 40 min;0;5;5;0;5
SF14;Correr;Leve;Até 20 min;0;0;1;0;1
SF1412;Correr;Leve;De 21 a 40 min;0;1;2;0;2
SF1413;Correr;Leve;Mais de 40 min;0;2;3;0;3
SF1421;Correr;Moderada;Até 20 min;0;0;2;0;2
SF1422;Correr;Moderada;De 21 a 40 min;0;2;3;0;3
SF1423;Correr;Moderada;Mais de 40 min;0;3;5;0;5
SF1431;Correr;Intensa;Até 20 min;0;1;3;0;3
SF1432;Correr;Intensa;De 21 a 40 min;0;3;4;0;4
SF1433;Correr;Intensa;Mais de 40 min;0;5;5;0;5
SF15;Alongar;;Mais de 40 min ;0;0;5;0;3
SF16;Dormir sempre no mesmo horário (consistência no horário de dormir e acordar);;;0;1;5;0;3
SF17;Restringir comida industrializada/processada;;;0;0;5;0;3
SF18;Caminhar ;Leve;Até 10 min ;0;0;1;0;1
SF1812;Caminhar ;Leve;De 11 a 20 min ;0;1;2;1;2
SF1813;Caminhar ;Leve;Mais de 20 min ;0;2;3;1;3
SF1821;Caminhar ;Moderado;Até 10 min ;0;0;2;1;2
SF1822;Caminhar ;Moderado;De 11 a 20 min ;0;2;3;1;3
SF1822;Caminhar ;Moderado;Mais de 20 min ;0;3;5;1;5
SF19;Fazer refeições leves à noite;;;0;0;2;0;1
SM1;Me expor à luz natural ;;Mais de 20 min ;0;2;4;0;5
SM2;Diminuir exposição às telas durante a noite;;;1;1;2;0;4
SM3;Tomar banho gelado ;;;0;2;2;0;4
SM4;Fazer afirmações positivas sobre meu dia ;;;1;1;0;1;3
SM5;Desativar notificações e distrações;;;2;2;1;1;5
SM6;Limitar o tempo de uso de apps ;;;2;2;1;1;5
SM7;Ficar sem celular no quarto e/ou banheiro;;;2;2;1;1;5
SM8;Caminhar ao ar livre;Leve;Até 10 min ;0;0;1;0;1
SM812;Caminhar ao ar livre;Leve;De 11 a 20 min ;0;1;2;1;2
SM813;Caminhar ao ar livre;Leve;Mais de 20 min ;0;2;3;1;3
SM821;Caminhar ao ar livre;Moderado;Até 10 min ;0;0;2;1;2
SM822;Caminhar ao ar livre;Moderado;De 11 a 20 min ;0;2;3;1;3
SM823;Caminhar ao ar livre;Moderado;Mais de 20 min ;0;3;5;1;5
SM9;Caminhar descalço na grama;;;0;0;2;1;4
SM10;Visualizar sobre como eu quero que seja meu dia;;;1;1;0;1;3
SM11;Anotar reflexões sobre os acontecimentos do dia ;;;1;1;0;1;3
SM12;Fazer exercícios de respiração ;;Até 10 min ;0;0;1;0;3
SM13;Meditar ;;Até 10 min;1;1;2;2;4
SM14;Ler meu livro físico ou digital ;;Mais de 20 min ;0;3;0;0;5
;;;;;;;;
;;;;;;;;
;;;;;;;;
;;;;;;;;
;;;;;;;;
;;;;;;;;
;;;Relacionamento;;;;;
;;;Trabalho;;;;;
;;;Saúde física;;;;;
;;;Espiritualidade;;;;;
;;;Saúde mental;;;;;
;;;;;;;;
;;;;;;;;
;;;;;;;;
;;;;;;;;
;;;;;;;;
;;;;;;;;
;;;;;;;;
;;;;;;;;
;;;;;;;;
;;;;;;;;
;;;;;;;;
;;;;;;;;
;;;;;;;;
;;;;;;;;
;;;;;;;;
;;;;;;;;
;;;;;;;;
;;;;;;;;
;;;;;;;;
;;;;;;;;
;;;;;;;;
;;;;;;;;
;;;;;;;;
;;;;;;;;
;;;;;;;;
;;;;;;;;
;;;;;;;;
;;;;;;;;
;;;;;;;;
;;;;;;;;
;;;;;;;;
;;;;;;;;
;;;;;;;;
;;;;;;;;
;;;;;;;;
;;;;;;;;
;;;;;;;;
;;;;;;;;
;;;;;;;;
;;;;;;;;
;;;;;;;;
;;;;;;;;
;;;;;;;;
;;;;;;;;
;;;;;;;;
;;;;;;;;
;;;;;;;;
;;;;;;;;
;;;;;;;;
;;;;;;;;
;;;;;;;;
;;;;;;;;
;;;;;;;;
;;;;;;;;
;;;;;;;;
;;;;;;;;
;;;;;;;;
;;;;;;;;
;;;;;;;;
;;;;;;;;
;;;;;;;;
;;;;;;;;
;;;;;;;;
;;;;;;;;
;;;;;;;;
;;;;;;;;
;;;;;;;;
;;;;;;;;
;;;;;;;;
;;;;;;;;
;;;;;;;;
;;;;;;;;
;;;;;;;;
;;;;;;;;
;;;;;;;;
;;;;;;;;
;;;;;;;;
;;;;;;;;
;;;;;;;;
;;;;;;;;
;;;;;;;;
;;;;;;;;
;;;;;;;;
;;;;;;;;
;;;;;;;;
;;;;;;;;
;;;;;;;;
;;;;;;;;
;;;;;;;;
;;;;;;;;
;;;;;;;;
;;;;;;;;
;;;;;;;;
;;;;;;;;
;;;;;;;;
;;;;;;;;
;;;;;;;;
;;;;;;;;
;;;;;;;;
;;;;;;;;
;;;;;;;;
;;;;;;;;
;;;;;;;;
;;;;;;;;
;;;;;;;;
;;;;;;;;
;;;;;;;;
;;;;;;;;
;;;;;;;;
;;;;;;;;
;;;;;;;;
;;;;;;;;
;;;;;;;;
;;;;;;;;
;;;;;;;;
;;;;;;;;
;;;;;;;;
;;;;;;;;
;;;;;;;;
;;;;;;;;
;;;;;;;;
;;;;;;;;
;;;;;;;;
;;;;;;;;
;;;;;;;;
;;;;;;;;
;;;;;;;;
;;;;;;;;
;;;;;;;;
;;;;;;;;
;;;;;;;;
;;;;;;;;
;;;;;;;;
;;;;;;;;
;;;;;;;;
;;;;;;;;
;;;;;;;;
;;;;;;;;
;;;;;;;;
;;;;;;;;
;;;;;;;;
;;;;;;;;
;;;;;;;;
;;;;;;;;
;;;;;;;;
;;;;;;;;
;;;;;;;;
;;;;;;;;
;;;;;;;;
;;;;;;;;
;;;;;;;;
;;;;;;;;
;;;;;;;;
;;;;;;;;
;;;;;;;;
;;;;;;;;
;;;;;;;;
;;;;;;;;
;;;;;;;;
;;;;;;;;
;;;;;;;;
;;;;;;;;
;;;;;;;;
;;;;;;;;
;;;;;;;;
;;;;;;;;
;;;;;;;;
;;;;;;;;
;;;;;;;;
;;;;;;;;
;;;;;;;;
;;;;;;;;
;;;;;;;;
;;;;;;;;
;;;;;;;;
;;;;;;;;
;;;;;;;;
;;;;;;;;
;;;;;;;;
;;;;;;;;
;;;;;;;;
;;;;;;;;
;;;;;;;;
;;;;;;;;
;;;;;;;;
;;;;;;;;
;;;;;;;;
;;;;;;;;
;;;;;;;;
;;;;;;;;
;;;;;;;;
;;;;;;;;
;;;;;;;;
;;;;;;;;
;;;;;;;;
;;;;;;;;
;;;;;;;;
;;;;;;;;
;;;;;;;;
;;;;;;;;
;;;;;;;;
;;;;;;;;
;;;;;;;;
;;;;;;;;
;;;;;;;;
;;;;;;;;
;;;;;;;;
;;;;;;;;
;;;;;;;;
;;;;;;;;
;;;;;;;;
;;;;;;;;
;;;;;;;;
;;;;;;;;
;;;;;;;;
;;;;;;;;
;;;;;;;;
;;;;;;;;
;;;;;;;;
;;;;;;;;
;;;;;;;;
;;;;;;;;
;;;;;;;;
;;;;;;;;
;;;;;;;;
;;;;;;;;
;;;;;;;;
;;;;;;;;
;;;;;;;;
;;;;;;;;
;;;;;;;;
;;;;;;;;
;;;;;;;;
;;;;;;;;
;;;;;;;;
;;;;;;;;
;;;;;;;;
;;;;;;;;
;;;;;;;;
;;;;;;;;
;;;;;;;;
;;;;;;;;
;;;;;;;;
;;;;;;;;
;;;;;;;;
;;;;;;;;
;;;;;;;;
;;;;;;;;
;;;;;;;;
;;;;;;;;
;;;;;;;;
;;;;;;;;
;;;;;;;;
;;;;;;;;
;;;;;;;;
;;;;;;;;
;;;;;;;;
;;;;;;;;
;;;;;;;;
;;;;;;;;
;;;;;;;;
;;;;;;;;
;;;;;;;;
;;;;;;;;
;;;;;;;;
;;;;;;;;
;;;;;;;;
;;;;;;;;
;;;;;;;;
;;;;;;;;
;;;;;;;;
;;;;;;;;
;;;;;;;;
;;;;;;;;
;;;;;;;;
;;;;;;;;
;;;;;;;;
;;;;;;;;
;;;;;;;;
;;;;;;;;
;;;;;;;;
;;;;;;;;
;;;;;;;;
;;;;;;;;
;;;;;;;;
;;;;;;;;
;;;;;;;;
;;;;;;;;
;;;;;;;;
;;;;;;;;
;;;;;;;;
;;;;;;;;
;;;;;;;;
;;;;;;;;
;;;;;;;;
;;;;;;;;
;;;;;;;;
;;;;;;;;
;;;;;;;;
;;;;;;;;
;;;;;;;;
;;;;;;;;
;;;;;;;;
;;;;;;;;
;;;;;;;;
;;;;;;;;
;;;;;;;;
;;;;;;;;
;;;;;;;;
;;;;;;;;
;;;;;;;;
;;;;;;;;
;;;;;;;;
;;;;;;;;
;;;;;;;;
;;;;;;;;
;;;;;;;;
;;;;;;;;
;;;;;;;;
;;;;;;;;
;;;;;;;;
;;;;;;;;
;;;;;;;;
;;;;;;;;
;;;;;;;;
;;;;;;;;
;;;;;;;;
;;;;;;;;
;;;;;;;;
;;;;;;;;
;;;;;;;;
;;;;;;;;
;;;;;;;;
;;;;;;;;
;;;;;;;;
;;;;;;;;
;;;;;;;;
;;;;;;;;
;;;;;;;;
;;;;;;;;
;;;;;;;;
;;;;;;;;
;;;;;;;;
;;;;;;;;
;;;;;;;;
;;;;;;;;
;;;;;;;;
;;;;;;;;
;;;;;;;;
;;;;;;;;
;;;;;;;;
;;;;;;;;
;;;;;;;;
;;;;;;;;
;;;;;;;;
;;;;;;;;
;;;;;;;;
;;;;;;;;
;;;;;;;;
;;;;;;;;
;;;;;;;;
;;;;;;;;
;;;;;;;;
;;;;;;;;
;;;;;;;;
;;;;;;;;
;;;;;;;;
;;;;;;;;
;;;;;;;;
;;;;;;;;
;;;;;;;;
;;;;;;;;
;;;;;;;;
;;;;;;;;
;;;;;;;;
;;;;;;;;
;;;;;;;;
;;;;;;;;
;;;;;;;;
;;;;;;;;
;;;;;;;;
;;;;;;;;
;;;;;;;;
;;;;;;;;
;;;;;;;;
;;;;;;;;
;;;;;;;;
;;;;;;;;
;;;;;;;;
;;;;;;;;
;;;;;;;;
;;;;;;;;
;;;;;;;;
;;;;;;;;
;;;;;;;;
;;;;;;;;
;;;;;;;;
;;;;;;;;
;;;;;;;;
;;;;;;;;
;;;;;;;;
;;;;;;;;
;;;;;;;;
;;;;;;;;
;;;;;;;;
;;;;;;;;
;;;;;;;;
;;;;;;;;
;;;;;;;;
;;;;;;;;
;;;;;;;;
;;;;;;;;
;;;;;;;;
;;;;;;;;
;;;;;;;;
;;;;;;;;
;;;;;;;;
;;;;;;;;
;;;;;;;;
;;;;;;;;
;;;;;;;;
;;;;;;;;
;;;;;;;;
;;;;;;;;
;;;;;;;;
;;;;;;;;
;;;;;;;;
;;;;;;;;
;;;;;;;;
;;;;;;;;
;;;;;;;;
;;;;;;;;
;;;;;;;;
;;;;;;;;
;;;;;;;;
;;;;;;;;
;;;;;;;;
;;;;;;;;
;;;;;;;;
;;;;;;;;
;;;;;;;;
;;;;;;;;
;;;;;;;;
;;;;;;;;
;;;;;;;;
;;;;;;;;
;;;;;;;;
;;;;;;;;
;;;;;;;;
;;;;;;;;
;;;;;;;;
;;;;;;;;
;;;;;;;;
;;;;;;;;
;;;;;;;;
;;;;;;;;
;;;;;;;;
;;;;;;;;
;;;;;;;;
;;;;;;;;
;;;;;;;;
;;;;;;;;
;;;;;;;;
;;;;;;;;
;;;;;;;;
;;;;;;;;
;;;;;;;;
;;;;;;;;
;;;;;;;;
;;;;;;;;
;;;;;;;;
;;;;;;;;
;;;;;;;;
;;;;;;;;
;;;;;;;;
;;;;;;;;
;;;;;;;;
;;;;;;;;
;;;;;;;;
;;;;;;;;
;;;;;;;;
;;;;;;;;
;;;;;;;;
;;;;;;;;
;;;;;;;;
;;;;;;;;
;;;;;;;;
;;;;;;;;
;;;;;;;;
;;;;;;;;
;;;;;;;;
;;;;;;;;
;;;;;;;;
;;;;;;;;
;;;;;;;;
;;;;;;;;
;;;;;;;;
;;;;;;;;
;;;;;;;;
;;;;;;;;
;;;;;;;;
;;;;;;;;
;;;;;;;;
;;;;;;;;
;;;;;;;;
;;;;;;;;
;;;;;;;;
;;;;;;;;
;;;;;;;;
;;;;;;;;
;;;;;;;;
;;;;;;;;
;;;;;;;;
;;;;;;;;
;;;;;;;;
;;;;;;;;
;;;;;;;;
;;;;;;;;
;;;;;;;;
;;;;;;;;
;;;;;;;;
;;;;;;;;
;;;;;;;;
;;;;;;;;
;;;;;;;;
;;;;;;;;
;;;;;;;;
;;;;;;;;
;;;;;;;;
;;;;;;;;
;;;;;;;;
;;;;;;;;
;;;;;;;;
;;;;;;;;
;;;;;;;;
;;;;;;;;
;;;;;;;;
;;;;;;;;
;;;;;;;;
;;;;;;;;
;;;;;;;;
;;;;;;;;
;;;;;;;;
;;;;;;;;
;;;;;;;;
;;;;;;;;
;;;;;;;;
;;;;;;;;
;;;;;;;;
;;;;;;;;
;;;;;;;;
;;;;;;;;
;;;;;;;;
;;;;;;;;
;;;;;;;;
;;;;;;;;
;;;;;;;;
;;;;;;;;
;;;;;;;;
;;;;;;;;
;;;;;;;;
;;;;;;;;
;;;;;;;;
;;;;;;;;
;;;;;;;;
;;;;;;;;
;;;;;;;;
;;;;;;;;
;;;;;;;;
;;;;;;;;
;;;;;;;;
;;;;;;;;
;;;;;;;;
;;;;;;;;
;;;;;;;;
;;;;;;;;
;;;;;;;;
;;;;;;;;
;;;;;;;;
;;;;;;;;
;;;;;;;;
;;;;;;;;
;;;;;;;;
;;;;;;;;
;;;;;;;;
;;;;;;;;
;;;;;;;;
;;;;;;;;
;;;;;;;;
;;;;;;;;
;;;;;;;;
;;;;;;;;
;;;;;;;;
;;;;;;;;
;;;;;;;;
;;;;;;;;
;;;;;;;;
;;;;;;;;
;;;;;;;;
;;;;;;;;
;;;;;;;;
;;;;;;;;
;;;;;;;;
;;;;;;;;
;;;;;;;;
;;;;;;;;
;;;;;;;;
;;;;;;;;
;;;;;;;;
;;;;;;;;
;;;;;;;;
;;;;;;;;
;;;;;;;;
;;;;;;;;
;;;;;;;;
;;;;;;;;
;;;;;;;;
;;;;;;;;
;;;;;;;;
;;;;;;;;
;;;;;;;;
;;;;;;;;
;;;;;;;;
;;;;;;;;
;;;;;;;;
;;;;;;;;
;;;;;;;;
;;;;;;;;
;;;;;;;;
;;;;;;;;
;;;;;;;;
;;;;;;;;
;;;;;;;;
;;;;;;;;
;;;;;;;;
;;;;;;;;
;;;;;;;;
;;;;;;;;
;;;;;;;;
;;;;;;;;
;;;;;;;;
;;;;;;;;
;;;;;;;;
;;;;;;;;
;;;;;;;;
;;;;;;;;
;;;;;;;;
;;;;;;;;
;;;;;;;;
;;;;;;;;
;;;;;;;;
;;;;;;;;
;;;;;;;;
;;;;;;;;
;;;;;;;;
;;;;;;;;
;;;;;;;;
;;;;;;;;
;;;;;;;;
;;;;;;;;
;;;;;;;;
;;;;;;;;
;;;;;;;;
;;;;;;;;
;;;;;;;;
;;;;;;;;
;;;;;;;;
;;;;;;;;
;;;;;;;;
;;;;;;;;
;;;;;;;;
;;;;;;;;
;;;;;;;;
;;;;;;;;
;;;;;;;;
;;;;;;;;
;;;;;;;;
;;;;;;;;
;;;;;;;;
;;;;;;;;
;;;;;;;;
;;;;;;;;
;;;;;;;;
;;;;;;;;
;;;;;;;;
;;;;;;;;
;;;;;;;;
;;;;;;;;
;;;;;;;;
;;;;;;;;
;;;;;;;;
;;;;;;;;
;;;;;;;;
;;;;;;;;
;;;;;;;;
;;;;;;;;
;;;;;;;;
;;;;;;;;
;;;;;;;;
;;;;;;;;
;;;;;;;;
;;;;;;;;
;;;;;;;;
;;;;;;;;
;;;;;;;;
;;;;;;;;
;;;;;;;;
;;;;;;;;
;;;;;;;;
;;;;;;;;
;;;;;;;;
;;;;;;;;
;;;;;;;;
;;;;;;;;
;;;;;;;;
;;;;;;;;
;;;;;;;;
;;;;;;;;
;;;;;;;;
;;;;;;;;
;;;;;;;;
;;;;;;;;
;;;;;;;;
;;;;;;;;
;;;;;;;;
;;;;;;;;
;;;;;;;;
;;;;;;;;
;;;;;;;;
;;;;;;;;
;;;;;;;;
;;;;;;;;
;;;;;;;;
;;;;;;;;
;;;;;;;;
;;;;;;;;
;;;;;;;;
;;;;;;;;
;;;;;;;;
;;;;;;;;
;;;;;;;;
;;;;;;;;
;;;;;;;;
;;;;;;;;
;;;;;;;;
;;;;;;;;
;;;;;;;;
;;;;;;;;
;;;;;;;;
;;;;;;;;
;;;;;;;;
;;;;;;;;
;;;;;;;;
;;;;;;;;
;;;;;;;;
;;;;;;;;
;;;;;;;;
;;;;;;;;
;;;;;;;;
;;;;;;;;
;;;;;;;;
;;;;;;;;
;;;;;;;;
;;;;;;;;
;;;;;;;;
;;;;;;;;
;;;;;;;;
;;;;;;;;
;;;;;;;;
;;;;;;;;
;;;;;;;;
;;;;;;;;
;;;;;;;;
;;;;;;;;
;;;;;;;;
;;;;;;;;
;;;;;;;;
;;;;;;;;
;;;;;;;;
;;;;;;;;
;;;;;;;;
;;;;;;;;
;;;;;;;;
;;;;;;;;
;;;;;;;;
;;;;;;;;
;;;;;;;;
;;;;;;;;
;;;;;;;;
;;;;;;;;
;;;;;;;;
;;;;;;;;
;;;;;;;;
;;;;;;;;
;;;;;;;;
;;;;;;;;
;;;;;;;;
;;;;;;;;
;;;;;;;;
;;;;;;;;
;;;;;;;;
;;;;;;;;
;;;;;;;;
;;;;;;;;
;;;;;;;;
;;;;;;;;
;;;;;;;;
;;;;;;;;
;;;;;;;;
;;;;;;;;
;;;;;;;;
;;;;;;;;
;;;;;;;;
;;;;;;;;
;;;;;;;;
;;;;;;;;
;;;;;;;;
;;;;;;;;
;;;;;;;;
;;;;;;;;
;;;;;;;;
;;;;;;;;
;;;;;;;;
;;;;;;;;
;;;;;;;;
;;;;;;;;
;;;;;;;;
;;;;;;;;
;;;;;;;;
;;;;;;;;
;;;;;;;;
;;;;;;;;
;;;;;;;;
;;;;;;;;
;;;;;;;;
;;;;;;;;
;;;;;;;;
;;;;;;;;
;;;;;;;;
;;;;;;;;
;;;;;;;;
;;;;;;;;
;;;;;;;;
;;;;;;;;
;;;;;;;;
;;;;;;;;
;;;;;;;;
;;;;;;;;
;;;;;;;;
;;;;;;;;
;;;;;;;;
;;;;;;;;
;;;;;;;;
;;;;;;;;
;;;;;;;;
;;;;;;;;
;;;;;;;;
;;;;;;;;
;;;;;;;;
;;;;;;;;
;;;;;;;;
;;;;;;;;
;;;;;;;;
;;;;;;;;
;;;;;;;;
;;;;;;;;
;;;;;;;;
;;;;;;;;
;;;;;;;;
;;;;;;;;
;;;;;;;;
;;;;;;;;
;;;;;;;;
;;;;;;;;
;;;;;;;;
;;;;;;;;
;;;;;;;;
;;;;;;;;
;;;;;;;;
;;;;;;;;
;;;;;;;;
;;;;;;;;
;;;;;;;;
;;;;;;;;
;;;;;;;;
;;;;;;;;
;;;;;;;;
;;;;;;;;
;;;;;;;;
;;;;;;;;
;;;;;;;;
;;;;;;;;
All rows: [[ID, Hábito , Intensidade, Duração , Relacionamento , Trabalho, Saúde física, Espiritualidade, Saúde mental], [R1, Praticar escuta ativa , , , 5, 1, 0, 0, 2], [R2, Jantar romântico com esposo(a) sem celular , , , 5, 0, 0, 0, 2], [R3, Manter contato (Touchbase), , , 5, 1, 0, 0, 2], [R4, Expressar elogios e palavras de amor , , , 5, 1, 0, 1, 1], [R5, Jantar/almoçar com família sem celular, , , 5, 0, 1, 0, 2], [R6, Jantar/almoçar com amigos sem celular, , , 5, 0, 1, 0, 2], [E1, Ir a uma celebração religiosa de sua preferência , , , 1, 0, 0, 5, 1], [E2, Rezar, , , 0, 0, 0, 5, 1], [E3, Praticar ato de bondade , , , 2, 1, 0, 5, 2], [E4, Fazer anotações de gratidão, , , 1, 1, 1, 3, 2], [E5, Agradecer 1 coisa do meu dia , , , 1, 1, 1, 3, 2], [E6, Agradecer 3 coisas do meu dia , , , 3, 3, 3, 5, 5], [E7, Ler a bíblia, , , 0, 0, 0, 5, 1], [T1, Executar a rotina da manhã, , , 0, 5, 0, 0, 0], [T2, Revisar o Planejamento anual, , , 0, 5, 0, 0, 1], [T3, Fazer e revisar o Planejamento anual, , , 0, 5, 0, 0, 1], [T4, Fazer e revisar o Planejamento mensal e semanal, , , 0, 5, 0, 0, 1], [T5, Planejar minha semana , , , 1, 5, 1, 1, 3], [T6, Ampliar a rede de contatos profissionais, , , 1, 4, 0, 0, 1], [T7, Ativar o modo "foco" no trabalho, , , 0, 5, 0, 0, 1], [T8, Realizar sessão de trabalho focado (pomodoro), , , 0, 4, 0, 0, 0], [T9, Assistir um vídeo no youtube relacionado ao tema que você quer aprender (de preferência da sua lista relacionada ao tema), , , 0, 1, 0, 0, 1], [T10, Preparar o ambiente (facilite a leitura), , , 0, 2, 0, 0, 1], [T11, Definir seu local de leitura (espaço livre de celular), , , 0, 2, 0, 0, 1], [T13, Ler resumo de livro do meu tema de aprendizado, , , 0, 1, 1, 0, 1], [T14, Ler livro relacionado ao tema que você quer aprender, , , 0, 0, 0, 0, 0], [T15, Escutar podcast ou TED talks relacionado ao tema que você quer aprender, , , 0, 1, 0, 0, 1], [T16, Colocar vídeos na sua lista do youtube relacionado ao tema que você quer aprender, , , 0, 1, 0, 0, 1], [T17, Dar manutenção na sua lista do youtube (adicionar e retirar vídeos) , , , 0, 1, 0, 0, 1], [T18, Rever sua estratégia , , , 0, 1, 0, 0, 1], [SF1, Beber água , , , 0, 0, 1, 0, 0], [SF2, Preparar o quarto, , , 0, 0, 2, 0, 1], [SF3, Fazer um ritual de relaxamento, , , 0, 0, 2, 0, 1], [SF4, Escrever diário do sono , , , 0, 0, 2, 0, 1], [SF5, Dormir de 7 a 9 horas , , , 0, 1, 5, 0, 3], [SF6, Evitar o consumo de cafeína após as 15:00, , , 0, 0, 3, 0, 2], [SF7, Fazer diário alimentar , , , 0, 0, 2, 0, 0], [SF8, Comer fruta , , , 0, 0, 3, 0, 1], [SF9, Comer fonte de carboidrato complexo , , , 0, 0, 3, 0, 1], [SF10, Comer proteína nas refeições (ingestão adequade de proteína) , , , 0, 0, 3, 0, 1], [SF11, Comer legumes e salada, , , 0, 0, 3, 0, 1], [SF12, Fazer exercício de força , Leve, Até 20 min, 0, 0, 1, 0, 1], [SF1212, Fazer exercício de força , Leve, De 21 a 40 min, 0, 1, 2, 0, 2], [SF1213, Fazer exercício de força , Leve, Mais de 40 min, 0, 2, 3, 0, 3], [SF1221, Fazer exercício de força , Moderada, Até 20 min, 0, 0, 2, 0, 2], [SF1222, Fazer exercício de força , Moderada, De 21 a 40 min, 0, 2, 3, 0, 3], [SF1223, Fazer exercício de força , Moderada, Mais de 40 min, 0, 3, 5, 0, 5], [SF1231, Fazer exercício de força , Intensa, Até 20 min, 0, 1, 3, 0, 3], [SF1232, Fazer exercício de força , Intensa, De 21 a 40 min, 0, 3, 4, 0, 4], [SF1233, Fazer exercício de força , Intensa, Mais de 40 min, 0, 5, 5, 0, 5], [SF13, Fazer exercício de cardio/aeróbico  , Leve, Até 20 min, 0, 0, 1, 0, 1], [SF1312, Fazer exercício de cardio/aeróbico  , Leve, De 21 a 40 min, 0, 1, 2, 0, 2], [SF1313, Fazer exercício de cardio/aeróbico  , Leve, Mais de 40 min, 0, 2, 3, 0, 3], [SF1321, Fazer exercício de cardio/aeróbico  , Moderada, Até 20 min, 0, 0, 2, 0, 2], [SF1322, Fazer exercício de cardio/aeróbico  , Moderada, De 21 a 40 min, 0, 2, 3, 0, 3], [SF1323, Fazer exercício de cardio/aeróbico  , Moderada, Mais de 40 min, 0, 3, 5, 0, 5], [SF1331, Fazer exercício de cardio/aeróbico  , Intensa, Até 20 min, 0, 1, 3, 0, 3], [SF1332, Fazer exercício de cardio/aeróbico  , Intensa, De 21 a 40 min, 0, 3, 4, 0, 4], [SF1333, Fazer exercício de cardio/aeróbico  , Intensa, Mais de 40 min, 0, 5, 5, 0, 5], [SF14, Correr, Leve, Até 20 min, 0, 0, 1, 0, 1], [SF1412, Correr, Leve, De 21 a 40 min, 0, 1, 2, 0, 2], [SF1413, Correr, Leve, Mais de 40 min, 0, 2, 3, 0, 3], [SF1421, Correr, Moderada, Até 20 min, 0, 0, 2, 0, 2], [SF1422, Correr, Moderada, De 21 a 40 min, 0, 2, 3, 0, 3], [SF1423, Correr, Moderada, Mais de 40 min, 0, 3, 5, 0, 5], [SF1431, Correr, Intensa, Até 20 min, 0, 1, 3, 0, 3], [SF1432, Correr, Intensa, De 21 a 40 min, 0, 3, 4, 0, 4], [SF1433, Correr, Intensa, Mais de 40 min, 0, 5, 5, 0, 5], [SF15, Alongar, , Mais de 40 min , 0, 0, 5, 0, 3], [SF16, Dormir sempre no mesmo horário (consistência no horário de dormir e acordar), , , 0, 1, 5, 0, 3], [SF17, Restringir comida industrializada/processada, , , 0, 0, 5, 0, 3], [SF18, Caminhar , Leve, Até 10 min , 0, 0, 1, 0, 1], [SF1812, Caminhar , Leve, De 11 a 20 min , 0, 1, 2, 1, 2], [SF1813, Caminhar , Leve, Mais de 20 min , 0, 2, 3, 1, 3], [SF1821, Caminhar , Moderado, Até 10 min , 0, 0, 2, 1, 2], [SF1822, Caminhar , Moderado, De 11 a 20 min , 0, 2, 3, 1, 3], [SF1822, Caminhar , Moderado, Mais de 20 min , 0, 3, 5, 1, 5], [SF19, Fazer refeições leves à noite, , , 0, 0, 2, 0, 1], [SM1, Me expor à luz natural , , Mais de 20 min , 0, 2, 4, 0, 5], [SM2, Diminuir exposição às telas durante a noite, , , 1, 1, 2, 0, 4], [SM3, Tomar banho gelado , , , 0, 2, 2, 0, 4], [SM4, Fazer afirmações positivas sobre meu dia , , , 1, 1, 0, 1, 3], [SM5, Desativar notificações e distrações, , , 2, 2, 1, 1, 5], [SM6, Limitar o tempo de uso de apps , , , 2, 2, 1, 1, 5], [SM7, Ficar sem celular no quarto e/ou banheiro, , , 2, 2, 1, 1, 5], [SM8, Caminhar ao ar livre, Leve, Até 10 min , 0, 0, 1, 0, 1], [SM812, Caminhar ao ar livre, Leve, De 11 a 20 min , 0, 1, 2, 1, 2], [SM813, Caminhar ao ar livre, Leve, Mais de 20 min , 0, 2, 3, 1, 3], [SM821, Caminhar ao ar livre, Moderado, Até 10 min , 0, 0, 2, 1, 2], [SM822, Caminhar ao ar livre, Moderado, De 11 a 20 min , 0, 2, 3, 1, 3], [SM823, Caminhar ao ar livre, Moderado, Mais de 20 min , 0, 3, 5, 1, 5], [SM9, Caminhar descalço na grama, , , 0, 0, 2, 1, 4], [SM10, Visualizar sobre como eu quero que seja meu dia, , , 1, 1, 0, 1, 3], [SM11, Anotar reflexões sobre os acontecimentos do dia , , , 1, 1, 0, 1, 3], [SM12, Fazer exercícios de respiração , , Até 10 min , 0, 0, 1, 0, 3], [SM13, Meditar , , Até 10 min, 1, 1, 2, 2, 4], [SM14, Ler meu livro físico ou digital , , Mais de 20 min , 0, 3, 0, 0, 5], [, , , , , , , , ], [, , , , , , , , ], [, , , , , , , , ], [, , , , , , , , ], [, , , , , , , , ], [, , , , , , , , ], [, , , Relacionamento, , , , , ], [, , , Trabalho, , , , , ], [, , , Saúde física, , , , , ], [, , , Espiritualidade, , , , , ], [, , , Saúde mental, , , , , ], [, , , , , , , , ], [, , , , , , , , ], [, , , , , , , , ], [, , , , , , , , ], [, , , , , , , , ], [, , , , , , , , ], [, , , , , , , , ], [, , , , , , , , ], [, , , , , , , , ], [, , , , , , , , ], [, , , , , , , , ], [, , , , , , , , ], [, , , , , , , , ], [, , , , , , , , ], [, , , , , , , , ], [, , , , , , , , ], [, , , , , , , , ], [, , , , , , , , ], [, , , , , , , , ], [, , , , , , , , ], [, , , , , , , , ], [, , , , , , , , ], [, , , , , , , , ], [, , , , , , , , ], [, , , , , , , , ], [, , , , , , , , ], [, , , , , , , , ], [, , , , , , , , ], [, , , , , , , , ], [, , , , , , , , ], [, , , , , , , , ], [, , , , , , , , ], [, , , , , , , , ], [, , , , , , , , ], [, , , , , , , , ], [, , , , , , , , ], [, , , , , , , , ], [, , , , , , , , ], [, , , , , , , , ], [, , , , , , , , ], [, , , , , , , , ], [, , , , , , , , ], [, , , , , , , , ], [, , , , , , , , ], [, , , , , , , , ], [, , , , , , , , ], [, , , , , , , , ], [, , , , , , , , ], [, , , , , , , , ], [, , , , , , , , ], [, , , , , , , , ], [, , , , , , , , ], [, , , , , , , , ], [, , , , , , , , ], [, , , , , , , , ], [, , , , , , , , ], [, , , , , , , , ], [, , , , , , , , ], [, , , , , , , , ], [, , , , , , , , ], [, , , , , , , , ], [, , , , , , , , ], [, , , , , , , , ], [, , , , , , , , ], [, , , , , , , , ], [, , , , , , , , ], [, , , , , , , , ], [, , , , , , , , ], [, , , , , , , , ], [, , , , , , , , ], [, , , , , , , , ], [, , , , , , , , ], [, , , , , , , , ], [, , , , , , , , ], [, , , , , , , , ], [, , , , , , , , ], [, , , , , , , , ], [, , , , , , , , ], [, , , , , , , , ], [, , , , , , , , ], [, , , , , , , , ], [, , , , , , , , ], [, , , , , , , , ], [, , , , , , , , ], [, , , , , , , , ], [, , , , , , , , ], [, , , , , , , , ], [, , , , , , , , ], [, , , , , , , , ], [, , , , , , , , ], [, , , , , , , , ], [, , , , , , , , ], [, , , , , , , , ], [, , , , , , , , ], [, , , , , , , , ], [, , , , , , , , ], [, , , , , , , , ], [, , , , , , , , ], [, , , , , , , , ], [, , , , , , , , ], [, , , , , , , , ], [, , , , , , , , ], [, , , , , , , , ], [, , , , , , , , ], [, , , , , , , , ], [, , , , , , , , ], [, , , , , , , , ], [, , , , , , , , ], [, , , , , , , , ], [, , , , , , , , ], [, , , , , , , , ], [, , , , , , , , ], [, , , , , , , , ], [, , , , , , , , ], [, , , , , , , , ], [, , , , , , , , ], [, , , , , , , , ], [, , , , , , , , ], [, , , , , , , , ], [, , , , , , , , ], [, , , , , , , , ], [, , , , , , , , ], [, , , , , , , , ], [, , , , , , , , ], [, , , , , , , , ], [, , , , , , , , ], [, , , , , , , , ], [, , , , , , , , ], [, , , , , , , , ], [, , , , , , , , ], [, , , , , , , , ], [, , , , , , , , ], [, , , , , , , , ], [, , , , , , , , ], [, , , , , , , , ], [, , , , , , , , ], [, , , , , , , , ], [, , , , , , , , ], [, , , , , , , , ], [, , , , , , , , ], [, , , , , , , , ], [, , , , , , , , ], [, , , , , , , , ], [, , , , , , , , ], [, , , , , , , , ], [, , , , , , , , ], [, , , , , , , , ], [, , , , , , , , ], [, , , , , , , , ], [, , , , , , , , ], [, , , , , , , , ], [, , , , , , , , ], [, , , , , , , , ], [, , , , , , , , ], [, , , , , , , , ], [, , , , , , , , ], [, , , , , , , , ], [, , , , , , , , ], [, , , , , , , , ], [, , , , , , , , ], [, , , , , , , , ], [, , , , , , , , ], [, , , , , , , , ], [, , , , , , , , ], [, , , , , , , , ], [, , , , , , , , ], [, , , , , , , , ], [, , , , , , , , ], [, , , , , , , , ], [, , , , , , , , ], [, , , , , , , , ], [, , , , , , , , ], [, , , , , , , , ], [, , , , , , , , ], [, , , , , , , , ], [, , , , , , , , ], [, , , , , , , , ], [, , , , , , , , ], [, , , , , , , , ], [, , , , , , , , ], [, , , , , , , , ], [, , , , , , , , ], [, , , , , , , , ], [, , , , , , , , ], [, , , , , , , , ], [, , , , , , , , ], [, , , , , , , , ], [, , , , , , , , ], [, , , , , , , , ], [, , , , , , , , ], [, , , , , , , , ], [, , , , , , , , ], [, , , , , , , , ], [, , , , , , , , ], [, , , , , , , , ], [, , , , , , , , ], [, , , , , , , , ], [, , , , , , , , ], [, , , , , , , , ], [, , , , , , , , ], [, , , , , , , , ], [, , , , , , , , ], [, , , , , , , , ], [, , , , , , , , ], [, , , , , , , , ], [, , , , , , , , ], [, , , , , , , , ], [, , , , , , , , ], [, , , , , , , , ], [, , , , , , , , ], [, , , , , , , , ], [, , , , , , , , ], [, , , , , , , , ], [, , , , , , , , ], [, , , , , , , , ], [, , , , , , , , ], [, , , , , , , , ], [, , , , , , , , ], [, , , , , , , , ], [, , , , , , , , ], [, , , , , , , , ], [, , , , , , , , ], [, , , , , , , , ], [, , , , , , , , ], [, , , , , , , , ], [, , , , , , , , ], [, , , , , , , , ], [, , , , , , , , ], [, , , , , , , , ], [, , , , , , , , ], [, , , , , , , , ], [, , , , , , , , ], [, , , , , , , , ], [, , , , , , , , ], [, , , , , , , , ], [, , , , , , , , ], [, , , , , , , , ], [, , , , , , , , ], [, , , , , , , , ], [, , , , , , , , ], [, , , , , , , , ], [, , , , , , , , ], [, , , , , , , , ], [, , , , , , , , ], [, , , , , , , , ], [, , , , , , , , ], [, , , , , , , , ], [, , , , , , , , ], [, , , , , , , , ], [, , , , , , , , ], [, , , , , , , , ], [, , , , , , , , ], [, , , , , , , , ], [, , , , , , , , ], [, , , , , , , , ], [, , , , , , , , ], [, , , , , , , , ], [, , , , , , , , ], [, , , , , , , , ], [, , , , , , , , ], [, , , , , , , , ], [, , , , , , , , ], [, , , , , , , , ], [, , , , , , , , ], [, , , , , , , , ], [, , , , , , , , ], [, , , , , , , , ], [, , , , , , , , ], [, , , , , , , , ], [, , , , , , , , ], [, , , , , , , , ], [, , , , , , , , ], [, , , , , , , , ], [, , , , , , , , ], [, , , , , , , , ], [, , , , , , , , ], [, , , , , , , , ], [, , , , , , , , ], [, , , , , , , , ], [, , , , , , , , ], [, , , , , , , , ], [, , , , , , , , ], [, , , , , , , , ], [, , , , , , , , ], [, , , , , , , , ], [, , , , , , , , ], [, , , , , , , , ], [, , , , , , , , ], [, , , , , , , , ], [, , , , , , , , ], [, , , , , , , , ], [, , , , , , , , ], [, , , , , , , , ], [, , , , , , , , ], [, , , , , , , , ], [, , , , , , , , ], [, , , , , , , , ], [, , , , , , , , ], [, , , , , , , , ], [, , , , , , , , ], [, , , , , , , , ], [, , , , , , , , ], [, , , , , , , , ], [, , , , , , , , ], [, , , , , , , , ], [, , , , , , , , ], [, , , , , , , , ], [, , , , , , , , ], [, , , , , , , , ], [, , , , , , , , ], [, , , , , , , , ], [, , , , , , , , ], [, , , , , , , , ], [, , , , , , , , ], [, , , , , , , , ], [, , , , , , , , ], [, , , , , , , , ], [, , , , , , , , ], [, , , , , , , , ], [, , , , , , , , ], [, , , , , , , , ], [, , , , , , , , ], [, , , , , , , , ], [, , , , , , , , ], [, , , , , , , , ], [, , , , , , , , ], [, , , , , , , , ], [, , , , , , , , ], [, , , , , , , , ], [, , , , , , , , ], [, , , , , , , , ], [, , , , , , , , ], [, , , , , , , , ], [, , , , , , , , ], [, , , , , , , , ], [, , , , , , , , ], [, , , , , , , , ], [, , , , , , , , ], [, , , , , , , , ], [, , , , , , , , ], [, , , , , , , , ], [, , , , , , , , ], [, , , , , , , , ], [, , , , , , , , ], [, , , , , , , , ], [, , , , , , , , ], [, , , , , , , , ], [, , , , , , , , ], [, , , , , , , , ], [, , , , , , , , ], [, , , , , , , , ], [, , , , , , , , ], [, , , , , , , , ], [, , , , , , , , ], [, , , , , , , , ], [, , , , , , , , ], [, , , , , , , , ], [, , , , , , , , ], [, , , , , , , , ], [, , , , , , , , ], [, , , , , , , , ], [, , , , , , , , ], [, , , , , , , , ], [, , , , , , , , ], [, , , , , , , , ], [, , , , , , , , ], [, , , , , , , , ], [, , , , , , , , ], [, , , , , , , , ], [, , , , , , , , ], [, , , , , , , , ], [, , , , , , , , ], [, , , , , , , , ], [, , , , , , , , ], [, , , , , , , , ], [, , , , , , , , ], [, , , , , , , , ], [, , , , , , , , ], [, , , , , , , , ], [, , , , , , , , ], [, , , , , , , , ], [, , , , , , , , ], [, , , , , , , , ], [, , , , , , , , ], [, , , , , , , , ], [, , , , , , , , ], [, , , , , , , , ], [, , , , , , , , ], [, , , , , , , , ], [, , , , , , , , ], [, , , , , , , , ], [, , , , , , , , ], [, , , , , , , , ], [, , , , , , , , ], [, , , , , , , , ], [, , , , , , , , ], [, , , , , , , , ], [, , , , , , , , ], [, , , , , , , , ], [, , , , , , , , ], [, , , , , , , , ], [, , , , , , , , ], [, , , , , , , , ], [, , , , , , , , ], [, , , , , , , , ], [, , , , , , , , ], [, , , , , , , , ], [, , , , , , , , ], [, , , , , , , , ], [, , , , , , , , ], [, , , , , , , , ], [, , , , , , , , ], [, , , , , , , , ], [, , , , , , , , ], [, , , , , , , , ], [, , , , , , , , ], [, , , , , , , , ], [, , , , , , , , ], [, , , , , , , , ], [, , , , , , , , ], [, , , , , , , , ], [, , , , , , , , ], [, , , , , , , , ], [, , , , , , , , ], [, , , , , , , , ], [, , , , , , , , ], [, , , , , , , , ], [, , , , , , , , ], [, , , , , , , , ], [, , , , , , , , ], [, , , , , , , , ], [, , , , , , , , ], [, , , , , , , , ], [, , , , , , , , ], [, , , , , , , , ], [, , , , , , , , ], [, , , , , , , , ], [, , , , , , , , ], [, , , , , , , , ], [, , , , , , , , ], [, , , , , , , , ], [, , , , , , , , ], [, , , , , , , , ], [, , , , , , , , ], [, , , , , , , , ], [, , , , , , , , ], [, , , , , , , , ], [, , , , , , , , ], [, , , , , , , , ], [, , , , , , , , ], [, , , , , , , , ], [, , , , , , , , ], [, , , , , , , , ], [, , , , , , , , ], [, , , , , , , , ], [, , , , , , , , ], [, , , , , , , , ], [, , , , , , , , ], [, , , , , , , , ], [, , , , , , , , ], [, , , , , , , , ], [, , , , , , , , ], [, , , , , , , , ], [, , , , , , , , ], [, , , , , , , , ], [, , , , , , , , ], [, , , , , , , , ], [, , , , , , , , ], [, , , , , , , , ], [, , , , , , , , ], [, , , , , , , , ], [, , , , , , , , ], [, , , , , , , , ], [, , , , , , , , ], [, , , , , , , , ], [, , , , , , , , ], [, , , , , , , , ], [, , , , , , , , ], [, , , , , , , , ], [, , , , , , , , ], [, , , , , , , , ], [, , , , , , , , ], [, , , , , , , , ], [, , , , , , , , ], [, , , , , , , , ], [, , , , , , , , ], [, , , , , , , , ], [, , , , , , , , ], [, , , , , , , , ], [, , , , , , , , ], [, , , , , , , , ], [, , , , , , , , ], [, , , , , , , , ], [, , , , , , , , ], [, , , , , , , , ], [, , , , , , , , ], [, , , , , , , , ], [, , , , , , , , ], [, , , , , , , , ], [, , , , , , , , ], [, , , , , , , , ], [, , , , , , , , ], [, , , , , , , , ], [, , , , , , , , ], [, , , , , , , , ], [, , , , , , , , ], [, , , , , , , , ], [, , , , , , , , ], [, , , , , , , , ], [, , , , , , , , ], [, , , , , , , , ], [, , , , , , , , ], [, , , , , , , , ], [, , , , , , , , ], [, , , , , , , , ], [, , , , , , , , ], [, , , , , , , , ], [, , , , , , , , ], [, , , , , , , , ], [, , , , , , , , ], [, , , , , , , , ], [, , , , , , , , ], [, , , , , , , , ], [, , , , , , , , ], [, , , , , , , , ], [, , , , , , , , ], [, , , , , , , , ], [, , , , , , , , ], [, , , , , , , , ], [, , , , , , , , ], [, , , , , , , , ], [, , , , , , , , ], [, , , , , , , , ], [, , , , , , , , ], [, , , , , , , , ], [, , , , , , , , ], [, , , , , , , , ], [, , , , , , , , ], [, , , , , , , , ], [, , , , , , , , ], [, , , , , , , , ], [, , , , , , , , ], [, , , , , , , , ], [, , , , , , , , ], [, , , , , , , , ], [, , , , , , , , ], [, , , , , , , , ], [, , , , , , , , ], [, , , , , , , , ], [, , , , , , , , ], [, , , , , , , , ], [, , , , , , , , ], [, , , , , , , , ], [, , , , , , , , ], [, , , , , , , , ], [, , , , , , , , ], [, , , , , , , , ], [, , , , , , , , ], [, , , , , , , , ], [, , , , , , , , ], [, , , , , , , , ], [, , , , , , , , ], [, , , , , , , , ], [, , , , , , , , ], [, , , , , , , , ], [, , , , , , , , ], [, , , , , , , , ], [, , , , , , , , ], [, , , , , , , , ], [, , , , , , , , ], [, , , , , , , , ], [, , , , , , , , ], [, , , , , , , , ], [, , , , , , , , ], [, , , , , , , , ], [, , , , , , , , ], [, , , , , , , , ], [, , , , , , , , ], [, , , , , , , , ], [, , , , , , , , ], [, , , , , , , , ], [, , , , , , , , ], [, , , , , , , , ], [, , , , , , , , ], [, , , , , , , , ], [, , , , , , , , ], [, , , , , , , , ], [, , , , , , , , ], [, , , , , , , , ], [, , , , , , , , ], [, , , , , , , , ], [, , , , , , , , ], [, , , , , , , , ], [, , , , , , , , ], [, , , , , , , , ], [, , , , , , , , ], [, , , , , , , , ], [, , , , , , , , ], [, , , , , , , , ], [, , , , , , , , ], [, , , , , , , , ], [, , , , , , , , ], [, , , , , , , , ], [, , , , , , , , ], [, , , , , , , , ], [, , , , , , , , ], [, , , , , , , , ], [, , , , , , , , ], [, , , , , , , , ], [, , , , , , , , ], [, , , , , , , , ], [, , , , , , , , ], [, , , , , , , , ], [, , , , , , , , ], [, , , , , , , , ], [, , , , , , , , ], [, , , , , , , , ], [, , , , , , , , ], [, , , , , , , , ], [, , , , , , , , ], [, , , , , , , , ], [, , , , , , , , ], [, , , , , , , , ], [, , , , , , , , ], [, , , , , , , , ], [, , , , , , , , ], [, , , , , , , , ], [, , , , , , , , ], [, , , , , , , , ], [, , , , , , , , ], [, , , , , , , , ], [, , , , , , , , ], [, , , , , , , , ], [, , , , , , , , ], [, , , , , , , , ], [, , , , , , , , ], [, , , , , , , , ], [, , , , , , , , ], [, , , , , , , , ], [, , , , , , , , ], [, , , , , , , , ], [, , , , , , , , ], [, , , , , , , , ], [, , , , , , , , ], [, , , , , , , , ], [, , , , , , , , ], [, , , , , , , , ], [, , , , , , , , ], [, , , , , , , , ], [, , , , , , , , ], [, , , , , , , , ], [, , , , , , , , ], [, , , , , , , , ], [, , , , , , , , ], [, , , , , , , , ], [, , , , , , , , ], [, , , , , , , , ], [, , , , , , , , ], [, , , , , , , , ], [, , , , , , , , ], [, , , , , , , , ], [, , , , , , , , ], [, , , , , , , , ], [, , , , , , , , ], [, , , , , , , , ], [, , , , , , , , ], [, , , , , , , , ], [, , , , , , , , ], [, , , , , , , , ], [, , , , , , , , ], [, , , , , , , , ], [, , , , , , , , ], [, , , , , , , , ], [, , , , , , , , ], [, , , , , , , , ], [, , , , , , , , ], [, , , , , , , , ], [, , , , , , , , ], [, , , , , , , , ], [, , , , , , , , ], [, , , , , , , , ], [, , , , , , , , ], [, , , , , , , , ], [, , , , , , , , ], [, , , , , , , , ], [, , , , , , , , ], [, , , , , , , , ], [, , , , , , , , ], [, , , , , , , , ], [, , , , , , , , ], [, , , , , , , , ], [, , , , , , , , ], [, , , , , , , , ], [, , , , , , , , ], [, , , , , , , , ], [, , , , , , , , ], [, , , , , , , , ], [, , , , , , , , ], [, , , , , , , , ], [, , , , , , , , ], [, , , , , , , , ], [, , , , , , , , ], [, , , , , , , , ], [, , , , , , , , ], [, , , , , , , , ], [, , , , , , , , ], [, , , , , , , , ], [, , , , , , , , ], [, , , , , , , , ], [, , , , , , , , ], [, , , , , , , , ], [, , , , , , , , ], [, , , , , , , , ], [, , , , , , , , ], [, , , , , , , , ], [, , , , , , , , ], [, , , , , , , , ], [, , , , , , , , ], [, , , , , , , , ], [, , , , , , , , ], [, , , , , , , , ], [, , , , , , , , ], [, , , , , , , , ], [, , , , , , , , ], [, , , , , , , , ], [, , , , , , , , ], [, , , , , , , , ], [, , , , , , , , ], [, , , , , , , , ], [, , , , , , , , ], [, , , , , , , , ], [, , , , , , , , ], [, , , , , , , , ], [, , , , , , , , ], [, , , , , , , , ], [, , , , , , , , ], [, , , , , , , , ], [, , , , , , , , ], [, , , , , , , , ], [, , , , , , , , ], [, , , , , , , , ], [, , , , , , , , ], [, , , , , , , , ], [, , , , , , , , ], [, , , , , , , , ], [, , , , , , , , ], [, , , , , , , , ], [, , , , , , , , ], [, , , , , , , , ], [, , , , , , , , ], [, , , , , , , , ], [, , , , , , , , ], [, , , , , , , , ], [, , , , , , , , ], [, , , , , , , , ], [, , , , , , , , ], [, , , , , , , , ], [, , , , , , , , ], [, , , , , , , , ], [, , , , , , , , ], [, , , , , , , , ], [, , , , , , , , ], [, , , , , , , , ], [, , , , , , , , ], [, , , , , , , , ], [, , , , , , , , ], [, , , , , , , , ], [, , , , , , , , ], [, , , , , , , , ], [, , , , , , , , ], [, , , , , , , , ], [, , , , , , , , ], [, , , , , , , , ], [, , , , , , , , ], [, , , , , , , , ], [, , , , , , , , ], [, , , , , , , , ], [, , , , , , , , ], [, , , , , , , , ], [, , , , , , , , ], [, , , , , , , , ], [, , , , , , , , ], [, , , , , , , , ], [, , , , , , , , ], [, , , , , , , , ], [, , , , , , , , ], [, , , , , , , , ], [, , , , , , , , ], [, , , , , , , , ], [, , , , , , , , ], [, , , , , , , , ], [, , , , , , , , ], [, , , , , , , , ], [, , , , , , , , ], [, , , , , , , , ], [, , , , , , , , ], [, , , , , , , , ], [, , , , , , , , ], [, , , , , , , , ], [, , , , , , , , ], [, , , , , , , , ], [, , , , , , , , ], [, , , , , , , , ], [, , , , , , , , ], [, , , , , , , , ], [, , , , , , , , ], [, , , , , , , , ], [, , , , , , , , ], [, , , , , , , , ], [, , , , , , , , ], [, , , , , , , , ], [, , , , , , , , ], [, , , , , , , , ], [, , , , , , , , ], [, , , , , , , , ], [, , , , , , , , ], [, , , , , , , , ], [, , , , , , , , ], [, , , , , , , , ], [, , , , , , , , ], [, , , , , , , , ], [, , , , , , , , ], [, , , , , , , , ], [, , , , , , , , ], [, , , , , , , , ], [, , , , , , , , ], [, , , , , , , , ], [, , , , , , , , ], [, , , , , , , , ], [, , , , , , , , ], [, , , , , , , , ], [, , , , , , , , ], [, , , , , , , , ], [, , , , , , , , ], [, , , , , , , , ], [, , , , , , , , ], [, , , , , , , , ], [, , , , , , , , ], [, , , , , , , , ], [, , , , , , , , ], [, , , , , , , , ], [, , , , , , , , ], [, , , , , , , , ], [, , , , , , , , ], [, , , , , , , , ], [, , , , , , , , ], [, , , , , , , , ], [, , , , , , , , ], [, , , , , , , , ], [, , , , , , , , ], [, , , , , , , , ], [, , , , , , , , ], [, , , , , , , , ], [, , , , , , , , ], [, , , , , , , , ], [, , , , , , , , ], [, , , , , , , , ], [, , , , , , , , ], [, , , , , , , , ], [, , , , , , , , ], [, , , , , , , , ], [, , , , , , , , ], [, , , , , , , , ], [, , , , , , , , ], [, , , , , , , , ], [, , , , , , , , ], [, , , , , , , , ], [, , , , , , , , ], [, , , , , , , , ], [, , , , , , , , ], [, , , , , , , , ], [, , , , , , , , ], [, , , , , , , , ], [, , , , , , , , ], [, , , , , , , , ], [, , , , , , , , ], [, , , , , , , , ], [, , , , , , , , ], [, , , , , , , , ], [, , , , , , , , ], [, , , , , , , , ], [, , , , , , , , ], [, , , , , , , , ], [, , , , , , , , ], [, , , , , , , , ], [, , , , , , , , ], [, , , , , , , , ], [, , , , , , , , ], [, , , , , , , , ], [, , , , , , , , ], [, , , , , , , , ], [, , , , , , , , ]]
Data rows: [[R1, Praticar escuta ativa , , , 5, 1, 0, 0, 2], [R2, Jantar romântico com esposo(a) sem celular , , , 5, 0, 0, 0, 2], [R3, Manter contato (Touchbase), , , 5, 1, 0, 0, 2], [R4, Expressar elogios e palavras de amor , , , 5, 1, 0, 1, 1], [R5, Jantar/almoçar com família sem celular, , , 5, 0, 1, 0, 2], [R6, Jantar/almoçar com amigos sem celular, , , 5, 0, 1, 0, 2], [E1, Ir a uma celebração religiosa de sua preferência , , , 1, 0, 0, 5, 1], [E2, Rezar, , , 0, 0, 0, 5, 1], [E3, Praticar ato de bondade , , , 2, 1, 0, 5, 2], [E4, Fazer anotações de gratidão, , , 1, 1, 1, 3, 2], [E5, Agradecer 1 coisa do meu dia , , , 1, 1, 1, 3, 2], [E6, Agradecer 3 coisas do meu dia , , , 3, 3, 3, 5, 5], [E7, Ler a bíblia, , , 0, 0, 0, 5, 1], [T1, Executar a rotina da manhã, , , 0, 5, 0, 0, 0], [T2, Revisar o Planejamento anual, , , 0, 5, 0, 0, 1], [T3, Fazer e revisar o Planejamento anual, , , 0, 5, 0, 0, 1], [T4, Fazer e revisar o Planejamento mensal e semanal, , , 0, 5, 0, 0, 1], [T5, Planejar minha semana , , , 1, 5, 1, 1, 3], [T6, Ampliar a rede de contatos profissionais, , , 1, 4, 0, 0, 1], [T7, Ativar o modo "foco" no trabalho, , , 0, 5, 0, 0, 1], [T8, Realizar sessão de trabalho focado (pomodoro), , , 0, 4, 0, 0, 0], [T9, Assistir um vídeo no youtube relacionado ao tema que você quer aprender (de preferência da sua lista relacionada ao tema), , , 0, 1, 0, 0, 1], [T10, Preparar o ambiente (facilite a leitura), , , 0, 2, 0, 0, 1], [T11, Definir seu local de leitura (espaço livre de celular), , , 0, 2, 0, 0, 1], [T13, Ler resumo de livro do meu tema de aprendizado, , , 0, 1, 1, 0, 1], [T14, Ler livro relacionado ao tema que você quer aprender, , , 0, 0, 0, 0, 0], [T15, Escutar podcast ou TED talks relacionado ao tema que você quer aprender, , , 0, 1, 0, 0, 1], [T16, Colocar vídeos na sua lista do youtube relacionado ao tema que você quer aprender, , , 0, 1, 0, 0, 1], [T17, Dar manutenção na sua lista do youtube (adicionar e retirar vídeos) , , , 0, 1, 0, 0, 1], [T18, Rever sua estratégia , , , 0, 1, 0, 0, 1], [SF1, Beber água , , , 0, 0, 1, 0, 0], [SF2, Preparar o quarto, , , 0, 0, 2, 0, 1], [SF3, Fazer um ritual de relaxamento, , , 0, 0, 2, 0, 1], [SF4, Escrever diário do sono , , , 0, 0, 2, 0, 1], [SF5, Dormir de 7 a 9 horas , , , 0, 1, 5, 0, 3], [SF6, Evitar o consumo de cafeína após as 15:00, , , 0, 0, 3, 0, 2], [SF7, Fazer diário alimentar , , , 0, 0, 2, 0, 0], [SF8, Comer fruta , , , 0, 0, 3, 0, 1], [SF9, Comer fonte de carboidrato complexo , , , 0, 0, 3, 0, 1], [SF10, Comer proteína nas refeições (ingestão adequade de proteína) , , , 0, 0, 3, 0, 1], [SF11, Comer legumes e salada, , , 0, 0, 3, 0, 1], [SF12, Fazer exercício de força , Leve, Até 20 min, 0, 0, 1, 0, 1], [SF1212, Fazer exercício de força , Leve, De 21 a 40 min, 0, 1, 2, 0, 2], [SF1213, Fazer exercício de força , Leve, Mais de 40 min, 0, 2, 3, 0, 3], [SF1221, Fazer exercício de força , Moderada, Até 20 min, 0, 0, 2, 0, 2], [SF1222, Fazer exercício de força , Moderada, De 21 a 40 min, 0, 2, 3, 0, 3], [SF1223, Fazer exercício de força , Moderada, Mais de 40 min, 0, 3, 5, 0, 5], [SF1231, Fazer exercício de força , Intensa, Até 20 min, 0, 1, 3, 0, 3], [SF1232, Fazer exercício de força , Intensa, De 21 a 40 min, 0, 3, 4, 0, 4], [SF1233, Fazer exercício de força , Intensa, Mais de 40 min, 0, 5, 5, 0, 5], [SF13, Fazer exercício de cardio/aeróbico  , Leve, Até 20 min, 0, 0, 1, 0, 1], [SF1312, Fazer exercício de cardio/aeróbico  , Leve, De 21 a 40 min, 0, 1, 2, 0, 2], [SF1313, Fazer exercício de cardio/aeróbico  , Leve, Mais de 40 min, 0, 2, 3, 0, 3], [SF1321, Fazer exercício de cardio/aeróbico  , Moderada, Até 20 min, 0, 0, 2, 0, 2], [SF1322, Fazer exercício de cardio/aeróbico  , Moderada, De 21 a 40 min, 0, 2, 3, 0, 3], [SF1323, Fazer exercício de cardio/aeróbico  , Moderada, Mais de 40 min, 0, 3, 5, 0, 5], [SF1331, Fazer exercício de cardio/aeróbico  , Intensa, Até 20 min, 0, 1, 3, 0, 3], [SF1332, Fazer exercício de cardio/aeróbico  , Intensa, De 21 a 40 min, 0, 3, 4, 0, 4], [SF1333, Fazer exercício de cardio/aeróbico  , Intensa, Mais de 40 min, 0, 5, 5, 0, 5], [SF14, Correr, Leve, Até 20 min, 0, 0, 1, 0, 1], [SF1412, Correr, Leve, De 21 a 40 min, 0, 1, 2, 0, 2], [SF1413, Correr, Leve, Mais de 40 min, 0, 2, 3, 0, 3], [SF1421, Correr, Moderada, Até 20 min, 0, 0, 2, 0, 2], [SF1422, Correr, Moderada, De 21 a 40 min, 0, 2, 3, 0, 3], [SF1423, Correr, Moderada, Mais de 40 min, 0, 3, 5, 0, 5], [SF1431, Correr, Intensa, Até 20 min, 0, 1, 3, 0, 3], [SF1432, Correr, Intensa, De 21 a 40 min, 0, 3, 4, 0, 4], [SF1433, Correr, Intensa, Mais de 40 min, 0, 5, 5, 0, 5], [SF15, Alongar, , Mais de 40 min , 0, 0, 5, 0, 3], [SF16, Dormir sempre no mesmo horário (consistência no horário de dormir e acordar), , , 0, 1, 5, 0, 3], [SF17, Restringir comida industrializada/processada, , , 0, 0, 5, 0, 3], [SF18, Caminhar , Leve, Até 10 min , 0, 0, 1, 0, 1], [SF1812, Caminhar , Leve, De 11 a 20 min , 0, 1, 2, 1, 2], [SF1813, Caminhar , Leve, Mais de 20 min , 0, 2, 3, 1, 3], [SF1821, Caminhar , Moderado, Até 10 min , 0, 0, 2, 1, 2], [SF1822, Caminhar , Moderado, De 11 a 20 min , 0, 2, 3, 1, 3], [SF1822, Caminhar , Moderado, Mais de 20 min , 0, 3, 5, 1, 5], [SF19, Fazer refeições leves à noite, , , 0, 0, 2, 0, 1], [SM1, Me expor à luz natural , , Mais de 20 min , 0, 2, 4, 0, 5], [SM2, Diminuir exposição às telas durante a noite, , , 1, 1, 2, 0, 4], [SM3, Tomar banho gelado , , , 0, 2, 2, 0, 4], [SM4, Fazer afirmações positivas sobre meu dia , , , 1, 1, 0, 1, 3], [SM5, Desativar notificações e distrações, , , 2, 2, 1, 1, 5], [SM6, Limitar o tempo de uso de apps , , , 2, 2, 1, 1, 5], [SM7, Ficar sem celular no quarto e/ou banheiro, , , 2, 2, 1, 1, 5], [SM8, Caminhar ao ar livre, Leve, Até 10 min , 0, 0, 1, 0, 1], [SM812, Caminhar ao ar livre, Leve, De 11 a 20 min , 0, 1, 2, 1, 2], [SM813, Caminhar ao ar livre, Leve, Mais de 20 min , 0, 2, 3, 1, 3], [SM821, Caminhar ao ar livre, Moderado, Até 10 min , 0, 0, 2, 1, 2], [SM822, Caminhar ao ar livre, Moderado, De 11 a 20 min , 0, 2, 3, 1, 3], [SM823, Caminhar ao ar livre, Moderado, Mais de 20 min , 0, 3, 5, 1, 5], [SM9, Caminhar descalço na grama, , , 0, 0, 2, 1, 4], [SM10, Visualizar sobre como eu quero que seja meu dia, , , 1, 1, 0, 1, 3], [SM11, Anotar reflexões sobre os acontecimentos do dia , , , 1, 1, 0, 1, 3], [SM12, Fazer exercícios de respiração , , Até 10 min , 0, 0, 1, 0, 3], [SM13, Meditar , , Até 10 min, 1, 1, 2, 2, 4], [SM14, Ler meu livro físico ou digital , , Mais de 20 min , 0, 3, 0, 0, 5], [, , , , , , , , ], [, , , , , , , , ], [, , , , , , , , ], [, , , , , , , , ], [, , , , , , , , ], [, , , , , , , , ], [, , , Relacionamento, , , , , ], [, , , Trabalho, , , , , ], [, , , Saúde física, , , , , ], [, , , Espiritualidade, , , , , ], [, , , Saúde mental, , , , , ], [, , , , , , , , ], [, , , , , , , , ], [, , , , , , , , ], [, , , , , , , , ], [, , , , , , , , ], [, , , , , , , , ], [, , , , , , , , ], [, , , , , , , , ], [, , , , , , , , ], [, , , , , , , , ], [, , , , , , , , ], [, , , , , , , , ], [, , , , , , , , ], [, , , , , , , , ], [, , , , , , , , ], [, , , , , , , , ], [, , , , , , , , ], [, , , , , , , , ], [, , , , , , , , ], [, , , , , , , , ], [, , , , , , , , ], [, , , , , , , , ], [, , , , , , , , ], [, , , , , , , , ], [, , , , , , , , ], [, , , , , , , , ], [, , , , , , , , ], [, , , , , , , , ], [, , , , , , , , ], [, , , , , , , , ], [, , , , , , , , ], [, , , , , , , , ], [, , , , , , , , ], [, , , , , , , , ], [, , , , , , , , ], [, , , , , , , , ], [, , , , , , , , ], [, , , , , , , , ], [, , , , , , , , ], [, , , , , , , , ], [, , , , , , , , ], [, , , , , , , , ], [, , , , , , , , ], [, , , , , , , , ], [, , , , , , , , ], [, , , , , , , , ], [, , , , , , , , ], [, , , , , , , , ], [, , , , , , , , ], [, , , , , , , , ], [, , , , , , , , ], [, , , , , , , , ], [, , , , , , , , ], [, , , , , , , , ], [, , , , , , , , ], [, , , , , , , , ], [, , , , , , , , ], [, , , , , , , , ], [, , , , , , , , ], [, , , , , , , , ], [, , , , , , , , ], [, , , , , , , , ], [, , , , , , , , ], [, , , , , , , , ], [, , , , , , , , ], [, , , , , , , , ], [, , , , , , , , ], [, , , , , , , , ], [, , , , , , , , ], [, , , , , , , , ], [, , , , , , , , ], [, , , , , , , , ], [, , , , , , , , ], [, , , , , , , , ], [, , , , , , , , ], [, , , , , , , , ], [, , , , , , , , ], [, , , , , , , , ], [, , , , , , , , ], [, , , , , , , , ], [, , , , , , , , ], [, , , , , , , , ], [, , , , , , , , ], [, , , , , , , , ], [, , , , , , , , ], [, , , , , , , , ], [, , , , , , , , ], [, , , , , , , , ], [, , , , , , , , ], [, , , , , , , , ], [, , , , , , , , ], [, , , , , , , , ], [, , , , , , , , ], [, , , , , , , , ], [, , , , , , , , ], [, , , , , , , , ], [, , , , , , , , ], [, , , , , , , , ], [, , , , , , , , ], [, , , , , , , , ], [, , , , , , , , ], [, , , , , , , , ], [, , , , , , , , ], [, , , , , , , , ], [, , , , , , , , ], [, , , , , , , , ], [, , , , , , , , ], [, , , , , , , , ], [, , , , , , , , ], [, , , , , , , , ], [, , , , , , , , ], [, , , , , , , , ], [, , , , , , , , ], [, , , , , , , , ], [, , , , , , , , ], [, , , , , , , , ], [, , , , , , , , ], [, , , , , , , , ], [, , , , , , , , ], [, , , , , , , , ], [, , , , , , , , ], [, , , , , , , , ], [, , , , , , , , ], [, , , , , , , , ], [, , , , , , , , ], [, , , , , , , , ], [, , , , , , , , ], [, , , , , , , , ], [, , , , , , , , ], [, , , , , , , , ], [, , , , , , , , ], [, , , , , , , , ], [, , , , , , , , ], [, , , , , , , , ], [, , , , , , , , ], [, , , , , , , , ], [, , , , , , , , ], [, , , , , , , , ], [, , , , , , , , ], [, , , , , , , , ], [, , , , , , , , ], [, , , , , , , , ], [, , , , , , , , ], [, , , , , , , , ], [, , , , , , , , ], [, , , , , , , , ], [, , , , , , , , ], [, , , , , , , , ], [, , , , , , , , ], [, , , , , , , , ], [, , , , , , , , ], [, , , , , , , , ], [, , , , , , , , ], [, , , , , , , , ], [, , , , , , , , ], [, , , , , , , , ], [, , , , , , , , ], [, , , , , , , , ], [, , , , , , , , ], [, , , , , , , , ], [, , , , , , , , ], [, , , , , , , , ], [, , , , , , , , ], [, , , , , , , , ], [, , , , , , , , ], [, , , , , , , , ], [, , , , , , , , ], [, , , , , , , , ], [, , , , , , , , ], [, , , , , , , , ], [, , , , , , , , ], [, , , , , , , , ], [, , , , , , , , ], [, , , , , , , , ], [, , , , , , , , ], [, , , , , , , , ], [, , , , , , , , ], [, , , , , , , , ], [, , , , , , , , ], [, , , , , , , , ], [, , , , , , , , ], [, , , , , , , , ], [, , , , , , , , ], [, , , , , , , , ], [, , , , , , , , ], [, , , , , , , , ], [, , , , , , , , ], [, , , , , , , , ], [, , , , , , , , ], [, , , , , , , , ], [, , , , , , , , ], [, , , , , , , , ], [, , , , , , , , ], [, , , , , , , , ], [, , , , , , , , ], [, , , , , , , , ], [, , , , , , , , ], [, , , , , , , , ], [, , , , , , , , ], [, , , , , , , , ], [, , , , , , , , ], [, , , , , , , , ], [, , , , , , , , ], [, , , , , , , , ], [, , , , , , , , ], [, , , , , , , , ], [, , , , , , , , ], [, , , , , , , , ], [, , , , , , , , ], [, , , , , , , , ], [, , , , , , , , ], [, , , , , , , , ], [, , , , , , , , ], [, , , , , , , , ], [, , , , , , , , ], [, , , , , , , , ], [, , , , , , , , ], [, , , , , , , , ], [, , , , , , , , ], [, , , , , , , , ], [, , , , , , , , ], [, , , , , , , , ], [, , , , , , , , ], [, , , , , , , , ], [, , , , , , , , ], [, , , , , , , , ], [, , , , , , , , ], [, , , , , , , , ], [, , , , , , , , ], [, , , , , , , , ], [, , , , , , , , ], [, , , , , , , , ], [, , , , , , , , ], [, , , , , , , , ], [, , , , , , , , ], [, , , , , , , , ], [, , , , , , , , ], [, , , , , , , , ], [, , , , , , , , ], [, , , , , , , , ], [, , , , , , , , ], [, , , , , , , , ], [, , , , , , , , ], [, , , , , , , , ], [, , , , , , , , ], [, , , , , , , , ], [, , , , , , , , ], [, , , , , , , , ], [, , , , , , , , ], [, , , , , , , , ], [, , , , , , , , ], [, , , , , , , , ], [, , , , , , , , ], [, , , , , , , , ], [, , , , , , , , ], [, , , , , , , , ], [, , , , , , , , ], [, , , , , , , , ], [, , , , , , , , ], [, , , , , , , , ], [, , , , , , , , ], [, , , , , , , , ], [, , , , , , , , ], [, , , , , , , , ], [, , , , , , , , ], [, , , , , , , , ], [, , , , , , , , ], [, , , , , , , , ], [, , , , , , , , ], [, , , , , , , , ], [, , , , , , , , ], [, , , , , , , , ], [, , , , , , , , ], [, , , , , , , , ], [, , , , , , , , ], [, , , , , , , , ], [, , , , , , , , ], [, , , , , , , , ], [, , , , , , , , ], [, , , , , , , , ], [, , , , , , , , ], [, , , , , , , , ], [, , , , , , , , ], [, , , , , , , , ], [, , , , , , , , ], [, , , , , , , , ], [, , , , , , , , ], [, , , , , , , , ], [, , , , , , , , ], [, , , , , , , , ], [, , , , , , , , ], [, , , , , , , , ], [, , , , , , , , ], [, , , , , , , , ], [, , , , , , , , ], [, , , , , , , , ], [, , , , , , , , ], [, , , , , , , , ], [, , , , , , , , ], [, , , , , , , , ], [, , , , , , , , ], [, , , , , , , , ], [, , , , , , , , ], [, , , , , , , , ], [, , , , , , , , ], [, , , , , , , , ], [, , , , , , , , ], [, , , , , , , , ], [, , , , , , , , ], [, , , , , , , , ], [, , , , , , , , ], [, , , , , , , , ], [, , , , , , , , ], [, , , , , , , , ], [, , , , , , , , ], [, , , , , , , , ], [, , , , , , , , ], [, , , , , , , , ], [, , , , , , , , ], [, , , , , , , , ], [, , , , , , , , ], [, , , , , , , , ], [, , , , , , , , ], [, , , , , , , , ], [, , , , , , , , ], [, , , , , , , , ], [, , , , , , , , ], [, , , , , , , , ], [, , , , , , , , ], [, , , , , , , , ], [, , , , , , , , ], [, , , , , , , , ], [, , , , , , , , ], [, , , , , , , , ], [, , , , , , , , ], [, , , , , , , , ], [, , , , , , , , ], [, , , , , , , , ], [, , , , , , , , ], [, , , , , , , , ], [, , , , , , , , ], [, , , , , , , , ], [, , , , , , , , ], [, , , , , , , , ], [, , , , , , , , ], [, , , , , , , , ], [, , , , , , , , ], [, , , , , , , , ], [, , , , , , , , ], [, , , , , , , , ], [, , , , , , , , ], [, , , , , , , , ], [, , , , , , , , ], [, , , , , , , , ], [, , , , , , , , ], [, , , , , , , , ], [, , , , , , , , ], [, , , , , , , , ], [, , , , , , , , ], [, , , , , , , , ], [, , , , , , , , ], [, , , , , , , , ], [, , , , , , , , ], [, , , , , , , , ], [, , , , , , , , ], [, , , , , , , , ], [, , , , , , , , ], [, , , , , , , , ], [, , , , , , , , ], [, , , , , , , , ], [, , , , , , , , ], [, , , , , , , , ], [, , , , , , , , ], [, , , , , , , , ], [, , , , , , , , ], [, , , , , , , , ], [, , , , , , , , ], [, , , , , , , , ], [, , , , , , , , ], [, , , , , , , , ], [, , , , , , , , ], [, , , , , , , , ], [, , , , , , , , ], [, , , , , , , , ], [, , , , , , , , ], [, , , , , , , , ], [, , , , , , , , ], [, , , , , , , , ], [, , , , , , , , ], [, , , , , , , , ], [, , , , , , , , ], [, , , , , , , , ], [, , , , , , , , ], [, , , , , , , , ], [, , , , , , , , ], [, , , , , , , , ], [, , , , , , , , ], [, , , , , , , , ], [, , , , , , , , ], [, , , , , , , , ], [, , , , , , , , ], [, , , , , , , , ], [, , , , , , , , ], [, , , , , , , , ], [, , , , , , , , ], [, , , , , , , , ], [, , , , , , , , ], [, , , , , , , , ], [, , , , , , , , ], [, , , , , , , , ], [, , , , , , , , ], [, , , , , , , , ], [, , , , , , , , ], [, , , , , , , , ], [, , , , , , , , ], [, , , , , , , , ], [, , , , , , , , ], [, , , , , , , , ], [, , , , , , , , ], [, , , , , , , , ], [, , , , , , , , ], [, , , , , , , , ], [, , , , , , , , ], [, , , , , , , , ], [, , , , , , , , ], [, , , , , , , , ], [, , , , , , , , ], [, , , , , , , , ], [, , , , , , , , ], [, , , , , , , , ], [, , , , , , , , ], [, , , , , , , , ], [, , , , , , , , ], [, , , , , , , , ], [, , , , , , , , ], [, , , , , , , , ], [, , , , , , , , ], [, , , , , , , , ], [, , , , , , , , ], [, , , , , , , , ], [, , , , , , , , ], [, , , , , , , , ], [, , , , , , , , ], [, , , , , , , , ], [, , , , , , , , ], [, , , , , , , , ], [, , , , , , , , ], [, , , , , , , , ], [, , , , , , , , ], [, , , , , , , , ], [, , , , , , , , ], [, , , , , , , , ], [, , , , , , , , ], [, , , , , , , , ], [, , , , , , , , ], [, , , , , , , , ], [, , , , , , , , ], [, , , , , , , , ], [, , , , , , , , ], [, , , , , , , , ], [, , , , , , , , ], [, , , , , , , , ], [, , , , , , , , ], [, , , , , , , , ], [, , , , , , , , ], [, , , , , , , , ], [, , , , , , , , ], [, , , , , , , , ], [, , , , , , , , ], [, , , , , , , , ], [, , , , , , , , ], [, , , , , , , , ], [, , , , , , , , ], [, , , , , , , , ], [, , , , , , , , ], [, , , , , , , , ], [, , , , , , , , ], [, , , , , , , , ], [, , , , , , , , ], [, , , , , , , , ], [, , , , , , , , ], [, , , , , , , , ], [, , , , , , , , ], [, , , , , , , , ], [, , , , , , , , ], [, , , , , , , , ], [, , , , , , , , ], [, , , , , , , , ], [, , , , , , , , ], [, , , , , , , , ], [, , , , , , , , ], [, , , , , , , , ], [, , , , , , , , ], [, , , , , , , , ], [, , , , , , , , ], [, , , , , , , , ], [, , , , , , , , ], [, , , , , , , , ], [, , , , , , , , ], [, , , , , , , , ], [, , , , , , , , ], [, , , , , , , , ], [, , , , , , , , ], [, , , , , , , , ], [, , , , , , , , ], [, , , , , , , , ], [, , , , , , , , ], [, , , , , , , , ], [, , , , , , , , ], [, , , , , , , , ], [, , , , , , , , ], [, , , , , , , , ], [, , , , , , , , ], [, , , , , , , , ], [, , , , , , , , ], [, , , , , , , , ], [, , , , , , , , ], [, , , , , , , , ], [, , , , , , , , ], [, , , , , , , , ], [, , , , , , , , ], [, , , , , , , , ], [, , , , , , , , ], [, , , , , , , , ], [, , , , , , , , ], [, , , , , , , , ], [, , , , , , , , ], [, , , , , , , , ], [, , , , , , , , ], [, , , , , , , , ], [, , , , , , , , ], [, , , , , , , , ], [, , , , , , , , ], [, , , , , , , , ], [, , , , , , , , ], [, , , , , , , , ], [, , , , , , , , ], [, , , , , , , , ], [, , , , , , , , ], [, , , , , , , , ], [, , , , , , , , ], [, , , , , , , , ], [, , , , , , , , ], [, , , , , , , , ], [, , , , , , , , ], [, , , , , , , , ], [, , , , , , , , ], [, , , , , , , , ], [, , , , , , , , ], [, , , , , , , , ], [, , , , , , , , ], [, , , , , , , , ], [, , , , , , , , ], [, , , , , , , , ], [, , , , , , , , ], [, , , , , , , , ], [, , , , , , , , ], [, , , , , , , , ], [, , , , , , , , ], [, , , , , , , , ], [, , , , , , , , ], [, , , , , , , , ], [, , , , , , , , ], [, , , , , , , , ], [, , , , , , , , ], [, , , , , , , , ], [, , , , , , , , ], [, , , , , , , , ], [, , , , , , , , ], [, , , , , , , , ], [, , , , , , , , ], [, , , , , , , , ], [, , , , , , , , ], [, , , , , , , , ], [, , , , , , , , ], [, , , , , , , , ], [, , , , , , , , ], [, , , , , , , , ], [, , , , , , , , ], [, , , , , , , , ], [, , , , , , , , ], [, , , , , , , , ], [, , , , , , , , ], [, , , , , , , , ], [, , , , , , , , ], [, , , , , , , , ], [, , , , , , , , ], [, , , , , , , , ], [, , , , , , , , ], [, , , , , , , , ], [, , , , , , , , ], [, , , , , , , , ], [, , , , , , , , ], [, , , , , , , , ], [, , , , , , , , ], [, , , , , , , , ], [, , , , , , , , ], [, , , , , , , , ], [, , , , , , , , ], [, , , , , , , , ], [, , , , , , , , ], [, , , , , , , , ], [, , , , , , , , ], [, , , , , , , , ], [, , , , , , , , ], [, , , , , , , , ], [, , , , , , , , ], [, , , , , , , , ], [, , , , , , , , ], [, , , , , , , , ], [, , , , , , , , ], [, , , , , , , , ], [, , , , , , , , ], [, , , , , , , , ], [, , , , , , , , ], [, , , , , , , , ], [, , , , , , , , ], [, , , , , , , , ], [, , , , , , , , ], [, , , , , , , , ], [, , , , , , , , ], [, , , , , , , , ], [, , , , , , , , ], [, , , , , , , , ], [, , , , , , , , ], [, , , , , , , , ], [, , , , , , , , ], [, , , , , , , , ], [, , , , , , , , ], [, , , , , , , , ], [, , , , , , , , ], [, , , , , , , , ], [, , , , , , , , ], [, , , , , , , , ], [, , , , , , , , ], [, , , , , , , , ], [, , , , , , , , ], [, , , , , , , , ], [, , , , , , , , ], [, , , , , , , , ], [, , , , , , , , ], [, , , , , , , , ], [, , , , , , , , ], [, , , , , , , , ], [, , , , , , , , ], [, , , , , , , , ], [, , , , , , , , ], [, , , , , , , , ], [, , , , , , , , ], [, , , , , , , , ], [, , , , , , , , ], [, , , , , , , , ], [, , , , , , , , ], [, , , , , , , , ], [, , , , , , , , ], [, , , , , , , , ], [, , , , , , , , ], [, , , , , , , , ], [, , , , , , , , ], [, , , , , , , , ], [, , , , , , , , ], [, , , , , , , , ], [, , , , , , , , ], [, , , , , , , , ], [, , , , , , , , ], [, , , , , , , , ], [, , , , , , , , ], [, , , , , , , , ], [, , , , , , , , ], [, , , , , , , , ], [, , , , , , , , ], [, , , , , , , , ], [, , , , , , , , ], [, , , , , , , , ], [, , , , , , , , ], [, , , , , , , , ], [, , , , , , , , ], [, , , , , , , , ], [, , , , , , , , ], [, , , , , , , , ], [, , , , , , , , ], [, , , , , , , , ], [, , , , , , , , ], [, , , , , , , , ], [, , , , , , , , ], [, , , , , , , , ], [, , , , , , , , ], [, , , , , , , , ], [, , , , , , , , ], [, , , , , , , , ], [, , , , , , , , ], [, , , , , , , , ], [, , , , , , , , ], [, , , , , , , , ], [, , , , , , , , ], [, , , , , , , , ], [, , , , , , , , ], [, , , , , , , , ], [, , , , , , , , ], [, , , , , , , , ], [, , , , , , , , ], [, , , , , , , , ], [, , , , , , , , ], [, , , , , , , , ], [, , , , , , , , ], [, , , , , , , , ], [, , , , , , , , ], [, , , , , , , , ], [, , , , , , , , ], [, , , , , , , , ], [, , , , , , , , ], [, , , , , , , , ], [, , , , , , , , ], [, , , , , , , , ], [, , , , , , , , ], [, , , , , , , , ], [, , , , , , , , ], [, , , , , , , , ], [, , , , , , , , ], [, , , , , , , , ], [, , , , , , , , ], [, , , , , , , , ], [, , , , , , , , ], [, , , , , , , , ], [, , , , , , , , ], [, , , , , , , , ], [, , , , , , , , ], [, , , , , , , , ], [, , , , , , , , ], [, , , , , , , , ], [, , , , , , , , ], [, , , , , , , , ], [, , , , , , , , ], [, , , , , , , , ], [, , , , , , , , ], [, , , , , , , , ], [, , , , , , , , ], [, , , , , , , , ], [, , , , , , , , ], [, , , , , , , , ], [, , , , , , , , ], [, , , , , , , , ], [, , , , , , , , ], [, , , , , , , , ], [, , , , , , , , ], [, , , , , , , , ], [, , , , , , , , ], [, , , , , , , , ], [, , , , , , , , ], [, , , , , , , , ], [, , , , , , , , ], [, , , , , , , , ], [, , , , , , , , ], [, , , , , , , , ], [, , , , , , , , ], [, , , , , , , , ], [, , , , , , , , ], [, , , , , , , , ], [, , , , , , , , ], [, , , , , , , , ], [, , , , , , , , ], [, , , , , , , , ], [, , , , , , , , ], [, , , , , , , , ], [, , , , , , , , ], [, , , , , , , , ], [, , , , , , , , ], [, , , , , , , , ], [, , , , , , , , ], [, , , , , , , , ], [, , , , , , , , ], [, , , , , , , , ], [, , , , , , , , ], [, , , , , , , , ], [, , , , , , , , ], [, , , , , , , , ], [, , , , , , , , ], [, , , , , , , , ], [, , , , , , , , ], [, , , , , , , , ], [, , , , , , , , ], [, , , , , , , , ], [, , , , , , , , ], [, , , , , , , , ], [, , , , , , , , ], [, , , , , , , , ], [, , , , , , , , ], [, , , , , , , , ], [, , , , , , , , ], [, , , , , , , , ], [, , , , , , , , ], [, , , , , , , , ], [, , , , , , , , ], [, , , , , , , , ], [, , , , , , , , ], [, , , , , , , , ], [, , , , , , , , ], [, , , , , , , , ], [, , , , , , , , ], [, , , , , , , , ], [, , , , , , , , ], [, , , , , , , , ], [, , , , , , , , ], [, , , , , , , , ], [, , , , , , , , ], [, , , , , , , , ], [, , , , , , , , ], [, , , , , , , , ], [, , , , , , , , ], [, , , , , , , , ], [, , , , , , , , ], [, , , , , , , , ], [, , , , , , , , ], [, , , , , , , , ], [, , , , , , , , ], [, , , , , , , , ], [, , , , , , , , ], [, , , , , , , , ], [, , , , , , , , ], [, , , , , , , , ], [, , , , , , , , ], [, , , , , , , , ], [, , , , , , , , ], [, , , , , , , , ], [, , , , , , , , ], [, , , , , , , , ], [, , , , , , , , ], [, , , , , , , , ], [, , , , , , , , ], [, , , , , , , , ], [, , , , , , , , ], [, , , , , , , , ], [, , , , , , , , ], [, , , , , , , , ], [, , , , , , , , ], [, , , , , , , , ], [, , , , , , , , ], [, , , , , , , , ], [, , , , , , , , ], [, , , , , , , , ], [, , , , , , , , ], [, , , , , , , , ], [, , , , , , , , ], [, , , , , , , , ], [, , , , , , , , ], [, , , , , , , , ], [, , , , , , , , ], [, , , , , , , , ], [, , , , , , , , ], [, , , , , , , , ], [, , , , , , , , ], [, , , , , , , , ], [, , , , , , , , ], [, , , , , , , , ], [, , , , , , , , ], [, , , , , , , , ], [, , , , , , , , ], [, , , , , , , , ], [, , , , , , , , ], [, , , , , , , , ], [, , , , , , , , ], [, , , , , , , , ], [, , , , , , , , ], [, , , , , , , , ], [, , , , , , , , ], [, , , , , , , , ], [, , , , , , , , ], [, , , , , , , , ], [, , , , , , , , ], [, , , , , , , , ], [, , , , , , , , ], [, , , , , , , , ], [, , , , , , , , ], [, , , , , , , , ], [, , , , , , , , ], [, , , , , , , , ], [, , , , , , , , ], [, , , , , , , , ], [, , , , , , , , ], [, , , , , , , , ], [, , , , , , , , ], [, , , , , , , , ], [, , , , , , , , ], [, , , , , , , , ], [, , , , , , , , ], [, , , , , , , , ], [, , , , , , , , ], [, , , , , , , , ], [, , , , , , , , ], [, , , , , , , , ], [, , , , , , , , ], [, , , , , , , , ]]
Habits created: 1000
Tracks data loaded: Dimensão;Código Trilha;Nome Trilha;Código Desafio;Nome Desafio;Nível;Hábitos;Frequencia;;;;;;
SF;ER1;Energia recarregada;ER1PC;Primeiro contato;1;SF1;7;;;;;;
SF;ER1;Energia recarregada;ER1PC;Primeiro contato;1;SF18;3;;;;;;
SF;ER1;Energia recarregada;ER1PC;Primeiro contato;1;SM1;7;;;;;;
SF;CM1;Construção muscular;CM1BF;Base de força;1;SF10;7;;;;;;
SF;CM1;Construção muscular;CM1BF;Base de força;1;SF13;2;;;;;;
SF;CM1;Construção muscular;CM1BF;Base de força;1;SF12;3;;;;;;
SF;CM1;Construção muscular;CM1BF;Base de força;1;SF17;5;;;;;;
SF;DM1;Durma melhor;DM1PP;Primeiros Passos;1;SM1;5;;;;;;
SF;DM1;Durma melhor;DM1PP;Primeiros Passos;1;SM2;5;;;;;;
SF;DM1;Durma melhor;DM1PP;Primeiros Passos;1;SF16;5;;;;;;
SF;ES1;Emagreça com saúde;ES1IS;Início Saudável;1;SF1;5;;;;;;
SF;ES1;Emagreça com saúde;ES1IS;Início Saudável;1;SF8;5;;;;;;
SF;ES1;Emagreça com saúde;ES1IS;Início Saudável;1;SF9;5;;;;;;
TG;LS1;Líder de sucesso;LS1CL;Caminho do líder;1;SM14;7;;;;;;
TG;LS1;Líder de sucesso;LS1CL;Caminho do líder;1;T1;7;;;;;;
TG;LS1;Líder de sucesso;LS1CL;Caminho do líder;1;T8;5;;;;;;
TG;GV1;Gerencie sua vida;GV1PC;Primeiro contato;1;T8;3;;;;;;
TG;GV1;Gerencie sua vida;GV1PC;Primeiro contato;1;T1;7;;;;;;
TG;GV1;Gerencie sua vida;GV1PC;Primeiro contato;1;T4;2;;;;;;
TG;AE1;Aprendizado eficiente;AE1AL;Aprenda com a Lyfe;1;T15;2;;;;;;
TG;AE1;Aprendizado eficiente;AE1AL;Aprenda com a Lyfe;1;T17;1;;;;;;
TG;AE1;Aprendizado eficiente;AE1AL;Aprenda com a Lyfe;1;T13;3;;;;;;
TG;AE1;Aprendizado eficiente;AE1AL;Aprenda com a Lyfe;1;T9;7;;;;;;
SF;ME1;Mapa do emagrescimento;ME1BE;Base do Emagrecimento;1;SF7;7;;;;;;
SF;ME1;Mapa do emagrescimento;ME1BE;Base do Emagrecimento;1;SF1;7;;;;;;
SM;LC1;Leitura consistente;LC1CL;Comece a ler;1;SM13;5;;;;;;
SM;LC1;Leitura consistente;LC1CL;Comece a ler;1;SM14;7;;;;;;
SM;LC1;Leitura consistente;LC1CL;Comece a ler;1;T11;5;;;;;;
SF;DM2;Durma melhor avançado;DM2SR;Sono Restaurador;1;SF4;7;;;;;;
SF;DM2;Durma melhor avançado;DM2SR;Sono Restaurador;1;SF3;7;;;;;;
SF;DM2;Durma melhor avançado;DM2SR;Sono Restaurador;1;SF6;5;;;;;;
SF;DM2;Durma melhor avançado;DM2SR;Sono Restaurador;1;SF16;7;;;;;;
SF;DM2;Durma melhor avançado;DM2SR;Sono Restaurador;1;SF2;7;;;;;;
SF;DM2;Durma melhor avançado;DM2SR;Sono Restaurador;1;SM1;7;;;;;;
SF;ES2;Emagreça com saúde avançado;ES2EC;Escolha consciente;1;SF8;5;;;;;;
SF;ES2;Emagreça com saúde avançado;ES2EC;Escolha consciente;1;SF9;5;;;;;;
SF;ES2;Emagreça com saúde avançado;ES2EC;Escolha consciente;1;SF11;5;;;;;;
SF;ES2;Emagreça com saúde avançado;ES2EC;Escolha consciente;1;SF1;5;;;;;;
SF;ES2;Emagreça com saúde avançado;ES2EC;Escolha consciente;1;SF10;5;;;;;;
SF;CM2;Construção muscular avançado;CM2EM;Evolução muscular;1;SF17;5;;;;;;
SF;CM2;Construção muscular avançado;CM2EM;Evolução muscular;1;SF10;7;;;;;;
SF;CM2;Construção muscular avançado;CM2EM;Evolução muscular;1;SF5;5;;;;;;
SF;CM2;Construção muscular avançado;CM2EM;Evolução muscular;1;SF1333;2;;;;;;
SF;CM2;Construção muscular avançado;CM2EM;Evolução muscular;1;SF1;7;;;;;;
SF;CM2;Construção muscular avançado;CM2EM;Evolução muscular;1;SF1233;5;;;;;;
SF;ME2;Mapa do emagrescimento avançado;ME2EE;Emagrescimento eficiente;1;SF16;5;;;;;;
SF;ME2;Mapa do emagrescimento avançado;ME2EE;Emagrescimento eficiente;1;SF17;5;;;;;;
SF;ME2;Mapa do emagrescimento avançado;ME2EE;Emagrescimento eficiente;1;SF1;5;;;;;;
SF;ME2;Mapa do emagrescimento avançado;ME2EE;Emagrescimento eficiente;1;SF1822;5;;;;;;
SF;ER3;Energia recarregada avançado;ER3EP;Evolução pessoal;1;SF16;7;;;;;;
SF;ER3;Energia recarregada avançado;ER3EP;Evolução pessoal;1;SM1;7;;;;;;
SF;ER3;Energia recarregada avançado;ER3EP;Evolução pessoal;1;SM13;3;;;;;;
SF;ER3;Energia recarregada avançado;ER3EP;Evolução pessoal;1;SF8;5;;;;;;
SF;ER3;Energia recarregada avançado;ER3EP;Evolução pessoal;1;SF1233;5;;;;;;
SF;ER3;Energia recarregada avançado;ER3EP;Evolução pessoal;1;SF1;7;;;;;;
SF;ER3;Energia recarregada avançado;ER3EP;Evolução pessoal;1;SM7;7;;;;;;
SF;ER3;Energia recarregada avançado;ER3EP;Evolução pessoal;1;E4;7;;;;;;
SF;ER3;Energia recarregada avançado;ER3EP;Evolução pessoal;1;SF1422;3;;;;;;
SM;DD1;Domine sua dopamina;DD1MPH;Meus primeiros hábitos;1;SF1;7;;;;;;
SM;DD1;Domine sua dopamina;DD1MPH;Meus primeiros hábitos;1;E6;7;;;;;;
SM;DD1;Domine sua dopamina;DD1MPH;Meus primeiros hábitos;1;SM1;7;;;;;;
SM;DTD1;Detox de dopamina;DTD1TO;Tempo offline;1;SM7;7;;;;;;
SM;DTD1;Detox de dopamina;DTD1TO;Tempo offline;1;SM13;3;;;;;;
SM;DTD1;Detox de dopamina;DTD1TO;Tempo offline;1;SM6;3;;;;;;
SM;DTD2;Detox de dopamina avançado;DTD2ED;Equilibrio Digital;1;T7;5;;;;;;
SM;DTD2;Detox de dopamina avançado;DTD2ED;Equilibrio Digital;1;SM7;5;;;;;;
SM;DTD2;Detox de dopamina avançado;DTD2ED;Equilibrio Digital;1;SM13;3;;;;;;
SM;DTD2;Detox de dopamina avançado;DTD2ED;Equilibrio Digital;1;SM6;6;;;;;;
SF;ED1;Eleve sua dopamina;ED1MPH;Meus primeiros hábitos;1;SM1;7;;;;;;
SF;ED1;Eleve sua dopamina;ED1MPH;Meus primeiros hábitos;1;SF1;7;;;;;;
SF;ED1;Eleve sua dopamina;ED1MPH;Meus primeiros hábitos;1;E6;7;;;;;;
E;EE1;Evolução espiritual;EE1DE;Despertar espiritual;1;E7;7;;;;;;
E;EE1;Evolução espiritual;EE1DE;Despertar espiritual;1;E2;7;;;;;;
E;EE1;Evolução espiritual;EE1DE;Despertar espiritual;1;E5;7;;;;;;
R;MMV1;Minha melhor versão;MMV1MI;Melhoria inicial;1;R4;2;;;;;;
R;MMV1;Minha melhor versão;MMV1MI;Melhoria inicial;1;E4;7;;;;;;
R;MMV1;Minha melhor versão;MMV1MI;Melhoria inicial;1;R1;3;;;;;;
E;EE2;Evolução espiritual avançado;EE2BA;Boa ação;1;E3;1;;;;;;
E;EE2;Evolução espiritual avançado;EE2BA;Boa ação;1;E1;1;;;;;;
E;EE2;Evolução espiritual avançado;EE2BA;Boa ação;1;E2;7;;;;;;
E;EE2;Evolução espiritual avançado;EE2BA;Boa ação;1;E7;5;;;;;;
E;EE2;Evolução espiritual avançado;EE2BA;Boa ação;1;E6;7;;;;;;
R;MMV2;Minha melhor versão avançado;MMV2PI;Presença Ilustre;1;R5;1;;;;;;
R;MMV2;Minha melhor versão avançado;MMV2PI;Presença Ilustre;1;E3;1;;;;;;
R;MMV2;Minha melhor versão avançado;MMV2PI;Presença Ilustre;1;E4;5;;;;;;
R;MMV2;Minha melhor versão avançado;MMV2PI;Presença Ilustre;1;R1;5;;;;;;
R;MMV2;Minha melhor versão avançado;MMV2PI;Presença Ilustre;1;R4;3;;;;;;
SM;AA1;Anti ansiedade;AA1PC;Primeiro contato;1;E5;7;;;;;;
SM;AA1;Anti ansiedade;AA1PC;Primeiro contato;1;SM14;5;;;;;;
SM;AA1;Anti ansiedade;AA1PC;Primeiro contato;1;SM8;3;;;;;;
SM;PI1;Paz interior;PI1PC;Primeiro contato;1;E4;7;;;;;;
SM;PI1;Paz interior;PI1PC;Primeiro contato;1;SF15;7;;;;;;
SM;PI1;Paz interior;PI1PC;Primeiro contato;1;SM12;7;;;;;;
SM;AA2;Anti ansiedade avançado;AA2EM;Equilibrio mental;1;SM11;4;;;;;;
SM;AA2;Anti ansiedade avançado;AA2EM;Equilibrio mental;1;SM823;5;;;;;;
SM;AA2;Anti ansiedade avançado;AA2EM;Equilibrio mental;1;E6;5;;;;;;
SM;AA2;Anti ansiedade avançado;AA2EM;Equilibrio mental;1;SM10;3;;;;;;
SM;AA2;Anti ansiedade avançado;AA2EM;Equilibrio mental;1;SM14;5;;;;;;
TG;GV2;Gerencie sua vida avançado;GV2PE;Performance eficiente;1;T7;3;;;;;;
TG;GV2;Gerencie sua vida avançado;GV2PE;Performance eficiente;1;T2;1;;;;;;
TG;GV2;Gerencie sua vida avançado;GV2PE;Performance eficiente;1;T1;5;;;;;;
TG;GV2;Gerencie sua vida avançado;GV2PE;Performance eficiente;1;T4;2;;;;;;
TG;GV2;Gerencie sua vida avançado;GV2PE;Performance eficiente;1;T8;5;;;;;;
SM;PI2;Paz interior avançado;PI2CT;Conexão total;1;SM9;3;;;;;;
SM;PI2;Paz interior avançado;PI2CT;Conexão total;1;SM12;5;;;;;;
SM;PI2;Paz interior avançado;PI2CT;Conexão total;1;SM13;3;;;;;;
SM;PI2;Paz interior avançado;PI2CT;Conexão total;1;E4;5;;;;;;
SF;ER2;Energia recarregada intermediário;ER2CT;Consistência total;1;SM16;3;;;;;;
SF;ER2;Energia recarregada intermediário;ER2CT;Consistência total;1;SM1;7;;;;;;
SF;ER2;Energia recarregada intermediário;ER2CT;Consistência total;1;SF1;7;;;;;;
SF;ER2;Energia recarregada intermediário;ER2CT;Consistência total;1;SF1422;3;;;;;;
SF;ER2;Energia recarregada intermediário;ER2CT;Consistência total;1;SF1222;2;;;;;;
SF;ER2;Energia recarregada intermediário;ER2CT;Consistência total;1;SM13;7;;;;;;
SF;ER1;Energia recarregada;ER1EM;Em movimento;1;SF1;3;;;;;;
SF;ER1;Energia recarregada;ER1EM;Em movimento;1;SF1812;3;;;;;;
SF;ER1;Energia recarregada;ER1EM;Em movimento;1;SM1;3;;;;;;
SF;ER1;Energia recarregada;ER1MT;Mente tranquila;2;SF1;4;;;;;;
SF;ER1;Energia recarregada;ER1MT;Mente tranquila;2;SF1422;3;;;;;;
SF;ER1;Energia recarregada;ER1MT;Mente tranquila;2;SM1;5;;;;;;
SF;ER1;Energia recarregada;ER1MT;Mente tranquila;2;SM13;2;;;;;;
SF;ER1;Energia recarregada;ER1PM;Poder muscular ;2;SF1;5;;;;;;
SF;ER1;Energia recarregada;ER1PM;Poder muscular ;2;SF1431;3;;;;;;
SF;ER1;Energia recarregada;ER1PM;Poder muscular ;2;SM1;7;;;;;;
SF;ER1;Energia recarregada;ER1PM;Poder muscular ;2;SM13;2;;;;;;
SF;ER1;Energia recarregada;ER1PM;Poder muscular ;2;SF12;1;;;;;;
SF;ER2;Energia recarregada intermediário;ER2EC;Equilíbrio constante;2;SF1;7;;;;;;
SF;ER2;Energia recarregada intermediário;ER2EC;Equilíbrio constante;2;SF1432;3;;;;;;
SF;ER2;Energia recarregada intermediário;ER2EC;Equilíbrio constante;2;SM1;7;;;;;;
SF;ER2;Energia recarregada intermediário;ER2EC;Equilíbrio constante;2;SM13;3;;;;;;
SF;ER2;Energia recarregada intermediário;ER2EC;Equilíbrio constante;2;SF1232;3;;;;;;
SF;ER2;Energia recarregada intermediário;ER2EC;Equilíbrio constante;2;SF16;5;;;;;;
SF;ER2;Energia recarregada intermediário;ER2EC;Equilíbrio constante;2;SF8;3;;;;;;
SF;ER2;Energia recarregada intermediário;ER2DD;Desconexão diária;3;SF1;7;;;;;;
SF;ER2;Energia recarregada intermediário;ER2DD;Desconexão diária;3;SF1432;3;;;;;;
SF;ER2;Energia recarregada intermediário;ER2DD;Desconexão diária;3;SM1;7;;;;;;
SF;ER2;Energia recarregada intermediário;ER2DD;Desconexão diária;3;SM13;5;;;;;;
SF;ER2;Energia recarregada intermediário;ER2DD;Desconexão diária;3;SF1233;5;;;;;;
SF;ER2;Energia recarregada intermediário;ER2DD;Desconexão diária;3;SF16;5;;;;;;
SF;ER2;Energia recarregada intermediário;ER2DD;Desconexão diária;3;SF8;5;;;;;;
SF;ER2;Energia recarregada intermediário;ER2DD;Desconexão diária;3;SM7;5;;;;;;
SF;ER3;Energia recarregada avançado;ER3CT;Consciência total;2;SF1;7;;;;;;
SF;ER3;Energia recarregada avançado;ER3CT;Consciência total;2;SF1432;3;;;;;;
SF;ER3;Energia recarregada avançado;ER3CT;Consciência total;2;SM1;7;;;;;;
SF;ER3;Energia recarregada avançado;ER3CT;Consciência total;2;SM13;5;;;;;;
SF;ER3;Energia recarregada avançado;ER3CT;Consciência total;2;SF1233;5;;;;;;
SF;ER3;Energia recarregada avançado;ER3CT;Consciência total;2;SF16;7;;;;;;
SF;ER3;Energia recarregada avançado;ER3CT;Consciência total;2;SF8;7;;;;;;
SF;ER3;Energia recarregada avançado;ER3CT;Consciência total;2;SM7;5;;;;;;
SF;ER3;Energia recarregada avançado;ER3CT;Consciência total;2;E4;4;;;;;;
SF;ER3;Energia recarregada avançado;ER3CT;Consciência total;2;SM6;5;;;;;;
SF;ER3;Energia recarregada avançado;ER3FI;Foco intensivo ;3;SF1;7;;;;;;
SF;ER3;Energia recarregada avançado;ER3FI;Foco intensivo ;3;SF1432;3;;;;;;
SF;ER3;Energia recarregada avançado;ER3FI;Foco intensivo ;3;SM1;7;;;;;;
SF;ER3;Energia recarregada avançado;ER3FI;Foco intensivo ;3;SM13;5;;;;;;
SF;ER3;Energia recarregada avançado;ER3FI;Foco intensivo ;3;SF1233;5;;;;;;
SF;ER3;Energia recarregada avançado;ER3FI;Foco intensivo ;3;SF16;7;;;;;;
SF;ER3;Energia recarregada avançado;ER3FI;Foco intensivo ;3;SF8;7;;;;;;
SF;ER3;Energia recarregada avançado;ER3FI;Foco intensivo ;3;SM7;6;;;;;;
SF;ER3;Energia recarregada avançado;ER3FI;Foco intensivo ;3;E4;5;;;;;;
SF;ER3;Energia recarregada avançado;ER3FI;Foco intensivo ;3;SM6;6;;;;;;
SF;CM1;Construção muscular;CM1FT;Força total ;2;SF12;3;;;;;;
SF;CM1;Construção muscular;CM1FT;Força total ;2;SF13;2;;;;;;
SF;CM1;Construção muscular;CM1FT;Força total ;2;SF17;5;;;;;;
SF;CM1;Construção muscular;CM1FT;Força total ;2;SF1;7;;;;;;
SF;CM1;Construção muscular;CM1FT;Força total ;2;SF5;5;;;;;;
SF;ME1;Mapa do emagrescimento;ME1EC;Emagrecimento consciente;2;SF16;5;;;;;;
SF;ME1;Mapa do emagrescimento;ME1EC;Emagrecimento consciente;2;SF1;7;;;;;;
SF;ME1;Mapa do emagrescimento;ME1EC;Emagrecimento consciente;2;SF1813;2;;;;;;
SM;DTD1;Detox de dopamina;DTD1D;Desconexão;1;SM13;3;;;;;;
SM;DTD1;Detox de dopamina;DTD1D;Desconexão;1;T7;3;;;;;;
SM;DTD1;Detox de dopamina;DTD1D;Desconexão;1;SM7;7;;;;;;
SM;DTD1;Detox de dopamina;DTD1UI;Uso inteligente;2;SM13;3;;;;;;
SM;DTD1;Detox de dopamina;DTD1UI;Uso inteligente;2;T7;4;;;;;;
SM;DTD1;Detox de dopamina;DTD1UI;Uso inteligente;2;SM7;7;;;;;;
SM;DTD1;Detox de dopamina;DTD1UI;Uso inteligente;2;SM6;7;;;;;;
SF;ES1;Emagreça com saúde;ES1NB;Nutrição básica ;1;SF8;3;;;;;;
SF;ES1;Emagreça com saúde;ES1NB;Nutrição básica ;1;SF1;3;;;;;;
SF;ES1;Emagreça com saúde;ES1NB;Nutrição básica ;1;SF10;3;;;;;;
SF;ES1;Emagreça com saúde;ES1PC;Prato colorido ;2;SF8;4;;;;;;
SF;ES1;Emagreça com saúde;ES1PC;Prato colorido ;2;SF1;4;;;;;;
SF;ES1;Emagreça com saúde;ES1PC;Prato colorido ;2;SF10;4;;;;;;
SF;ES1;Emagreça com saúde;ES1PC;Prato colorido ;2;SF11;4;;;;;;
SF;DM1;Durma melhor;DM1SB;Sono básico ;1;SF4;3;;;;;;
SF;DM1;Durma melhor;DM1SB;Sono básico ;1;SF2;3;;;;;;
SF;DM1;Durma melhor;DM1SB;Sono básico ;1;SM1;3;;;;;;
SF;DM1;Durma melhor;DM1SB;Sono básico ;1;SF16;5;;;;;;
SF;DM1;Durma melhor;DM1NT;Noites tranquilas ;2;SF4;5;;;;;;
SF;DM1;Durma melhor;DM1NT;Noites tranquilas ;2;SF2;5;;;;;;
SF;DM1;Durma melhor;DM1NT;Noites tranquilas ;2;SM1;5;;;;;;
SF;DM1;Durma melhor;DM1NT;Noites tranquilas ;2;SF16;5;;;;;;
SF;DM1;Durma melhor;DM1NT;Noites tranquilas ;2;SF3;5;;;;;;
E;EE1;Evolução espiritual;EE1CB;Caminho base;1;E2;7;;;;;;
E;EE1;Evolução espiritual;EE1CB;Caminho base;1;E6;3;;;;;;
E;EE1;Evolução espiritual;EE1CB;Caminho base;1;E7;3;;;;;;
E;EE1;Evolução espiritual;EE1PE;Proximidade espiritual;2;E2;7;;;;;;
E;EE1;Evolução espiritual;EE1PE;Proximidade espiritual;2;E6;5;;;;;;
E;EE1;Evolução espiritual;EE1PE;Proximidade espiritual;2;E7;5;;;;;;
E;EE1;Evolução espiritual;EE1PE;Proximidade espiritual;2;E1;1;;;;;;
TG;LS1;Líder de sucesso;LS1CH;Construindo habilidades;1;SM14;5;;;;;;
TG;LS1;Líder de sucesso;LS1CH;Construindo habilidades;1;T1;5;;;;;;
TG;LS1;Líder de sucesso;LS1CH;Construindo habilidades;1;T8;5;;;;;;
TG;LS1;Líder de sucesso;LS1CJ;Consistência em jogo ;2;SM14;5;;;;;;
TG;LS1;Líder de sucesso;LS1CJ;Consistência em jogo ;2;T1;5;;;;;;
TG;LS1;Líder de sucesso;LS1CJ;Consistência em jogo ;2;T8;5;;;;;;
TG;AE1;Aprendizado eficiente;AE1AA;Aprendizado com autonomia;1;T9;7;;;;;;
TG;AE1;Aprendizado eficiente;AE1AA;Aprendizado com autonomia;1;T15;7;;;;;;
TG;AE1;Aprendizado eficiente;AE1AA;Aprendizado com autonomia;1;T17;7;;;;;;
TG;AE1;Aprendizado eficiente;AE1AA;Aprendizado com autonomia;1;T13;7;;;;;;
TG;GV1;Gerencie sua vida;GV1PE;Planejamento eficaz ;1;T3;1;;;;;;
TG;GV1;Gerencie sua vida;GV1PE;Planejamento eficaz ;1;T5;2;;;;;;
TG;GV1;Gerencie sua vida;GV1PE;Planejamento eficaz ;1;T1;3;;;;;;
TG;GV1;Gerencie sua vida;GV1PE;Planejamento eficaz ;1;T8;3;;;;;;
TG;GV1;Gerencie sua vida;GV1VO;Vida otimizada;2;T3;1;;;;;;
TG;GV1;Gerencie sua vida;GV1VO;Vida otimizada;2;T5;2;;;;;;
TG;GV1;Gerencie sua vida;GV1VO;Vida otimizada;2;T1;5;;;;;;
TG;GV1;Gerencie sua vida;GV1VO;Vida otimizada;2;T8;5;;;;;;
R;MMV1;Minha melhor versão;MMV1EP;Evolução pessoal;1;E4;5;;;;;;
R;MMV1;Minha melhor versão;MMV1EP;Evolução pessoal;1;R1;3;;;;;;
R;MMV1;Minha melhor versão;MMV1EP;Evolução pessoal;1;E3;1;;;;;;
R;MMV1;Minha melhor versão;MMV1CC;Crescimento contínuo ;2;E4;7;;;;;;
R;MMV1;Minha melhor versão;MMV1CC;Crescimento contínuo ;2;R1;4;;;;;;
R;MMV1;Minha melhor versão;MMV1CC;Crescimento contínuo ;2;E3;1;;;;;;
R;MMV1;Minha melhor versão;MMV1CC;Crescimento contínuo ;2;R4;2;;;;;;
SM;LC1;Leitura consistente;LC1LB;Leitura básica ;1;T10;2;;;;;;
SM;LC1;Leitura consistente;LC1LB;Leitura básica ;1;SM14;3;;;;;;
SM;LC1;Leitura consistente;LC1LB;Leitura básica ;1;SM7;3;;;;;;
SM;LC1;Leitura consistente;LC1PL;Progressão da leitura ;2;T18;1;;;;;;
SM;LC1;Leitura consistente;LC1PL;Progressão da leitura ;2;SM14;5;;;;;;
SM;LC1;Leitura consistente;LC1PL;Progressão da leitura ;2;SM7;5;;;;;;
SM;LC1;Leitura consistente;LC1LTH;Leitura se tornando um hábito ;3;T18;1;;;;;;
SM;LC1;Leitura consistente;LC1LTH;Leitura se tornando um hábito ;3;SM14;5;;;;;;
SM;LC1;Leitura consistente;LC1LTH;Leitura se tornando um hábito ;3;SM7;5;;;;;;
SM;PI1;Paz interior;PI1MT;Mente tranquila ;1;SM12;3;;;;;;
SM;PI1;Paz interior;PI1MT;Mente tranquila ;1;E4;3;;;;;;
SM;PI1;Paz interior;PI1MT;Mente tranquila ;1;SM13;2;;;;;;
SM;PI1;Paz interior;PI1DC;Desacelerar consciente ;2;SM12;4;;;;;;
SM;PI1;Paz interior;PI1DC;Desacelerar consciente ;2;E4;4;;;;;;
SM;PI1;Paz interior;PI1DC;Desacelerar consciente ;2;SM13;2;;;;;;
SM;PI1;Paz interior;PI1DC;Desacelerar consciente ;2;SM9;2;;;;;;
SM;AA1;Anti ansiedade;AA1SI;Serenidade imediata ;1;E6;3;;;;;;
SM;AA1;Anti ansiedade;AA1SI;Serenidade imediata ;1;SM812;3;;;;;;
SM;AA1;Anti ansiedade;AA1SI;Serenidade imediata ;1;SM14;5;;;;;;
SM;AA1;Anti ansiedade;AA1CM;Clareza mental ;2;E6;4;;;;;;
SM;AA1;Anti ansiedade;AA1CM;Clareza mental ;2;SM812;4;;;;;;
SM;AA1;Anti ansiedade;AA1CM;Clareza mental ;2;SM14;5;;;;;;
SM;AA1;Anti ansiedade;AA1CM;Clareza mental ;2;SM11;3;;;;;;
E;EE2;Evolução espiritual avançado;EE2CE;Caminho espiritual ;2;E2;7;;;;;;
E;EE2;Evolução espiritual avançado;EE2CE;Caminho espiritual ;2;E6;7;;;;;;
E;EE2;Evolução espiritual avançado;EE2CE;Caminho espiritual ;2;E7;5;;;;;;
E;EE2;Evolução espiritual avançado;EE2CE;Caminho espiritual ;2;E1;1;;;;;;
E;EE2;Evolução espiritual avançado;EE2CE;Caminho espiritual ;2;E3;1;;;;;;
R;MMV2;Minha melhor versão avançado;MMV2MV;Melhor versão;2;E4;7;;;;;;
R;MMV2;Minha melhor versão avançado;MMV2MV;Melhor versão;2;R1;7;;;;;;
R;MMV2;Minha melhor versão avançado;MMV2MV;Melhor versão;2;E3;1;;;;;;
R;MMV2;Minha melhor versão avançado;MMV2MV;Melhor versão;2;R4;3;;;;;;
R;MMV2;Minha melhor versão avançado;MMV2MV;Melhor versão;2;R6;2;;;;;;
R;MMV2;Minha melhor versão avançado;MMV2MV;Melhor versão;2;R3;2;;;;;;
R;MMV2;Minha melhor versão avançado;MMV2MV;Melhor versão;2;R2;1;;;;;;
TG;LS2;Líder de sucesso - avançado ;LS2FI;Foco inabalável ;1;SM14;5;;;;;;
TG;LS2;Líder de sucesso - avançado ;LS2FI;Foco inabalável ;1;T1;5;;;;;;
TG;LS2;Líder de sucesso - avançado ;LS2FI;Foco inabalável ;1;T8;5;;;;;;
TG;LS2;Líder de sucesso - avançado ;LS2FI;Foco inabalável ;1;SM5;3;;;;;;
TG;LS2;Líder de sucesso - avançado ;LS2MP;Mestre profissional ;2;SM14;5;;;;;;
TG;LS2;Líder de sucesso - avançado ;LS2MP;Mestre profissional ;2;T1;5;;;;;;
TG;LS2;Líder de sucesso - avançado ;LS2MP;Mestre profissional ;2;T8;5;;;;;;
TG;LS2;Líder de sucesso - avançado ;LS2MP;Mestre profissional ;2;SM5;5;;;;;;
TG;LS2;Líder de sucesso - avançado ;LS2MP;Mestre profissional ;2;T6;1;;;;;;
TG;LS2;Líder de sucesso - avançado ;LS2MP;Mestre profissional ;2;SM7;5;;;;;;
TG;GV2;Gerencie sua vida avançado;GV2CT;Controle total ;2;T2;1;;;;;;
TG;GV2;Gerencie sua vida avançado;GV2CT;Controle total ;2;T4;2;;;;;;
TG;GV2;Gerencie sua vida avançado;GV2CT;Controle total ;2;T1;5;;;;;;
TG;GV2;Gerencie sua vida avançado;GV2CT;Controle total ;2;T8;5;;;;;;
TG;GV2;Gerencie sua vida avançado;GV2CT;Controle total ;2;T7;5;;;;;;
TG;GV2;Gerencie sua vida avançado;GV2CT;Controle total ;2;T6;1;;;;;;
TG;GV2;Gerencie sua vida avançado;GV2CT;Controle total ;2;SM7;5;;;;;;
SM;PI2;Paz interior avançado;PI2ZM;Zen moderno ;2;SM12;7;;;;;;
SM;PI2;Paz interior avançado;PI2ZM;Zen moderno ;2;E4;7;;;;;;
SM;PI2;Paz interior avançado;PI2ZM;Zen moderno ;2;SM9;3;;;;;;
SM;PI2;Paz interior avançado;PI2ZM;Zen moderno ;2;SM13;5;;;;;;
SM;PI2;Paz interior avançado;PI2ZM;Zen moderno ;2;SF15;5;;;;;;
SM;AA2;Anti ansiedade avançado;AA2VP;Vida positiva;2;E6;7;;;;;;
SM;AA2;Anti ansiedade avançado;AA2VP;Vida positiva;2;SM8;7;;;;;;
SM;AA2;Anti ansiedade avançado;AA2VP;Vida positiva;2;SM14;5;;;;;;
SM;AA2;Anti ansiedade avançado;AA2VP;Vida positiva;2;SM11;5;;;;;;
SM;AA2;Anti ansiedade avançado;AA2VP;Vida positiva;2;SM10;5;;;;;;
SM;AA2;Anti ansiedade avançado;AA2VP;Vida positiva;2;SM4;5;;;;;;
SF;ME2;Mapa do emagrescimento avançado;ME2RM;Redução de medidas ;2;SF1;7;;;;;;
SF;ME2;Mapa do emagrescimento avançado;ME2RM;Redução de medidas ;2;SF16;5;;;;;;
SF;ME2;Mapa do emagrescimento avançado;ME2RM;Redução de medidas ;2;SF1813;3;;;;;;
SF;ME2;Mapa do emagrescimento avançado;ME2RM;Redução de medidas ;2;SF17;5;;;;;;
SF;ME2;Mapa do emagrescimento avançado;ME2RM;Redução de medidas ;2;SF1223;2;;;;;;
SM;DTD2;Detox de dopamina avançado;DTD2LD;Liberdade digital ;2;SM13;3;;;;;;
SM;DTD2;Detox de dopamina avançado;DTD2LD;Liberdade digital ;2;T7;5;;;;;;
SM;DTD2;Detox de dopamina avançado;DTD2LD;Liberdade digital ;2;SM7;7;;;;;;
SM;DTD2;Detox de dopamina avançado;DTD2LD;Liberdade digital ;2;SM6;7;;;;;;
SF;ES2;Emagreça com saúde avançado;ES2AI;Alimentação ideal ;2;SF8;7;;;;;;
SF;ES2;Emagreça com saúde avançado;ES2AI;Alimentação ideal ;2;SF1;7;;;;;;
SF;ES2;Emagreça com saúde avançado;ES2AI;Alimentação ideal ;2;SF10;7;;;;;;
SF;ES2;Emagreça com saúde avançado;ES2AI;Alimentação ideal ;2;SF11;7;;;;;;
SF;ES2;Emagreça com saúde avançado;ES2AI;Alimentação ideal ;2;SF9;7;;;;;;
SF;DM2;Durma melhor avançado;DM2SO;Sono de ouro ;2;SF4;7;;;;;;
SF;DM2;Durma melhor avançado;DM2SO;Sono de ouro ;2;SF2;7;;;;;;
SF;DM2;Durma melhor avançado;DM2SO;Sono de ouro ;2;SM1;7;;;;;;
SF;DM2;Durma melhor avançado;DM2SO;Sono de ouro ;2;SF16;7;;;;;;
SF;DM2;Durma melhor avançado;DM2SO;Sono de ouro ;2;SF3;7;;;;;;
SF;DM2;Durma melhor avançado;DM2SO;Sono de ouro ;2;SF6;7;;;;;;
SF;DM2;Durma melhor avançado;DM2SO;Sono de ouro ;2;SF19;7;;;;;;
;;;;;;;;;;;;;
;;;;;;;;;;;;;
;;;;;;;;;;;;;
;;;;;;;;;;;;;
;;;;;;;;;;;;;
;;;;;;;;;;;;;
;;;;;;;;;;;;;
;;;;;;;;;;;;;
;;;;;;;;;;;;;
;;;;;;;;;;;;;
;;;;;;;;;;;;;
;;;;;;;;;;;;;
;;;;;;;;;;;;;
;;;;;;;;;;;;;
;;;;;;;;;;;;;
;;;;;;;;;;;;;
;;;;;;;;;;;;;
;;;;;;;;;;;;;
;;;;;;;;;;;;;
;;;;;;;;;;;;;
;;;;;;;;;;;;;
;;;;;;;;;;;;;
;;;;;;;;;;;;;
;;;;;;;;;;;;;
;;;;;;;;;;;;;
;;;;;;;;;;;;;
;;;;;;;;;;;;;
;;;;;;;;;;;;;
;;;;;;;;;;;;;
;;;;;;;;;;;;;
;;;;;;;;;;;;;
;;;;;;;;;;;;;
;;;;;;;;;;;;;
;;;;;;;;;;;;;
;;;;;;;;;;;;;
;;;;;;;;;;;;;
;;;;;;;;;;;;;
;;;;;;;;;;;;;
;;;;;;;;;;;;;
;;;;;;;;;;;;;
;;;;;;;;;;;;;
;;;;;;;;;;;;;
;;;;;;;;;;;;;
;;;;;;;;;;;;;
;;;;;;;;;;;;;
;;;;;;;;;;;;;
;;;;;;;;;;;;;
;;;;;;;;;;;;;
;;;;;;;;;;;;;
;;;;;;;;;;;;;
;;;;;;;;;;;;;
;;;;;;;;;;;;;
;;;;;;;;;;;;;
;;;;;;;;;;;;;
;;;;;;;;;;;;;
;;;;;;;;;;;;;
;;;;;;;;;;;;;
;;;;;;;;;;;;;
;;;;;;;;;;;;;
;;;;;;;;;;;;;
;;;;;;;;;;;;;
;;;;;;;;;;;;;
;;;;;;;;;;;;;
;;;;;;;;;;;;;
;;;;;;;;;;;;;
;;;;;;;;;;;;;
;;;;;;;;;;;;;
;;;;;;;;;;;;;
;;;;;;;;;;;;;
;;;;;;;;;;;;;
;;;;;;;;;;;;;
;;;;;;;;;;;;;
;;;;;;;;;;;;;
;;;;;;;;;;;;;
;;;;;;;;;;;;;
;;;;;;;;;;;;;
;;;;;;;;;;;;;
;;;;;;;;;;;;;
;;;;;;;;;;;;;
;;;;;;;;;;;;;
;;;;;;;;;;;;;
;;;;;;;;;;;;;
;;;;;;;;;;;;;
;;;;;;;;;;;;;
;;;;;;;;;;;;;
;;;;;;;;;;;;;
;;;;;;;;;;;;;
;;;;;;;;;;;;;
;;;;;;;;;;;;;
;;;;;;;;;;;;;
;;;;;;;;;;;;;
;;;;;;;;;;;;;
;;;;;;;;;;;;;
;;;;;;;;;;;;;
;;;;;;;;;;;;;
;;;;;;;;;;;;;
;;;;;;;;;;;;;
;;;;;;;;;;;;;
;;;;;;;;;;;;;
;;;;;;;;;;;;;
;;;;;;;;;;;;;
;;;;;;;;;;;;;
;;;;;;;;;;;;;
;;;;;;;;;;;;;
;;;;;;;;;;;;;
;;;;;;;;;;;;;
;;;;;;;;;;;;;
;;;;;;;;;;;;;
;;;;;;;;;;;;;
;;;;;;;;;;;;;
;;;;;;;;;;;;;
;;;;;;;;;;;;;
;;;;;;;;;;;;;
;;;;;;;;;;;;;
;;;;;;;;;;;;;
;;;;;;;;;;;;;
;;;;;;;;;;;;;
;;;;;;;;;;;;;
;;;;;;;;;;;;;
;;;;;;;;;;;;;
;;;;;;;;;;;;;
;;;;;;;;;;;;;
;;;;;;;;;;;;;
;;;;;;;;;;;;;
;;;;;;;;;;;;;
;;;;;;;;;;;;;
;;;;;;;;;;;;;
;;;;;;;;;;;;;
;;;;;;;;;;;;;
;;;;;;;;;;;;;
;;;;;;;;;;;;;
;;;;;;;;;;;;;
;;;;;;;;;;;;;
;;;;;;;;;;;;;
;;;;;;;;;;;;;
;;;;;;;;;;;;;
;;;;;;;;;;;;;
;;;;;;;;;;;;;
;;;;;;;;;;;;;
;;;;;;;;;;;;;
;;;;;;;;;;;;;
;;;;;;;;;;;;;
;;;;;;;;;;;;;
;;;;;;;;;;;;;
;;;;;;;;;;;;;
;;;;;;;;;;;;;
;;;;;;;;;;;;;
;;;;;;;;;;;;;
;;;;;;;;;;;;;
;;;;;;;;;;;;;
;;;;;;;;;;;;;
;;;;;;;;;;;;;
;;;;;;;;;;;;;
;;;;;;;;;;;;;
;;;;;;;;;;;;;
;;;;;;;;;;;;;
;;;;;;;;;;;;;
;;;;;;;;;;;;;
;;;;;;;;;;;;;
;;;;;;;;;;;;;
;;;;;;;;;;;;;
;;;;;;;;;;;;;
;;;;;;;;;;;;;
;;;;;;;;;;;;;
;;;;;;;;;;;;;
;;;;;;;;;;;;;
;;;;;;;;;;;;;
;;;;;;;;;;;;;
;;;;;;;;;;;;;
;;;;;;;;;;;;;
;;;;;;;;;;;;;
;;;;;;;;;;;;;
;;;;;;;;;;;;;
;;;;;;;;;;;;;
;;;;;;;;;;;;;
;;;;;;;;;;;;;
;;;;;;;;;;;;;
;;;;;;;;;;;;;
;;;;;;;;;;;;;
;;;;;;;;;;;;;
;;;;;;;;;;;;;
;;;;;;;;;;;;;
;;;;;;;;;;;;;
;;;;;;;;;;;;;
;;;;;;;;;;;;;
;;;;;;;;;;;;;
;;;;;;;;;;;;;
;;;;;;;;;;;;;
;;;;;;;;;;;;;
;;;;;;;;;;;;;
;;;;;;;;;;;;;
;;;;;;;;;;;;;
;;;;;;;;;;;;;
;;;;;;;;;;;;;
;;;;;;;;;;;;;
;;;;;;;;;;;;;
;;;;;;;;;;;;;
;;;;;;;;;;;;;
;;;;;;;;;;;;;
;;;;;;;;;;;;;
;;;;;;;;;;;;;
;;;;;;;;;;;;;
;;;;;;;;;;;;;
;;;;;;;;;;;;;
;;;;;;;;;;;;;
;;;;;;;;;;;;;
;;;;;;;;;;;;;
;;;;;;;;;;;;;
;;;;;;;;;;;;;
;;;;;;;;;;;;;
;;;;;;;;;;;;;
;;;;;;;;;;;;;
;;;;;;;;;;;;;
;;;;;;;;;;;;;
;;;;;;;;;;;;;
;;;;;;;;;;;;;
;;;;;;;;;;;;;
;;;;;;;;;;;;;
;;;;;;;;;;;;;
;;;;;;;;;;;;;
;;;;;;;;;;;;;
;;;;;;;;;;;;;
;;;;;;;;;;;;;
;;;;;;;;;;;;;
;;;;;;;;;;;;;
;;;;;;;;;;;;;
;;;;;;;;;;;;;
;;;;;;;;;;;;;
;;;;;;;;;;;;;
;;;;;;;;;;;;;
;;;;;;;;;;;;;
;;;;;;;;;;;;;
;;;;;;;;;;;;;
;;;;;;;;;;;;;
;;;;;;;;;;;;;
;;;;;;;;;;;;;
;;;;;;;;;;;;;
;;;;;;;;;;;;;
;;;;;;;;;;;;;
;;;;;;;;;;;;;
;;;;;;;;;;;;;
;;;;;;;;;;;;;
;;;;;;;;;;;;;
;;;;;;;;;;;;;
;;;;;;;;;;;;;
;;;;;;;;;;;;;
;;;;;;;;;;;;;
;;;;;;;;;;;;;
;;;;;;;;;;;;;
;;;;;;;;;;;;;
;;;;;;;;;;;;;
;;;;;;;;;;;;;
;;;;;;;;;;;;;
;;;;;;;;;;;;;
;;;;;;;;;;;;;
;;;;;;;;;;;;;
;;;;;;;;;;;;;
;;;;;;;;;;;;;
;;;;;;;;;;;;;
;;;;;;;;;;;;;
;;;;;;;;;;;;;
;;;;;;;;;;;;;
;;;;;;;;;;;;;
;;;;;;;;;;;;;
;;;;;;;;;;;;;
;;;;;;;;;;;;;
;;;;;;;;;;;;;
;;;;;;;;;;;;;
;;;;;;;;;;;;;
;;;;;;;;;;;;;
;;;;;;;;;;;;;
;;;;;;;;;;;;;
;;;;;;;;;;;;;
;;;;;;;;;;;;;
;;;;;;;;;;;;;
;;;;;;;;;;;;;
;;;;;;;;;;;;;
;;;;;;;;;;;;;
;;;;;;;;;;;;;
;;;;;;;;;;;;;
;;;;;;;;;;;;;
;;;;;;;;;;;;;
;;;;;;;;;;;;;
;;;;;;;;;;;;;
;;;;;;;;;;;;;
;;;;;;;;;;;;;
;;;;;;;;;;;;;
;;;;;;;;;;;;;
;;;;;;;;;;;;;
;;;;;;;;;;;;;
;;;;;;;;;;;;;
;;;;;;;;;;;;;
;;;;;;;;;;;;;
;;;;;;;;;;;;;
;;;;;;;;;;;;;
;;;;;;;;;;;;;
;;;;;;;;;;;;;
;;;;;;;;;;;;;
;;;;;;;;;;;;;
;;;;;;;;;;;;;
;;;;;;;;;;;;;
;;;;;;;;;;;;;
;;;;;;;;;;;;;
;;;;;;;;;;;;;
;;;;;;;;;;;;;
;;;;;;;;;;;;;
;;;;;;;;;;;;;
;;;;;;;;;;;;;
;;;;;;;;;;;;;
;;;;;;;;;;;;;
;;;;;;;;;;;;;
;;;;;;;;;;;;;
;;;;;;;;;;;;;
;;;;;;;;;;;;;
;;;;;;;;;;;;;
;;;;;;;;;;;;;
;;;;;;;;;;;;;
;;;;;;;;;;;;;
;;;;;;;;;;;;;
;;;;;;;;;;;;;
;;;;;;;;;;;;;
;;;;;;;;;;;;;
;;;;;;;;;;;;;
;;;;;;;;;;;;;
;;;;;;;;;;;;;
;;;;;;;;;;;;;
;;;;;;;;;;;;;
;;;;;;;;;;;;;
;;;;;;;;;;;;;
;;;;;;;;;;;;;
;;;;;;;;;;;;;
;;;;;;;;;;;;;
;;;;;;;;;;;;;
;;;;;;;;;;;;;
;;;;;;;;;;;;;
;;;;;;;;;;;;;
;;;;;;;;;;;;;
;;;;;;;;;;;;;
;;;;;;;;;;;;;
;;;;;;;;;;;;;
;;;;;;;;;;;;;
;;;;;;;;;;;;;
;;;;;;;;;;;;;
;;;;;;;;;;;;;
;;;;;;;;;;;;;
;;;;;;;;;;;;;
;;;;;;;;;;;;;
;;;;;;;;;;;;;
;;;;;;;;;;;;;
;;;;;;;;;;;;;
;;;;;;;;;;;;;
;;;;;;;;;;;;;
;;;;;;;;;;;;;
;;;;;;;;;;;;;
;;;;;;;;;;;;;
;;;;;;;;;;;;;
;;;;;;;;;;;;;
;;;;;;;;;;;;;
;;;;;;;;;;;;;
;;;;;;;;;;;;;
;;;;;;;;;;;;;
;;;;;;;;;;;;;
;;;;;;;;;;;;;
;;;;;;;;;;;;;
;;;;;;;;;;;;;
;;;;;;;;;;;;;
;;;;;;;;;;;;;
;;;;;;;;;;;;;
;;;;;;;;;;;;;
;;;;;;;;;;;;;
;;;;;;;;;;;;;
;;;;;;;;;;;;;
;;;;;;;;;;;;;
;;;;;;;;;;;;;
;;;;;;;;;;;;;
;;;;;;;;;;;;;
;;;;;;;;;;;;;
;;;;;;;;;;;;;
;;;;;;;;;;;;;
;;;;;;;;;;;;;
;;;;;;;;;;;;;
;;;;;;;;;;;;;
;;;;;;;;;;;;;
;;;;;;;;;;;;;
;;;;;;;;;;;;;
;;;;;;;;;;;;;
;;;;;;;;;;;;;
;;;;;;;;;;;;;
;;;;;;;;;;;;;
;;;;;;;;;;;;;
;;;;;;;;;;;;;
;;;;;;;;;;;;;
;;;;;;;;;;;;;
;;;;;;;;;;;;;
;;;;;;;;;;;;;
;;;;;;;;;;;;;
;;;;;;;;;;;;;
;;;;;;;;;;;;;
;;;;;;;;;;;;;
;;;;;;;;;;;;;
;;;;;;;;;;;;;
;;;;;;;;;;;;;
;;;;;;;;;;;;;
;;;;;;;;;;;;;
;;;;;;;;;;;;;
;;;;;;;;;;;;;
;;;;;;;;;;;;;
;;;;;;;;;;;;;
;;;;;;;;;;;;;
;;;;;;;;;;;;;
;;;;;;;;;;;;;
;;;;;;;;;;;;;
;;;;;;;;;;;;;
;;;;;;;;;;;;;
;;;;;;;;;;;;;
;;;;;;;;;;;;;
;;;;;;;;;;;;;
;;;;;;;;;;;;;
;;;;;;;;;;;;;
;;;;;;;;;;;;;
;;;;;;;;;;;;;
;;;;;;;;;;;;;
;;;;;;;;;;;;;
;;;;;;;;;;;;;
;;;;;;;;;;;;;
;;;;;;;;;;;;;
;;;;;;;;;;;;;
;;;;;;;;;;;;;
;;;;;;;;;;;;;
;;;;;;;;;;;;;
;;;;;;;;;;;;;
;;;;;;;;;;;;;
;;;;;;;;;;;;;
;;;;;;;;;;;;;
;;;;;;;;;;;;;
;;;;;;;;;;;;;
;;;;;;;;;;;;;
;;;;;;;;;;;;;
;;;;;;;;;;;;;
;;;;;;;;;;;;;
;;;;;;;;;;;;;
;;;;;;;;;;;;;
;;;;;;;;;;;;;
;;;;;;;;;;;;;
;;;;;;;;;;;;;
;;;;;;;;;;;;;
;;;;;;;;;;;;;
;;;;;;;;;;;;;
;;;;;;;;;;;;;
;;;;;;;;;;;;;
;;;;;;;;;;;;;
;;;;;;;;;;;;;
;;;;;;;;;;;;;
;;;;;;;;;;;;;
;;;;;;;;;;;;;
;;;;;;;;;;;;;
;;;;;;;;;;;;;
;;;;;;;;;;;;;
;;;;;;;;;;;;;
;;;;;;;;;;;;;
;;;;;;;;;;;;;
;;;;;;;;;;;;;
;;;;;;;;;;;;;
;;;;;;;;;;;;;
;;;;;;;;;;;;;
;;;;;;;;;;;;;
;;;;;;;;;;;;;
;;;;;;;;;;;;;
;;;;;;;;;;;;;
;;;;;;;;;;;;;
;;;;;;;;;;;;;
;;;;;;;;;;;;;
;;;;;;;;;;;;;
;;;;;;;;;;;;;
;;;;;;;;;;;;;
;;;;;;;;;;;;;
;;;;;;;;;;;;;
;;;;;;;;;;;;;
;;;;;;;;;;;;;
;;;;;;;;;;;;;
;;;;;;;;;;;;;
;;;;;;;;;;;;;
;;;;;;;;;;;;;
;;;;;;;;;;;;;
;;;;;;;;;;;;;
;;;;;;;;;;;;;
;;;;;;;;;;;;;
;;;;;;;;;;;;;
;;;;;;;;;;;;;
;;;;;;;;;;;;;
;;;;;;;;;;;;;
;;;;;;;;;;;;;
;;;;;;;;;;;;;
;;;;;;;;;;;;;
;;;;;;;;;;;;;
;;;;;;;;;;;;;
;;;;;;;;;;;;;
;;;;;;;;;;;;;
;;;;;;;;;;;;;
;;;;;;;;;;;;;
;;;;;;;;;;;;;
;;;;;;;;;;;;;
;;;;;;;;;;;;;
;;;;;;;;;;;;;
;;;;;;;;;;;;;
;;;;;;;;;;;;;
;;;;;;;;;;;;;
;;;;;;;;;;;;;
;;;;;;;;;;;;;
;;;;;;;;;;;;;
;;;;;;;;;;;;;
;;;;;;;;;;;;;
;;;;;;;;;;;;;
;;;;;;;;;;;;;
;;;;;;;;;;;;;
;;;;;;;;;;;;;
;;;;;;;;;;;;;
;;;;;;;;;;;;;
;;;;;;;;;;;;;
;;;;;;;;;;;;;
;;;;;;;;;;;;;
;;;;;;;;;;;;;
;;;;;;;;;;;;;
;;;;;;;;;;;;;
;;;;;;;;;;;;;
;;;;;;;;;;;;;
;;;;;;;;;;;;;
;;;;;;;;;;;;;
;;;;;;;;;;;;;
;;;;;;;;;;;;;
;;;;;;;;;;;;;
;;;;;;;;;;;;;
;;;;;;;;;;;;;
;;;;;;;;;;;;;
;;;;;;;;;;;;;
;;;;;;;;;;;;;
;;;;;;;;;;;;;
;;;;;;;;;;;;;
;;;;;;;;;;;;;
;;;;;;;;;;;;;
;;;;;;;;;;;;;
;;;;;;;;;;;;;
;;;;;;;;;;;;;
;;;;;;;;;;;;;
;;;;;;;;;;;;;
;;;;;;;;;;;;;
;;;;;;;;;;;;;
;;;;;;;;;;;;;
;;;;;;;;;;;;;
;;;;;;;;;;;;;
;;;;;;;;;;;;;
;;;;;;;;;;;;;
;;;;;;;;;;;;;
;;;;;;;;;;;;;
;;;;;;;;;;;;;
;;;;;;;;;;;;;
;;;;;;;;;;;;;
;;;;;;;;;;;;;
;;;;;;;;;;;;;
;;;;;;;;;;;;;
;;;;;;;;;;;;;
;;;;;;;;;;;;;
;;;;;;;;;;;;;
;;;;;;;;;;;;;
;;;;;;;;;;;;;
;;;;;;;;;;;;;
;;;;;;;;;;;;;
;;;;;;;;;;;;;
;;;;;;;;;;;;;
;;;;;;;;;;;;;
;;;;;;;;;;;;;
;;;;;;;;;;;;;
;;;;;;;;;;;;;
;;;;;;;;;;;;;
;;;;;;;;;;;;;
;;;;;;;;;;;;;
;;;;;;;;;;;;;
;;;;;;;;;;;;;
;;;;;;;;;;;;;
;;;;;;;;;;;;;
;;;;;;;;;;;;;
;;;;;;;;;;;;;
;;;;;;;;;;;;;
;;;;;;;;;;;;;
;;;;;;;;;;;;;
;;;;;;;;;;;;;
;;;;;;;;;;;;;
;;;;;;;;;;;;;
;;;;;;;;;;;;;
;;;;;;;;;;;;;
;;;;;;;;;;;;;
;;;;;;;;;;;;;
;;;;;;;;;;;;;
;;;;;;;;;;;;;
;;;;;;;;;;;;;
;;;;;;;;;;;;;
;;;;;;;;;;;;;
;;;;;;;;;;;;;
;;;;;;;;;;;;;
;;;;;;;;;;;;;
;;;;;;;;;;;;;
;;;;;;;;;;;;;
;;;;;;;;;;;;;
;;;;;;;;;;;;;
;;;;;;;;;;;;;
;;;;;;;;;;;;;
;;;;;;;;;;;;;
;;;;;;;;;;;;;
;;;;;;;;;;;;;
;;;;;;;;;;;;;
;;;;;;;;;;;;;
;;;;;;;;;;;;;
;;;;;;;;;;;;;
;;;;;;;;;;;;;
;;;;;;;;;;;;;
;;;;;;;;;;;;;
;;;;;;;;;;;;;
;;;;;;;;;;;;;
;;;;;;;;;;;;;
;;;;;;;;;;;;;
;;;;;;;;;;;;;
;;;;;;;;;;;;;
;;;;;;;;;;;;;
;;;;;;;;;;;;;
;;;;;;;;;;;;;
;;;;;;;;;;;;;
;;;;;;;;;;;;;
;;;;;;;;;;;;;
;;;;;;;;;;;;;
;;;;;;;;;;;;;
;;;;;;;;;;;;;
;;;;;;;;;;;;;
;;;;;;;;;;;;;
;;;;;;;;;;;;;
;;;;;;;;;;;;;
;;;;;;;;;;;;;
;;;;;;;;;;;;;
;;;;;;;;;;;;;
;;;;;;;;;;;;;
;;;;;;;;;;;;;
;;;;;;;;;;;;;
;;;;;;;;;;;;;
;;;;;;;;;;;;;
;;;;;;;;;;;;;
;;;;;;;;;;;;;
;;;;;;;;;;;;;
;;;;;;;;;;;;;
;;;;;;;;;;;;;
;;;;;;;;;;;;;
;;;;;;;;;;;;;
;;;;;;;;;;;;;
;;;;;;;;;;;;;
;;;;;;;;;;;;;
;;;;;;;;;;;;;
;;;;;;;;;;;;;
;;;;;;;;;;;;;
;;;;;;;;;;;;;
;;;;;;;;;;;;;
;;;;;;;;;;;;;
;;;;;;;;;;;;;
;;;;;;;;;;;;;
;;;;;;;;;;;;;
;;;;;;;;;;;;;
;;;;;;;;;;;;;
;;;;;;;;;;;;;
;;;;;;;;;;;;;
;;;;;;;;;;;;;
;;;;;;;;;;;;;
;;;;;;;;;;;;;
;;;;;;;;;;;;;
;;;;;;;;;;;;;
;;;;;;;;;;;;;
;;;;;;;;;;;;;
;;;;;;;;;;;;;
;;;;;;;;;;;;;
;;;;;;;;;;;;;
;;;;;;;;;;;;;
;;;;;;;;;;;;;
;;;;;;;;;;;;;
;;;;;;;;;;;;;
;;;;;;;;;;;;;
;;;;;;;;;;;;;
;;;;;;;;;;;;;
;;;;;;;;;;;;;
;;;;;;;;;;;;;
;;;;;;;;;;;;;
;;;;;;;;;;;;;
;;;;;;;;;;;;;
;;;;;;;;;;;;;
;;;;;;;;;;;;;
;;;;;;;;;;;;;
;;;;;;;;;;;;;
All rows: [[Dimensão, Código Trilha, Nome Trilha, Código Desafio, Nome Desafio, Nível, Hábitos, Frequencia, , , , , , ], [SF, ER1, Energia recarregada, ER1PC, Primeiro contato, 1, SF1, 7, , , , , , ], [SF, ER1, Energia recarregada, ER1PC, Primeiro contato, 1, SF18, 3, , , , , , ], [SF, ER1, Energia recarregada, ER1PC, Primeiro contato, 1, SM1, 7, , , , , , ], [SF, CM1, Construção muscular, CM1BF, Base de força, 1, SF10, 7, , , , , , ], [SF, CM1, Construção muscular, CM1BF, Base de força, 1, SF13, 2, , , , , , ], [SF, CM1, Construção muscular, CM1BF, Base de força, 1, SF12, 3, , , , , , ], [SF, CM1, Construção muscular, CM1BF, Base de força, 1, SF17, 5, , , , , , ], [SF, DM1, Durma melhor, DM1PP, Primeiros Passos, 1, SM1, 5, , , , , , ], [SF, DM1, Durma melhor, DM1PP, Primeiros Passos, 1, SM2, 5, , , , , , ], [SF, DM1, Durma melhor, DM1PP, Primeiros Passos, 1, SF16, 5, , , , , , ], [SF, ES1, Emagreça com saúde, ES1IS, Início Saudável, 1, SF1, 5, , , , , , ], [SF, ES1, Emagreça com saúde, ES1IS, Início Saudável, 1, SF8, 5, , , , , , ], [SF, ES1, Emagreça com saúde, ES1IS, Início Saudável, 1, SF9, 5, , , , , , ], [TG, LS1, Líder de sucesso, LS1CL, Caminho do líder, 1, SM14, 7, , , , , , ], [TG, LS1, Líder de sucesso, LS1CL, Caminho do líder, 1, T1, 7, , , , , , ], [TG, LS1, Líder de sucesso, LS1CL, Caminho do líder, 1, T8, 5, , , , , , ], [TG, GV1, Gerencie sua vida, GV1PC, Primeiro contato, 1, T8, 3, , , , , , ], [TG, GV1, Gerencie sua vida, GV1PC, Primeiro contato, 1, T1, 7, , , , , , ], [TG, GV1, Gerencie sua vida, GV1PC, Primeiro contato, 1, T4, 2, , , , , , ], [TG, AE1, Aprendizado eficiente, AE1AL, Aprenda com a Lyfe, 1, T15, 2, , , , , , ], [TG, AE1, Aprendizado eficiente, AE1AL, Aprenda com a Lyfe, 1, T17, 1, , , , , , ], [TG, AE1, Aprendizado eficiente, AE1AL, Aprenda com a Lyfe, 1, T13, 3, , , , , , ], [TG, AE1, Aprendizado eficiente, AE1AL, Aprenda com a Lyfe, 1, T9, 7, , , , , , ], [SF, ME1, Mapa do emagrescimento, ME1BE, Base do Emagrecimento, 1, SF7, 7, , , , , , ], [SF, ME1, Mapa do emagrescimento, ME1BE, Base do Emagrecimento, 1, SF1, 7, , , , , , ], [SM, LC1, Leitura consistente, LC1CL, Comece a ler, 1, SM13, 5, , , , , , ], [SM, LC1, Leitura consistente, LC1CL, Comece a ler, 1, SM14, 7, , , , , , ], [SM, LC1, Leitura consistente, LC1CL, Comece a ler, 1, T11, 5, , , , , , ], [SF, DM2, Durma melhor avançado, DM2SR, Sono Restaurador, 1, SF4, 7, , , , , , ], [SF, DM2, Durma melhor avançado, DM2SR, Sono Restaurador, 1, SF3, 7, , , , , , ], [SF, DM2, Durma melhor avançado, DM2SR, Sono Restaurador, 1, SF6, 5, , , , , , ], [SF, DM2, Durma melhor avançado, DM2SR, Sono Restaurador, 1, SF16, 7, , , , , , ], [SF, DM2, Durma melhor avançado, DM2SR, Sono Restaurador, 1, SF2, 7, , , , , , ], [SF, DM2, Durma melhor avançado, DM2SR, Sono Restaurador, 1, SM1, 7, , , , , , ], [SF, ES2, Emagreça com saúde avançado, ES2EC, Escolha consciente, 1, SF8, 5, , , , , , ], [SF, ES2, Emagreça com saúde avançado, ES2EC, Escolha consciente, 1, SF9, 5, , , , , , ], [SF, ES2, Emagreça com saúde avançado, ES2EC, Escolha consciente, 1, SF11, 5, , , , , , ], [SF, ES2, Emagreça com saúde avançado, ES2EC, Escolha consciente, 1, SF1, 5, , , , , , ], [SF, ES2, Emagreça com saúde avançado, ES2EC, Escolha consciente, 1, SF10, 5, , , , , , ], [SF, CM2, Construção muscular avançado, CM2EM, Evolução muscular, 1, SF17, 5, , , , , , ], [SF, CM2, Construção muscular avançado, CM2EM, Evolução muscular, 1, SF10, 7, , , , , , ], [SF, CM2, Construção muscular avançado, CM2EM, Evolução muscular, 1, SF5, 5, , , , , , ], [SF, CM2, Construção muscular avançado, CM2EM, Evolução muscular, 1, SF1333, 2, , , , , , ], [SF, CM2, Construção muscular avançado, CM2EM, Evolução muscular, 1, SF1, 7, , , , , , ], [SF, CM2, Construção muscular avançado, CM2EM, Evolução muscular, 1, SF1233, 5, , , , , , ], [SF, ME2, Mapa do emagrescimento avançado, ME2EE, Emagrescimento eficiente, 1, SF16, 5, , , , , , ], [SF, ME2, Mapa do emagrescimento avançado, ME2EE, Emagrescimento eficiente, 1, SF17, 5, , , , , , ], [SF, ME2, Mapa do emagrescimento avançado, ME2EE, Emagrescimento eficiente, 1, SF1, 5, , , , , , ], [SF, ME2, Mapa do emagrescimento avançado, ME2EE, Emagrescimento eficiente, 1, SF1822, 5, , , , , , ], [SF, ER3, Energia recarregada avançado, ER3EP, Evolução pessoal, 1, SF16, 7, , , , , , ], [SF, ER3, Energia recarregada avançado, ER3EP, Evolução pessoal, 1, SM1, 7, , , , , , ], [SF, ER3, Energia recarregada avançado, ER3EP, Evolução pessoal, 1, SM13, 3, , , , , , ], [SF, ER3, Energia recarregada avançado, ER3EP, Evolução pessoal, 1, SF8, 5, , , , , , ], [SF, ER3, Energia recarregada avançado, ER3EP, Evolução pessoal, 1, SF1233, 5, , , , , , ], [SF, ER3, Energia recarregada avançado, ER3EP, Evolução pessoal, 1, SF1, 7, , , , , , ], [SF, ER3, Energia recarregada avançado, ER3EP, Evolução pessoal, 1, SM7, 7, , , , , , ], [SF, ER3, Energia recarregada avançado, ER3EP, Evolução pessoal, 1, E4, 7, , , , , , ], [SF, ER3, Energia recarregada avançado, ER3EP, Evolução pessoal, 1, SF1422, 3, , , , , , ], [SM, DD1, Domine sua dopamina, DD1MPH, Meus primeiros hábitos, 1, SF1, 7, , , , , , ], [SM, DD1, Domine sua dopamina, DD1MPH, Meus primeiros hábitos, 1, E6, 7, , , , , , ], [SM, DD1, Domine sua dopamina, DD1MPH, Meus primeiros hábitos, 1, SM1, 7, , , , , , ], [SM, DTD1, Detox de dopamina, DTD1TO, Tempo offline, 1, SM7, 7, , , , , , ], [SM, DTD1, Detox de dopamina, DTD1TO, Tempo offline, 1, SM13, 3, , , , , , ], [SM, DTD1, Detox de dopamina, DTD1TO, Tempo offline, 1, SM6, 3, , , , , , ], [SM, DTD2, Detox de dopamina avançado, DTD2ED, Equilibrio Digital, 1, T7, 5, , , , , , ], [SM, DTD2, Detox de dopamina avançado, DTD2ED, Equilibrio Digital, 1, SM7, 5, , , , , , ], [SM, DTD2, Detox de dopamina avançado, DTD2ED, Equilibrio Digital, 1, SM13, 3, , , , , , ], [SM, DTD2, Detox de dopamina avançado, DTD2ED, Equilibrio Digital, 1, SM6, 6, , , , , , ], [SF, ED1, Eleve sua dopamina, ED1MPH, Meus primeiros hábitos, 1, SM1, 7, , , , , , ], [SF, ED1, Eleve sua dopamina, ED1MPH, Meus primeiros hábitos, 1, SF1, 7, , , , , , ], [SF, ED1, Eleve sua dopamina, ED1MPH, Meus primeiros hábitos, 1, E6, 7, , , , , , ], [E, EE1, Evolução espiritual, EE1DE, Despertar espiritual, 1, E7, 7, , , , , , ], [E, EE1, Evolução espiritual, EE1DE, Despertar espiritual, 1, E2, 7, , , , , , ], [E, EE1, Evolução espiritual, EE1DE, Despertar espiritual, 1, E5, 7, , , , , , ], [R, MMV1, Minha melhor versão, MMV1MI, Melhoria inicial, 1, R4, 2, , , , , , ], [R, MMV1, Minha melhor versão, MMV1MI, Melhoria inicial, 1, E4, 7, , , , , , ], [R, MMV1, Minha melhor versão, MMV1MI, Melhoria inicial, 1, R1, 3, , , , , , ], [E, EE2, Evolução espiritual avançado, EE2BA, Boa ação, 1, E3, 1, , , , , , ], [E, EE2, Evolução espiritual avançado, EE2BA, Boa ação, 1, E1, 1, , , , , , ], [E, EE2, Evolução espiritual avançado, EE2BA, Boa ação, 1, E2, 7, , , , , , ], [E, EE2, Evolução espiritual avançado, EE2BA, Boa ação, 1, E7, 5, , , , , , ], [E, EE2, Evolução espiritual avançado, EE2BA, Boa ação, 1, E6, 7, , , , , , ], [R, MMV2, Minha melhor versão avançado, MMV2PI, Presença Ilustre, 1, R5, 1, , , , , , ], [R, MMV2, Minha melhor versão avançado, MMV2PI, Presença Ilustre, 1, E3, 1, , , , , , ], [R, MMV2, Minha melhor versão avançado, MMV2PI, Presença Ilustre, 1, E4, 5, , , , , , ], [R, MMV2, Minha melhor versão avançado, MMV2PI, Presença Ilustre, 1, R1, 5, , , , , , ], [R, MMV2, Minha melhor versão avançado, MMV2PI, Presença Ilustre, 1, R4, 3, , , , , , ], [SM, AA1, Anti ansiedade, AA1PC, Primeiro contato, 1, E5, 7, , , , , , ], [SM, AA1, Anti ansiedade, AA1PC, Primeiro contato, 1, SM14, 5, , , , , , ], [SM, AA1, Anti ansiedade, AA1PC, Primeiro contato, 1, SM8, 3, , , , , , ], [SM, PI1, Paz interior, PI1PC, Primeiro contato, 1, E4, 7, , , , , , ], [SM, PI1, Paz interior, PI1PC, Primeiro contato, 1, SF15, 7, , , , , , ], [SM, PI1, Paz interior, PI1PC, Primeiro contato, 1, SM12, 7, , , , , , ], [SM, AA2, Anti ansiedade avançado, AA2EM, Equilibrio mental, 1, SM11, 4, , , , , , ], [SM, AA2, Anti ansiedade avançado, AA2EM, Equilibrio mental, 1, SM823, 5, , , , , , ], [SM, AA2, Anti ansiedade avançado, AA2EM, Equilibrio mental, 1, E6, 5, , , , , , ], [SM, AA2, Anti ansiedade avançado, AA2EM, Equilibrio mental, 1, SM10, 3, , , , , , ], [SM, AA2, Anti ansiedade avançado, AA2EM, Equilibrio mental, 1, SM14, 5, , , , , , ], [TG, GV2, Gerencie sua vida avançado, GV2PE, Performance eficiente, 1, T7, 3, , , , , , ], [TG, GV2, Gerencie sua vida avançado, GV2PE, Performance eficiente, 1, T2, 1, , , , , , ], [TG, GV2, Gerencie sua vida avançado, GV2PE, Performance eficiente, 1, T1, 5, , , , , , ], [TG, GV2, Gerencie sua vida avançado, GV2PE, Performance eficiente, 1, T4, 2, , , , , , ], [TG, GV2, Gerencie sua vida avançado, GV2PE, Performance eficiente, 1, T8, 5, , , , , , ], [SM, PI2, Paz interior avançado, PI2CT, Conexão total, 1, SM9, 3, , , , , , ], [SM, PI2, Paz interior avançado, PI2CT, Conexão total, 1, SM12, 5, , , , , , ], [SM, PI2, Paz interior avançado, PI2CT, Conexão total, 1, SM13, 3, , , , , , ], [SM, PI2, Paz interior avançado, PI2CT, Conexão total, 1, E4, 5, , , , , , ], [SF, ER2, Energia recarregada intermediário, ER2CT, Consistência total, 1, SM16, 3, , , , , , ], [SF, ER2, Energia recarregada intermediário, ER2CT, Consistência total, 1, SM1, 7, , , , , , ], [SF, ER2, Energia recarregada intermediário, ER2CT, Consistência total, 1, SF1, 7, , , , , , ], [SF, ER2, Energia recarregada intermediário, ER2CT, Consistência total, 1, SF1422, 3, , , , , , ], [SF, ER2, Energia recarregada intermediário, ER2CT, Consistência total, 1, SF1222, 2, , , , , , ], [SF, ER2, Energia recarregada intermediário, ER2CT, Consistência total, 1, SM13, 7, , , , , , ], [SF, ER1, Energia recarregada, ER1EM, Em movimento, 1, SF1, 3, , , , , , ], [SF, ER1, Energia recarregada, ER1EM, Em movimento, 1, SF1812, 3, , , , , , ], [SF, ER1, Energia recarregada, ER1EM, Em movimento, 1, SM1, 3, , , , , , ], [SF, ER1, Energia recarregada, ER1MT, Mente tranquila, 2, SF1, 4, , , , , , ], [SF, ER1, Energia recarregada, ER1MT, Mente tranquila, 2, SF1422, 3, , , , , , ], [SF, ER1, Energia recarregada, ER1MT, Mente tranquila, 2, SM1, 5, , , , , , ], [SF, ER1, Energia recarregada, ER1MT, Mente tranquila, 2, SM13, 2, , , , , , ], [SF, ER1, Energia recarregada, ER1PM, Poder muscular , 2, SF1, 5, , , , , , ], [SF, ER1, Energia recarregada, ER1PM, Poder muscular , 2, SF1431, 3, , , , , , ], [SF, ER1, Energia recarregada, ER1PM, Poder muscular , 2, SM1, 7, , , , , , ], [SF, ER1, Energia recarregada, ER1PM, Poder muscular , 2, SM13, 2, , , , , , ], [SF, ER1, Energia recarregada, ER1PM, Poder muscular , 2, SF12, 1, , , , , , ], [SF, ER2, Energia recarregada intermediário, ER2EC, Equilíbrio constante, 2, SF1, 7, , , , , , ], [SF, ER2, Energia recarregada intermediário, ER2EC, Equilíbrio constante, 2, SF1432, 3, , , , , , ], [SF, ER2, Energia recarregada intermediário, ER2EC, Equilíbrio constante, 2, SM1, 7, , , , , , ], [SF, ER2, Energia recarregada intermediário, ER2EC, Equilíbrio constante, 2, SM13, 3, , , , , , ], [SF, ER2, Energia recarregada intermediário, ER2EC, Equilíbrio constante, 2, SF1232, 3, , , , , , ], [SF, ER2, Energia recarregada intermediário, ER2EC, Equilíbrio constante, 2, SF16, 5, , , , , , ], [SF, ER2, Energia recarregada intermediário, ER2EC, Equilíbrio constante, 2, SF8, 3, , , , , , ], [SF, ER2, Energia recarregada intermediário, ER2DD, Desconexão diária, 3, SF1, 7, , , , , , ], [SF, ER2, Energia recarregada intermediário, ER2DD, Desconexão diária, 3, SF1432, 3, , , , , , ], [SF, ER2, Energia recarregada intermediário, ER2DD, Desconexão diária, 3, SM1, 7, , , , , , ], [SF, ER2, Energia recarregada intermediário, ER2DD, Desconexão diária, 3, SM13, 5, , , , , , ], [SF, ER2, Energia recarregada intermediário, ER2DD, Desconexão diária, 3, SF1233, 5, , , , , , ], [SF, ER2, Energia recarregada intermediário, ER2DD, Desconexão diária, 3, SF16, 5, , , , , , ], [SF, ER2, Energia recarregada intermediário, ER2DD, Desconexão diária, 3, SF8, 5, , , , , , ], [SF, ER2, Energia recarregada intermediário, ER2DD, Desconexão diária, 3, SM7, 5, , , , , , ], [SF, ER3, Energia recarregada avançado, ER3CT, Consciência total, 2, SF1, 7, , , , , , ], [SF, ER3, Energia recarregada avançado, ER3CT, Consciência total, 2, SF1432, 3, , , , , , ], [SF, ER3, Energia recarregada avançado, ER3CT, Consciência total, 2, SM1, 7, , , , , , ], [SF, ER3, Energia recarregada avançado, ER3CT, Consciência total, 2, SM13, 5, , , , , , ], [SF, ER3, Energia recarregada avançado, ER3CT, Consciência total, 2, SF1233, 5, , , , , , ], [SF, ER3, Energia recarregada avançado, ER3CT, Consciência total, 2, SF16, 7, , , , , , ], [SF, ER3, Energia recarregada avançado, ER3CT, Consciência total, 2, SF8, 7, , , , , , ], [SF, ER3, Energia recarregada avançado, ER3CT, Consciência total, 2, SM7, 5, , , , , , ], [SF, ER3, Energia recarregada avançado, ER3CT, Consciência total, 2, E4, 4, , , , , , ], [SF, ER3, Energia recarregada avançado, ER3CT, Consciência total, 2, SM6, 5, , , , , , ], [SF, ER3, Energia recarregada avançado, ER3FI, Foco intensivo , 3, SF1, 7, , , , , , ], [SF, ER3, Energia recarregada avançado, ER3FI, Foco intensivo , 3, SF1432, 3, , , , , , ], [SF, ER3, Energia recarregada avançado, ER3FI, Foco intensivo , 3, SM1, 7, , , , , , ], [SF, ER3, Energia recarregada avançado, ER3FI, Foco intensivo , 3, SM13, 5, , , , , , ], [SF, ER3, Energia recarregada avançado, ER3FI, Foco intensivo , 3, SF1233, 5, , , , , , ], [SF, ER3, Energia recarregada avançado, ER3FI, Foco intensivo , 3, SF16, 7, , , , , , ], [SF, ER3, Energia recarregada avançado, ER3FI, Foco intensivo , 3, SF8, 7, , , , , , ], [SF, ER3, Energia recarregada avançado, ER3FI, Foco intensivo , 3, SM7, 6, , , , , , ], [SF, ER3, Energia recarregada avançado, ER3FI, Foco intensivo , 3, E4, 5, , , , , , ], [SF, ER3, Energia recarregada avançado, ER3FI, Foco intensivo , 3, SM6, 6, , , , , , ], [SF, CM1, Construção muscular, CM1FT, Força total , 2, SF12, 3, , , , , , ], [SF, CM1, Construção muscular, CM1FT, Força total , 2, SF13, 2, , , , , , ], [SF, CM1, Construção muscular, CM1FT, Força total , 2, SF17, 5, , , , , , ], [SF, CM1, Construção muscular, CM1FT, Força total , 2, SF1, 7, , , , , , ], [SF, CM1, Construção muscular, CM1FT, Força total , 2, SF5, 5, , , , , , ], [SF, ME1, Mapa do emagrescimento, ME1EC, Emagrecimento consciente, 2, SF16, 5, , , , , , ], [SF, ME1, Mapa do emagrescimento, ME1EC, Emagrecimento consciente, 2, SF1, 7, , , , , , ], [SF, ME1, Mapa do emagrescimento, ME1EC, Emagrecimento consciente, 2, SF1813, 2, , , , , , ], [SM, DTD1, Detox de dopamina, DTD1D, Desconexão, 1, SM13, 3, , , , , , ], [SM, DTD1, Detox de dopamina, DTD1D, Desconexão, 1, T7, 3, , , , , , ], [SM, DTD1, Detox de dopamina, DTD1D, Desconexão, 1, SM7, 7, , , , , , ], [SM, DTD1, Detox de dopamina, DTD1UI, Uso inteligente, 2, SM13, 3, , , , , , ], [SM, DTD1, Detox de dopamina, DTD1UI, Uso inteligente, 2, T7, 4, , , , , , ], [SM, DTD1, Detox de dopamina, DTD1UI, Uso inteligente, 2, SM7, 7, , , , , , ], [SM, DTD1, Detox de dopamina, DTD1UI, Uso inteligente, 2, SM6, 7, , , , , , ], [SF, ES1, Emagreça com saúde, ES1NB, Nutrição básica , 1, SF8, 3, , , , , , ], [SF, ES1, Emagreça com saúde, ES1NB, Nutrição básica , 1, SF1, 3, , , , , , ], [SF, ES1, Emagreça com saúde, ES1NB, Nutrição básica , 1, SF10, 3, , , , , , ], [SF, ES1, Emagreça com saúde, ES1PC, Prato colorido , 2, SF8, 4, , , , , , ], [SF, ES1, Emagreça com saúde, ES1PC, Prato colorido , 2, SF1, 4, , , , , , ], [SF, ES1, Emagreça com saúde, ES1PC, Prato colorido , 2, SF10, 4, , , , , , ], [SF, ES1, Emagreça com saúde, ES1PC, Prato colorido , 2, SF11, 4, , , , , , ], [SF, DM1, Durma melhor, DM1SB, Sono básico , 1, SF4, 3, , , , , , ], [SF, DM1, Durma melhor, DM1SB, Sono básico , 1, SF2, 3, , , , , , ], [SF, DM1, Durma melhor, DM1SB, Sono básico , 1, SM1, 3, , , , , , ], [SF, DM1, Durma melhor, DM1SB, Sono básico , 1, SF16, 5, , , , , , ], [SF, DM1, Durma melhor, DM1NT, Noites tranquilas , 2, SF4, 5, , , , , , ], [SF, DM1, Durma melhor, DM1NT, Noites tranquilas , 2, SF2, 5, , , , , , ], [SF, DM1, Durma melhor, DM1NT, Noites tranquilas , 2, SM1, 5, , , , , , ], [SF, DM1, Durma melhor, DM1NT, Noites tranquilas , 2, SF16, 5, , , , , , ], [SF, DM1, Durma melhor, DM1NT, Noites tranquilas , 2, SF3, 5, , , , , , ], [E, EE1, Evolução espiritual, EE1CB, Caminho base, 1, E2, 7, , , , , , ], [E, EE1, Evolução espiritual, EE1CB, Caminho base, 1, E6, 3, , , , , , ], [E, EE1, Evolução espiritual, EE1CB, Caminho base, 1, E7, 3, , , , , , ], [E, EE1, Evolução espiritual, EE1PE, Proximidade espiritual, 2, E2, 7, , , , , , ], [E, EE1, Evolução espiritual, EE1PE, Proximidade espiritual, 2, E6, 5, , , , , , ], [E, EE1, Evolução espiritual, EE1PE, Proximidade espiritual, 2, E7, 5, , , , , , ], [E, EE1, Evolução espiritual, EE1PE, Proximidade espiritual, 2, E1, 1, , , , , , ], [TG, LS1, Líder de sucesso, LS1CH, Construindo habilidades, 1, SM14, 5, , , , , , ], [TG, LS1, Líder de sucesso, LS1CH, Construindo habilidades, 1, T1, 5, , , , , , ], [TG, LS1, Líder de sucesso, LS1CH, Construindo habilidades, 1, T8, 5, , , , , , ], [TG, LS1, Líder de sucesso, LS1CJ, Consistência em jogo , 2, SM14, 5, , , , , , ], [TG, LS1, Líder de sucesso, LS1CJ, Consistência em jogo , 2, T1, 5, , , , , , ], [TG, LS1, Líder de sucesso, LS1CJ, Consistência em jogo , 2, T8, 5, , , , , , ], [TG, AE1, Aprendizado eficiente, AE1AA, Aprendizado com autonomia, 1, T9, 7, , , , , , ], [TG, AE1, Aprendizado eficiente, AE1AA, Aprendizado com autonomia, 1, T15, 7, , , , , , ], [TG, AE1, Aprendizado eficiente, AE1AA, Aprendizado com autonomia, 1, T17, 7, , , , , , ], [TG, AE1, Aprendizado eficiente, AE1AA, Aprendizado com autonomia, 1, T13, 7, , , , , , ], [TG, GV1, Gerencie sua vida, GV1PE, Planejamento eficaz , 1, T3, 1, , , , , , ], [TG, GV1, Gerencie sua vida, GV1PE, Planejamento eficaz , 1, T5, 2, , , , , , ], [TG, GV1, Gerencie sua vida, GV1PE, Planejamento eficaz , 1, T1, 3, , , , , , ], [TG, GV1, Gerencie sua vida, GV1PE, Planejamento eficaz , 1, T8, 3, , , , , , ], [TG, GV1, Gerencie sua vida, GV1VO, Vida otimizada, 2, T3, 1, , , , , , ], [TG, GV1, Gerencie sua vida, GV1VO, Vida otimizada, 2, T5, 2, , , , , , ], [TG, GV1, Gerencie sua vida, GV1VO, Vida otimizada, 2, T1, 5, , , , , , ], [TG, GV1, Gerencie sua vida, GV1VO, Vida otimizada, 2, T8, 5, , , , , , ], [R, MMV1, Minha melhor versão, MMV1EP, Evolução pessoal, 1, E4, 5, , , , , , ], [R, MMV1, Minha melhor versão, MMV1EP, Evolução pessoal, 1, R1, 3, , , , , , ], [R, MMV1, Minha melhor versão, MMV1EP, Evolução pessoal, 1, E3, 1, , , , , , ], [R, MMV1, Minha melhor versão, MMV1CC, Crescimento contínuo , 2, E4, 7, , , , , , ], [R, MMV1, Minha melhor versão, MMV1CC, Crescimento contínuo , 2, R1, 4, , , , , , ], [R, MMV1, Minha melhor versão, MMV1CC, Crescimento contínuo , 2, E3, 1, , , , , , ], [R, MMV1, Minha melhor versão, MMV1CC, Crescimento contínuo , 2, R4, 2, , , , , , ], [SM, LC1, Leitura consistente, LC1LB, Leitura básica , 1, T10, 2, , , , , , ], [SM, LC1, Leitura consistente, LC1LB, Leitura básica , 1, SM14, 3, , , , , , ], [SM, LC1, Leitura consistente, LC1LB, Leitura básica , 1, SM7, 3, , , , , , ], [SM, LC1, Leitura consistente, LC1PL, Progressão da leitura , 2, T18, 1, , , , , , ], [SM, LC1, Leitura consistente, LC1PL, Progressão da leitura , 2, SM14, 5, , , , , , ], [SM, LC1, Leitura consistente, LC1PL, Progressão da leitura , 2, SM7, 5, , , , , , ], [SM, LC1, Leitura consistente, LC1LTH, Leitura se tornando um hábito , 3, T18, 1, , , , , , ], [SM, LC1, Leitura consistente, LC1LTH, Leitura se tornando um hábito , 3, SM14, 5, , , , , , ], [SM, LC1, Leitura consistente, LC1LTH, Leitura se tornando um hábito , 3, SM7, 5, , , , , , ], [SM, PI1, Paz interior, PI1MT, Mente tranquila , 1, SM12, 3, , , , , , ], [SM, PI1, Paz interior, PI1MT, Mente tranquila , 1, E4, 3, , , , , , ], [SM, PI1, Paz interior, PI1MT, Mente tranquila , 1, SM13, 2, , , , , , ], [SM, PI1, Paz interior, PI1DC, Desacelerar consciente , 2, SM12, 4, , , , , , ], [SM, PI1, Paz interior, PI1DC, Desacelerar consciente , 2, E4, 4, , , , , , ], [SM, PI1, Paz interior, PI1DC, Desacelerar consciente , 2, SM13, 2, , , , , , ], [SM, PI1, Paz interior, PI1DC, Desacelerar consciente , 2, SM9, 2, , , , , , ], [SM, AA1, Anti ansiedade, AA1SI, Serenidade imediata , 1, E6, 3, , , , , , ], [SM, AA1, Anti ansiedade, AA1SI, Serenidade imediata , 1, SM812, 3, , , , , , ], [SM, AA1, Anti ansiedade, AA1SI, Serenidade imediata , 1, SM14, 5, , , , , , ], [SM, AA1, Anti ansiedade, AA1CM, Clareza mental , 2, E6, 4, , , , , , ], [SM, AA1, Anti ansiedade, AA1CM, Clareza mental , 2, SM812, 4, , , , , , ], [SM, AA1, Anti ansiedade, AA1CM, Clareza mental , 2, SM14, 5, , , , , , ], [SM, AA1, Anti ansiedade, AA1CM, Clareza mental , 2, SM11, 3, , , , , , ], [E, EE2, Evolução espiritual avançado, EE2CE, Caminho espiritual , 2, E2, 7, , , , , , ], [E, EE2, Evolução espiritual avançado, EE2CE, Caminho espiritual , 2, E6, 7, , , , , , ], [E, EE2, Evolução espiritual avançado, EE2CE, Caminho espiritual , 2, E7, 5, , , , , , ], [E, EE2, Evolução espiritual avançado, EE2CE, Caminho espiritual , 2, E1, 1, , , , , , ], [E, EE2, Evolução espiritual avançado, EE2CE, Caminho espiritual , 2, E3, 1, , , , , , ], [R, MMV2, Minha melhor versão avançado, MMV2MV, Melhor versão, 2, E4, 7, , , , , , ], [R, MMV2, Minha melhor versão avançado, MMV2MV, Melhor versão, 2, R1, 7, , , , , , ], [R, MMV2, Minha melhor versão avançado, MMV2MV, Melhor versão, 2, E3, 1, , , , , , ], [R, MMV2, Minha melhor versão avançado, MMV2MV, Melhor versão, 2, R4, 3, , , , , , ], [R, MMV2, Minha melhor versão avançado, MMV2MV, Melhor versão, 2, R6, 2, , , , , , ], [R, MMV2, Minha melhor versão avançado, MMV2MV, Melhor versão, 2, R3, 2, , , , , , ], [R, MMV2, Minha melhor versão avançado, MMV2MV, Melhor versão, 2, R2, 1, , , , , , ], [TG, LS2, Líder de sucesso - avançado , LS2FI, Foco inabalável , 1, SM14, 5, , , , , , ], [TG, LS2, Líder de sucesso - avançado , LS2FI, Foco inabalável , 1, T1, 5, , , , , , ], [TG, LS2, Líder de sucesso - avançado , LS2FI, Foco inabalável , 1, T8, 5, , , , , , ], [TG, LS2, Líder de sucesso - avançado , LS2FI, Foco inabalável , 1, SM5, 3, , , , , , ], [TG, LS2, Líder de sucesso - avançado , LS2MP, Mestre profissional , 2, SM14, 5, , , , , , ], [TG, LS2, Líder de sucesso - avançado , LS2MP, Mestre profissional , 2, T1, 5, , , , , , ], [TG, LS2, Líder de sucesso - avançado , LS2MP, Mestre profissional , 2, T8, 5, , , , , , ], [TG, LS2, Líder de sucesso - avançado , LS2MP, Mestre profissional , 2, SM5, 5, , , , , , ], [TG, LS2, Líder de sucesso - avançado , LS2MP, Mestre profissional , 2, T6, 1, , , , , , ], [TG, LS2, Líder de sucesso - avançado , LS2MP, Mestre profissional , 2, SM7, 5, , , , , , ], [TG, GV2, Gerencie sua vida avançado, GV2CT, Controle total , 2, T2, 1, , , , , , ], [TG, GV2, Gerencie sua vida avançado, GV2CT, Controle total , 2, T4, 2, , , , , , ], [TG, GV2, Gerencie sua vida avançado, GV2CT, Controle total , 2, T1, 5, , , , , , ], [TG, GV2, Gerencie sua vida avançado, GV2CT, Controle total , 2, T8, 5, , , , , , ], [TG, GV2, Gerencie sua vida avançado, GV2CT, Controle total , 2, T7, 5, , , , , , ], [TG, GV2, Gerencie sua vida avançado, GV2CT, Controle total , 2, T6, 1, , , , , , ], [TG, GV2, Gerencie sua vida avançado, GV2CT, Controle total , 2, SM7, 5, , , , , , ], [SM, PI2, Paz interior avançado, PI2ZM, Zen moderno , 2, SM12, 7, , , , , , ], [SM, PI2, Paz interior avançado, PI2ZM, Zen moderno , 2, E4, 7, , , , , , ], [SM, PI2, Paz interior avançado, PI2ZM, Zen moderno , 2, SM9, 3, , , , , , ], [SM, PI2, Paz interior avançado, PI2ZM, Zen moderno , 2, SM13, 5, , , , , , ], [SM, PI2, Paz interior avançado, PI2ZM, Zen moderno , 2, SF15, 5, , , , , , ], [SM, AA2, Anti ansiedade avançado, AA2VP, Vida positiva, 2, E6, 7, , , , , , ], [SM, AA2, Anti ansiedade avançado, AA2VP, Vida positiva, 2, SM8, 7, , , , , , ], [SM, AA2, Anti ansiedade avançado, AA2VP, Vida positiva, 2, SM14, 5, , , , , , ], [SM, AA2, Anti ansiedade avançado, AA2VP, Vida positiva, 2, SM11, 5, , , , , , ], [SM, AA2, Anti ansiedade avançado, AA2VP, Vida positiva, 2, SM10, 5, , , , , , ], [SM, AA2, Anti ansiedade avançado, AA2VP, Vida positiva, 2, SM4, 5, , , , , , ], [SF, ME2, Mapa do emagrescimento avançado, ME2RM, Redução de medidas , 2, SF1, 7, , , , , , ], [SF, ME2, Mapa do emagrescimento avançado, ME2RM, Redução de medidas , 2, SF16, 5, , , , , , ], [SF, ME2, Mapa do emagrescimento avançado, ME2RM, Redução de medidas , 2, SF1813, 3, , , , , , ], [SF, ME2, Mapa do emagrescimento avançado, ME2RM, Redução de medidas , 2, SF17, 5, , , , , , ], [SF, ME2, Mapa do emagrescimento avançado, ME2RM, Redução de medidas , 2, SF1223, 2, , , , , , ], [SM, DTD2, Detox de dopamina avançado, DTD2LD, Liberdade digital , 2, SM13, 3, , , , , , ], [SM, DTD2, Detox de dopamina avançado, DTD2LD, Liberdade digital , 2, T7, 5, , , , , , ], [SM, DTD2, Detox de dopamina avançado, DTD2LD, Liberdade digital , 2, SM7, 7, , , , , , ], [SM, DTD2, Detox de dopamina avançado, DTD2LD, Liberdade digital , 2, SM6, 7, , , , , , ], [SF, ES2, Emagreça com saúde avançado, ES2AI, Alimentação ideal , 2, SF8, 7, , , , , , ], [SF, ES2, Emagreça com saúde avançado, ES2AI, Alimentação ideal , 2, SF1, 7, , , , , , ], [SF, ES2, Emagreça com saúde avançado, ES2AI, Alimentação ideal , 2, SF10, 7, , , , , , ], [SF, ES2, Emagreça com saúde avançado, ES2AI, Alimentação ideal , 2, SF11, 7, , , , , , ], [SF, ES2, Emagreça com saúde avançado, ES2AI, Alimentação ideal , 2, SF9, 7, , , , , , ], [SF, DM2, Durma melhor avançado, DM2SO, Sono de ouro , 2, SF4, 7, , , , , , ], [SF, DM2, Durma melhor avançado, DM2SO, Sono de ouro , 2, SF2, 7, , , , , , ], [SF, DM2, Durma melhor avançado, DM2SO, Sono de ouro , 2, SM1, 7, , , , , , ], [SF, DM2, Durma melhor avançado, DM2SO, Sono de ouro , 2, SF16, 7, , , , , , ], [SF, DM2, Durma melhor avançado, DM2SO, Sono de ouro , 2, SF3, 7, , , , , , ], [SF, DM2, Durma melhor avançado, DM2SO, Sono de ouro , 2, SF6, 7, , , , , , ], [SF, DM2, Durma melhor avançado, DM2SO, Sono de ouro , 2, SF19, 7, , , , , , ], [, , , , , , , , , , , , , ], [, , , , , , , , , , , , , ], [, , , , , , , , , , , , , ], [, , , , , , , , , , , , , ], [, , , , , , , , , , , , , ], [, , , , , , , , , , , , , ], [, , , , , , , , , , , , , ], [, , , , , , , , , , , , , ], [, , , , , , , , , , , , , ], [, , , , , , , , , , , , , ], [, , , , , , , , , , , , , ], [, , , , , , , , , , , , , ], [, , , , , , , , , , , , , ], [, , , , , , , , , , , , , ], [, , , , , , , , , , , , , ], [, , , , , , , , , , , , , ], [, , , , , , , , , , , , , ], [, , , , , , , , , , , , , ], [, , , , , , , , , , , , , ], [, , , , , , , , , , , , , ], [, , , , , , , , , , , , , ], [, , , , , , , , , , , , , ], [, , , , , , , , , , , , , ], [, , , , , , , , , , , , , ], [, , , , , , , , , , , , , ], [, , , , , , , , , , , , , ], [, , , , , , , , , , , , , ], [, , , , , , , , , , , , , ], [, , , , , , , , , , , , , ], [, , , , , , , , , , , , , ], [, , , , , , , , , , , , , ], [, , , , , , , , , , , , , ], [, , , , , , , , , , , , , ], [, , , , , , , , , , , , , ], [, , , , , , , , , , , , , ], [, , , , , , , , , , , , , ], [, , , , , , , , , , , , , ], [, , , , , , , , , , , , , ], [, , , , , , , , , , , , , ], [, , , , , , , , , , , , , ], [, , , , , , , , , , , , , ], [, , , , , , , , , , , , , ], [, , , , , , , , , , , , , ], [, , , , , , , , , , , , , ], [, , , , , , , , , , , , , ], [, , , , , , , , , , , , , ], [, , , , , , , , , , , , , ], [, , , , , , , , , , , , , ], [, , , , , , , , , , , , , ], [, , , , , , , , , , , , , ], [, , , , , , , , , , , , , ], [, , , , , , , , , , , , , ], [, , , , , , , , , , , , , ], [, , , , , , , , , , , , , ], [, , , , , , , , , , , , , ], [, , , , , , , , , , , , , ], [, , , , , , , , , , , , , ], [, , , , , , , , , , , , , ], [, , , , , , , , , , , , , ], [, , , , , , , , , , , , , ], [, , , , , , , , , , , , , ], [, , , , , , , , , , , , , ], [, , , , , , , , , , , , , ], [, , , , , , , , , , , , , ], [, , , , , , , , , , , , , ], [, , , , , , , , , , , , , ], [, , , , , , , , , , , , , ], [, , , , , , , , , , , , , ], [, , , , , , , , , , , , , ], [, , , , , , , , , , , , , ], [, , , , , , , , , , , , , ], [, , , , , , , , , , , , , ], [, , , , , , , , , , , , , ], [, , , , , , , , , , , , , ], [, , , , , , , , , , , , , ], [, , , , , , , , , , , , , ], [, , , , , , , , , , , , , ], [, , , , , , , , , , , , , ], [, , , , , , , , , , , , , ], [, , , , , , , , , , , , , ], [, , , , , , , , , , , , , ], [, , , , , , , , , , , , , ], [, , , , , , , , , , , , , ], [, , , , , , , , , , , , , ], [, , , , , , , , , , , , , ], [, , , , , , , , , , , , , ], [, , , , , , , , , , , , , ], [, , , , , , , , , , , , , ], [, , , , , , , , , , , , , ], [, , , , , , , , , , , , , ], [, , , , , , , , , , , , , ], [, , , , , , , , , , , , , ], [, , , , , , , , , , , , , ], [, , , , , , , , , , , , , ], [, , , , , , , , , , , , , ], [, , , , , , , , , , , , , ], [, , , , , , , , , , , , , ], [, , , , , , , , , , , , , ], [, , , , , , , , , , , , , ], [, , , , , , , , , , , , , ], [, , , , , , , , , , , , , ], [, , , , , , , , , , , , , ], [, , , , , , , , , , , , , ], [, , , , , , , , , , , , , ], [, , , , , , , , , , , , , ], [, , , , , , , , , , , , , ], [, , , , , , , , , , , , , ], [, , , , , , , , , , , , , ], [, , , , , , , , , , , , , ], [, , , , , , , , , , , , , ], [, , , , , , , , , , , , , ], [, , , , , , , , , , , , , ], [, , , , , , , , , , , , , ], [, , , , , , , , , , , , , ], [, , , , , , , , , , , , , ], [, , , , , , , , , , , , , ], [, , , , , , , , , , , , , ], [, , , , , , , , , , , , , ], [, , , , , , , , , , , , , ], [, , , , , , , , , , , , , ], [, , , , , , , , , , , , , ], [, , , , , , , , , , , , , ], [, , , , , , , , , , , , , ], [, , , , , , , , , , , , , ], [, , , , , , , , , , , , , ], [, , , , , , , , , , , , , ], [, , , , , , , , , , , , , ], [, , , , , , , , , , , , , ], [, , , , , , , , , , , , , ], [, , , , , , , , , , , , , ], [, , , , , , , , , , , , , ], [, , , , , , , , , , , , , ], [, , , , , , , , , , , , , ], [, , , , , , , , , , , , , ], [, , , , , , , , , , , , , ], [, , , , , , , , , , , , , ], [, , , , , , , , , , , , , ], [, , , , , , , , , , , , , ], [, , , , , , , , , , , , , ], [, , , , , , , , , , , , , ], [, , , , , , , , , , , , , ], [, , , , , , , , , , , , , ], [, , , , , , , , , , , , , ], [, , , , , , , , , , , , , ], [, , , , , , , , , , , , , ], [, , , , , , , , , , , , , ], [, , , , , , , , , , , , , ], [, , , , , , , , , , , , , ], [, , , , , , , , , , , , , ], [, , , , , , , , , , , , , ], [, , , , , , , , , , , , , ], [, , , , , , , , , , , , , ], [, , , , , , , , , , , , , ], [, , , , , , , , , , , , , ], [, , , , , , , , , , , , , ], [, , , , , , , , , , , , , ], [, , , , , , , , , , , , , ], [, , , , , , , , , , , , , ], [, , , , , , , , , , , , , ], [, , , , , , , , , , , , , ], [, , , , , , , , , , , , , ], [, , , , , , , , , , , , , ], [, , , , , , , , , , , , , ], [, , , , , , , , , , , , , ], [, , , , , , , , , , , , , ], [, , , , , , , , , , , , , ], [, , , , , , , , , , , , , ], [, , , , , , , , , , , , , ], [, , , , , , , , , , , , , ], [, , , , , , , , , , , , , ], [, , , , , , , , , , , , , ], [, , , , , , , , , , , , , ], [, , , , , , , , , , , , , ], [, , , , , , , , , , , , , ], [, , , , , , , , , , , , , ], [, , , , , , , , , , , , , ], [, , , , , , , , , , , , , ], [, , , , , , , , , , , , , ], [, , , , , , , , , , , , , ], [, , , , , , , , , , , , , ], [, , , , , , , , , , , , , ], [, , , , , , , , , , , , , ], [, , , , , , , , , , , , , ], [, , , , , , , , , , , , , ], [, , , , , , , , , , , , , ], [, , , , , , , , , , , , , ], [, , , , , , , , , , , , , ], [, , , , , , , , , , , , , ], [, , , , , , , , , , , , , ], [, , , , , , , , , , , , , ], [, , , , , , , , , , , , , ], [, , , , , , , , , , , , , ], [, , , , , , , , , , , , , ], [, , , , , , , , , , , , , ], [, , , , , , , , , , , , , ], [, , , , , , , , , , , , , ], [, , , , , , , , , , , , , ], [, , , , , , , , , , , , , ], [, , , , , , , , , , , , , ], [, , , , , , , , , , , , , ], [, , , , , , , , , , , , , ], [, , , , , , , , , , , , , ], [, , , , , , , , , , , , , ], [, , , , , , , , , , , , , ], [, , , , , , , , , , , , , ], [, , , , , , , , , , , , , ], [, , , , , , , , , , , , , ], [, , , , , , , , , , , , , ], [, , , , , , , , , , , , , ], [, , , , , , , , , , , , , ], [, , , , , , , , , , , , , ], [, , , , , , , , , , , , , ], [, , , , , , , , , , , , , ], [, , , , , , , , , , , , , ], [, , , , , , , , , , , , , ], [, , , , , , , , , , , , , ], [, , , , , , , , , , , , , ], [, , , , , , , , , , , , , ], [, , , , , , , , , , , , , ], [, , , , , , , , , , , , , ], [, , , , , , , , , , , , , ], [, , , , , , , , , , , , , ], [, , , , , , , , , , , , , ], [, , , , , , , , , , , , , ], [, , , , , , , , , , , , , ], [, , , , , , , , , , , , , ], [, , , , , , , , , , , , , ], [, , , , , , , , , , , , , ], [, , , , , , , , , , , , , ], [, , , , , , , , , , , , , ], [, , , , , , , , , , , , , ], [, , , , , , , , , , , , , ], [, , , , , , , , , , , , , ], [, , , , , , , , , , , , , ], [, , , , , , , , , , , , , ], [, , , , , , , , , , , , , ], [, , , , , , , , , , , , , ], [, , , , , , , , , , , , , ], [, , , , , , , , , , , , , ], [, , , , , , , , , , , , , ], [, , , , , , , , , , , , , ], [, , , , , , , , , , , , , ], [, , , , , , , , , , , , , ], [, , , , , , , , , , , , , ], [, , , , , , , , , , , , , ], [, , , , , , , , , , , , , ], [, , , , , , , , , , , , , ], [, , , , , , , , , , , , , ], [, , , , , , , , , , , , , ], [, , , , , , , , , , , , , ], [, , , , , , , , , , , , , ], [, , , , , , , , , , , , , ], [, , , , , , , , , , , , , ], [, , , , , , , , , , , , , ], [, , , , , , , , , , , , , ], [, , , , , , , , , , , , , ], [, , , , , , , , , , , , , ], [, , , , , , , , , , , , , ], [, , , , , , , , , , , , , ], [, , , , , , , , , , , , , ], [, , , , , , , , , , , , , ], [, , , , , , , , , , , , , ], [, , , , , , , , , , , , , ], [, , , , , , , , , , , , , ], [, , , , , , , , , , , , , ], [, , , , , , , , , , , , , ], [, , , , , , , , , , , , , ], [, , , , , , , , , , , , , ], [, , , , , , , , , , , , , ], [, , , , , , , , , , , , , ], [, , , , , , , , , , , , , ], [, , , , , , , , , , , , , ], [, , , , , , , , , , , , , ], [, , , , , , , , , , , , , ], [, , , , , , , , , , , , , ], [, , , , , , , , , , , , , ], [, , , , , , , , , , , , , ], [, , , , , , , , , , , , , ], [, , , , , , , , , , , , , ], [, , , , , , , , , , , , , ], [, , , , , , , , , , , , , ], [, , , , , , , , , , , , , ], [, , , , , , , , , , , , , ], [, , , , , , , , , , , , , ], [, , , , , , , , , , , , , ], [, , , , , , , , , , , , , ], [, , , , , , , , , , , , , ], [, , , , , , , , , , , , , ], [, , , , , , , , , , , , , ], [, , , , , , , , , , , , , ], [, , , , , , , , , , , , , ], [, , , , , , , , , , , , , ], [, , , , , , , , , , , , , ], [, , , , , , , , , , , , , ], [, , , , , , , , , , , , , ], [, , , , , , , , , , , , , ], [, , , , , , , , , , , , , ], [, , , , , , , , , , , , , ], [, , , , , , , , , , , , , ], [, , , , , , , , , , , , , ], [, , , , , , , , , , , , , ], [, , , , , , , , , , , , , ], [, , , , , , , , , , , , , ], [, , , , , , , , , , , , , ], [, , , , , , , , , , , , , ], [, , , , , , , , , , , , , ], [, , , , , , , , , , , , , ], [, , , , , , , , , , , , , ], [, , , , , , , , , , , , , ], [, , , , , , , , , , , , , ], [, , , , , , , , , , , , , ], [, , , , , , , , , , , , , ], [, , , , , , , , , , , , , ], [, , , , , , , , , , , , , ], [, , , , , , , , , , , , , ], [, , , , , , , , , , , , , ], [, , , , , , , , , , , , , ], [, , , , , , , , , , , , , ], [, , , , , , , , , , , , , ], [, , , , , , , , , , , , , ], [, , , , , , , , , , , , , ], [, , , , , , , , , , , , , ], [, , , , , , , , , , , , , ], [, , , , , , , , , , , , , ], [, , , , , , , , , , , , , ], [, , , , , , , , , , , , , ], [, , , , , , , , , , , , , ], [, , , , , , , , , , , , , ], [, , , , , , , , , , , , , ], [, , , , , , , , , , , , , ], [, , , , , , , , , , , , , ], [, , , , , , , , , , , , , ], [, , , , , , , , , , , , , ], [, , , , , , , , , , , , , ], [, , , , , , , , , , , , , ], [, , , , , , , , , , , , , ], [, , , , , , , , , , , , , ], [, , , , , , , , , , , , , ], [, , , , , , , , , , , , , ], [, , , , , , , , , , , , , ], [, , , , , , , , , , , , , ], [, , , , , , , , , , , , , ], [, , , , , , , , , , , , , ], [, , , , , , , , , , , , , ], [, , , , , , , , , , , , , ], [, , , , , , , , , , , , , ], [, , , , , , , , , , , , , ], [, , , , , , , , , , , , , ], [, , , , , , , , , , , , , ], [, , , , , , , , , , , , , ], [, , , , , , , , , , , , , ], [, , , , , , , , , , , , , ], [, , , , , , , , , , , , , ], [, , , , , , , , , , , , , ], [, , , , , , , , , , , , , ], [, , , , , , , , , , , , , ], [, , , , , , , , , , , , , ], [, , , , , , , , , , , , , ], [, , , , , , , , , , , , , ], [, , , , , , , , , , , , , ], [, , , , , , , , , , , , , ], [, , , , , , , , , , , , , ], [, , , , , , , , , , , , , ], [, , , , , , , , , , , , , ], [, , , , , , , , , , , , , ], [, , , , , , , , , , , , , ], [, , , , , , , , , , , , , ], [, , , , , , , , , , , , , ], [, , , , , , , , , , , , , ], [, , , , , , , , , , , , , ], [, , , , , , , , , , , , , ], [, , , , , , , , , , , , , ], [, , , , , , , , , , , , , ], [, , , , , , , , , , , , , ], [, , , , , , , , , , , , , ], [, , , , , , , , , , , , , ], [, , , , , , , , , , , , , ], [, , , , , , , , , , , , , ], [, , , , , , , , , , , , , ], [, , , , , , , , , , , , , ], [, , , , , , , , , , , , , ], [, , , , , , , , , , , , , ], [, , , , , , , , , , , , , ], [, , , , , , , , , , , , , ], [, , , , , , , , , , , , , ], [, , , , , , , , , , , , , ], [, , , , , , , , , , , , , ], [, , , , , , , , , , , , , ], [, , , , , , , , , , , , , ], [, , , , , , , , , , , , , ], [, , , , , , , , , , , , , ], [, , , , , , , , , , , , , ], [, , , , , , , , , , , , , ], [, , , , , , , , , , , , , ], [, , , , , , , , , , , , , ], [, , , , , , , , , , , , , ], [, , , , , , , , , , , , , ], [, , , , , , , , , , , , , ], [, , , , , , , , , , , , , ], [, , , , , , , , , , , , , ], [, , , , , , , , , , , , , ], [, , , , , , , , , , , , , ], [, , , , , , , , , , , , , ], [, , , , , , , , , , , , , ], [, , , , , , , , , , , , , ], [, , , , , , , , , , , , , ], [, , , , , , , , , , , , , ], [, , , , , , , , , , , , , ], [, , , , , , , , , , , , , ], [, , , , , , , , , , , , , ], [, , , , , , , , , , , , , ], [, , , , , , , , , , , , , ], [, , , , , , , , , , , , , ], [, , , , , , , , , , , , , ], [, , , , , , , , , , , , , ], [, , , , , , , , , , , , , ], [, , , , , , , , , , , , , ], [, , , , , , , , , , , , , ], [, , , , , , , , , , , , , ], [, , , , , , , , , , , , , ], [, , , , , , , , , , , , , ], [, , , , , , , , , , , , , ], [, , , , , , , , , , , , , ], [, , , , , , , , , , , , , ], [, , , , , , , , , , , , , ], [, , , , , , , , , , , , , ], [, , , , , , , , , , , , , ], [, , , , , , , , , , , , , ], [, , , , , , , , , , , , , ], [, , , , , , , , , , , , , ], [, , , , , , , , , , , , , ], [, , , , , , , , , , , , , ], [, , , , , , , , , , , , , ], [, , , , , , , , , , , , , ], [, , , , , , , , , , , , , ], [, , , , , , , , , , , , , ], [, , , , , , , , , , , , , ], [, , , , , , , , , , , , , ], [, , , , , , , , , , , , , ], [, , , , , , , , , , , , , ], [, , , , , , , , , , , , , ], [, , , , , , , , , , , , , ], [, , , , , , , , , , , , , ], [, , , , , , , , , , , , , ], [, , , , , , , , , , , , , ], [, , , , , , , , , , , , , ], [, , , , , , , , , , , , , ], [, , , , , , , , , , , , , ], [, , , , , , , , , , , , , ], [, , , , , , , , , , , , , ], [, , , , , , , , , , , , , ], [, , , , , , , , , , , , , ], [, , , , , , , , , , , , , ], [, , , , , , , , , , , , , ], [, , , , , , , , , , , , , ], [, , , , , , , , , , , , , ], [, , , , , , , , , , , , , ], [, , , , , , , , , , , , , ], [, , , , , , , , , , , , , ], [, , , , , , , , , , , , , ], [, , , , , , , , , , , , , ], [, , , , , , , , , , , , , ], [, , , , , , , , , , , , , ], [, , , , , , , , , , , , , ], [, , , , , , , , , , , , , ], [, , , , , , , , , , , , , ], [, , , , , , , , , , , , , ], [, , , , , , , , , , , , , ], [, , , , , , , , , , , , , ], [, , , , , , , , , , , , , ], [, , , , , , , , , , , , , ], [, , , , , , , , , , , , , ], [, , , , , , , , , , , , , ], [, , , , , , , , , , , , , ], [, , , , , , , , , , , , , ], [, , , , , , , , , , , , , ], [, , , , , , , , , , , , , ], [, , , , , , , , , , , , , ], [, , , , , , , , , , , , , ], [, , , , , , , , , , , , , ], [, , , , , , , , , , , , , ], [, , , , , , , , , , , , , ], [, , , , , , , , , , , , , ], [, , , , , , , , , , , , , ], [, , , , , , , , , , , , , ], [, , , , , , , , , , , , , ], [, , , , , , , , , , , , , ], [, , , , , , , , , , , , , ], [, , , , , , , , , , , , , ], [, , , , , , , , , , , , , ], [, , , , , , , , , , , , , ], [, , , , , , , , , , , , , ], [, , , , , , , , , , , , , ], [, , , , , , , , , , , , , ], [, , , , , , , , , , , , , ], [, , , , , , , , , , , , , ], [, , , , , , , , , , , , , ], [, , , , , , , , , , , , , ], [, , , , , , , , , , , , , ], [, , , , , , , , , , , , , ], [, , , , , , , , , , , , , ], [, , , , , , , , , , , , , ], [, , , , , , , , , , , , , ], [, , , , , , , , , , , , , ], [, , , , , , , , , , , , , ], [, , , , , , , , , , , , , ], [, , , , , , , , , , , , , ], [, , , , , , , , , , , , , ], [, , , , , , , , , , , , , ], [, , , , , , , , , , , , , ], [, , , , , , , , , , , , , ], [, , , , , , , , , , , , , ], [, , , , , , , , , , , , , ], [, , , , , , , , , , , , , ], [, , , , , , , , , , , , , ], [, , , , , , , , , , , , , ], [, , , , , , , , , , , , , ], [, , , , , , , , , , , , , ], [, , , , , , , , , , , , , ], [, , , , , , , , , , , , , ], [, , , , , , , , , , , , , ], [, , , , , , , , , , , , , ], [, , , , , , , , , , , , , ], [, , , , , , , , , , , , , ], [, , , , , , , , , , , , , ], [, , , , , , , , , , , , , ], [, , , , , , , , , , , , , ], [, , , , , , , , , , , , , ], [, , , , , , , , , , , , , ], [, , , , , , , , , , , , , ], [, , , , , , , , , , , , , ], [, , , , , , , , , , , , , ], [, , , , , , , , , , , , , ], [, , , , , , , , , , , , , ], [, , , , , , , , , , , , , ], [, , , , , , , , , , , , , ], [, , , , , , , , , , , , , ], [, , , , , , , , , , , , , ], [, , , , , , , , , , , , , ], [, , , , , , , , , , , , , ], [, , , , , , , , , , , , , ], [, , , , , , , , , , , , , ], [, , , , , , , , , , , , , ], [, , , , , , , , , , , , , ], [, , , , , , , , , , , , , ], [, , , , , , , , , , , , , ], [, , , , , , , , , , , , , ], [, , , , , , , , , , , , , ], [, , , , , , , , , , , , , ], [, , , , , , , , , , , , , ], [, , , , , , , , , , , , , ], [, , , , , , , , , , , , , ], [, , , , , , , , , , , , , ], [, , , , , , , , , , , , , ], [, , , , , , , , , , , , , ], [, , , , , , , , , , , , , ], [, , , , , , , , , , , , , ], [, , , , , , , , , , , , , ], [, , , , , , , , , , , , , ], [, , , , , , , , , , , , , ], [, , , , , , , , , , , , , ], [, , , , , , , , , , , , , ], [, , , , , , , , , , , , , ], [, , , , , , , , , , , , , ], [, , , , , , , , , , , , , ], [, , , , , , , , , , , , , ], [, , , , , , , , , , , , , ], [, , , , , , , , , , , , , ], [, , , , , , , , , , , , , ], [, , , , , , , , , , , , , ], [, , , , , , , , , , , , , ], [, , , , , , , , , , , , , ], [, , , , , , , , , , , , , ], [, , , , , , , , , , , , , ], [, , , , , , , , , , , , , ], [, , , , , , , , , , , , , ], [, , , , , , , , , , , , , ], [, , , , , , , , , , , , , ], [, , , , , , , , , , , , , ], [, , , , , , , , , , , , , ], [, , , , , , , , , , , , , ], [, , , , , , , , , , , , , ], [, , , , , , , , , , , , , ], [, , , , , , , , , , , , , ], [, , , , , , , , , , , , , ], [, , , , , , , , , , , , , ], [, , , , , , , , , , , , , ], [, , , , , , , , , , , , , ], [, , , , , , , , , , , , , ], [, , , , , , , , , , , , , ], [, , , , , , , , , , , , , ], [, , , , , , , , , , , , , ], [, , , , , , , , , , , , , ], [, , , , , , , , , , , , , ], [, , , , , , , , , , , , , ], [, , , , , , , , , , , , , ], [, , , , , , , , , , , , , ], [, , , , , , , , , , , , , ], [, , , , , , , , , , , , , ], [, , , , , , , , , , , , , ], [, , , , , , , , , , , , , ], [, , , , , , , , , , , , , ], [, , , , , , , , , , , , , ], [, , , , , , , , , , , , , ], [, , , , , , , , , , , , , ], [, , , , , , , , , , , , , ], [, , , , , , , , , , , , , ], [, , , , , , , , , , , , , ], [, , , , , , , , , , , , , ], [, , , , , , , , , , , , , ], [, , , , , , , , , , , , , ], [, , , , , , , , , , , , , ], [, , , , , , , , , , , , , ], [, , , , , , , , , , , , , ], [, , , , , , , , , , , , , ], [, , , , , , , , , , , , , ], [, , , , , , , , , , , , , ], [, , , , , , , , , , , , , ], [, , , , , , , , , , , , , ], [, , , , , , , , , , , , , ], [, , , , , , , , , , , , , ], [, , , , , , , , , , , , , ], [, , , , , , , , , , , , , ], [, , , , , , , , , , , , , ], [, , , , , , , , , , , , , ], [, , , , , , , , , , , , , ], [, , , , , , , , , , , , , ], [, , , , , , , , , , , , , ], [, , , , , , , , , , , , , ], [, , , , , , , , , , , , , ], [, , , , , , , , , , , , , ], [, , , , , , , , , , , , , ], [, , , , , , , , , , , , , ], [, , , , , , , , , , , , , ], [, , , , , , , , , , , , , ], [, , , , , , , , , , , , , ], [, , , , , , , , , , , , , ], [, , , , , , , , , , , , , ], [, , , , , , , , , , , , , ], [, , , , , , , , , , , , , ], [, , , , , , , , , , , , , ], [, , , , , , , , , , , , , ], [, , , , , , , , , , , , , ], [, , , , , , , , , , , , , ], [, , , , , , , , , , , , , ], [, , , , , , , , , , , , , ], [, , , , , , , , , , , , , ], [, , , , , , , , , , , , , ], [, , , , , , , , , , , , , ], [, , , , , , , , , , , , , ], [, , , , , , , , , , , , , ], [, , , , , , , , , , , , , ], [, , , , , , , , , , , , , ], [, , , , , , , , , , , , , ], [, , , , , , , , , , , , , ], [, , , , , , , , , , , , , ], [, , , , , , , , , , , , , ], [, , , , , , , , , , , , , ], [, , , , , , , , , , , , , ], [, , , , , , , , , , , , , ], [, , , , , , , , , , , , , ], [, , , , , , , , , , , , , ], [, , , , , , , , , , , , , ], [, , , , , , , , , , , , , ], [, , , , , , , , , , , , , ], [, , , , , , , , , , , , , ], [, , , , , , , , , , , , , ], [, , , , , , , , , , , , , ], [, , , , , , , , , , , , , ], [, , , , , , , , , , , , , ], [, , , , , , , , , , , , , ], [, , , , , , , , , , , , , ], [, , , , , , , , , , , , , ], [, , , , , , , , , , , , , ], [, , , , , , , , , , , , , ], [, , , , , , , , , , , , , ], [, , , , , , , , , , , , , ], [, , , , , , , , , , , , , ], [, , , , , , , , , , , , , ], [, , , , , , , , , , , , , ], [, , , , , , , , , , , , , ], [, , , , , , , , , , , , , ], [, , , , , , , , , , , , , ], [, , , , , , , , , , , , , ], [, , , , , , , , , , , , , ], [, , , , , , , , , , , , , ], [, , , , , , , , , , , , , ], [, , , , , , , , , , , , , ], [, , , , , , , , , , , , , ], [, , , , , , , , , , , , , ], [, , , , , , , , , , , , , ], [, , , , , , , , , , , , , ]]
Data rows: [[SF, ER1, Energia recarregada, ER1PC, Primeiro contato, 1, SF1, 7, , , , , , ], [SF, ER1, Energia recarregada, ER1PC, Primeiro contato, 1, SF18, 3, , , , , , ], [SF, ER1, Energia recarregada, ER1PC, Primeiro contato, 1, SM1, 7, , , , , , ], [SF, CM1, Construção muscular, CM1BF, Base de força, 1, SF10, 7, , , , , , ], [SF, CM1, Construção muscular, CM1BF, Base de força, 1, SF13, 2, , , , , , ], [SF, CM1, Construção muscular, CM1BF, Base de força, 1, SF12, 3, , , , , , ], [SF, CM1, Construção muscular, CM1BF, Base de força, 1, SF17, 5, , , , , , ], [SF, DM1, Durma melhor, DM1PP, Primeiros Passos, 1, SM1, 5, , , , , , ], [SF, DM1, Durma melhor, DM1PP, Primeiros Passos, 1, SM2, 5, , , , , , ], [SF, DM1, Durma melhor, DM1PP, Primeiros Passos, 1, SF16, 5, , , , , , ], [SF, ES1, Emagreça com saúde, ES1IS, Início Saudável, 1, SF1, 5, , , , , , ], [SF, ES1, Emagreça com saúde, ES1IS, Início Saudável, 1, SF8, 5, , , , , , ], [SF, ES1, Emagreça com saúde, ES1IS, Início Saudável, 1, SF9, 5, , , , , , ], [TG, LS1, Líder de sucesso, LS1CL, Caminho do líder, 1, SM14, 7, , , , , , ], [TG, LS1, Líder de sucesso, LS1CL, Caminho do líder, 1, T1, 7, , , , , , ], [TG, LS1, Líder de sucesso, LS1CL, Caminho do líder, 1, T8, 5, , , , , , ], [TG, GV1, Gerencie sua vida, GV1PC, Primeiro contato, 1, T8, 3, , , , , , ], [TG, GV1, Gerencie sua vida, GV1PC, Primeiro contato, 1, T1, 7, , , , , , ], [TG, GV1, Gerencie sua vida, GV1PC, Primeiro contato, 1, T4, 2, , , , , , ], [TG, AE1, Aprendizado eficiente, AE1AL, Aprenda com a Lyfe, 1, T15, 2, , , , , , ], [TG, AE1, Aprendizado eficiente, AE1AL, Aprenda com a Lyfe, 1, T17, 1, , , , , , ], [TG, AE1, Aprendizado eficiente, AE1AL, Aprenda com a Lyfe, 1, T13, 3, , , , , , ], [TG, AE1, Aprendizado eficiente, AE1AL, Aprenda com a Lyfe, 1, T9, 7, , , , , , ], [SF, ME1, Mapa do emagrescimento, ME1BE, Base do Emagrecimento, 1, SF7, 7, , , , , , ], [SF, ME1, Mapa do emagrescimento, ME1BE, Base do Emagrecimento, 1, SF1, 7, , , , , , ], [SM, LC1, Leitura consistente, LC1CL, Comece a ler, 1, SM13, 5, , , , , , ], [SM, LC1, Leitura consistente, LC1CL, Comece a ler, 1, SM14, 7, , , , , , ], [SM, LC1, Leitura consistente, LC1CL, Comece a ler, 1, T11, 5, , , , , , ], [SF, DM2, Durma melhor avançado, DM2SR, Sono Restaurador, 1, SF4, 7, , , , , , ], [SF, DM2, Durma melhor avançado, DM2SR, Sono Restaurador, 1, SF3, 7, , , , , , ], [SF, DM2, Durma melhor avançado, DM2SR, Sono Restaurador, 1, SF6, 5, , , , , , ], [SF, DM2, Durma melhor avançado, DM2SR, Sono Restaurador, 1, SF16, 7, , , , , , ], [SF, DM2, Durma melhor avançado, DM2SR, Sono Restaurador, 1, SF2, 7, , , , , , ], [SF, DM2, Durma melhor avançado, DM2SR, Sono Restaurador, 1, SM1, 7, , , , , , ], [SF, ES2, Emagreça com saúde avançado, ES2EC, Escolha consciente, 1, SF8, 5, , , , , , ], [SF, ES2, Emagreça com saúde avançado, ES2EC, Escolha consciente, 1, SF9, 5, , , , , , ], [SF, ES2, Emagreça com saúde avançado, ES2EC, Escolha consciente, 1, SF11, 5, , , , , , ], [SF, ES2, Emagreça com saúde avançado, ES2EC, Escolha consciente, 1, SF1, 5, , , , , , ], [SF, ES2, Emagreça com saúde avançado, ES2EC, Escolha consciente, 1, SF10, 5, , , , , , ], [SF, CM2, Construção muscular avançado, CM2EM, Evolução muscular, 1, SF17, 5, , , , , , ], [SF, CM2, Construção muscular avançado, CM2EM, Evolução muscular, 1, SF10, 7, , , , , , ], [SF, CM2, Construção muscular avançado, CM2EM, Evolução muscular, 1, SF5, 5, , , , , , ], [SF, CM2, Construção muscular avançado, CM2EM, Evolução muscular, 1, SF1333, 2, , , , , , ], [SF, CM2, Construção muscular avançado, CM2EM, Evolução muscular, 1, SF1, 7, , , , , , ], [SF, CM2, Construção muscular avançado, CM2EM, Evolução muscular, 1, SF1233, 5, , , , , , ], [SF, ME2, Mapa do emagrescimento avançado, ME2EE, Emagrescimento eficiente, 1, SF16, 5, , , , , , ], [SF, ME2, Mapa do emagrescimento avançado, ME2EE, Emagrescimento eficiente, 1, SF17, 5, , , , , , ], [SF, ME2, Mapa do emagrescimento avançado, ME2EE, Emagrescimento eficiente, 1, SF1, 5, , , , , , ], [SF, ME2, Mapa do emagrescimento avançado, ME2EE, Emagrescimento eficiente, 1, SF1822, 5, , , , , , ], [SF, ER3, Energia recarregada avançado, ER3EP, Evolução pessoal, 1, SF16, 7, , , , , , ], [SF, ER3, Energia recarregada avançado, ER3EP, Evolução pessoal, 1, SM1, 7, , , , , , ], [SF, ER3, Energia recarregada avançado, ER3EP, Evolução pessoal, 1, SM13, 3, , , , , , ], [SF, ER3, Energia recarregada avançado, ER3EP, Evolução pessoal, 1, SF8, 5, , , , , , ], [SF, ER3, Energia recarregada avançado, ER3EP, Evolução pessoal, 1, SF1233, 5, , , , , , ], [SF, ER3, Energia recarregada avançado, ER3EP, Evolução pessoal, 1, SF1, 7, , , , , , ], [SF, ER3, Energia recarregada avançado, ER3EP, Evolução pessoal, 1, SM7, 7, , , , , , ], [SF, ER3, Energia recarregada avançado, ER3EP, Evolução pessoal, 1, E4, 7, , , , , , ], [SF, ER3, Energia recarregada avançado, ER3EP, Evolução pessoal, 1, SF1422, 3, , , , , , ], [SM, DD1, Domine sua dopamina, DD1MPH, Meus primeiros hábitos, 1, SF1, 7, , , , , , ], [SM, DD1, Domine sua dopamina, DD1MPH, Meus primeiros hábitos, 1, E6, 7, , , , , , ], [SM, DD1, Domine sua dopamina, DD1MPH, Meus primeiros hábitos, 1, SM1, 7, , , , , , ], [SM, DTD1, Detox de dopamina, DTD1TO, Tempo offline, 1, SM7, 7, , , , , , ], [SM, DTD1, Detox de dopamina, DTD1TO, Tempo offline, 1, SM13, 3, , , , , , ], [SM, DTD1, Detox de dopamina, DTD1TO, Tempo offline, 1, SM6, 3, , , , , , ], [SM, DTD2, Detox de dopamina avançado, DTD2ED, Equilibrio Digital, 1, T7, 5, , , , , , ], [SM, DTD2, Detox de dopamina avançado, DTD2ED, Equilibrio Digital, 1, SM7, 5, , , , , , ], [SM, DTD2, Detox de dopamina avançado, DTD2ED, Equilibrio Digital, 1, SM13, 3, , , , , , ], [SM, DTD2, Detox de dopamina avançado, DTD2ED, Equilibrio Digital, 1, SM6, 6, , , , , , ], [SF, ED1, Eleve sua dopamina, ED1MPH, Meus primeiros hábitos, 1, SM1, 7, , , , , , ], [SF, ED1, Eleve sua dopamina, ED1MPH, Meus primeiros hábitos, 1, SF1, 7, , , , , , ], [SF, ED1, Eleve sua dopamina, ED1MPH, Meus primeiros hábitos, 1, E6, 7, , , , , , ], [E, EE1, Evolução espiritual, EE1DE, Despertar espiritual, 1, E7, 7, , , , , , ], [E, EE1, Evolução espiritual, EE1DE, Despertar espiritual, 1, E2, 7, , , , , , ], [E, EE1, Evolução espiritual, EE1DE, Despertar espiritual, 1, E5, 7, , , , , , ], [R, MMV1, Minha melhor versão, MMV1MI, Melhoria inicial, 1, R4, 2, , , , , , ], [R, MMV1, Minha melhor versão, MMV1MI, Melhoria inicial, 1, E4, 7, , , , , , ], [R, MMV1, Minha melhor versão, MMV1MI, Melhoria inicial, 1, R1, 3, , , , , , ], [E, EE2, Evolução espiritual avançado, EE2BA, Boa ação, 1, E3, 1, , , , , , ], [E, EE2, Evolução espiritual avançado, EE2BA, Boa ação, 1, E1, 1, , , , , , ], [E, EE2, Evolução espiritual avançado, EE2BA, Boa ação, 1, E2, 7, , , , , , ], [E, EE2, Evolução espiritual avançado, EE2BA, Boa ação, 1, E7, 5, , , , , , ], [E, EE2, Evolução espiritual avançado, EE2BA, Boa ação, 1, E6, 7, , , , , , ], [R, MMV2, Minha melhor versão avançado, MMV2PI, Presença Ilustre, 1, R5, 1, , , , , , ], [R, MMV2, Minha melhor versão avançado, MMV2PI, Presença Ilustre, 1, E3, 1, , , , , , ], [R, MMV2, Minha melhor versão avançado, MMV2PI, Presença Ilustre, 1, E4, 5, , , , , , ], [R, MMV2, Minha melhor versão avançado, MMV2PI, Presença Ilustre, 1, R1, 5, , , , , , ], [R, MMV2, Minha melhor versão avançado, MMV2PI, Presença Ilustre, 1, R4, 3, , , , , , ], [SM, AA1, Anti ansiedade, AA1PC, Primeiro contato, 1, E5, 7, , , , , , ], [SM, AA1, Anti ansiedade, AA1PC, Primeiro contato, 1, SM14, 5, , , , , , ], [SM, AA1, Anti ansiedade, AA1PC, Primeiro contato, 1, SM8, 3, , , , , , ], [SM, PI1, Paz interior, PI1PC, Primeiro contato, 1, E4, 7, , , , , , ], [SM, PI1, Paz interior, PI1PC, Primeiro contato, 1, SF15, 7, , , , , , ], [SM, PI1, Paz interior, PI1PC, Primeiro contato, 1, SM12, 7, , , , , , ], [SM, AA2, Anti ansiedade avançado, AA2EM, Equilibrio mental, 1, SM11, 4, , , , , , ], [SM, AA2, Anti ansiedade avançado, AA2EM, Equilibrio mental, 1, SM823, 5, , , , , , ], [SM, AA2, Anti ansiedade avançado, AA2EM, Equilibrio mental, 1, E6, 5, , , , , , ], [SM, AA2, Anti ansiedade avançado, AA2EM, Equilibrio mental, 1, SM10, 3, , , , , , ], [SM, AA2, Anti ansiedade avançado, AA2EM, Equilibrio mental, 1, SM14, 5, , , , , , ], [TG, GV2, Gerencie sua vida avançado, GV2PE, Performance eficiente, 1, T7, 3, , , , , , ], [TG, GV2, Gerencie sua vida avançado, GV2PE, Performance eficiente, 1, T2, 1, , , , , , ], [TG, GV2, Gerencie sua vida avançado, GV2PE, Performance eficiente, 1, T1, 5, , , , , , ], [TG, GV2, Gerencie sua vida avançado, GV2PE, Performance eficiente, 1, T4, 2, , , , , , ], [TG, GV2, Gerencie sua vida avançado, GV2PE, Performance eficiente, 1, T8, 5, , , , , , ], [SM, PI2, Paz interior avançado, PI2CT, Conexão total, 1, SM9, 3, , , , , , ], [SM, PI2, Paz interior avançado, PI2CT, Conexão total, 1, SM12, 5, , , , , , ], [SM, PI2, Paz interior avançado, PI2CT, Conexão total, 1, SM13, 3, , , , , , ], [SM, PI2, Paz interior avançado, PI2CT, Conexão total, 1, E4, 5, , , , , , ], [SF, ER2, Energia recarregada intermediário, ER2CT, Consistência total, 1, SM16, 3, , , , , , ], [SF, ER2, Energia recarregada intermediário, ER2CT, Consistência total, 1, SM1, 7, , , , , , ], [SF, ER2, Energia recarregada intermediário, ER2CT, Consistência total, 1, SF1, 7, , , , , , ], [SF, ER2, Energia recarregada intermediário, ER2CT, Consistência total, 1, SF1422, 3, , , , , , ], [SF, ER2, Energia recarregada intermediário, ER2CT, Consistência total, 1, SF1222, 2, , , , , , ], [SF, ER2, Energia recarregada intermediário, ER2CT, Consistência total, 1, SM13, 7, , , , , , ], [SF, ER1, Energia recarregada, ER1EM, Em movimento, 1, SF1, 3, , , , , , ], [SF, ER1, Energia recarregada, ER1EM, Em movimento, 1, SF1812, 3, , , , , , ], [SF, ER1, Energia recarregada, ER1EM, Em movimento, 1, SM1, 3, , , , , , ], [SF, ER1, Energia recarregada, ER1MT, Mente tranquila, 2, SF1, 4, , , , , , ], [SF, ER1, Energia recarregada, ER1MT, Mente tranquila, 2, SF1422, 3, , , , , , ], [SF, ER1, Energia recarregada, ER1MT, Mente tranquila, 2, SM1, 5, , , , , , ], [SF, ER1, Energia recarregada, ER1MT, Mente tranquila, 2, SM13, 2, , , , , , ], [SF, ER1, Energia recarregada, ER1PM, Poder muscular , 2, SF1, 5, , , , , , ], [SF, ER1, Energia recarregada, ER1PM, Poder muscular , 2, SF1431, 3, , , , , , ], [SF, ER1, Energia recarregada, ER1PM, Poder muscular , 2, SM1, 7, , , , , , ], [SF, ER1, Energia recarregada, ER1PM, Poder muscular , 2, SM13, 2, , , , , , ], [SF, ER1, Energia recarregada, ER1PM, Poder muscular , 2, SF12, 1, , , , , , ], [SF, ER2, Energia recarregada intermediário, ER2EC, Equilíbrio constante, 2, SF1, 7, , , , , , ], [SF, ER2, Energia recarregada intermediário, ER2EC, Equilíbrio constante, 2, SF1432, 3, , , , , , ], [SF, ER2, Energia recarregada intermediário, ER2EC, Equilíbrio constante, 2, SM1, 7, , , , , , ], [SF, ER2, Energia recarregada intermediário, ER2EC, Equilíbrio constante, 2, SM13, 3, , , , , , ], [SF, ER2, Energia recarregada intermediário, ER2EC, Equilíbrio constante, 2, SF1232, 3, , , , , , ], [SF, ER2, Energia recarregada intermediário, ER2EC, Equilíbrio constante, 2, SF16, 5, , , , , , ], [SF, ER2, Energia recarregada intermediário, ER2EC, Equilíbrio constante, 2, SF8, 3, , , , , , ], [SF, ER2, Energia recarregada intermediário, ER2DD, Desconexão diária, 3, SF1, 7, , , , , , ], [SF, ER2, Energia recarregada intermediário, ER2DD, Desconexão diária, 3, SF1432, 3, , , , , , ], [SF, ER2, Energia recarregada intermediário, ER2DD, Desconexão diária, 3, SM1, 7, , , , , , ], [SF, ER2, Energia recarregada intermediário, ER2DD, Desconexão diária, 3, SM13, 5, , , , , , ], [SF, ER2, Energia recarregada intermediário, ER2DD, Desconexão diária, 3, SF1233, 5, , , , , , ], [SF, ER2, Energia recarregada intermediário, ER2DD, Desconexão diária, 3, SF16, 5, , , , , , ], [SF, ER2, Energia recarregada intermediário, ER2DD, Desconexão diária, 3, SF8, 5, , , , , , ], [SF, ER2, Energia recarregada intermediário, ER2DD, Desconexão diária, 3, SM7, 5, , , , , , ], [SF, ER3, Energia recarregada avançado, ER3CT, Consciência total, 2, SF1, 7, , , , , , ], [SF, ER3, Energia recarregada avançado, ER3CT, Consciência total, 2, SF1432, 3, , , , , , ], [SF, ER3, Energia recarregada avançado, ER3CT, Consciência total, 2, SM1, 7, , , , , , ], [SF, ER3, Energia recarregada avançado, ER3CT, Consciência total, 2, SM13, 5, , , , , , ], [SF, ER3, Energia recarregada avançado, ER3CT, Consciência total, 2, SF1233, 5, , , , , , ], [SF, ER3, Energia recarregada avançado, ER3CT, Consciência total, 2, SF16, 7, , , , , , ], [SF, ER3, Energia recarregada avançado, ER3CT, Consciência total, 2, SF8, 7, , , , , , ], [SF, ER3, Energia recarregada avançado, ER3CT, Consciência total, 2, SM7, 5, , , , , , ], [SF, ER3, Energia recarregada avançado, ER3CT, Consciência total, 2, E4, 4, , , , , , ], [SF, ER3, Energia recarregada avançado, ER3CT, Consciência total, 2, SM6, 5, , , , , , ], [SF, ER3, Energia recarregada avançado, ER3FI, Foco intensivo , 3, SF1, 7, , , , , , ], [SF, ER3, Energia recarregada avançado, ER3FI, Foco intensivo , 3, SF1432, 3, , , , , , ], [SF, ER3, Energia recarregada avançado, ER3FI, Foco intensivo , 3, SM1, 7, , , , , , ], [SF, ER3, Energia recarregada avançado, ER3FI, Foco intensivo , 3, SM13, 5, , , , , , ], [SF, ER3, Energia recarregada avançado, ER3FI, Foco intensivo , 3, SF1233, 5, , , , , , ], [SF, ER3, Energia recarregada avançado, ER3FI, Foco intensivo , 3, SF16, 7, , , , , , ], [SF, ER3, Energia recarregada avançado, ER3FI, Foco intensivo , 3, SF8, 7, , , , , , ], [SF, ER3, Energia recarregada avançado, ER3FI, Foco intensivo , 3, SM7, 6, , , , , , ], [SF, ER3, Energia recarregada avançado, ER3FI, Foco intensivo , 3, E4, 5, , , , , , ], [SF, ER3, Energia recarregada avançado, ER3FI, Foco intensivo , 3, SM6, 6, , , , , , ], [SF, CM1, Construção muscular, CM1FT, Força total , 2, SF12, 3, , , , , , ], [SF, CM1, Construção muscular, CM1FT, Força total , 2, SF13, 2, , , , , , ], [SF, CM1, Construção muscular, CM1FT, Força total , 2, SF17, 5, , , , , , ], [SF, CM1, Construção muscular, CM1FT, Força total , 2, SF1, 7, , , , , , ], [SF, CM1, Construção muscular, CM1FT, Força total , 2, SF5, 5, , , , , , ], [SF, ME1, Mapa do emagrescimento, ME1EC, Emagrecimento consciente, 2, SF16, 5, , , , , , ], [SF, ME1, Mapa do emagrescimento, ME1EC, Emagrecimento consciente, 2, SF1, 7, , , , , , ], [SF, ME1, Mapa do emagrescimento, ME1EC, Emagrecimento consciente, 2, SF1813, 2, , , , , , ], [SM, DTD1, Detox de dopamina, DTD1D, Desconexão, 1, SM13, 3, , , , , , ], [SM, DTD1, Detox de dopamina, DTD1D, Desconexão, 1, T7, 3, , , , , , ], [SM, DTD1, Detox de dopamina, DTD1D, Desconexão, 1, SM7, 7, , , , , , ], [SM, DTD1, Detox de dopamina, DTD1UI, Uso inteligente, 2, SM13, 3, , , , , , ], [SM, DTD1, Detox de dopamina, DTD1UI, Uso inteligente, 2, T7, 4, , , , , , ], [SM, DTD1, Detox de dopamina, DTD1UI, Uso inteligente, 2, SM7, 7, , , , , , ], [SM, DTD1, Detox de dopamina, DTD1UI, Uso inteligente, 2, SM6, 7, , , , , , ], [SF, ES1, Emagreça com saúde, ES1NB, Nutrição básica , 1, SF8, 3, , , , , , ], [SF, ES1, Emagreça com saúde, ES1NB, Nutrição básica , 1, SF1, 3, , , , , , ], [SF, ES1, Emagreça com saúde, ES1NB, Nutrição básica , 1, SF10, 3, , , , , , ], [SF, ES1, Emagreça com saúde, ES1PC, Prato colorido , 2, SF8, 4, , , , , , ], [SF, ES1, Emagreça com saúde, ES1PC, Prato colorido , 2, SF1, 4, , , , , , ], [SF, ES1, Emagreça com saúde, ES1PC, Prato colorido , 2, SF10, 4, , , , , , ], [SF, ES1, Emagreça com saúde, ES1PC, Prato colorido , 2, SF11, 4, , , , , , ], [SF, DM1, Durma melhor, DM1SB, Sono básico , 1, SF4, 3, , , , , , ], [SF, DM1, Durma melhor, DM1SB, Sono básico , 1, SF2, 3, , , , , , ], [SF, DM1, Durma melhor, DM1SB, Sono básico , 1, SM1, 3, , , , , , ], [SF, DM1, Durma melhor, DM1SB, Sono básico , 1, SF16, 5, , , , , , ], [SF, DM1, Durma melhor, DM1NT, Noites tranquilas , 2, SF4, 5, , , , , , ], [SF, DM1, Durma melhor, DM1NT, Noites tranquilas , 2, SF2, 5, , , , , , ], [SF, DM1, Durma melhor, DM1NT, Noites tranquilas , 2, SM1, 5, , , , , , ], [SF, DM1, Durma melhor, DM1NT, Noites tranquilas , 2, SF16, 5, , , , , , ], [SF, DM1, Durma melhor, DM1NT, Noites tranquilas , 2, SF3, 5, , , , , , ], [E, EE1, Evolução espiritual, EE1CB, Caminho base, 1, E2, 7, , , , , , ], [E, EE1, Evolução espiritual, EE1CB, Caminho base, 1, E6, 3, , , , , , ], [E, EE1, Evolução espiritual, EE1CB, Caminho base, 1, E7, 3, , , , , , ], [E, EE1, Evolução espiritual, EE1PE, Proximidade espiritual, 2, E2, 7, , , , , , ], [E, EE1, Evolução espiritual, EE1PE, Proximidade espiritual, 2, E6, 5, , , , , , ], [E, EE1, Evolução espiritual, EE1PE, Proximidade espiritual, 2, E7, 5, , , , , , ], [E, EE1, Evolução espiritual, EE1PE, Proximidade espiritual, 2, E1, 1, , , , , , ], [TG, LS1, Líder de sucesso, LS1CH, Construindo habilidades, 1, SM14, 5, , , , , , ], [TG, LS1, Líder de sucesso, LS1CH, Construindo habilidades, 1, T1, 5, , , , , , ], [TG, LS1, Líder de sucesso, LS1CH, Construindo habilidades, 1, T8, 5, , , , , , ], [TG, LS1, Líder de sucesso, LS1CJ, Consistência em jogo , 2, SM14, 5, , , , , , ], [TG, LS1, Líder de sucesso, LS1CJ, Consistência em jogo , 2, T1, 5, , , , , , ], [TG, LS1, Líder de sucesso, LS1CJ, Consistência em jogo , 2, T8, 5, , , , , , ], [TG, AE1, Aprendizado eficiente, AE1AA, Aprendizado com autonomia, 1, T9, 7, , , , , , ], [TG, AE1, Aprendizado eficiente, AE1AA, Aprendizado com autonomia, 1, T15, 7, , , , , , ], [TG, AE1, Aprendizado eficiente, AE1AA, Aprendizado com autonomia, 1, T17, 7, , , , , , ], [TG, AE1, Aprendizado eficiente, AE1AA, Aprendizado com autonomia, 1, T13, 7, , , , , , ], [TG, GV1, Gerencie sua vida, GV1PE, Planejamento eficaz , 1, T3, 1, , , , , , ], [TG, GV1, Gerencie sua vida, GV1PE, Planejamento eficaz , 1, T5, 2, , , , , , ], [TG, GV1, Gerencie sua vida, GV1PE, Planejamento eficaz , 1, T1, 3, , , , , , ], [TG, GV1, Gerencie sua vida, GV1PE, Planejamento eficaz , 1, T8, 3, , , , , , ], [TG, GV1, Gerencie sua vida, GV1VO, Vida otimizada, 2, T3, 1, , , , , , ], [TG, GV1, Gerencie sua vida, GV1VO, Vida otimizada, 2, T5, 2, , , , , , ], [TG, GV1, Gerencie sua vida, GV1VO, Vida otimizada, 2, T1, 5, , , , , , ], [TG, GV1, Gerencie sua vida, GV1VO, Vida otimizada, 2, T8, 5, , , , , , ], [R, MMV1, Minha melhor versão, MMV1EP, Evolução pessoal, 1, E4, 5, , , , , , ], [R, MMV1, Minha melhor versão, MMV1EP, Evolução pessoal, 1, R1, 3, , , , , , ], [R, MMV1, Minha melhor versão, MMV1EP, Evolução pessoal, 1, E3, 1, , , , , , ], [R, MMV1, Minha melhor versão, MMV1CC, Crescimento contínuo , 2, E4, 7, , , , , , ], [R, MMV1, Minha melhor versão, MMV1CC, Crescimento contínuo , 2, R1, 4, , , , , , ], [R, MMV1, Minha melhor versão, MMV1CC, Crescimento contínuo , 2, E3, 1, , , , , , ], [R, MMV1, Minha melhor versão, MMV1CC, Crescimento contínuo , 2, R4, 2, , , , , , ], [SM, LC1, Leitura consistente, LC1LB, Leitura básica , 1, T10, 2, , , , , , ], [SM, LC1, Leitura consistente, LC1LB, Leitura básica , 1, SM14, 3, , , , , , ], [SM, LC1, Leitura consistente, LC1LB, Leitura básica , 1, SM7, 3, , , , , , ], [SM, LC1, Leitura consistente, LC1PL, Progressão da leitura , 2, T18, 1, , , , , , ], [SM, LC1, Leitura consistente, LC1PL, Progressão da leitura , 2, SM14, 5, , , , , , ], [SM, LC1, Leitura consistente, LC1PL, Progressão da leitura , 2, SM7, 5, , , , , , ], [SM, LC1, Leitura consistente, LC1LTH, Leitura se tornando um hábito , 3, T18, 1, , , , , , ], [SM, LC1, Leitura consistente, LC1LTH, Leitura se tornando um hábito , 3, SM14, 5, , , , , , ], [SM, LC1, Leitura consistente, LC1LTH, Leitura se tornando um hábito , 3, SM7, 5, , , , , , ], [SM, PI1, Paz interior, PI1MT, Mente tranquila , 1, SM12, 3, , , , , , ], [SM, PI1, Paz interior, PI1MT, Mente tranquila , 1, E4, 3, , , , , , ], [SM, PI1, Paz interior, PI1MT, Mente tranquila , 1, SM13, 2, , , , , , ], [SM, PI1, Paz interior, PI1DC, Desacelerar consciente , 2, SM12, 4, , , , , , ], [SM, PI1, Paz interior, PI1DC, Desacelerar consciente , 2, E4, 4, , , , , , ], [SM, PI1, Paz interior, PI1DC, Desacelerar consciente , 2, SM13, 2, , , , , , ], [SM, PI1, Paz interior, PI1DC, Desacelerar consciente , 2, SM9, 2, , , , , , ], [SM, AA1, Anti ansiedade, AA1SI, Serenidade imediata , 1, E6, 3, , , , , , ], [SM, AA1, Anti ansiedade, AA1SI, Serenidade imediata , 1, SM812, 3, , , , , , ], [SM, AA1, Anti ansiedade, AA1SI, Serenidade imediata , 1, SM14, 5, , , , , , ], [SM, AA1, Anti ansiedade, AA1CM, Clareza mental , 2, E6, 4, , , , , , ], [SM, AA1, Anti ansiedade, AA1CM, Clareza mental , 2, SM812, 4, , , , , , ], [SM, AA1, Anti ansiedade, AA1CM, Clareza mental , 2, SM14, 5, , , , , , ], [SM, AA1, Anti ansiedade, AA1CM, Clareza mental , 2, SM11, 3, , , , , , ], [E, EE2, Evolução espiritual avançado, EE2CE, Caminho espiritual , 2, E2, 7, , , , , , ], [E, EE2, Evolução espiritual avançado, EE2CE, Caminho espiritual , 2, E6, 7, , , , , , ], [E, EE2, Evolução espiritual avançado, EE2CE, Caminho espiritual , 2, E7, 5, , , , , , ], [E, EE2, Evolução espiritual avançado, EE2CE, Caminho espiritual , 2, E1, 1, , , , , , ], [E, EE2, Evolução espiritual avançado, EE2CE, Caminho espiritual , 2, E3, 1, , , , , , ], [R, MMV2, Minha melhor versão avançado, MMV2MV, Melhor versão, 2, E4, 7, , , , , , ], [R, MMV2, Minha melhor versão avançado, MMV2MV, Melhor versão, 2, R1, 7, , , , , , ], [R, MMV2, Minha melhor versão avançado, MMV2MV, Melhor versão, 2, E3, 1, , , , , , ], [R, MMV2, Minha melhor versão avançado, MMV2MV, Melhor versão, 2, R4, 3, , , , , , ], [R, MMV2, Minha melhor versão avançado, MMV2MV, Melhor versão, 2, R6, 2, , , , , , ], [R, MMV2, Minha melhor versão avançado, MMV2MV, Melhor versão, 2, R3, 2, , , , , , ], [R, MMV2, Minha melhor versão avançado, MMV2MV, Melhor versão, 2, R2, 1, , , , , , ], [TG, LS2, Líder de sucesso - avançado , LS2FI, Foco inabalável , 1, SM14, 5, , , , , , ], [TG, LS2, Líder de sucesso - avançado , LS2FI, Foco inabalável , 1, T1, 5, , , , , , ], [TG, LS2, Líder de sucesso - avançado , LS2FI, Foco inabalável , 1, T8, 5, , , , , , ], [TG, LS2, Líder de sucesso - avançado , LS2FI, Foco inabalável , 1, SM5, 3, , , , , , ], [TG, LS2, Líder de sucesso - avançado , LS2MP, Mestre profissional , 2, SM14, 5, , , , , , ], [TG, LS2, Líder de sucesso - avançado , LS2MP, Mestre profissional , 2, T1, 5, , , , , , ], [TG, LS2, Líder de sucesso - avançado , LS2MP, Mestre profissional , 2, T8, 5, , , , , , ], [TG, LS2, Líder de sucesso - avançado , LS2MP, Mestre profissional , 2, SM5, 5, , , , , , ], [TG, LS2, Líder de sucesso - avançado , LS2MP, Mestre profissional , 2, T6, 1, , , , , , ], [TG, LS2, Líder de sucesso - avançado , LS2MP, Mestre profissional , 2, SM7, 5, , , , , , ], [TG, GV2, Gerencie sua vida avançado, GV2CT, Controle total , 2, T2, 1, , , , , , ], [TG, GV2, Gerencie sua vida avançado, GV2CT, Controle total , 2, T4, 2, , , , , , ], [TG, GV2, Gerencie sua vida avançado, GV2CT, Controle total , 2, T1, 5, , , , , , ], [TG, GV2, Gerencie sua vida avançado, GV2CT, Controle total , 2, T8, 5, , , , , , ], [TG, GV2, Gerencie sua vida avançado, GV2CT, Controle total , 2, T7, 5, , , , , , ], [TG, GV2, Gerencie sua vida avançado, GV2CT, Controle total , 2, T6, 1, , , , , , ], [TG, GV2, Gerencie sua vida avançado, GV2CT, Controle total , 2, SM7, 5, , , , , , ], [SM, PI2, Paz interior avançado, PI2ZM, Zen moderno , 2, SM12, 7, , , , , , ], [SM, PI2, Paz interior avançado, PI2ZM, Zen moderno , 2, E4, 7, , , , , , ], [SM, PI2, Paz interior avançado, PI2ZM, Zen moderno , 2, SM9, 3, , , , , , ], [SM, PI2, Paz interior avançado, PI2ZM, Zen moderno , 2, SM13, 5, , , , , , ], [SM, PI2, Paz interior avançado, PI2ZM, Zen moderno , 2, SF15, 5, , , , , , ], [SM, AA2, Anti ansiedade avançado, AA2VP, Vida positiva, 2, E6, 7, , , , , , ], [SM, AA2, Anti ansiedade avançado, AA2VP, Vida positiva, 2, SM8, 7, , , , , , ], [SM, AA2, Anti ansiedade avançado, AA2VP, Vida positiva, 2, SM14, 5, , , , , , ], [SM, AA2, Anti ansiedade avançado, AA2VP, Vida positiva, 2, SM11, 5, , , , , , ], [SM, AA2, Anti ansiedade avançado, AA2VP, Vida positiva, 2, SM10, 5, , , , , , ], [SM, AA2, Anti ansiedade avançado, AA2VP, Vida positiva, 2, SM4, 5, , , , , , ], [SF, ME2, Mapa do emagrescimento avançado, ME2RM, Redução de medidas , 2, SF1, 7, , , , , , ], [SF, ME2, Mapa do emagrescimento avançado, ME2RM, Redução de medidas , 2, SF16, 5, , , , , , ], [SF, ME2, Mapa do emagrescimento avançado, ME2RM, Redução de medidas , 2, SF1813, 3, , , , , , ], [SF, ME2, Mapa do emagrescimento avançado, ME2RM, Redução de medidas , 2, SF17, 5, , , , , , ], [SF, ME2, Mapa do emagrescimento avançado, ME2RM, Redução de medidas , 2, SF1223, 2, , , , , , ], [SM, DTD2, Detox de dopamina avançado, DTD2LD, Liberdade digital , 2, SM13, 3, , , , , , ], [SM, DTD2, Detox de dopamina avançado, DTD2LD, Liberdade digital , 2, T7, 5, , , , , , ], [SM, DTD2, Detox de dopamina avançado, DTD2LD, Liberdade digital , 2, SM7, 7, , , , , , ], [SM, DTD2, Detox de dopamina avançado, DTD2LD, Liberdade digital , 2, SM6, 7, , , , , , ], [SF, ES2, Emagreça com saúde avançado, ES2AI, Alimentação ideal , 2, SF8, 7, , , , , , ], [SF, ES2, Emagreça com saúde avançado, ES2AI, Alimentação ideal , 2, SF1, 7, , , , , , ], [SF, ES2, Emagreça com saúde avançado, ES2AI, Alimentação ideal , 2, SF10, 7, , , , , , ], [SF, ES2, Emagreça com saúde avançado, ES2AI, Alimentação ideal , 2, SF11, 7, , , , , , ], [SF, ES2, Emagreça com saúde avançado, ES2AI, Alimentação ideal , 2, SF9, 7, , , , , , ], [SF, DM2, Durma melhor avançado, DM2SO, Sono de ouro , 2, SF4, 7, , , , , , ], [SF, DM2, Durma melhor avançado, DM2SO, Sono de ouro , 2, SF2, 7, , , , , , ], [SF, DM2, Durma melhor avançado, DM2SO, Sono de ouro , 2, SM1, 7, , , , , , ], [SF, DM2, Durma melhor avançado, DM2SO, Sono de ouro , 2, SF16, 7, , , , , , ], [SF, DM2, Durma melhor avançado, DM2SO, Sono de ouro , 2, SF3, 7, , , , , , ], [SF, DM2, Durma melhor avançado, DM2SO, Sono de ouro , 2, SF6, 7, , , , , , ], [SF, DM2, Durma melhor avançado, DM2SO, Sono de ouro , 2, SF19, 7, , , , , , ], [, , , , , , , , , , , , , ], [, , , , , , , , , , , , , ], [, , , , , , , , , , , , , ], [, , , , , , , , , , , , , ], [, , , , , , , , , , , , , ], [, , , , , , , , , , , , , ], [, , , , , , , , , , , , , ], [, , , , , , , , , , , , , ], [, , , , , , , , , , , , , ], [, , , , , , , , , , , , , ], [, , , , , , , , , , , , , ], [, , , , , , , , , , , , , ], [, , , , , , , , , , , , , ], [, , , , , , , , , , , , , ], [, , , , , , , , , , , , , ], [, , , , , , , , , , , , , ], [, , , , , , , , , , , , , ], [, , , , , , , , , , , , , ], [, , , , , , , , , , , , , ], [, , , , , , , , , , , , , ], [, , , , , , , , , , , , , ], [, , , , , , , , , , , , , ], [, , , , , , , , , , , , , ], [, , , , , , , , , , , , , ], [, , , , , , , , , , , , , ], [, , , , , , , , , , , , , ], [, , , , , , , , , , , , , ], [, , , , , , , , , , , , , ], [, , , , , , , , , , , , , ], [, , , , , , , , , , , , , ], [, , , , , , , , , , , , , ], [, , , , , , , , , , , , , ], [, , , , , , , , , , , , , ], [, , , , , , , , , , , , , ], [, , , , , , , , , , , , , ], [, , , , , , , , , , , , , ], [, , , , , , , , , , , , , ], [, , , , , , , , , , , , , ], [, , , , , , , , , , , , , ], [, , , , , , , , , , , , , ], [, , , , , , , , , , , , , ], [, , , , , , , , , , , , , ], [, , , , , , , , , , , , , ], [, , , , , , , , , , , , , ], [, , , , , , , , , , , , , ], [, , , , , , , , , , , , , ], [, , , , , , , , , , , , , ], [, , , , , , , , , , , , , ], [, , , , , , , , , , , , , ], [, , , , , , , , , , , , , ], [, , , , , , , , , , , , , ], [, , , , , , , , , , , , , ], [, , , , , , , , , , , , , ], [, , , , , , , , , , , , , ], [, , , , , , , , , , , , , ], [, , , , , , , , , , , , , ], [, , , , , , , , , , , , , ], [, , , , , , , , , , , , , ], [, , , , , , , , , , , , , ], [, , , , , , , , , , , , , ], [, , , , , , , , , , , , , ], [, , , , , , , , , , , , , ], [, , , , , , , , , , , , , ], [, , , , , , , , , , , , , ], [, , , , , , , , , , , , , ], [, , , , , , , , , , , , , ], [, , , , , , , , , , , , , ], [, , , , , , , , , , , , , ], [, , , , , , , , , , , , , ], [, , , , , , , , , , , , , ], [, , , , , , , , , , , , , ], [, , , , , , , , , , , , , ], [, , , , , , , , , , , , , ], [, , , , , , , , , , , , , ], [, , , , , , , , , , , , , ], [, , , , , , , , , , , , , ], [, , , , , , , , , , , , , ], [, , , , , , , , , , , , , ], [, , , , , , , , , , , , , ], [, , , , , , , , , , , , , ], [, , , , , , , , , , , , , ], [, , , , , , , , , , , , , ], [, , , , , , , , , , , , , ], [, , , , , , , , , , , , , ], [, , , , , , , , , , , , , ], [, , , , , , , , , , , , , ], [, , , , , , , , , , , , , ], [, , , , , , , , , , , , , ], [, , , , , , , , , , , , , ], [, , , , , , , , , , , , , ], [, , , , , , , , , , , , , ], [, , , , , , , , , , , , , ], [, , , , , , , , , , , , , ], [, , , , , , , , , , , , , ], [, , , , , , , , , , , , , ], [, , , , , , , , , , , , , ], [, , , , , , , , , , , , , ], [, , , , , , , , , , , , , ], [, , , , , , , , , , , , , ], [, , , , , , , , , , , , , ], [, , , , , , , , , , , , , ], [, , , , , , , , , , , , , ], [, , , , , , , , , , , , , ], [, , , , , , , , , , , , , ], [, , , , , , , , , , , , , ], [, , , , , , , , , , , , , ], [, , , , , , , , , , , , , ], [, , , , , , , , , , , , , ], [, , , , , , , , , , , , , ], [, , , , , , , , , , , , , ], [, , , , , , , , , , , , , ], [, , , , , , , , , , , , , ], [, , , , , , , , , , , , , ], [, , , , , , , , , , , , , ], [, , , , , , , , , , , , , ], [, , , , , , , , , , , , , ], [, , , , , , , , , , , , , ], [, , , , , , , , , , , , , ], [, , , , , , , , , , , , , ], [, , , , , , , , , , , , , ], [, , , , , , , , , , , , , ], [, , , , , , , , , , , , , ], [, , , , , , , , , , , , , ], [, , , , , , , , , , , , , ], [, , , , , , , , , , , , , ], [, , , , , , , , , , , , , ], [, , , , , , , , , , , , , ], [, , , , , , , , , , , , , ], [, , , , , , , , , , , , , ], [, , , , , , , , , , , , , ], [, , , , , , , , , , , , , ], [, , , , , , , , , , , , , ], [, , , , , , , , , , , , , ], [, , , , , , , , , , , , , ], [, , , , , , , , , , , , , ], [, , , , , , , , , , , , , ], [, , , , , , , , , , , , , ], [, , , , , , , , , , , , , ], [, , , , , , , , , , , , , ], [, , , , , , , , , , , , , ], [, , , , , , , , , , , , , ], [, , , , , , , , , , , , , ], [, , , , , , , , , , , , , ], [, , , , , , , , , , , , , ], [, , , , , , , , , , , , , ], [, , , , , , , , , , , , , ], [, , , , , , , , , , , , , ], [, , , , , , , , , , , , , ], [, , , , , , , , , , , , , ], [, , , , , , , , , , , , , ], [, , , , , , , , , , , , , ], [, , , , , , , , , , , , , ], [, , , , , , , , , , , , , ], [, , , , , , , , , , , , , ], [, , , , , , , , , , , , , ], [, , , , , , , , , , , , , ], [, , , , , , , , , , , , , ], [, , , , , , , , , , , , , ], [, , , , , , , , , , , , , ], [, , , , , , , , , , , , , ], [, , , , , , , , , , , , , ], [, , , , , , , , , , , , , ], [, , , , , , , , , , , , , ], [, , , , , , , , , , , , , ], [, , , , , , , , , , , , , ], [, , , , , , , , , , , , , ], [, , , , , , , , , , , , , ], [, , , , , , , , , , , , , ], [, , , , , , , , , , , , , ], [, , , , , , , , , , , , , ], [, , , , , , , , , , , , , ], [, , , , , , , , , , , , , ], [, , , , , , , , , , , , , ], [, , , , , , , , , , , , , ], [, , , , , , , , , , , , , ], [, , , , , , , , , , , , , ], [, , , , , , , , , , , , , ], [, , , , , , , , , , , , , ], [, , , , , , , , , , , , , ], [, , , , , , , , , , , , , ], [, , , , , , , , , , , , , ], [, , , , , , , , , , , , , ], [, , , , , , , , , , , , , ], [, , , , , , , , , , , , , ], [, , , , , , , , , , , , , ], [, , , , , , , , , , , , , ], [, , , , , , , , , , , , , ], [, , , , , , , , , , , , , ], [, , , , , , , , , , , , , ], [, , , , , , , , , , , , , ], [, , , , , , , , , , , , , ], [, , , , , , , , , , , , , ], [, , , , , , , , , , , , , ], [, , , , , , , , , , , , , ], [, , , , , , , , , , , , , ], [, , , , , , , , , , , , , ], [, , , , , , , , , , , , , ], [, , , , , , , , , , , , , ], [, , , , , , , , , , , , , ], [, , , , , , , , , , , , , ], [, , , , , , , , , , , , , ], [, , , , , , , , , , , , , ], [, , , , , , , , , , , , , ], [, , , , , , , , , , , , , ], [, , , , , , , , , , , , , ], [, , , , , , , , , , , , , ], [, , , , , , , , , , , , , ], [, , , , , , , , , , , , , ], [, , , , , , , , , , , , , ], [, , , , , , , , , , , , , ], [, , , , , , , , , , , , , ], [, , , , , , , , , , , , , ], [, , , , , , , , , , , , , ], [, , , , , , , , , , , , , ], [, , , , , , , , , , , , , ], [, , , , , , , , , , , , , ], [, , , , , , , , , , , , , ], [, , , , , , , , , , , , , ], [, , , , , , , , , , , , , ], [, , , , , , , , , , , , , ], [, , , , , , , , , , , , , ], [, , , , , , , , , , , , , ], [, , , , , , , , , , , , , ], [, , , , , , , , , , , , , ], [, , , , , , , , , , , , , ], [, , , , , , , , , , , , , ], [, , , , , , , , , , , , , ], [, , , , , , , , , , , , , ], [, , , , , , , , , , , , , ], [, , , , , , , , , , , , , ], [, , , , , , , , , , , , , ], [, , , , , , , , , , , , , ], [, , , , , , , , , , , , , ], [, , , , , , , , , , , , , ], [, , , , , , , , , , , , , ], [, , , , , , , , , , , , , ], [, , , , , , , , , , , , , ], [, , , , , , , , , , , , , ], [, , , , , , , , , , , , , ], [, , , , , , , , , , , , , ], [, , , , , , , , , , , , , ], [, , , , , , , , , , , , , ], [, , , , , , , , , , , , , ], [, , , , , , , , , , , , , ], [, , , , , , , , , , , , , ], [, , , , , , , , , , , , , ], [, , , , , , , , , , , , , ], [, , , , , , , , , , , , , ], [, , , , , , , , , , , , , ], [, , , , , , , , , , , , , ], [, , , , , , , , , , , , , ], [, , , , , , , , , , , , , ], [, , , , , , , , , , , , , ], [, , , , , , , , , , , , , ], [, , , , , , , , , , , , , ], [, , , , , , , , , , , , , ], [, , , , , , , , , , , , , ], [, , , , , , , , , , , , , ], [, , , , , , , , , , , , , ], [, , , , , , , , , , , , , ], [, , , , , , , , , , , , , ], [, , , , , , , , , , , , , ], [, , , , , , , , , , , , , ], [, , , , , , , , , , , , , ], [, , , , , , , , , , , , , ], [, , , , , , , , , , , , , ], [, , , , , , , , , , , , , ], [, , , , , , , , , , , , , ], [, , , , , , , , , , , , , ], [, , , , , , , , , , , , , ], [, , , , , , , , , , , , , ], [, , , , , , , , , , , , , ], [, , , , , , , , , , , , , ], [, , , , , , , , , , , , , ], [, , , , , , , , , , , , , ], [, , , , , , , , , , , , , ], [, , , , , , , , , , , , , ], [, , , , , , , , , , , , , ], [, , , , , , , , , , , , , ], [, , , , , , , , , , , , , ], [, , , , , , , , , , , , , ], [, , , , , , , , , , , , , ], [, , , , , , , , , , , , , ], [, , , , , , , , , , , , , ], [, , , , , , , , , , , , , ], [, , , , , , , , , , , , , ], [, , , , , , , , , , , , , ], [, , , , , , , , , , , , , ], [, , , , , , , , , , , , , ], [, , , , , , , , , , , , , ], [, , , , , , , , , , , , , ], [, , , , , , , , , , , , , ], [, , , , , , , , , , , , , ], [, , , , , , , , , , , , , ], [, , , , , , , , , , , , , ], [, , , , , , , , , , , , , ], [, , , , , , , , , , , , , ], [, , , , , , , , , , , , , ], [, , , , , , , , , , , , , ], [, , , , , , , , , , , , , ], [, , , , , , , , , , , , , ], [, , , , , , , , , , , , , ], [, , , , , , , , , , , , , ], [, , , , , , , , , , , , , ], [, , , , , , , , , , , , , ], [, , , , , , , , , , , , , ], [, , , , , , , , , , , , , ], [, , , , , , , , , , , , , ], [, , , , , , , , , , , , , ], [, , , , , , , , , , , , , ], [, , , , , , , , , , , , , ], [, , , , , , , , , , , , , ], [, , , , , , , , , , , , , ], [, , , , , , , , , , , , , ], [, , , , , , , , , , , , , ], [, , , , , , , , , , , , , ], [, , , , , , , , , , , , , ], [, , , , , , , , , , , , , ], [, , , , , , , , , , , , , ], [, , , , , , , , , , , , , ], [, , , , , , , , , , , , , ], [, , , , , , , , , , , , , ], [, , , , , , , , , , , , , ], [, , , , , , , , , , , , , ], [, , , , , , , , , , , , , ], [, , , , , , , , , , , , , ], [, , , , , , , , , , , , , ], [, , , , , , , , , , , , , ], [, , , , , , , , , , , , , ], [, , , , , , , , , , , , , ], [, , , , , , , , , , , , , ], [, , , , , , , , , , , , , ], [, , , , , , , , , , , , , ], [, , , , , , , , , , , , , ], [, , , , , , , , , , , , , ], [, , , , , , , , , , , , , ], [, , , , , , , , , , , , , ], [, , , , , , , , , , , , , ], [, , , , , , , , , , , , , ], [, , , , , , , , , , , , , ], [, , , , , , , , , , , , , ], [, , , , , , , , , , , , , ], [, , , , , , , , , , , , , ], [, , , , , , , , , , , , , ], [, , , , , , , , , , , , , ], [, , , , , , , , , , , , , ], [, , , , , , , , , , , , , ], [, , , , , , , , , , , , , ], [, , , , , , , , , , , , , ], [, , , , , , , , , , , , , ], [, , , , , , , , , , , , , ], [, , , , , , , , , , , , , ], [, , , , , , , , , , , , , ], [, , , , , , , , , , , , , ], [, , , , , , , , , , , , , ], [, , , , , , , , , , , , , ], [, , , , , , , , , , , , , ], [, , , , , , , , , , , , , ], [, , , , , , , , , , , , , ], [, , , , , , , , , , , , , ], [, , , , , , , , , , , , , ], [, , , , , , , , , , , , , ], [, , , , , , , , , , , , , ], [, , , , , , , , , , , , , ], [, , , , , , , , , , , , , ], [, , , , , , , , , , , , , ], [, , , , , , , , , , , , , ], [, , , , , , , , , , , , , ], [, , , , , , , , , , , , , ], [, , , , , , , , , , , , , ], [, , , , , , , , , , , , , ], [, , , , , , , , , , , , , ], [, , , , , , , , , , , , , ], [, , , , , , , , , , , , , ], [, , , , , , , , , , , , , ], [, , , , , , , , , , , , , ], [, , , , , , , , , , , , , ], [, , , , , , , , , , , , , ], [, , , , , , , , , , , , , ], [, , , , , , , , , , , , , ], [, , , , , , , , , , , , , ], [, , , , , , , , , , , , , ], [, , , , , , , , , , , , , ], [, , , , , , , , , , , , , ], [, , , , , , , , , , , , , ], [, , , , , , , , , , , , , ], [, , , , , , , , , , , , , ], [, , , , , , , , , , , , , ], [, , , , , , , , , , , , , ], [, , , , , , , , , , , , , ], [, , , , , , , , , , , , , ], [, , , , , , , , , , , , , ], [, , , , , , , , , , , , , ], [, , , , , , , , , , , , , ], [, , , , , , , , , , , , , ], [, , , , , , , , , , , , , ], [, , , , , , , , , , , , , ], [, , , , , , , , , , , , , ], [, , , , , , , , , , , , , ], [, , , , , , , , , , , , , ], [, , , , , , , , , , , , , ], [, , , , , , , , , , , , , ], [, , , , , , , , , , , , , ], [, , , , , , , , , , , , , ], [, , , , , , , , , , , , , ], [, , , , , , , , , , , , , ], [, , , , , , , , , , , , , ], [, , , , , , , , , , , , , ], [, , , , , , , , , , , , , ], [, , , , , , , , , , , , , ], [, , , , , , , , , , , , , ], [, , , , , , , , , , , , , ], [, , , , , , , , , , , , , ], [, , , , , , , , , , , , , ], [, , , , , , , , , , , , , ], [, , , , , , , , , , , , , ], [, , , , , , , , , , , , , ], [, , , , , , , , , , , , , ], [, , , , , , , , , , , , , ], [, , , , , , , , , , , , , ], [, , , , , , , , , , , , , ], [, , , , , , , , , , , , , ], [, , , , , , , , , , , , , ], [, , , , , , , , , , , , , ], [, , , , , , , , , , , , , ], [, , , , , , , , , , , , , ], [, , , , , , , , , , , , , ], [, , , , , , , , , , , , , ], [, , , , , , , , , , , , , ], [, , , , , , , , , , , , , ], [, , , , , , , , , , , , , ], [, , , , , , , , , , , , , ], [, , , , , , , , , , , , , ], [, , , , , , , , , , , , , ], [, , , , , , , , , , , , , ], [, , , , , , , , , , , , , ], [, , , , , , , , , , , , , ], [, , , , , , , , , , , , , ], [, , , , , , , , , , , , , ], [, , , , , , , , , , , , , ], [, , , , , , , , , , , , , ], [, , , , , , , , , , , , , ], [, , , , , , , , , , , , , ], [, , , , , , , , , , , , , ], [, , , , , , , , , , , , , ], [, , , , , , , , , , , , , ], [, , , , , , , , , , , , , ], [, , , , , , , , , , , , , ], [, , , , , , , , , , , , , ], [, , , , , , , , , , , , , ], [, , , , , , , , , , , , , ], [, , , , , , , , , , , , , ], [, , , , , , , , , , , , , ], [, , , , , , , , , , , , , ], [, , , , , , , , , , , , , ], [, , , , , , , , , , , , , ], [, , , , , , , , , , , , , ], [, , , , , , , , , , , , , ], [, , , , , , , , , , , , , ], [, , , , , , , , , , , , , ], [, , , , , , , , , , , , , ], [, , , , , , , , , , , , , ], [, , , , , , , , , , , , , ], [, , , , , , , , , , , , , ], [, , , , , , , , , , , , , ], [, , , , , , , , , , , , , ], [, , , , , , , , , , , , , ], [, , , , , , , , , , , , , ], [, , , , , , , , , , , , , ], [, , , , , , , , , , , , , ], [, , , , , , , , , , , , , ], [, , , , , , , , , , , , , ], [, , , , , , , , , , , , , ], [, , , , , , , , , , , , , ], [, , , , , , , , , , , , , ], [, , , , , , , , , , , , , ], [, , , , , , , , , , , , , ], [, , , , , , , , , , , , , ], [, , , , , , , , , , , , , ], [, , , , , , , , , , , , , ], [, , , , , , , , , , , , , ], [, , , , , , , , , , , , , ], [, , , , , , , , , , , , , ], [, , , , , , , , , , , , , ], [, , , , , , , , , , , , , ], [, , , , , , , , , , , , , ], [, , , , , , , , , , , , , ], [, , , , , , , , , , , , , ], [, , , , , , , , , , , , , ], [, , , , , , , , , , , , , ], [, , , , , , , , , , , , , ], [, , , , , , , , , , , , , ], [, , , , , , , , , , , , , ], [, , , , , , , , , , , , , ], [, , , , , , , , , , , , , ], [, , , , , , , , , , , , , ], [, , , , , , , , , , , , , ], [, , , , , , , , , , , , , ], [, , , , , , , , , , , , , ], [, , , , , , , , , , , , , ], [, , , , , , , , , , , , , ], [, , , , , , , , , , , , , ], [, , , , , , , , , , , , , ], [, , , , , , , , , , , , , ], [, , , , , , , , , , , , , ], [, , , , , , , , , , , , , ], [, , , , , , , , , , , , , ], [, , , , , , , , , , , , , ], [, , , , , , , , , , , , , ], [, , , , , , , , , , , , , ], [, , , , , , , , , , , , , ], [, , , , , , , , , , , , , ], [, , , , , , , , , , , , , ], [, , , , , , , , , , , , , ], [, , , , , , , , , , , , , ], [, , , , , , , , , , , , , ], [, , , , , , , , , , , , , ], [, , , , , , , , , , , , , ], [, , , , , , , , , , , , , ], [, , , , , , , , , , , , , ], [, , , , , , , , , , , , , ], [, , , , , , , , , , , , , ], [, , , , , , , , , , , , , ], [, , , , , , , , , , , , , ], [, , , , , , , , , , , , , ], [, , , , , , , , , , , , , ], [, , , , , , , , , , , , , ], [, , , , , , , , , , , , , ], [, , , , , , , , , , , , , ], [, , , , , , , , , , , , , ], [, , , , , , , , , , , , , ], [, , , , , , , , , , , , , ], [, , , , , , , , , , , , , ], [, , , , , , , , , , , , , ], [, , , , , , , , , , , , , ], [, , , , , , , , , , , , , ], [, , , , , , , , , , , , , ], [, , , , , , , , , , , , , ], [, , , , , , , , , , , , , ], [, , , , , , , , , , , , , ], [, , , , , , , , , , , , , ], [, , , , , , , , , , , , , ], [, , , , , , , , , , , , , ], [, , , , , , , , , , , , , ], [, , , , , , , , , , , , , ], [, , , , , , , , , , , , , ], [, , , , , , , , , , , , , ], [, , , , , , , , , , , , , ], [, , , , , , , , , , , , , ], [, , , , , , , , , , , , , ], [, , , , , , , , , , , , , ], [, , , , , , , , , , , , , ], [, , , , , , , , , , , , , ], [, , , , , , , , , , , , , ], [, , , , , , , , , , , , , ], [, , , , , , , , , , , , , ], [, , , , , , , , , , , , , ], [, , , , , , , , , , , , , ], [, , , , , , , , , , , , , ], [, , , , , , , , , , , , , ], [, , , , , , , , , , , , , ], [, , , , , , , , , , , , , ], [, , , , , , , , , , , , , ], [, , , , , , , , , , , , , ], [, , , , , , , , , , , , , ], [, , , , , , , , , , , , , ], [, , , , , , , , , , , , , ], [, , , , , , , , , , , , , ], [, , , , , , , , , , , , , ], [, , , , , , , , , , , , , ], [, , , , , , , , , , , , , ], [, , , , , , , , , , , , , ], [, , , , , , , , , , , , , ], [, , , , , , , , , , , , , ], [, , , , , , , , , , , , , ], [, , , , , , , , , , , , , ], [, , , , , , , , , , , , , ], [, , , , , , , , , , , , , ], [, , , , , , , , , , , , , ], [, , , , , , , , , , , , , ], [, , , , , , , , , , , , , ], [, , , , , , , , , , , , , ], [, , , , , , , , , , , , , ], [, , , , , , , , , , , , , ], [, , , , , , , , , , , , , ], [, , , , , , , , , , , , , ], [, , , , , , , , , , , , , ], [, , , , , , , , , , , , , ], [, , , , , , , , , , , , , ], [, , , , , , , , , , , , , ], [, , , , , , , , , , , , , ], [, , , , , , , , , , , , , ], [, , , , , , , , , , , , , ], [, , , , , , , , , , , , , ], [, , , , , , , , , , , , , ], [, , , , , , , , , , , , , ], [, , , , , , , , , , , , , ], [, , , , , , , , , , , , , ], [, , , , , , , , , , , , , ], [, , , , , , , , , , , , , ], [, , , , , , , , , , , , , ], [, , , , , , , , , , , , , ], [, , , , , , , , , , , , , ], [, , , , , , , , , , , , , ], [, , , , , , , , , , , , , ], [, , , , , , , , , , , , , ], [, , , , , , , , , , , , , ], [, , , , , , , , , , , , , ], [, , , , , , , , , , , , , ], [, , , , , , , , , , , , , ], [, , , , , , , , , , , , , ], [, , , , , , , , , , , , , ], [, , , , , , , , , , , , , ], [, , , , , , , , , , , , , ], [, , , , , , , , , , , , , ], [, , , , , , , , , , , , , ], [, , , , , , , , , , , , , ], [, , , , , , , , , , , , , ], [, , , , , , , , , , , , , ], [, , , , , , , , , , , , , ], [, , , , , , , , , , , , , ], [, , , , , , , , , , , , , ], [, , , , , , , , , , , , , ], [, , , , , , , , , , , , , ], [, , , , , , , , , , , , , ], [, , , , , , , , , , , , , ], [, , , , , , , , , , , , , ], [, , , , , , , , , , , , , ], [, , , , , , , , , , , , , ], [, , , , , , , , , , , , , ], [, , , , , , , , , , , , , ], [, , , , , , , , , , , , , ], [, , , , , , , , , , , , , ], [, , , , , , , , , , , , , ], [, , , , , , , , , , , , , ], [, , , , , , , , , , , , , ], [, , , , , , , , , , , , , ], [, , , , , , , , , , , , , ], [, , , , , , , , , , , , , ], [, , , , , , , , , , , , , ], [, , , , , , , , , , , , , ], [, , , , , , , , , , , , , ], [, , , , , , , , , , , , , ], [, , , , , , , , , , , , , ], [, , , , , , , , , , , , , ], [, , , , , , , , , , , , , ], [, , , , , , , , , , , , , ], [, , , , , , , , , , , , , ], [, , , , , , , , , , , , , ], [, , , , , , , , , , , , , ], [, , , , , , , , , , , , , ], [, , , , , , , , , , , , , ], [, , , , , , , , , , , , , ], [, , , , , , , , , , , , , ], [, , , , , , , , , , , , , ], [, , , , , , , , , , , , , ], [, , , , , , , , , , , , , ], [, , , , , , , , , , , , , ], [, , , , , , , , , , , , , ], [, , , , , , , , , , , , , ], [, , , , , , , , , , , , , ], [, , , , , , , , , , , , , ], [, , , , , , , , , , , , , ], [, , , , , , , , , , , , , ], [, , , , , , , , , , , , , ], [, , , , , , , , , , , , , ], [, , , , , , , , , , , , , ], [, , , , , , , , , , , , , ], [, , , , , , , , , , , , , ], [, , , , , , , , , , , , , ], [, , , , , , , , , , , , , ], [, , , , , , , , , , , , , ], [, , , , , , , , , , , , , ], [, , , , , , , , , , , , , ], [, , , , , , , , , , , , , ], [, , , , , , , , , , , , , ], [, , , , , , , , , , , , , ], [, , , , , , , , , , , , , ], [, , , , , , , , , , , , , ], [, , , , , , , , , , , , , ], [, , , , , , , , , , , , , ], [, , , , , , , , , , , , , ], [, , , , , , , , , , , , , ], [, , , , , , , , , , , , , ], [, , , , , , , , , , , , , ], [, , , , , , , , , , , , , ], [, , , , , , , , , , , , , ], [, , , , , , , , , , , , , ], [, , , , , , , , , , , , , ], [, , , , , , , , , , , , , ], [, , , , , , , , , , , , , ], [, , , , , , , , , , , , , ]]
Track groups created: 30
Tracks created: 30
✓ Life Plan Service initialized
✓ MCP Service initialized
00:00 +0: Claude Service Life Plan Integration successfully retrieves goals by dimension                                                                                                               00:00 +0: Claude Service Life Plan Integration successfully retrieves goals by dimension                                                                                                               

🔄 Setting up test case...
✓ Mock client configured with default response
🔧 Initializing MockConfigLoader
✓ MockConfigLoader initialized
✓ Claude Service initialized with mock dependencies

🧪 Testing goals retrieval by dimension...
📤 Sending command: {"action":"get_goals_by_dimension","dimension":"SF"}
📜 Loading mock system prompt
📋 Mock prompt content: {"system_prompt":{"role":"system","content":"You are Sergeant Oracle, a test assistant. You have access to life planning data through these commands:\n- get_goals_by_dimension\n- get_track_by_id\n- get_habits_for_challenge\n- get_recommended_habits"}}
🔄 Processing command: {"action":"get_goals_by_dimension","dimension":"SF"}
📋 Parsed command: {action: get_goals_by_dimension, dimension: SF}
🎯 Action: get_goals_by_dimension
🔍 Getting goals for dimension: SF
📊 Found 8 goals
📥 Received response: {"status":"success","data":[{"dimension":"SF","id":"OPP1","description":"Perder peso","trackId":"ME1\r"},{"dimension":"SF","id":"OPP2","description":"Perder peso avançado","trackId":"ME2\r"},{"dimension":"SF","id":"OGM1","description":"Ganhar massa","trackId":"GM1\r"},{"dimension":"SF","id":"OGM2","description":"Ganhar massa avançado","trackId":"GM2\r"},{"dimension":"SF","id":"ODM1","description":"Dormir melhor","trackId":"DM1\r"},{"dimension":"SF","id":"ODM2","description":"Dormir melhor : avançado","trackId":"DM2\r"},{"dimension":"SF","id":"OMMA1","description":"Melhorar minha alimentação","trackId":"ES1\r"},{"dimension":"SF","id":"OMMA2","description":"Melhorar minha alimentação : avançado","trackId":"ES2"}]}
🔍 Decoded response: {status: success, data: [{dimension: SF, id: OPP1, description: Perder peso, trackId: ME1}, {dimension: SF, id: OPP2, description: Perder peso avançado, trackId: ME2}, {dimension: SF, id: OGM1, description: Ganhar massa, trackId: GM1}, {dimension: SF, id: OGM2, description: Ganhar massa avançado, trackId: GM2}, {dimension: SF, id: ODM1, description: Dormir melhor, trackId: DM1}, {dimension: SF, id: ODM2, description: Dormir melhor : avançado, trackId: DM2}, {dimension: SF, id: OMMA1, description: Melhorar minha alimentação, trackId: ES1}, {dimension: SF, id: OMMA2, description: Melhorar minha alimentação : avançado, trackId: ES2}]}
📋 First goal data: {dimension: SF, id: OPP1, description: Perder peso, trackId: ME1}
00:01 +1: Claude Service Life Plan Integration successfully retrieves goals by dimension                                                                                                               00:01 +1: Claude Service Life Plan Integration successfully retrieves track information                                                                                                                00:01 +1: Claude Service Life Plan Integration successfully retrieves track information                                                                                                                

🔄 Setting up test case...
✓ Mock client configured with default response
🔧 Initializing MockConfigLoader
✓ MockConfigLoader initialized
✓ Claude Service initialized with mock dependencies

🧪 Testing track information retrieval...
📤 Sending goals command: {"action":"get_goals_by_dimension","dimension":"SF"}
📜 Loading mock system prompt
📋 Mock prompt content: {"system_prompt":{"role":"system","content":"You are Sergeant Oracle, a test assistant. You have access to life planning data through these commands:\n- get_goals_by_dimension\n- get_track_by_id\n- get_habits_for_challenge\n- get_recommended_habits"}}
🔄 Processing command: {"action":"get_goals_by_dimension","dimension":"SF"}
📋 Parsed command: {action: get_goals_by_dimension, dimension: SF}
🎯 Action: get_goals_by_dimension
🔍 Getting goals for dimension: SF
📊 Found 8 goals
📥 Received goals response: {"status":"success","data":[{"dimension":"SF","id":"OPP1","description":"Perder peso","trackId":"ME1\r"},{"dimension":"SF","id":"OPP2","description":"Perder peso avançado","trackId":"ME2\r"},{"dimension":"SF","id":"OGM1","description":"Ganhar massa","trackId":"GM1\r"},{"dimension":"SF","id":"OGM2","description":"Ganhar massa avançado","trackId":"GM2\r"},{"dimension":"SF","id":"ODM1","description":"Dormir melhor","trackId":"DM1\r"},{"dimension":"SF","id":"ODM2","description":"Dormir melhor : avançado","trackId":"DM2\r"},{"dimension":"SF","id":"OMMA1","description":"Melhorar minha alimentação","trackId":"ES1\r"},{"dimension":"SF","id":"OMMA2","description":"Melhorar minha alimentação : avançado","trackId":"ES2"}]}
🔍 Decoded goals data: {status: success, data: [{dimension: SF, id: OPP1, description: Perder peso, trackId: ME1}, {dimension: SF, id: OPP2, description: Perder peso avançado, trackId: ME2}, {dimension: SF, id: OGM1, description: Ganhar massa, trackId: GM1}, {dimension: SF, id: OGM2, description: Ganhar massa avançado, trackId: GM2}, {dimension: SF, id: ODM1, description: Dormir melhor, trackId: DM1}, {dimension: SF, id: ODM2, description: Dormir melhor : avançado, trackId: DM2}, {dimension: SF, id: OMMA1, description: Melhorar minha alimentação, trackId: ES1}, {dimension: SF, id: OMMA2, description: Melhorar minha alimentação : avançado, trackId: ES2}]}
🎯 Found trackId: ME1
📤 Sending track command: {"action":"get_track_by_id","trackId":"ME1\r"}
🔄 Processing command: {"action":"get_track_by_id","trackId":"ME1\r"}
📋 Parsed command: {action: get_track_by_id, trackId: ME1}
🎯 Action: get_track_by_id
🔍 Getting track with ID: ME1
✅ Track found: Mapa do emagrescimento
📥 Received track response: {"status":"success","data":{"dimension":"SF","code":"ME1","name":"Mapa do emagrescimento","challenges":[{"code":"ME1BE","name":"Base do Emagrecimento","level":1,"habits":[{"habitId":"SF7","frequency":7},{"habitId":"SF1","frequency":7}]},{"code":"ME1EC","name":"Emagrecimento consciente","level":2,"habits":[{"habitId":"SF16","frequency":5},{"habitId":"SF1","frequency":7},{"habitId":"SF1813","frequency":2}]}]}}
�� Decoded track data: {status: success, data: {dimension: SF, code: ME1, name: Mapa do emagrescimento, challenges: [{code: ME1BE, name: Base do Emagrecimento, level: 1, habits: [{habitId: SF7, frequency: 7}, {habitId: SF1, frequency: 7}]}, {code: ME1EC, name: Emagrecimento consciente, level: 2, habits: [{habitId: SF16, frequency: 5}, {habitId: SF1, frequency: 7}, {habitId: SF1813, frequency: 2}]}]}}
00:01 +2: Claude Service Life Plan Integration successfully retrieves track information                                                                                                                00:01 +2: Claude Service Life Plan Integration successfully retrieves habits for a challenge                                                                                                           00:01 +2: Claude Service Life Plan Integration successfully retrieves habits for a challenge                                                                                                           

🔄 Setting up test case...
✓ Mock client configured with default response
🔧 Initializing MockConfigLoader
✓ MockConfigLoader initialized
✓ Claude Service initialized with mock dependencies

🧪 Testing habits retrieval for challenge...
📤 Sending command: {"action":"get_habits_for_challenge","trackId":"ME1","challengeCode":"ME1PC"}
📜 Loading mock system prompt
📋 Mock prompt content: {"system_prompt":{"role":"system","content":"You are Sergeant Oracle, a test assistant. You have access to life planning data through these commands:\n- get_goals_by_dimension\n- get_track_by_id\n- get_habits_for_challenge\n- get_recommended_habits"}}
🔄 Processing command: {"action":"get_habits_for_challenge","trackId":"ME1","challengeCode":"ME1PC"}
📋 Parsed command: {action: get_habits_for_challenge, trackId: ME1, challengeCode: ME1PC}
🎯 Action: get_habits_for_challenge
🔍 Getting habits for track: ME1, challenge: ME1PC
📊 Found 0 habits
📥 Received response: {"status":"success","data":[]}
🔍 Decoded response: {status: success, data: []}
⚠️ No habits found for challenge ME1PC
00:01 +3: Claude Service Life Plan Integration successfully retrieves habits for a challenge                                                                                                           00:01 +3: Claude Service Life Plan Integration successfully retrieves recommended habits                                                                                                               00:01 +3: Claude Service Life Plan Integration successfully retrieves recommended habits                                                                                                               

🔄 Setting up test case...
✓ Mock client configured with default response
🔧 Initializing MockConfigLoader
✓ MockConfigLoader initialized
✓ Claude Service initialized with mock dependencies

🧪 Testing recommended habits retrieval...
📤 Sending command: {"action":"get_recommended_habits","dimension":"SF","minImpact":3}
📜 Loading mock system prompt
📋 Mock prompt content: {"system_prompt":{"role":"system","content":"You are Sergeant Oracle, a test assistant. You have access to life planning data through these commands:\n- get_goals_by_dimension\n- get_track_by_id\n- get_habits_for_challenge\n- get_recommended_habits"}}
🔄 Processing command: {"action":"get_recommended_habits","dimension":"SF","minImpact":3}
📋 Parsed command: {action: get_recommended_habits, dimension: SF, minImpact: 3}
🎯 Action: get_recommended_habits
🔍 Getting recommended habits for dimension: SF
📊 Minimum impact threshold: 3
📊 Found 35 recommended habits
📥 Received response: {"status":"success","data":[{"id":"E6","description":"Agradecer 3 coisas do meu dia ","intensity":"","duration":"","impact":{"relationships":3,"work":3,"physical":3,"spiritual":5,"mental":5}},{"id":"SF5","description":"Dormir de 7 a 9 horas ","intensity":"","duration":"","impact":{"relationships":0,"work":1,"physical":5,"spiritual":0,"mental":3}},{"id":"SF6","description":"Evitar o consumo de cafeína após as 15:00","intensity":"","duration":"","impact":{"relationships":0,"work":0,"physical":3,"spiritual":0,"mental":2}},{"id":"SF8","description":"Comer fruta ","intensity":"","duration":"","impact":{"relationships":0,"work":0,"physical":3,"spiritual":0,"mental":1}},{"id":"SF9","description":"Comer fonte de carboidrato complexo ","intensity":"","duration":"","impact":{"relationships":0,"work":0,"physical":3,"spiritual":0,"mental":1}},{"id":"SF10","description":"Comer proteína nas refeições (ingestão adequade de proteína) ","intensity":"","duration":"","impact":{"relationships":0,"work":0,"physical":3,"spiritual":0,"mental":1}},{"id":"SF11","description":"Comer legumes e salada","intensity":"","duration":"","impact":{"relationships":0,"work":0,"physical":3,"spiritual":0,"mental":1}},{"id":"SF1213","description":"Fazer exercício de força ","intensity":"Leve","duration":"Mais de 40 min","impact":{"relationships":0,"work":2,"physical":3,"spiritual":0,"mental":3}},{"id":"SF1222","description":"Fazer exercício de força ","intensity":"Moderada","duration":"De 21 a 40 min","impact":{"relationships":0,"work":2,"physical":3,"spiritual":0,"mental":3}},{"id":"SF1223","description":"Fazer exercício de força ","intensity":"Moderada","duration":"Mais de 40 min","impact":{"relationships":0,"work":3,"physical":5,"spiritual":0,"mental":5}},{"id":"SF1231","description":"Fazer exercício de força ","intensity":"Intensa","duration":"Até 20 min","impact":{"relationships":0,"work":1,"physical":3,"spiritual":0,"mental":3}},{"id":"SF1232","description":"Fazer exercício de força ","intensity":"Intensa","duration":"De 21 a 40 min","impact":{"relationships":0,"work":3,"physical":4,"spiritual":0,"mental":4}},{"id":"SF1233","description":"Fazer exercício de força ","intensity":"Intensa","duration":"Mais de 40 min","impact":{"relationships":0,"work":5,"physical":5,"spiritual":0,"mental":5}},{"id":"SF1313","description":"Fazer exercício de cardio/aeróbico  ","intensity":"Leve","duration":"Mais de 40 min","impact":{"relationships":0,"work":2,"physical":3,"spiritual":0,"mental":3}},{"id":"SF1322","description":"Fazer exercício de cardio/aeróbico  ","intensity":"Moderada","duration":"De 21 a 40 min","impact":{"relationships":0,"work":2,"physical":3,"spiritual":0,"mental":3}},{"id":"SF1323","description":"Fazer exercício de cardio/aeróbico  ","intensity":"Moderada","duration":"Mais de 40 min","impact":{"relationships":0,"work":3,"physical":5,"spiritual":0,"mental":5}},{"id":"SF1331","description":"Fazer exercício de cardio/aeróbico  ","intensity":"Intensa","duration":"Até 20 min","impact":{"relationships":0,"work":1,"physical":3,"spiritual":0,"mental":3}},{"id":"SF1332","description":"Fazer exercício de cardio/aeróbico  ","intensity":"Intensa","duration":"De 21 a 40 min","impact":{"relationships":0,"work":3,"physical":4,"spiritual":0,"mental":4}},{"id":"SF1333","description":"Fazer exercício de cardio/aeróbico  ","intensity":"Intensa","duration":"Mais de 40 min","impact":{"relationships":0,"work":5,"physical":5,"spiritual":0,"mental":5}},{"id":"SF1413","description":"Correr","intensity":"Leve","duration":"Mais de 40 min","impact":{"relationships":0,"work":2,"physical":3,"spiritual":0,"mental":3}},{"id":"SF1422","description":"Correr","intensity":"Moderada","duration":"De 21 a 40 min","impact":{"relationships":0,"work":2,"physical":3,"spiritual":0,"mental":3}},{"id":"SF1423","description":"Correr","intensity":"Moderada","duration":"Mais de 40 min","impact":{"relationships":0,"work":3,"physical":5,"spiritual":0,"mental":5}},{"id":"SF1431","description":"Correr","intensity":"Intensa","duration":"Até 20 min","impact":{"relationships":0,"work":1,"physical":3,"spiritual":0,"mental":3}},{"id":"SF1432","description":"Correr","intensity":"Intensa","duration":"De 21 a 40 min","impact":{"relationships":0,"work":3,"physical":4,"spiritual":0,"mental":4}},{"id":"SF1433","description":"Correr","intensity":"Intensa","duration":"Mais de 40 min","impact":{"relationships":0,"work":5,"physical":5,"spiritual":0,"mental":5}},{"id":"SF15","description":"Alongar","intensity":"","duration":"Mais de 40 min ","impact":{"relationships":0,"work":0,"physical":5,"spiritual":0,"mental":3}},{"id":"SF16","description":"Dormir sempre no mesmo horário (consistência no horário de dormir e acordar)","intensity":"","duration":"","impact":{"relationships":0,"work":1,"physical":5,"spiritual":0,"mental":3}},{"id":"SF17","description":"Restringir comida industrializada/processada","intensity":"","duration":"","impact":{"relationships":0,"work":0,"physical":5,"spiritual":0,"mental":3}},{"id":"SF1813","description":"Caminhar ","intensity":"Leve","duration":"Mais de 20 min ","impact":{"relationships":0,"work":2,"physical":3,"spiritual":1,"mental":3}},{"id":"SF1822","description":"Caminhar ","intensity":"Moderado","duration":"De 11 a 20 min ","impact":{"relationships":0,"work":2,"physical":3,"spiritual":1,"mental":3}},{"id":"SF1822","description":"Caminhar ","intensity":"Moderado","duration":"Mais de 20 min ","impact":{"relationships":0,"work":3,"physical":5,"spiritual":1,"mental":5}},{"id":"SM1","description":"Me expor à luz natural ","intensity":"","duration":"Mais de 20 min ","impact":{"relationships":0,"work":2,"physical":4,"spiritual":0,"mental":5}},{"id":"SM813","description":"Caminhar ao ar livre","intensity":"Leve","duration":"Mais de 20 min ","impact":{"relationships":0,"work":2,"physical":3,"spiritual":1,"mental":3}},{"id":"SM822","description":"Caminhar ao ar livre","intensity":"Moderado","duration":"De 11 a 20 min ","impact":{"relationships":0,"work":2,"physical":3,"spiritual":1,"mental":3}},{"id":"SM823","description":"Caminhar ao ar livre","intensity":"Moderado","duration":"Mais de 20 min ","impact":{"relationships":0,"work":3,"physical":5,"spiritual":1,"mental":5}}]}
🔍 Decoded response: {status: success, data: [{id: E6, description: Agradecer 3 coisas do meu dia , intensity: , duration: , impact: {relationships: 3, work: 3, physical: 3, spiritual: 5, mental: 5}}, {id: SF5, description: Dormir de 7 a 9 horas , intensity: , duration: , impact: {relationships: 0, work: 1, physical: 5, spiritual: 0, mental: 3}}, {id: SF6, description: Evitar o consumo de cafeína após as 15:00, intensity: , duration: , impact: {relationships: 0, work: 0, physical: 3, spiritual: 0, mental: 2}}, {id: SF8, description: Comer fruta , intensity: , duration: , impact: {relationships: 0, work: 0, physical: 3, spiritual: 0, mental: 1}}, {id: SF9, description: Comer fonte de carboidrato complexo , intensity: , duration: , impact: {relationships: 0, work: 0, physical: 3, spiritual: 0, mental: 1}}, {id: SF10, description: Comer proteína nas refeições (ingestão adequade de proteína) , intensity: , duration: , impact: {relationships: 0, work: 0, physical: 3, spiritual: 0, mental: 1}}, {id: SF11, description: Comer legumes e salada, intensity: , duration: , impact: {relationships: 0, work: 0, physical: 3, spiritual: 0, mental: 1}}, {id: SF1213, description: Fazer exercício de força , intensity: Leve, duration: Mais de 40 min, impact: {relationships: 0, work: 2, physical: 3, spiritual: 0, mental: 3}}, {id: SF1222, description: Fazer exercício de força , intensity: Moderada, duration: De 21 a 40 min, impact: {relationships: 0, work: 2, physical: 3, spiritual: 0, mental: 3}}, {id: SF1223, description: Fazer exercício de força , intensity: Moderada, duration: Mais de 40 min, impact: {relationships: 0, work: 3, physical: 5, spiritual: 0, mental: 5}}, {id: SF1231, description: Fazer exercício de força , intensity: Intensa, duration: Até 20 min, impact: {relationships: 0, work: 1, physical: 3, spiritual: 0, mental: 3}}, {id: SF1232, description: Fazer exercício de força , intensity: Intensa, duration: De 21 a 40 min, impact: {relationships: 0, work: 3, physical: 4, spiritual: 0, mental: 4}}, {id: SF1233, description: Fazer exercício de força , intensity: Intensa, duration: Mais de 40 min, impact: {relationships: 0, work: 5, physical: 5, spiritual: 0, mental: 5}}, {id: SF1313, description: Fazer exercício de cardio/aeróbico  , intensity: Leve, duration: Mais de 40 min, impact: {relationships: 0, work: 2, physical: 3, spiritual: 0, mental: 3}}, {id: SF1322, description: Fazer exercício de cardio/aeróbico  , intensity: Moderada, duration: De 21 a 40 min, impact: {relationships: 0, work: 2, physical: 3, spiritual: 0, mental: 3}}, {id: SF1323, description: Fazer exercício de cardio/aeróbico  , intensity: Moderada, duration: Mais de 40 min, impact: {relationships: 0, work: 3, physical: 5, spiritual: 0, mental: 5}}, {id: SF1331, description: Fazer exercício de cardio/aeróbico  , intensity: Intensa, duration: Até 20 min, impact: {relationships: 0, work: 1, physical: 3, spiritual: 0, mental: 3}}, {id: SF1332, description: Fazer exercício de cardio/aeróbico  , intensity: Intensa, duration: De 21 a 40 min, impact: {relationships: 0, work: 3, physical: 4, spiritual: 0, mental: 4}}, {id: SF1333, description: Fazer exercício de cardio/aeróbico  , intensity: Intensa, duration: Mais de 40 min, impact: {relationships: 0, work: 5, physical: 5, spiritual: 0, mental: 5}}, {id: SF1413, description: Correr, intensity: Leve, duration: Mais de 40 min, impact: {relationships: 0, work: 2, physical: 3, spiritual: 0, mental: 3}}, {id: SF1422, description: Correr, intensity: Moderada, duration: De 21 a 40 min, impact: {relationships: 0, work: 2, physical: 3, spiritual: 0, mental: 3}}, {id: SF1423, description: Correr, intensity: Moderada, duration: Mais de 40 min, impact: {relationships: 0, work: 3, physical: 5, spiritual: 0, mental: 5}}, {id: SF1431, description: Correr, intensity: Intensa, duration: Até 20 min, impact: {relationships: 0, work: 1, physical: 3, spiritual: 0, mental: 3}}, {id: SF1432, description: Correr, intensity: Intensa, duration: De 21 a 40 min, impact: {relationships: 0, work: 3, physical: 4, spiritual: 0, mental: 4}}, {id: SF1433, description: Correr, intensity: Intensa, duration: Mais de 40 min, impact: {relationships: 0, work: 5, physical: 5, spiritual: 0, mental: 5}}, {id: SF15, description: Alongar, intensity: , duration: Mais de 40 min , impact: {relationships: 0, work: 0, physical: 5, spiritual: 0, mental: 3}}, {id: SF16, description: Dormir sempre no mesmo horário (consistência no horário de dormir e acordar), intensity: , duration: , impact: {relationships: 0, work: 1, physical: 5, spiritual: 0, mental: 3}}, {id: SF17, description: Restringir comida industrializada/processada, intensity: , duration: , impact: {relationships: 0, work: 0, physical: 5, spiritual: 0, mental: 3}}, {id: SF1813, description: Caminhar , intensity: Leve, duration: Mais de 20 min , impact: {relationships: 0, work: 2, physical: 3, spiritual: 1, mental: 3}}, {id: SF1822, description: Caminhar , intensity: Moderado, duration: De 11 a 20 min , impact: {relationships: 0, work: 2, physical: 3, spiritual: 1, mental: 3}}, {id: SF1822, description: Caminhar , intensity: Moderado, duration: Mais de 20 min , impact: {relationships: 0, work: 3, physical: 5, spiritual: 1, mental: 5}}, {id: SM1, description: Me expor à luz natural , intensity: , duration: Mais de 20 min , impact: {relationships: 0, work: 2, physical: 4, spiritual: 0, mental: 5}}, {id: SM813, description: Caminhar ao ar livre, intensity: Leve, duration: Mais de 20 min , impact: {relationships: 0, work: 2, physical: 3, spiritual: 1, mental: 3}}, {id: SM822, description: Caminhar ao ar livre, intensity: Moderado, duration: De 11 a 20 min , impact: {relationships: 0, work: 2, physical: 3, spiritual: 1, mental: 3}}, {id: SM823, description: Caminhar ao ar livre, intensity: Moderado, duration: Mais de 20 min , impact: {relationships: 0, work: 3, physical: 5, spiritual: 1, mental: 5}}]}
📋 First recommended habit: {id: E6, description: Agradecer 3 coisas do meu dia , intensity: , duration: , impact: {relationships: 3, work: 3, physical: 3, spiritual: 5, mental: 5}}
💪 Physical impact: 3
00:01 +4: Claude Service Life Plan Integration successfully retrieves recommended habits                                                                                                               00:01 +4: Claude Service Life Plan Integration handles invalid commands gracefully                                                                                                                     00:01 +4: Claude Service Life Plan Integration handles invalid commands gracefully                                                                                                                     

🔄 Setting up test case...
✓ Mock client configured with default response
🔧 Initializing MockConfigLoader
✓ MockConfigLoader initialized
✓ Claude Service initialized with mock dependencies

🧪 Testing invalid command handling...
📤 Sending invalid command: {"action":"invalid_action","data":"test"}
📜 Loading mock system prompt
📋 Mock prompt content: {"system_prompt":{"role":"system","content":"You are Sergeant Oracle, a test assistant. You have access to life planning data through these commands:\n- get_goals_by_dimension\n- get_track_by_id\n- get_habits_for_challenge\n- get_recommended_habits"}}
🔄 Processing command: {"action":"invalid_action","data":"test"}
📋 Parsed command: {action: invalid_action, data: test}
🎯 Action: invalid_action
❌ Unknown command: invalid_action
📥 Received response: {"status":"error","message":"Unknown command"}
🔍 Decoded error response: {status: error, message: Unknown command}
00:01 +5: Claude Service Life Plan Integration handles invalid commands gracefully                                                                                                                     00:01 +5: Claude Service Life Plan Integration handles missing required parameters gracefully                                                                                                          00:01 +5: Claude Service Life Plan Integration handles missing required parameters gracefully                                                                                                          

🔄 Setting up test case...
✓ Mock client configured with default response
🔧 Initializing MockConfigLoader
✓ MockConfigLoader initialized
✓ Claude Service initialized with mock dependencies

🧪 Testing missing parameter handling...
📤 Sending command with missing parameter: {"action":"get_goals_by_dimension"}
📜 Loading mock system prompt
📋 Mock prompt content: {"system_prompt":{"role":"system","content":"You are Sergeant Oracle, a test assistant. You have access to life planning data through these commands:\n- get_goals_by_dimension\n- get_track_by_id\n- get_habits_for_challenge\n- get_recommended_habits"}}
🔄 Processing command: {"action":"get_goals_by_dimension"}
📋 Parsed command: {action: get_goals_by_dimension}
🎯 Action: get_goals_by_dimension
⚠️ Missing dimension parameter
❌ Error processing command: Exception: Missing required parameter: dimension
📥 Received response: {"status":"error","message":"Exception: Missing required parameter: dimension"}
🔍 Decoded error response: {status: error, message: Exception: Missing required parameter: dimension}
00:01 +6: Claude Service Life Plan Integration handles missing required parameters gracefully                                                                                                          00:01 +6: (tearDownAll)                                                                                                                                                                                [ +131 ms] test 0: Test harness is no longer needed by test process
[        ] test 0: finished
[        ] test 0: cleaning up...
[        ] test 0: ensuring test device is terminated.
[        ] test 0: Terminating flutter_tester process
[        ] test 0: Shutting down DevTools server
[        ] test 0: Test process is no longer needed by test harness
[        ] test 0: Shutting down test harness socket server
[   +1 ms] test 0: flutter_tester process at pid 3991 exited with code=-9
[        ] test 0: deleting temporary directory
[        ] test 0: finished
00:01 +6: All tests passed!                                                                                                                                                                            
[   +2 ms] Deleting /var/folders/f7/rqd14g9d2rv0v4rhwj55l7v40000gn/T/flutter_tools.2BjpTD/flutter_test_compiler.B19aTL...
[        ] killing pid 3986
[   +5 ms] Deleting /var/folders/f7/rqd14g9d2rv0v4rhwj55l7v40000gn/T/flutter_tools.2BjpTD/flutter_test_fonts.cDPB9V...
[   +1 ms] test package returned with exit code 0
[        ] Runtime for phase TestRunner: Wall-clock: 0:00:01.118293; combined: 0:00:01.118307.
[        ] Runtime for phase Compile: Wall-clock: 0:00:00.521232; combined: 0:00:00.521247.
[        ] Runtime for phase Run: Wall-clock: 0:00:00.491877; combined: 0:00:00.491880.
[        ] Runtime for phase CoverageTotal: Wall-clock: 0:00:00.000000; combined: 0:00:00.000000.
[        ] Runtime for phase CoverageCollect: Wall-clock: 0:00:00.000000; combined: 0:00:00.000000.
[        ] Runtime for phase CoverageParseJson: Wall-clock: 0:00:00.000000; combined: 0:00:00.000000.
[        ] Runtime for phase CoverageAddHitmap: Wall-clock: 0:00:00.000000; combined: 0:00:00.000000.
[        ] Runtime for phase CoverageDataCollect: Wall-clock: 0:00:00.000000; combined: 0:00:00.000000.
[        ] Runtime for phase WatcherFinishedTest: Wall-clock: 0:00:00.000266; combined: 0:00:00.000267.
[   +2 ms] "flutter test" took 1,484ms.
[  +22 ms] Running 3 shutdown hooks
[        ] Shutdown hooks complete
[ +130 ms] exiting with code 0

=== Running ./test/services/claude_service_test.dart ===
[   +9 ms] executing: sysctl hw.optional.arm64
[   +5 ms] Exit code 0 from: sysctl hw.optional.arm64
[        ] hw.optional.arm64: 1
[   +7 ms] executing: sw_vers -productName
[   +6 ms] Exit code 0 from: sw_vers -productName
[        ] macOS
[        ] executing: sw_vers -productVersion
[   +5 ms] Exit code 0 from: sw_vers -productVersion
[        ] 14.6.1
[        ] executing: sw_vers -buildVersion
[   +5 ms] Exit code 0 from: sw_vers -buildVersion
[        ] 23G93
[        ] executing: uname -m
[   +2 ms] Exit code 0 from: uname -m
[        ] arm64
[   +8 ms] Found 1 files which will be executed as Widget Tests.
[   +2 ms] Artifact Instance of 'AndroidGenSnapshotArtifacts' is not required, skipping update.
[        ] Artifact Instance of 'AndroidInternalBuildArtifacts' is not required, skipping update.
[        ] Artifact Instance of 'IOSEngineArtifacts' is not required, skipping update.
[        ] Artifact Instance of 'FlutterWebSdk' is not required, skipping update.
[        ] Artifact Instance of 'LegacyCanvasKitRemover' is not required, skipping update.
[   +1 ms] Artifact Instance of 'WindowsEngineArtifacts' is not required, skipping update.
[        ] Artifact Instance of 'MacOSEngineArtifacts' is not required, skipping update.
[        ] Artifact Instance of 'LinuxEngineArtifacts' is not required, skipping update.
[        ] Artifact Instance of 'LinuxFuchsiaSDKArtifacts' is not required, skipping update.
[        ] Artifact Instance of 'MacOSFuchsiaSDKArtifacts' is not required, skipping update.
[        ] Artifact Instance of 'FlutterRunnerSDKArtifacts' is not required, skipping update.
[        ] Artifact Instance of 'FlutterRunnerDebugSymbols' is not required, skipping update.
[  +17 ms] Artifact Instance of 'MaterialFonts' is not required, skipping update.
[        ] Artifact Instance of 'GradleWrapper' is not required, skipping update.
[        ] Artifact Instance of 'AndroidGenSnapshotArtifacts' is not required, skipping update.
[        ] Artifact Instance of 'AndroidInternalBuildArtifacts' is not required, skipping update.
[        ] Artifact Instance of 'IOSEngineArtifacts' is not required, skipping update.
[        ] Artifact Instance of 'FlutterWebSdk' is not required, skipping update.
[        ] Artifact Instance of 'LegacyCanvasKitRemover' is not required, skipping update.
[        ] Artifact Instance of 'FlutterSdk' is not required, skipping update.
[        ] Artifact Instance of 'WindowsEngineArtifacts' is not required, skipping update.
[        ] Artifact Instance of 'MacOSEngineArtifacts' is not required, skipping update.
[        ] Artifact Instance of 'LinuxEngineArtifacts' is not required, skipping update.
[        ] Artifact Instance of 'LinuxFuchsiaSDKArtifacts' is not required, skipping update.
[        ] Artifact Instance of 'MacOSFuchsiaSDKArtifacts' is not required, skipping update.
[        ] Artifact Instance of 'FlutterRunnerSDKArtifacts' is not required, skipping update.
[        ] Artifact Instance of 'FlutterRunnerDebugSymbols' is not required, skipping update.
[        ] Artifact Instance of 'IosUsbArtifacts' is not required, skipping update.
[        ] Artifact Instance of 'IosUsbArtifacts' is not required, skipping update.
[        ] Artifact Instance of 'IosUsbArtifacts' is not required, skipping update.
[        ] Artifact Instance of 'IosUsbArtifacts' is not required, skipping update.
[        ] Artifact Instance of 'IosUsbArtifacts' is not required, skipping update.
[        ] Artifact Instance of 'FontSubsetArtifacts' is not required, skipping update.
[        ] Artifact Instance of 'PubDependencies' is not required, skipping update.
[  +21 ms] Skipping pub get: version match.
[  +13 ms] Found plugin audioplayers at /Users/alebairos/.pub-cache/hosted/pub.dev/audioplayers-5.2.1/
[   +1 ms] Found plugin audioplayers_android at /Users/alebairos/.pub-cache/hosted/pub.dev/audioplayers_android-4.0.3/
[   +1 ms] Found plugin audioplayers_darwin at /Users/alebairos/.pub-cache/hosted/pub.dev/audioplayers_darwin-5.0.2/
[   +1 ms] Found plugin audioplayers_linux at /Users/alebairos/.pub-cache/hosted/pub.dev/audioplayers_linux-3.1.0/
[   +1 ms] Found plugin audioplayers_web at /Users/alebairos/.pub-cache/hosted/pub.dev/audioplayers_web-4.1.0/
[        ] Found plugin audioplayers_windows at /Users/alebairos/.pub-cache/hosted/pub.dev/audioplayers_windows-3.1.0/
[  +20 ms] Found plugin isar_flutter_libs at /Users/alebairos/.pub-cache/hosted/pub.dev/isar_flutter_libs-3.1.0+1/
[   +9 ms] Found plugin path_provider at /Users/alebairos/.pub-cache/hosted/pub.dev/path_provider-2.1.5/
[        ] Found plugin path_provider_android at /Users/alebairos/.pub-cache/hosted/pub.dev/path_provider_android-2.2.15/
[        ] Found plugin path_provider_foundation at /Users/alebairos/.pub-cache/hosted/pub.dev/path_provider_foundation-2.4.1/
[        ] Found plugin path_provider_linux at /Users/alebairos/.pub-cache/hosted/pub.dev/path_provider_linux-2.2.1/
[   +1 ms] Found plugin path_provider_windows at /Users/alebairos/.pub-cache/hosted/pub.dev/path_provider_windows-2.3.0/
[   +2 ms] Found plugin record at /Users/alebairos/.pub-cache/hosted/pub.dev/record-4.4.4/
[        ] Found plugin record_linux at /Users/alebairos/.pub-cache/hosted/pub.dev/record_linux-0.4.1/
[        ] Found plugin record_macos at /Users/alebairos/.pub-cache/hosted/pub.dev/record_macos-0.2.2/
[        ] Found plugin record_web at /Users/alebairos/.pub-cache/hosted/pub.dev/record_web-0.5.0/
[        ] Found plugin record_windows at /Users/alebairos/.pub-cache/hosted/pub.dev/record_windows-0.7.1/
[  +18 ms] Found plugin audioplayers at /Users/alebairos/.pub-cache/hosted/pub.dev/audioplayers-5.2.1/
[        ] Found plugin audioplayers_android at /Users/alebairos/.pub-cache/hosted/pub.dev/audioplayers_android-4.0.3/
[        ] Found plugin audioplayers_darwin at /Users/alebairos/.pub-cache/hosted/pub.dev/audioplayers_darwin-5.0.2/
[        ] Found plugin audioplayers_linux at /Users/alebairos/.pub-cache/hosted/pub.dev/audioplayers_linux-3.1.0/
[        ] Found plugin audioplayers_web at /Users/alebairos/.pub-cache/hosted/pub.dev/audioplayers_web-4.1.0/
[        ] Found plugin audioplayers_windows at /Users/alebairos/.pub-cache/hosted/pub.dev/audioplayers_windows-3.1.0/
[  +10 ms] Found plugin isar_flutter_libs at /Users/alebairos/.pub-cache/hosted/pub.dev/isar_flutter_libs-3.1.0+1/
[   +4 ms] Found plugin path_provider at /Users/alebairos/.pub-cache/hosted/pub.dev/path_provider-2.1.5/
[        ] Found plugin path_provider_android at /Users/alebairos/.pub-cache/hosted/pub.dev/path_provider_android-2.2.15/
[        ] Found plugin path_provider_foundation at /Users/alebairos/.pub-cache/hosted/pub.dev/path_provider_foundation-2.4.1/
[        ] Found plugin path_provider_linux at /Users/alebairos/.pub-cache/hosted/pub.dev/path_provider_linux-2.2.1/
[        ] Found plugin path_provider_windows at /Users/alebairos/.pub-cache/hosted/pub.dev/path_provider_windows-2.3.0/
[   +1 ms] Found plugin record at /Users/alebairos/.pub-cache/hosted/pub.dev/record-4.4.4/
[        ] Found plugin record_linux at /Users/alebairos/.pub-cache/hosted/pub.dev/record_linux-0.4.1/
[        ] Found plugin record_macos at /Users/alebairos/.pub-cache/hosted/pub.dev/record_macos-0.2.2/
[        ] Found plugin record_web at /Users/alebairos/.pub-cache/hosted/pub.dev/record_web-0.5.0/
[        ] Found plugin record_windows at /Users/alebairos/.pub-cache/hosted/pub.dev/record_windows-0.7.1/
[  +14 ms] Found plugin audioplayers at /Users/alebairos/.pub-cache/hosted/pub.dev/audioplayers-5.2.1/
[        ] Found plugin audioplayers_android at /Users/alebairos/.pub-cache/hosted/pub.dev/audioplayers_android-4.0.3/
[        ] Found plugin audioplayers_darwin at /Users/alebairos/.pub-cache/hosted/pub.dev/audioplayers_darwin-5.0.2/
[        ] Found plugin audioplayers_linux at /Users/alebairos/.pub-cache/hosted/pub.dev/audioplayers_linux-3.1.0/
[        ] Found plugin audioplayers_web at /Users/alebairos/.pub-cache/hosted/pub.dev/audioplayers_web-4.1.0/
[        ] Found plugin audioplayers_windows at /Users/alebairos/.pub-cache/hosted/pub.dev/audioplayers_windows-3.1.0/
[   +7 ms] Found plugin isar_flutter_libs at /Users/alebairos/.pub-cache/hosted/pub.dev/isar_flutter_libs-3.1.0+1/
[   +3 ms] Found plugin path_provider at /Users/alebairos/.pub-cache/hosted/pub.dev/path_provider-2.1.5/
[        ] Found plugin path_provider_android at /Users/alebairos/.pub-cache/hosted/pub.dev/path_provider_android-2.2.15/
[        ] Found plugin path_provider_foundation at /Users/alebairos/.pub-cache/hosted/pub.dev/path_provider_foundation-2.4.1/
[        ] Found plugin path_provider_linux at /Users/alebairos/.pub-cache/hosted/pub.dev/path_provider_linux-2.2.1/
[        ] Found plugin path_provider_windows at /Users/alebairos/.pub-cache/hosted/pub.dev/path_provider_windows-2.3.0/
[   +1 ms] Found plugin record at /Users/alebairos/.pub-cache/hosted/pub.dev/record-4.4.4/
[        ] Found plugin record_linux at /Users/alebairos/.pub-cache/hosted/pub.dev/record_linux-0.4.1/
[        ] Found plugin record_macos at /Users/alebairos/.pub-cache/hosted/pub.dev/record_macos-0.2.2/
[        ] Found plugin record_web at /Users/alebairos/.pub-cache/hosted/pub.dev/record_web-0.5.0/
[        ] Found plugin record_windows at /Users/alebairos/.pub-cache/hosted/pub.dev/record_windows-0.7.1/
[   +8 ms] Generating /Users/alebairos/Projects/mobile/chat_app/android/app/src/main/java/io/flutter/plugins/GeneratedPluginRegistrant.java
[  +10 ms] executing: sysctl hw.optional.arm64
[   +2 ms] Exit code 0 from: sysctl hw.optional.arm64
[        ] hw.optional.arm64: 1
[        ] executing: /usr/bin/arch -arm64e xcrun xcodebuild -version
[  +38 ms] Exit code 0 from: /usr/bin/arch -arm64e xcrun xcodebuild -version
[        ] Xcode 16.2
           Build version 16C5032a
[  +41 ms] No packages with native assets. Skipping native assets compilation.
[        ] Writing native assets json to file:///Users/alebairos/Projects/mobile/chat_app/build/native_assets/macos/native_assets.json.
[        ] Writing /Users/alebairos/Projects/mobile/chat_app/build/native_assets/macos/native_assets.json done.
[  +61 ms] running test package with arguments: [--no-color, --chain-stack-traces, --, file:///Users/alebairos/Projects/mobile/chat_app/test/services/claude_service_test.dart?]
00:00 +0: loading /Users/alebairos/Projects/mobile/chat_app/test/services/claude_service_test.dart                                                                                                     [  +72 ms] test 0: starting test /Users/alebairos/Projects/mobile/chat_app/test/services/claude_service_test.dart
[   +1 ms] Stopping scan for flutter_test_config.dart; found project root at /Users/alebairos/Projects/mobile/chat_app
[        ] Compiler will use the following file as its incremental dill file: /var/folders/f7/rqd14g9d2rv0v4rhwj55l7v40000gn/T/flutter_tools.kmexLL/flutter_test_compiler.lpmzJb/output.dill
[        ] Listening to compiler controller...
[   +3 ms] Compiling file:///var/folders/f7/rqd14g9d2rv0v4rhwj55l7v40000gn/T/flutter_tools.kmexLL/flutter_test_listener.AK6tXb/listener.dart
[   +5 ms] Found plugin audioplayers at /Users/alebairos/.pub-cache/hosted/pub.dev/audioplayers-5.2.1/
[  +10 ms] Found plugin audioplayers_android at /Users/alebairos/.pub-cache/hosted/pub.dev/audioplayers_android-4.0.3/
[        ] Found plugin audioplayers_darwin at /Users/alebairos/.pub-cache/hosted/pub.dev/audioplayers_darwin-5.0.2/
[        ] Found plugin audioplayers_linux at /Users/alebairos/.pub-cache/hosted/pub.dev/audioplayers_linux-3.1.0/
[        ] Found plugin audioplayers_web at /Users/alebairos/.pub-cache/hosted/pub.dev/audioplayers_web-4.1.0/
[        ] Found plugin audioplayers_windows at /Users/alebairos/.pub-cache/hosted/pub.dev/audioplayers_windows-3.1.0/
[   +8 ms] Found plugin isar_flutter_libs at /Users/alebairos/.pub-cache/hosted/pub.dev/isar_flutter_libs-3.1.0+1/
[   +3 ms] Found plugin path_provider at /Users/alebairos/.pub-cache/hosted/pub.dev/path_provider-2.1.5/
[        ] Found plugin path_provider_android at /Users/alebairos/.pub-cache/hosted/pub.dev/path_provider_android-2.2.15/
[        ] Found plugin path_provider_foundation at /Users/alebairos/.pub-cache/hosted/pub.dev/path_provider_foundation-2.4.1/
[        ] Found plugin path_provider_linux at /Users/alebairos/.pub-cache/hosted/pub.dev/path_provider_linux-2.2.1/
[        ] Found plugin path_provider_windows at /Users/alebairos/.pub-cache/hosted/pub.dev/path_provider_windows-2.3.0/
[   +1 ms] Found plugin record at /Users/alebairos/.pub-cache/hosted/pub.dev/record-4.4.4/
[        ] Found plugin record_linux at /Users/alebairos/.pub-cache/hosted/pub.dev/record_linux-0.4.1/
[        ] Found plugin record_macos at /Users/alebairos/.pub-cache/hosted/pub.dev/record_macos-0.2.2/
[        ] Found plugin record_web at /Users/alebairos/.pub-cache/hosted/pub.dev/record_web-0.5.0/
[        ] Found plugin record_windows at /Users/alebairos/.pub-cache/hosted/pub.dev/record_windows-0.7.1/
[   +9 ms] /opt/homebrew/Caskroom/flutter/3.27.2/flutter/bin/cache/dart-sdk/bin/dartaotruntime /opt/homebrew/Caskroom/flutter/3.27.2/flutter/bin/cache/dart-sdk/bin/snapshots/frontend_server_aot.dart.snapshot --sdk-root /opt/homebrew/Caskroom/flutter/3.27.2/flutter/bin/cache/artifacts/engine/common/flutter_patched_sdk/ --incremental --no-print-incremental-dependencies --target=flutter --experimental-emit-debug-metadata --output-dill /var/folders/f7/rqd14g9d2rv0v4rhwj55l7v40000gn/T/flutter_tools.kmexLL/flutter_test_compiler.lpmzJb/output.dill --packages /Users/alebairos/Projects/mobile/chat_app/.dart_tool/package_config.json -Ddart.vm.profile=false -Ddart.vm.product=false --enable-asserts --track-widget-creation --initialize-from-dill /Users/alebairos/Projects/mobile/chat_app/build/test_cache/build/cache.dill.track.dill --verbosity=error
[   +4 ms] <- compile file:///var/folders/f7/rqd14g9d2rv0v4rhwj55l7v40000gn/T/flutter_tools.kmexLL/flutter_test_listener.AK6tXb/listener.dart
[ +371 ms] <- accept
[        ] <- reset
[        ] Compiling file:///var/folders/f7/rqd14g9d2rv0v4rhwj55l7v40000gn/T/flutter_tools.kmexLL/flutter_test_listener.AK6tXb/listener.dart took 419ms
[        ] test 0: starting test device
[   +1 ms] test 0: awaiting connection to test device
[        ] test 0: VM Service uri is not available
[   +1 ms] test 0: test harness socket server is running at port:50434
[        ] Using this directory for fonts configuration: /var/folders/f7/rqd14g9d2rv0v4rhwj55l7v40000gn/T/flutter_tools.kmexLL/flutter_test_fonts.JzjW0N
[        ] test 0: Starting flutter_tester process with command=[/opt/homebrew/Caskroom/flutter/3.27.2/flutter/bin/cache/artifacts/engine/darwin-x64/flutter_tester, --disable-vm-service, --enable-checked-mode, --verify-entry-points, --enable-software-rendering, --skia-deterministic-rendering, --enable-dart-profiling, --non-interactive, --use-test-fonts, --disable-asset-fonts, --packages=/Users/alebairos/Projects/mobile/chat_app/.dart_tool/package_config.json, --flutter-assets-dir=/Users/alebairos/Projects/mobile/chat_app/build/unit_test_assets, /var/folders/f7/rqd14g9d2rv0v4rhwj55l7v40000gn/T/flutter_tools.kmexLL/flutter_test_listener.AK6tXb/listener.dart.dill], environment={FLUTTER_TEST: true, FONTCONFIG_FILE: /var/folders/f7/rqd14g9d2rv0v4rhwj55l7v40000gn/T/flutter_tools.kmexLL/flutter_test_fonts.JzjW0N/fonts.conf, SERVER_PORT: 50434, APP_NAME: character_ai_clone, UNIT_TEST_ASSETS: /Users/alebairos/Projects/mobile/chat_app/build/unit_test_assets}
[   +2 ms] test 0: Started flutter_tester process at pid 4030
[ +331 ms] test 0: connected to test device, now awaiting test result
[        ] test 0: Waiting for test harness or tests to finish
00:00 +0: loading /Users/alebairos/Projects/mobile/chat_app/test/services/claude_service_test.dart                                                                                                     

🚀 Starting Life Plan MCP Integration Tests
00:00 +0: (setUpAll)                                                                                                                                                                                   00:00 +0: (setUpAll)                                                                                                                                                                                   

📝 Setting up test environment...
✓ Environment variables loaded
00:00 +0: Life Plan MCP Integration processes life plan commands through MCP                                                                                                                           00:00 +0: Life Plan MCP Integration processes life plan commands through MCP                                                                                                                           

🔄 Setting up test case...
✓ Mock client and MCP service initialized
✓ Claude service created with mock dependencies

🧪 Testing life plan command processing...
📤 Sending command: {"action":"get_goals_by_dimension","dimension":"SF"}
✓ Mock MCP response configured
Error loading system prompt: Unable to load asset: "lib/config/claude_config.json".
The asset does not exist or has empty data.
Error initializing Claude service: Exception: Failed to load system prompt
📡 Mock MCP processing command
📥 MCP response: {"status":"success","data":[{"dimension":"SF","id":"G1","description":"Test Goal","trackId":"T1"}]}
📥 Service response received: {"status":"success","data":[{"dimension":"SF","id":"G1","description":"Test Goal","trackId":"T1"}]}
🔍 Decoded response: {status: success, data: [{dimension: SF, id: G1, description: Test Goal, trackId: T1}]}
✓ Test completed successfully
00:00 +1: Life Plan MCP Integration processes life plan commands through MCP                                                                                                                           00:00 +1: Life Plan MCP Integration falls back to normal message processing if MCP fails                                                                                                               00:00 +1: Life Plan MCP Integration falls back to normal message processing if MCP fails                                                                                                               

🔄 Setting up test case...
✓ Mock client and MCP service initialized
✓ Claude service created with mock dependencies

🧪 Testing MCP failure fallback...
📤 Sending invalid command: {"action":"invalid_command"}
✓ Mock MCP error configured
✓ Mock Claude API response configured
Error loading system prompt: Unable to load asset: "lib/config/claude_config.json".
The asset does not exist or has empty data.
Error initializing Claude service: Exception: Failed to load system prompt
📡 Mock MCP throwing error
📥 Service response received: {"status":"error","message":"Missing required parameter: Exception: MCP Error"}
🔍 Decoded response: {status: error, message: Missing required parameter: Exception: MCP Error}
✓ Test completed successfully
00:00 +2: Life Plan MCP Integration falls back to normal message processing if MCP fails                                                                                                               00:00 +2: Life Plan MCP Integration processes normal messages without MCP                                                                                                                              00:00 +2: Life Plan MCP Integration processes normal messages without MCP                                                                                                                              

🔄 Setting up test case...
✓ Mock client and MCP service initialized
✓ Claude service created with mock dependencies

🧪 Testing normal message processing...
📤 Sending message: Hello
✓ Mock Claude API response configured
Error loading system prompt: Unable to load asset: "lib/config/claude_config.json".
The asset does not exist or has empty data.
Error initializing Claude service: Exception: Failed to load system prompt
📡 Mock Claude API called
📥 Claude API response: {"content":[{"text":"Normal response"}]}
📥 Service response received: Normal response
✓ Test completed successfully
00:00 +3: Life Plan MCP Integration processes normal messages without MCP                                                                                                                              00:00 +3: (tearDownAll)                                                                                                                                                                                [  +92 ms] test 0: Test harness is no longer needed by test process
[        ] test 0: finished
[   +2 ms] test 0: cleaning up...
[        ] test 0: ensuring test device is terminated.
[        ] test 0: Terminating flutter_tester process
[        ] test 0: Shutting down DevTools server
[        ] test 0: Test process is no longer needed by test harness
[   +1 ms] test 0: Shutting down test harness socket server
[   +1 ms] test 0: flutter_tester process at pid 4030 exited with code=-9
[        ] test 0: deleting temporary directory
[        ] test 0: finished
00:00 +3: All tests passed!                                                                                                                                                                            
[   +2 ms] Deleting /var/folders/f7/rqd14g9d2rv0v4rhwj55l7v40000gn/T/flutter_tools.kmexLL/flutter_test_compiler.lpmzJb...
[        ] killing pid 4029
[   +4 ms] Deleting /var/folders/f7/rqd14g9d2rv0v4rhwj55l7v40000gn/T/flutter_tools.kmexLL/flutter_test_fonts.JzjW0N...
[   +1 ms] test package returned with exit code 0
[        ] Runtime for phase TestRunner: Wall-clock: 0:00:00.950459; combined: 0:00:00.950486.
[        ] Runtime for phase Compile: Wall-clock: 0:00:00.419858; combined: 0:00:00.419872.
[        ] Runtime for phase Run: Wall-clock: 0:00:00.430809; combined: 0:00:00.430810.
[        ] Runtime for phase CoverageTotal: Wall-clock: 0:00:00.000000; combined: 0:00:00.000000.
[        ] Runtime for phase CoverageCollect: Wall-clock: 0:00:00.000000; combined: 0:00:00.000000.
[        ] Runtime for phase CoverageParseJson: Wall-clock: 0:00:00.000000; combined: 0:00:00.000000.
[        ] Runtime for phase CoverageAddHitmap: Wall-clock: 0:00:00.000000; combined: 0:00:00.000000.
[        ] Runtime for phase CoverageDataCollect: Wall-clock: 0:00:00.000000; combined: 0:00:00.000000.
[        ] Runtime for phase WatcherFinishedTest: Wall-clock: 0:00:00.002189; combined: 0:00:00.002191.
[   +2 ms] "flutter test" took 1,317ms.
[  +18 ms] Running 3 shutdown hooks
[        ] Shutdown hooks complete
[ +149 ms] exiting with code 0

=== Running ./test/services/life_plan_mcp_service_test.dart ===
[   +9 ms] executing: sysctl hw.optional.arm64
[   +5 ms] Exit code 0 from: sysctl hw.optional.arm64
[        ] hw.optional.arm64: 1
[   +7 ms] executing: sw_vers -productName
[   +6 ms] Exit code 0 from: sw_vers -productName
[        ] macOS
[        ] executing: sw_vers -productVersion
[   +5 ms] Exit code 0 from: sw_vers -productVersion
[        ] 14.6.1
[        ] executing: sw_vers -buildVersion
[   +5 ms] Exit code 0 from: sw_vers -buildVersion
[        ] 23G93
[        ] executing: uname -m
[   +2 ms] Exit code 0 from: uname -m
[        ] arm64
[   +8 ms] Found 1 files which will be executed as Widget Tests.
[   +2 ms] Artifact Instance of 'AndroidGenSnapshotArtifacts' is not required, skipping update.
[        ] Artifact Instance of 'AndroidInternalBuildArtifacts' is not required, skipping update.
[        ] Artifact Instance of 'IOSEngineArtifacts' is not required, skipping update.
[        ] Artifact Instance of 'FlutterWebSdk' is not required, skipping update.
[        ] Artifact Instance of 'LegacyCanvasKitRemover' is not required, skipping update.
[   +1 ms] Artifact Instance of 'WindowsEngineArtifacts' is not required, skipping update.
[        ] Artifact Instance of 'MacOSEngineArtifacts' is not required, skipping update.
[        ] Artifact Instance of 'LinuxEngineArtifacts' is not required, skipping update.
[        ] Artifact Instance of 'LinuxFuchsiaSDKArtifacts' is not required, skipping update.
[        ] Artifact Instance of 'MacOSFuchsiaSDKArtifacts' is not required, skipping update.
[        ] Artifact Instance of 'FlutterRunnerSDKArtifacts' is not required, skipping update.
[        ] Artifact Instance of 'FlutterRunnerDebugSymbols' is not required, skipping update.
[  +17 ms] Artifact Instance of 'MaterialFonts' is not required, skipping update.
[        ] Artifact Instance of 'GradleWrapper' is not required, skipping update.
[        ] Artifact Instance of 'AndroidGenSnapshotArtifacts' is not required, skipping update.
[        ] Artifact Instance of 'AndroidInternalBuildArtifacts' is not required, skipping update.
[        ] Artifact Instance of 'IOSEngineArtifacts' is not required, skipping update.
[        ] Artifact Instance of 'FlutterWebSdk' is not required, skipping update.
[        ] Artifact Instance of 'LegacyCanvasKitRemover' is not required, skipping update.
[        ] Artifact Instance of 'FlutterSdk' is not required, skipping update.
[        ] Artifact Instance of 'WindowsEngineArtifacts' is not required, skipping update.
[        ] Artifact Instance of 'MacOSEngineArtifacts' is not required, skipping update.
[        ] Artifact Instance of 'LinuxEngineArtifacts' is not required, skipping update.
[        ] Artifact Instance of 'LinuxFuchsiaSDKArtifacts' is not required, skipping update.
[        ] Artifact Instance of 'MacOSFuchsiaSDKArtifacts' is not required, skipping update.
[        ] Artifact Instance of 'FlutterRunnerSDKArtifacts' is not required, skipping update.
[        ] Artifact Instance of 'FlutterRunnerDebugSymbols' is not required, skipping update.
[        ] Artifact Instance of 'IosUsbArtifacts' is not required, skipping update.
[        ] Artifact Instance of 'IosUsbArtifacts' is not required, skipping update.
[        ] Artifact Instance of 'IosUsbArtifacts' is not required, skipping update.
[        ] Artifact Instance of 'IosUsbArtifacts' is not required, skipping update.
[        ] Artifact Instance of 'IosUsbArtifacts' is not required, skipping update.
[        ] Artifact Instance of 'FontSubsetArtifacts' is not required, skipping update.
[        ] Artifact Instance of 'PubDependencies' is not required, skipping update.
[  +21 ms] Skipping pub get: version match.
[  +13 ms] Found plugin audioplayers at /Users/alebairos/.pub-cache/hosted/pub.dev/audioplayers-5.2.1/
[   +1 ms] Found plugin audioplayers_android at /Users/alebairos/.pub-cache/hosted/pub.dev/audioplayers_android-4.0.3/
[   +1 ms] Found plugin audioplayers_darwin at /Users/alebairos/.pub-cache/hosted/pub.dev/audioplayers_darwin-5.0.2/
[   +1 ms] Found plugin audioplayers_linux at /Users/alebairos/.pub-cache/hosted/pub.dev/audioplayers_linux-3.1.0/
[   +1 ms] Found plugin audioplayers_web at /Users/alebairos/.pub-cache/hosted/pub.dev/audioplayers_web-4.1.0/
[        ] Found plugin audioplayers_windows at /Users/alebairos/.pub-cache/hosted/pub.dev/audioplayers_windows-3.1.0/
[  +21 ms] Found plugin isar_flutter_libs at /Users/alebairos/.pub-cache/hosted/pub.dev/isar_flutter_libs-3.1.0+1/
[   +9 ms] Found plugin path_provider at /Users/alebairos/.pub-cache/hosted/pub.dev/path_provider-2.1.5/
[   +1 ms] Found plugin path_provider_android at /Users/alebairos/.pub-cache/hosted/pub.dev/path_provider_android-2.2.15/
[        ] Found plugin path_provider_foundation at /Users/alebairos/.pub-cache/hosted/pub.dev/path_provider_foundation-2.4.1/
[        ] Found plugin path_provider_linux at /Users/alebairos/.pub-cache/hosted/pub.dev/path_provider_linux-2.2.1/
[   +1 ms] Found plugin path_provider_windows at /Users/alebairos/.pub-cache/hosted/pub.dev/path_provider_windows-2.3.0/
[   +2 ms] Found plugin record at /Users/alebairos/.pub-cache/hosted/pub.dev/record-4.4.4/
[        ] Found plugin record_linux at /Users/alebairos/.pub-cache/hosted/pub.dev/record_linux-0.4.1/
[        ] Found plugin record_macos at /Users/alebairos/.pub-cache/hosted/pub.dev/record_macos-0.2.2/
[        ] Found plugin record_web at /Users/alebairos/.pub-cache/hosted/pub.dev/record_web-0.5.0/
[        ] Found plugin record_windows at /Users/alebairos/.pub-cache/hosted/pub.dev/record_windows-0.7.1/
[  +18 ms] Found plugin audioplayers at /Users/alebairos/.pub-cache/hosted/pub.dev/audioplayers-5.2.1/
[        ] Found plugin audioplayers_android at /Users/alebairos/.pub-cache/hosted/pub.dev/audioplayers_android-4.0.3/
[        ] Found plugin audioplayers_darwin at /Users/alebairos/.pub-cache/hosted/pub.dev/audioplayers_darwin-5.0.2/
[   +1 ms] Found plugin audioplayers_linux at /Users/alebairos/.pub-cache/hosted/pub.dev/audioplayers_linux-3.1.0/
[        ] Found plugin audioplayers_web at /Users/alebairos/.pub-cache/hosted/pub.dev/audioplayers_web-4.1.0/
[        ] Found plugin audioplayers_windows at /Users/alebairos/.pub-cache/hosted/pub.dev/audioplayers_windows-3.1.0/
[   +9 ms] Found plugin isar_flutter_libs at /Users/alebairos/.pub-cache/hosted/pub.dev/isar_flutter_libs-3.1.0+1/
[   +4 ms] Found plugin path_provider at /Users/alebairos/.pub-cache/hosted/pub.dev/path_provider-2.1.5/
[        ] Found plugin path_provider_android at /Users/alebairos/.pub-cache/hosted/pub.dev/path_provider_android-2.2.15/
[        ] Found plugin path_provider_foundation at /Users/alebairos/.pub-cache/hosted/pub.dev/path_provider_foundation-2.4.1/
[        ] Found plugin path_provider_linux at /Users/alebairos/.pub-cache/hosted/pub.dev/path_provider_linux-2.2.1/
[        ] Found plugin path_provider_windows at /Users/alebairos/.pub-cache/hosted/pub.dev/path_provider_windows-2.3.0/
[   +1 ms] Found plugin record at /Users/alebairos/.pub-cache/hosted/pub.dev/record-4.4.4/
[        ] Found plugin record_linux at /Users/alebairos/.pub-cache/hosted/pub.dev/record_linux-0.4.1/
[        ] Found plugin record_macos at /Users/alebairos/.pub-cache/hosted/pub.dev/record_macos-0.2.2/
[        ] Found plugin record_web at /Users/alebairos/.pub-cache/hosted/pub.dev/record_web-0.5.0/
[        ] Found plugin record_windows at /Users/alebairos/.pub-cache/hosted/pub.dev/record_windows-0.7.1/
[  +14 ms] Found plugin audioplayers at /Users/alebairos/.pub-cache/hosted/pub.dev/audioplayers-5.2.1/
[        ] Found plugin audioplayers_android at /Users/alebairos/.pub-cache/hosted/pub.dev/audioplayers_android-4.0.3/
[        ] Found plugin audioplayers_darwin at /Users/alebairos/.pub-cache/hosted/pub.dev/audioplayers_darwin-5.0.2/
[        ] Found plugin audioplayers_linux at /Users/alebairos/.pub-cache/hosted/pub.dev/audioplayers_linux-3.1.0/
[        ] Found plugin audioplayers_web at /Users/alebairos/.pub-cache/hosted/pub.dev/audioplayers_web-4.1.0/
[        ] Found plugin audioplayers_windows at /Users/alebairos/.pub-cache/hosted/pub.dev/audioplayers_windows-3.1.0/
[   +7 ms] Found plugin isar_flutter_libs at /Users/alebairos/.pub-cache/hosted/pub.dev/isar_flutter_libs-3.1.0+1/
[   +3 ms] Found plugin path_provider at /Users/alebairos/.pub-cache/hosted/pub.dev/path_provider-2.1.5/
[        ] Found plugin path_provider_android at /Users/alebairos/.pub-cache/hosted/pub.dev/path_provider_android-2.2.15/
[        ] Found plugin path_provider_foundation at /Users/alebairos/.pub-cache/hosted/pub.dev/path_provider_foundation-2.4.1/
[        ] Found plugin path_provider_linux at /Users/alebairos/.pub-cache/hosted/pub.dev/path_provider_linux-2.2.1/
[        ] Found plugin path_provider_windows at /Users/alebairos/.pub-cache/hosted/pub.dev/path_provider_windows-2.3.0/
[   +1 ms] Found plugin record at /Users/alebairos/.pub-cache/hosted/pub.dev/record-4.4.4/
[        ] Found plugin record_linux at /Users/alebairos/.pub-cache/hosted/pub.dev/record_linux-0.4.1/
[        ] Found plugin record_macos at /Users/alebairos/.pub-cache/hosted/pub.dev/record_macos-0.2.2/
[        ] Found plugin record_web at /Users/alebairos/.pub-cache/hosted/pub.dev/record_web-0.5.0/
[        ] Found plugin record_windows at /Users/alebairos/.pub-cache/hosted/pub.dev/record_windows-0.7.1/
[   +8 ms] Generating /Users/alebairos/Projects/mobile/chat_app/android/app/src/main/java/io/flutter/plugins/GeneratedPluginRegistrant.java
[  +10 ms] executing: sysctl hw.optional.arm64
[   +1 ms] Exit code 0 from: sysctl hw.optional.arm64
[        ] hw.optional.arm64: 1
[        ] executing: /usr/bin/arch -arm64e xcrun xcodebuild -version
[  +39 ms] Exit code 0 from: /usr/bin/arch -arm64e xcrun xcodebuild -version
[        ] Xcode 16.2
           Build version 16C5032a
[  +41 ms] No packages with native assets. Skipping native assets compilation.
[        ] Writing native assets json to file:///Users/alebairos/Projects/mobile/chat_app/build/native_assets/macos/native_assets.json.
[        ] Writing /Users/alebairos/Projects/mobile/chat_app/build/native_assets/macos/native_assets.json done.
[  +59 ms] running test package with arguments: [--no-color, --chain-stack-traces, --, file:///Users/alebairos/Projects/mobile/chat_app/test/services/life_plan_mcp_service_test.dart?]
00:00 +0: loading /Users/alebairos/Projects/mobile/chat_app/test/services/life_plan_mcp_service_test.dart                                                                                              [  +73 ms] test 0: starting test /Users/alebairos/Projects/mobile/chat_app/test/services/life_plan_mcp_service_test.dart
[   +1 ms] Stopping scan for flutter_test_config.dart; found project root at /Users/alebairos/Projects/mobile/chat_app
[        ] Compiler will use the following file as its incremental dill file: /var/folders/f7/rqd14g9d2rv0v4rhwj55l7v40000gn/T/flutter_tools.MIhz1e/flutter_test_compiler.sl3Pfd/output.dill
[        ] Listening to compiler controller...
[   +2 ms] Compiling file:///var/folders/f7/rqd14g9d2rv0v4rhwj55l7v40000gn/T/flutter_tools.MIhz1e/flutter_test_listener.1talb5/listener.dart
[   +4 ms] Found plugin audioplayers at /Users/alebairos/.pub-cache/hosted/pub.dev/audioplayers-5.2.1/
[  +11 ms] Found plugin audioplayers_android at /Users/alebairos/.pub-cache/hosted/pub.dev/audioplayers_android-4.0.3/
[        ] Found plugin audioplayers_darwin at /Users/alebairos/.pub-cache/hosted/pub.dev/audioplayers_darwin-5.0.2/
[        ] Found plugin audioplayers_linux at /Users/alebairos/.pub-cache/hosted/pub.dev/audioplayers_linux-3.1.0/
[   +1 ms] Found plugin audioplayers_web at /Users/alebairos/.pub-cache/hosted/pub.dev/audioplayers_web-4.1.0/
[        ] Found plugin audioplayers_windows at /Users/alebairos/.pub-cache/hosted/pub.dev/audioplayers_windows-3.1.0/
[   +7 ms] Found plugin isar_flutter_libs at /Users/alebairos/.pub-cache/hosted/pub.dev/isar_flutter_libs-3.1.0+1/
[   +3 ms] Found plugin path_provider at /Users/alebairos/.pub-cache/hosted/pub.dev/path_provider-2.1.5/
[        ] Found plugin path_provider_android at /Users/alebairos/.pub-cache/hosted/pub.dev/path_provider_android-2.2.15/
[        ] Found plugin path_provider_foundation at /Users/alebairos/.pub-cache/hosted/pub.dev/path_provider_foundation-2.4.1/
[        ] Found plugin path_provider_linux at /Users/alebairos/.pub-cache/hosted/pub.dev/path_provider_linux-2.2.1/
[        ] Found plugin path_provider_windows at /Users/alebairos/.pub-cache/hosted/pub.dev/path_provider_windows-2.3.0/
[   +1 ms] Found plugin record at /Users/alebairos/.pub-cache/hosted/pub.dev/record-4.4.4/
[        ] Found plugin record_linux at /Users/alebairos/.pub-cache/hosted/pub.dev/record_linux-0.4.1/
[        ] Found plugin record_macos at /Users/alebairos/.pub-cache/hosted/pub.dev/record_macos-0.2.2/
[        ] Found plugin record_web at /Users/alebairos/.pub-cache/hosted/pub.dev/record_web-0.5.0/
[        ] Found plugin record_windows at /Users/alebairos/.pub-cache/hosted/pub.dev/record_windows-0.7.1/
[   +9 ms] /opt/homebrew/Caskroom/flutter/3.27.2/flutter/bin/cache/dart-sdk/bin/dartaotruntime /opt/homebrew/Caskroom/flutter/3.27.2/flutter/bin/cache/dart-sdk/bin/snapshots/frontend_server_aot.dart.snapshot --sdk-root /opt/homebrew/Caskroom/flutter/3.27.2/flutter/bin/cache/artifacts/engine/common/flutter_patched_sdk/ --incremental --no-print-incremental-dependencies --target=flutter --experimental-emit-debug-metadata --output-dill /var/folders/f7/rqd14g9d2rv0v4rhwj55l7v40000gn/T/flutter_tools.MIhz1e/flutter_test_compiler.sl3Pfd/output.dill --packages /Users/alebairos/Projects/mobile/chat_app/.dart_tool/package_config.json -Ddart.vm.profile=false -Ddart.vm.product=false --enable-asserts --track-widget-creation --initialize-from-dill /Users/alebairos/Projects/mobile/chat_app/build/test_cache/build/cache.dill.track.dill --verbosity=error
[   +5 ms] <- compile file:///var/folders/f7/rqd14g9d2rv0v4rhwj55l7v40000gn/T/flutter_tools.MIhz1e/flutter_test_listener.1talb5/listener.dart
[ +425 ms] <- accept
[        ] <- reset
[        ] Compiling file:///var/folders/f7/rqd14g9d2rv0v4rhwj55l7v40000gn/T/flutter_tools.MIhz1e/flutter_test_listener.1talb5/listener.dart took 474ms
[        ] test 0: starting test device
[   +1 ms] test 0: awaiting connection to test device
[        ] test 0: VM Service uri is not available
[   +1 ms] test 0: test harness socket server is running at port:50439
[        ] Using this directory for fonts configuration: /var/folders/f7/rqd14g9d2rv0v4rhwj55l7v40000gn/T/flutter_tools.MIhz1e/flutter_test_fonts.JvZyQs
[        ] test 0: Starting flutter_tester process with command=[/opt/homebrew/Caskroom/flutter/3.27.2/flutter/bin/cache/artifacts/engine/darwin-x64/flutter_tester, --disable-vm-service, --enable-checked-mode, --verify-entry-points, --enable-software-rendering, --skia-deterministic-rendering, --enable-dart-profiling, --non-interactive, --use-test-fonts, --disable-asset-fonts, --packages=/Users/alebairos/Projects/mobile/chat_app/.dart_tool/package_config.json, --flutter-assets-dir=/Users/alebairos/Projects/mobile/chat_app/build/unit_test_assets, /var/folders/f7/rqd14g9d2rv0v4rhwj55l7v40000gn/T/flutter_tools.MIhz1e/flutter_test_listener.1talb5/listener.dart.dill], environment={FLUTTER_TEST: true, FONTCONFIG_FILE: /var/folders/f7/rqd14g9d2rv0v4rhwj55l7v40000gn/T/flutter_tools.MIhz1e/flutter_test_fonts.JvZyQs/fonts.conf, SERVER_PORT: 50439, APP_NAME: character_ai_clone, UNIT_TEST_ASSETS: /Users/alebairos/Projects/mobile/chat_app/build/unit_test_assets}
[   +2 ms] test 0: Started flutter_tester process at pid 4070
[ +251 ms] test 0: connected to test device, now awaiting test result
[        ] test 0: Waiting for test harness or tests to finish
00:00 +0: LifePlanMCPService processes get_goals_by_dimension command                                                                                                                                  00:00 +0: LifePlanMCPService processes get_goals_by_dimension command                                                                                                                                  
🔄 Setting up test environment...
Goals data loaded: Dimensão;ID Objetivo;Descrição;Trilha
SF;OPP1;Perder peso;ME1
SF;OPP2;Perder peso avançado;ME2
SF;OGM1;Ganhar massa;GM1
SF;OGM2;Ganhar massa avançado;GM2
TG;OAE1;Aprender de forma mais eficaz;AE1
TG;OSPM1;Ser um profissional melhor : Gerenciar melhor meu tempo e objetivos;GV1
TG;OSPM2;Ser um profissional melhor : Gerenciar melhor meu tempo e objetivos: avançado;GV2
TG;OSPM3;Ser um profissional melhor : Liderar melhor;LS1
TG;OSPM4;Ser um profissional melhor : Liderar melhor: avançado;LS2
TG;OSPM5;Ser um profissional melhor : Apreder de forma eficaz e eficiente;AE1
SF;ODM1;Dormir melhor;DM1
SF;ODM2;Dormir melhor : avançado;DM2
SM;ORA1;Reduzir ansiedade;RA1
SM;ORA2;Reduzir ansiedade : avançado;RA2
SM;OLM1;Ler mais;LC1
E;ODE1;Desenvolver minha espiritualidade;EE1
E;ODE2;Desenvolver minha espiritualidade : avançado;EE2
R;OREQ1;Relacionamento com entes queridos;MMV1
R;OREQ2;Relacionamento com entes queridos : avançado;MMV2
SF;OMMA1;Melhorar minha alimentação;ES1
SF;OMMA2;Melhorar minha alimentação : avançado;ES2
All rows: [[Dimensão, ID Objetivo, Descrição, Trilha], [SF, OPP1, Perder peso, ME1], [SF, OPP2, Perder peso avançado, ME2], [SF, OGM1, Ganhar massa, GM1], [SF, OGM2, Ganhar massa avançado, GM2], [TG, OAE1, Aprender de forma mais eficaz, AE1], [TG, OSPM1, Ser um profissional melhor : Gerenciar melhor meu tempo e objetivos, GV1], [TG, OSPM2, Ser um profissional melhor : Gerenciar melhor meu tempo e objetivos: avançado, GV2], [TG, OSPM3, Ser um profissional melhor : Liderar melhor, LS1], [TG, OSPM4, Ser um profissional melhor : Liderar melhor: avançado, LS2], [TG, OSPM5, Ser um profissional melhor : Apreder de forma eficaz e eficiente, AE1], [SF, ODM1, Dormir melhor, DM1], [SF, ODM2, Dormir melhor : avançado, DM2], [SM, ORA1, Reduzir ansiedade, RA1], [SM, ORA2, Reduzir ansiedade : avançado, RA2], [SM, OLM1, Ler mais, LC1], [E, ODE1, Desenvolver minha espiritualidade, EE1], [E, ODE2, Desenvolver minha espiritualidade : avançado, EE2], [R, OREQ1, Relacionamento com entes queridos, MMV1], [R, OREQ2, Relacionamento com entes queridos : avançado, MMV2], [SF, OMMA1, Melhorar minha alimentação, ES1], [SF, OMMA2, Melhorar minha alimentação : avançado, ES2]]
Data rows: [[SF, OPP1, Perder peso, ME1], [SF, OPP2, Perder peso avançado, ME2], [SF, OGM1, Ganhar massa, GM1], [SF, OGM2, Ganhar massa avançado, GM2], [TG, OAE1, Aprender de forma mais eficaz, AE1], [TG, OSPM1, Ser um profissional melhor : Gerenciar melhor meu tempo e objetivos, GV1], [TG, OSPM2, Ser um profissional melhor : Gerenciar melhor meu tempo e objetivos: avançado, GV2], [TG, OSPM3, Ser um profissional melhor : Liderar melhor, LS1], [TG, OSPM4, Ser um profissional melhor : Liderar melhor: avançado, LS2], [TG, OSPM5, Ser um profissional melhor : Apreder de forma eficaz e eficiente, AE1], [SF, ODM1, Dormir melhor, DM1], [SF, ODM2, Dormir melhor : avançado, DM2], [SM, ORA1, Reduzir ansiedade, RA1], [SM, ORA2, Reduzir ansiedade : avançado, RA2], [SM, OLM1, Ler mais, LC1], [E, ODE1, Desenvolver minha espiritualidade, EE1], [E, ODE2, Desenvolver minha espiritualidade : avançado, EE2], [R, OREQ1, Relacionamento com entes queridos, MMV1], [R, OREQ2, Relacionamento com entes queridos : avançado, MMV2], [SF, OMMA1, Melhorar minha alimentação, ES1], [SF, OMMA2, Melhorar minha alimentação : avançado, ES2]]
Goals created: 21
Habits data loaded: ID;Hábito ;Intensidade;Duração ;Relacionamento ;Trabalho;Saúde física;Espiritualidade;Saúde mental
R1;Praticar escuta ativa ;;;5;1;0;0;2
R2;Jantar romântico com esposo(a) sem celular ;;;5;0;0;0;2
R3;Manter contato (Touchbase);;;5;1;0;0;2
R4;Expressar elogios e palavras de amor ;;;5;1;0;1;1
R5;Jantar/almoçar com família sem celular;;;5;0;1;0;2
R6;Jantar/almoçar com amigos sem celular;;;5;0;1;0;2
E1;Ir a uma celebração religiosa de sua preferência ;;;1;0;0;5;1
E2;Rezar;;;0;0;0;5;1
E3;Praticar ato de bondade ;;;2;1;0;5;2
E4;Fazer anotações de gratidão;;;1;1;1;3;2
E5;Agradecer 1 coisa do meu dia ;;;1;1;1;3;2
E6;Agradecer 3 coisas do meu dia ;;;3;3;3;5;5
E7;Ler a bíblia;;;0;0;0;5;1
T1;Executar a rotina da manhã;;;0;5;0;0;0
T2;Revisar o Planejamento anual;;;0;5;0;0;1
T3;Fazer e revisar o Planejamento anual;;;0;5;0;0;1
T4;Fazer e revisar o Planejamento mensal e semanal;;;0;5;0;0;1
T5;Planejar minha semana ;;;1;5;1;1;3
T6;Ampliar a rede de contatos profissionais;;;1;4;0;0;1
T7;"Ativar o modo ""foco"" no trabalho";;;0;5;0;0;1
T8;Realizar sessão de trabalho focado (pomodoro);;;0;4;0;0;0
T9;Assistir um vídeo no youtube relacionado ao tema que você quer aprender (de preferência da sua lista relacionada ao tema);;;0;1;0;0;1
T10;Preparar o ambiente (facilite a leitura);;;0;2;0;0;1
T11;Definir seu local de leitura (espaço livre de celular);;;0;2;0;0;1
T13;Ler resumo de livro do meu tema de aprendizado;;;0;1;1;0;1
T14;Ler livro relacionado ao tema que você quer aprender;;;0;0;0;0;0
T15;Escutar podcast ou TED talks relacionado ao tema que você quer aprender;;;0;1;0;0;1
T16;Colocar vídeos na sua lista do youtube relacionado ao tema que você quer aprender;;;0;1;0;0;1
T17;Dar manutenção na sua lista do youtube (adicionar e retirar vídeos) ;;;0;1;0;0;1
T18;Rever sua estratégia ;;;0;1;0;0;1
SF1;Beber água ;;;0;0;1;0;0
SF2;Preparar o quarto;;;0;0;2;0;1
SF3;Fazer um ritual de relaxamento;;;0;0;2;0;1
SF4;Escrever diário do sono ;;;0;0;2;0;1
SF5;Dormir de 7 a 9 horas ;;;0;1;5;0;3
SF6;Evitar o consumo de cafeína após as 15:00;;;0;0;3;0;2
SF7;Fazer diário alimentar ;;;0;0;2;0;0
SF8;Comer fruta ;;;0;0;3;0;1
SF9;Comer fonte de carboidrato complexo ;;;0;0;3;0;1
SF10;Comer proteína nas refeições (ingestão adequade de proteína) ;;;0;0;3;0;1
SF11;Comer legumes e salada;;;0;0;3;0;1
SF12;Fazer exercício de força ;Leve;Até 20 min;0;0;1;0;1
SF1212;Fazer exercício de força ;Leve;De 21 a 40 min;0;1;2;0;2
SF1213;Fazer exercício de força ;Leve;Mais de 40 min;0;2;3;0;3
SF1221;Fazer exercício de força ;Moderada;Até 20 min;0;0;2;0;2
SF1222;Fazer exercício de força ;Moderada;De 21 a 40 min;0;2;3;0;3
SF1223;Fazer exercício de força ;Moderada;Mais de 40 min;0;3;5;0;5
SF1231;Fazer exercício de força ;Intensa;Até 20 min;0;1;3;0;3
SF1232;Fazer exercício de força ;Intensa;De 21 a 40 min;0;3;4;0;4
SF1233;Fazer exercício de força ;Intensa;Mais de 40 min;0;5;5;0;5
SF13;Fazer exercício de cardio/aeróbico  ;Leve;Até 20 min;0;0;1;0;1
SF1312;Fazer exercício de cardio/aeróbico  ;Leve;De 21 a 40 min;0;1;2;0;2
SF1313;Fazer exercício de cardio/aeróbico  ;Leve;Mais de 40 min;0;2;3;0;3
SF1321;Fazer exercício de cardio/aeróbico  ;Moderada;Até 20 min;0;0;2;0;2
SF1322;Fazer exercício de cardio/aeróbico  ;Moderada;De 21 a 40 min;0;2;3;0;3
SF1323;Fazer exercício de cardio/aeróbico  ;Moderada;Mais de 40 min;0;3;5;0;5
SF1331;Fazer exercício de cardio/aeróbico  ;Intensa;Até 20 min;0;1;3;0;3
SF1332;Fazer exercício de cardio/aeróbico  ;Intensa;De 21 a 40 min;0;3;4;0;4
SF1333;Fazer exercício de cardio/aeróbico  ;Intensa;Mais de 40 min;0;5;5;0;5
SF14;Correr;Leve;Até 20 min;0;0;1;0;1
SF1412;Correr;Leve;De 21 a 40 min;0;1;2;0;2
SF1413;Correr;Leve;Mais de 40 min;0;2;3;0;3
SF1421;Correr;Moderada;Até 20 min;0;0;2;0;2
SF1422;Correr;Moderada;De 21 a 40 min;0;2;3;0;3
SF1423;Correr;Moderada;Mais de 40 min;0;3;5;0;5
SF1431;Correr;Intensa;Até 20 min;0;1;3;0;3
SF1432;Correr;Intensa;De 21 a 40 min;0;3;4;0;4
SF1433;Correr;Intensa;Mais de 40 min;0;5;5;0;5
SF15;Alongar;;Mais de 40 min ;0;0;5;0;3
SF16;Dormir sempre no mesmo horário (consistência no horário de dormir e acordar);;;0;1;5;0;3
SF17;Restringir comida industrializada/processada;;;0;0;5;0;3
SF18;Caminhar ;Leve;Até 10 min ;0;0;1;0;1
SF1812;Caminhar ;Leve;De 11 a 20 min ;0;1;2;1;2
SF1813;Caminhar ;Leve;Mais de 20 min ;0;2;3;1;3
SF1821;Caminhar ;Moderado;Até 10 min ;0;0;2;1;2
SF1822;Caminhar ;Moderado;De 11 a 20 min ;0;2;3;1;3
SF1822;Caminhar ;Moderado;Mais de 20 min ;0;3;5;1;5
SF19;Fazer refeições leves à noite;;;0;0;2;0;1
SM1;Me expor à luz natural ;;Mais de 20 min ;0;2;4;0;5
SM2;Diminuir exposição às telas durante a noite;;;1;1;2;0;4
SM3;Tomar banho gelado ;;;0;2;2;0;4
SM4;Fazer afirmações positivas sobre meu dia ;;;1;1;0;1;3
SM5;Desativar notificações e distrações;;;2;2;1;1;5
SM6;Limitar o tempo de uso de apps ;;;2;2;1;1;5
SM7;Ficar sem celular no quarto e/ou banheiro;;;2;2;1;1;5
SM8;Caminhar ao ar livre;Leve;Até 10 min ;0;0;1;0;1
SM812;Caminhar ao ar livre;Leve;De 11 a 20 min ;0;1;2;1;2
SM813;Caminhar ao ar livre;Leve;Mais de 20 min ;0;2;3;1;3
SM821;Caminhar ao ar livre;Moderado;Até 10 min ;0;0;2;1;2
SM822;Caminhar ao ar livre;Moderado;De 11 a 20 min ;0;2;3;1;3
SM823;Caminhar ao ar livre;Moderado;Mais de 20 min ;0;3;5;1;5
SM9;Caminhar descalço na grama;;;0;0;2;1;4
SM10;Visualizar sobre como eu quero que seja meu dia;;;1;1;0;1;3
SM11;Anotar reflexões sobre os acontecimentos do dia ;;;1;1;0;1;3
SM12;Fazer exercícios de respiração ;;Até 10 min ;0;0;1;0;3
SM13;Meditar ;;Até 10 min;1;1;2;2;4
SM14;Ler meu livro físico ou digital ;;Mais de 20 min ;0;3;0;0;5
;;;;;;;;
;;;;;;;;
;;;;;;;;
;;;;;;;;
;;;;;;;;
;;;;;;;;
;;;Relacionamento;;;;;
;;;Trabalho;;;;;
;;;Saúde física;;;;;
;;;Espiritualidade;;;;;
;;;Saúde mental;;;;;
;;;;;;;;
;;;;;;;;
;;;;;;;;
;;;;;;;;
;;;;;;;;
;;;;;;;;
;;;;;;;;
;;;;;;;;
;;;;;;;;
;;;;;;;;
;;;;;;;;
;;;;;;;;
;;;;;;;;
;;;;;;;;
;;;;;;;;
;;;;;;;;
;;;;;;;;
;;;;;;;;
;;;;;;;;
;;;;;;;;
;;;;;;;;
;;;;;;;;
;;;;;;;;
;;;;;;;;
;;;;;;;;
;;;;;;;;
;;;;;;;;
;;;;;;;;
;;;;;;;;
;;;;;;;;
;;;;;;;;
;;;;;;;;
;;;;;;;;
;;;;;;;;
;;;;;;;;
;;;;;;;;
;;;;;;;;
;;;;;;;;
;;;;;;;;
;;;;;;;;
;;;;;;;;
;;;;;;;;
;;;;;;;;
;;;;;;;;
;;;;;;;;
;;;;;;;;
;;;;;;;;
;;;;;;;;
;;;;;;;;
;;;;;;;;
;;;;;;;;
;;;;;;;;
;;;;;;;;
;;;;;;;;
;;;;;;;;
;;;;;;;;
;;;;;;;;
;;;;;;;;
;;;;;;;;
;;;;;;;;
;;;;;;;;
;;;;;;;;
;;;;;;;;
;;;;;;;;
;;;;;;;;
;;;;;;;;
;;;;;;;;
;;;;;;;;
;;;;;;;;
;;;;;;;;
;;;;;;;;
;;;;;;;;
;;;;;;;;
;;;;;;;;
;;;;;;;;
;;;;;;;;
;;;;;;;;
;;;;;;;;
;;;;;;;;
;;;;;;;;
;;;;;;;;
;;;;;;;;
;;;;;;;;
;;;;;;;;
;;;;;;;;
;;;;;;;;
;;;;;;;;
;;;;;;;;
;;;;;;;;
;;;;;;;;
;;;;;;;;
;;;;;;;;
;;;;;;;;
;;;;;;;;
;;;;;;;;
;;;;;;;;
;;;;;;;;
;;;;;;;;
;;;;;;;;
;;;;;;;;
;;;;;;;;
;;;;;;;;
;;;;;;;;
;;;;;;;;
;;;;;;;;
;;;;;;;;
;;;;;;;;
;;;;;;;;
;;;;;;;;
;;;;;;;;
;;;;;;;;
;;;;;;;;
;;;;;;;;
;;;;;;;;
;;;;;;;;
;;;;;;;;
;;;;;;;;
;;;;;;;;
;;;;;;;;
;;;;;;;;
;;;;;;;;
;;;;;;;;
;;;;;;;;
;;;;;;;;
;;;;;;;;
;;;;;;;;
;;;;;;;;
;;;;;;;;
;;;;;;;;
;;;;;;;;
;;;;;;;;
;;;;;;;;
;;;;;;;;
;;;;;;;;
;;;;;;;;
;;;;;;;;
;;;;;;;;
;;;;;;;;
;;;;;;;;
;;;;;;;;
;;;;;;;;
;;;;;;;;
;;;;;;;;
;;;;;;;;
;;;;;;;;
;;;;;;;;
;;;;;;;;
;;;;;;;;
;;;;;;;;
;;;;;;;;
;;;;;;;;
;;;;;;;;
;;;;;;;;
;;;;;;;;
;;;;;;;;
;;;;;;;;
;;;;;;;;
;;;;;;;;
;;;;;;;;
;;;;;;;;
;;;;;;;;
;;;;;;;;
;;;;;;;;
;;;;;;;;
;;;;;;;;
;;;;;;;;
;;;;;;;;
;;;;;;;;
;;;;;;;;
;;;;;;;;
;;;;;;;;
;;;;;;;;
;;;;;;;;
;;;;;;;;
;;;;;;;;
;;;;;;;;
;;;;;;;;
;;;;;;;;
;;;;;;;;
;;;;;;;;
;;;;;;;;
;;;;;;;;
;;;;;;;;
;;;;;;;;
;;;;;;;;
;;;;;;;;
;;;;;;;;
;;;;;;;;
;;;;;;;;
;;;;;;;;
;;;;;;;;
;;;;;;;;
;;;;;;;;
;;;;;;;;
;;;;;;;;
;;;;;;;;
;;;;;;;;
;;;;;;;;
;;;;;;;;
;;;;;;;;
;;;;;;;;
;;;;;;;;
;;;;;;;;
;;;;;;;;
;;;;;;;;
;;;;;;;;
;;;;;;;;
;;;;;;;;
;;;;;;;;
;;;;;;;;
;;;;;;;;
;;;;;;;;
;;;;;;;;
;;;;;;;;
;;;;;;;;
;;;;;;;;
;;;;;;;;
;;;;;;;;
;;;;;;;;
;;;;;;;;
;;;;;;;;
;;;;;;;;
;;;;;;;;
;;;;;;;;
;;;;;;;;
;;;;;;;;
;;;;;;;;
;;;;;;;;
;;;;;;;;
;;;;;;;;
;;;;;;;;
;;;;;;;;
;;;;;;;;
;;;;;;;;
;;;;;;;;
;;;;;;;;
;;;;;;;;
;;;;;;;;
;;;;;;;;
;;;;;;;;
;;;;;;;;
;;;;;;;;
;;;;;;;;
;;;;;;;;
;;;;;;;;
;;;;;;;;
;;;;;;;;
;;;;;;;;
;;;;;;;;
;;;;;;;;
;;;;;;;;
;;;;;;;;
;;;;;;;;
;;;;;;;;
;;;;;;;;
;;;;;;;;
;;;;;;;;
;;;;;;;;
;;;;;;;;
;;;;;;;;
;;;;;;;;
;;;;;;;;
;;;;;;;;
;;;;;;;;
;;;;;;;;
;;;;;;;;
;;;;;;;;
;;;;;;;;
;;;;;;;;
;;;;;;;;
;;;;;;;;
;;;;;;;;
;;;;;;;;
;;;;;;;;
;;;;;;;;
;;;;;;;;
;;;;;;;;
;;;;;;;;
;;;;;;;;
;;;;;;;;
;;;;;;;;
;;;;;;;;
;;;;;;;;
;;;;;;;;
;;;;;;;;
;;;;;;;;
;;;;;;;;
;;;;;;;;
;;;;;;;;
;;;;;;;;
;;;;;;;;
;;;;;;;;
;;;;;;;;
;;;;;;;;
;;;;;;;;
;;;;;;;;
;;;;;;;;
;;;;;;;;
;;;;;;;;
;;;;;;;;
;;;;;;;;
;;;;;;;;
;;;;;;;;
;;;;;;;;
;;;;;;;;
;;;;;;;;
;;;;;;;;
;;;;;;;;
;;;;;;;;
;;;;;;;;
;;;;;;;;
;;;;;;;;
;;;;;;;;
;;;;;;;;
;;;;;;;;
;;;;;;;;
;;;;;;;;
;;;;;;;;
;;;;;;;;
;;;;;;;;
;;;;;;;;
;;;;;;;;
;;;;;;;;
;;;;;;;;
;;;;;;;;
;;;;;;;;
;;;;;;;;
;;;;;;;;
;;;;;;;;
;;;;;;;;
;;;;;;;;
;;;;;;;;
;;;;;;;;
;;;;;;;;
;;;;;;;;
;;;;;;;;
;;;;;;;;
;;;;;;;;
;;;;;;;;
;;;;;;;;
;;;;;;;;
;;;;;;;;
;;;;;;;;
;;;;;;;;
;;;;;;;;
;;;;;;;;
;;;;;;;;
;;;;;;;;
;;;;;;;;
;;;;;;;;
;;;;;;;;
;;;;;;;;
;;;;;;;;
;;;;;;;;
;;;;;;;;
;;;;;;;;
;;;;;;;;
;;;;;;;;
;;;;;;;;
;;;;;;;;
;;;;;;;;
;;;;;;;;
;;;;;;;;
;;;;;;;;
;;;;;;;;
;;;;;;;;
;;;;;;;;
;;;;;;;;
;;;;;;;;
;;;;;;;;
;;;;;;;;
;;;;;;;;
;;;;;;;;
;;;;;;;;
;;;;;;;;
;;;;;;;;
;;;;;;;;
;;;;;;;;
;;;;;;;;
;;;;;;;;
;;;;;;;;
;;;;;;;;
;;;;;;;;
;;;;;;;;
;;;;;;;;
;;;;;;;;
;;;;;;;;
;;;;;;;;
;;;;;;;;
;;;;;;;;
;;;;;;;;
;;;;;;;;
;;;;;;;;
;;;;;;;;
;;;;;;;;
;;;;;;;;
;;;;;;;;
;;;;;;;;
;;;;;;;;
;;;;;;;;
;;;;;;;;
;;;;;;;;
;;;;;;;;
;;;;;;;;
;;;;;;;;
;;;;;;;;
;;;;;;;;
;;;;;;;;
;;;;;;;;
;;;;;;;;
;;;;;;;;
;;;;;;;;
;;;;;;;;
;;;;;;;;
;;;;;;;;
;;;;;;;;
;;;;;;;;
;;;;;;;;
;;;;;;;;
;;;;;;;;
;;;;;;;;
;;;;;;;;
;;;;;;;;
;;;;;;;;
;;;;;;;;
;;;;;;;;
;;;;;;;;
;;;;;;;;
;;;;;;;;
;;;;;;;;
;;;;;;;;
;;;;;;;;
;;;;;;;;
;;;;;;;;
;;;;;;;;
;;;;;;;;
;;;;;;;;
;;;;;;;;
;;;;;;;;
;;;;;;;;
;;;;;;;;
;;;;;;;;
;;;;;;;;
;;;;;;;;
;;;;;;;;
;;;;;;;;
;;;;;;;;
;;;;;;;;
;;;;;;;;
;;;;;;;;
;;;;;;;;
;;;;;;;;
;;;;;;;;
;;;;;;;;
;;;;;;;;
;;;;;;;;
;;;;;;;;
;;;;;;;;
;;;;;;;;
;;;;;;;;
;;;;;;;;
;;;;;;;;
;;;;;;;;
;;;;;;;;
;;;;;;;;
;;;;;;;;
;;;;;;;;
;;;;;;;;
;;;;;;;;
;;;;;;;;
;;;;;;;;
;;;;;;;;
;;;;;;;;
;;;;;;;;
;;;;;;;;
;;;;;;;;
;;;;;;;;
;;;;;;;;
;;;;;;;;
;;;;;;;;
;;;;;;;;
;;;;;;;;
;;;;;;;;
;;;;;;;;
;;;;;;;;
;;;;;;;;
;;;;;;;;
;;;;;;;;
;;;;;;;;
;;;;;;;;
;;;;;;;;
;;;;;;;;
;;;;;;;;
;;;;;;;;
;;;;;;;;
;;;;;;;;
;;;;;;;;
;;;;;;;;
;;;;;;;;
;;;;;;;;
;;;;;;;;
;;;;;;;;
;;;;;;;;
;;;;;;;;
;;;;;;;;
;;;;;;;;
;;;;;;;;
;;;;;;;;
;;;;;;;;
;;;;;;;;
;;;;;;;;
;;;;;;;;
;;;;;;;;
;;;;;;;;
;;;;;;;;
;;;;;;;;
;;;;;;;;
;;;;;;;;
;;;;;;;;
;;;;;;;;
;;;;;;;;
;;;;;;;;
;;;;;;;;
;;;;;;;;
;;;;;;;;
;;;;;;;;
;;;;;;;;
;;;;;;;;
;;;;;;;;
;;;;;;;;
;;;;;;;;
;;;;;;;;
;;;;;;;;
;;;;;;;;
;;;;;;;;
;;;;;;;;
;;;;;;;;
;;;;;;;;
;;;;;;;;
;;;;;;;;
;;;;;;;;
;;;;;;;;
;;;;;;;;
;;;;;;;;
;;;;;;;;
;;;;;;;;
;;;;;;;;
;;;;;;;;
;;;;;;;;
;;;;;;;;
;;;;;;;;
;;;;;;;;
;;;;;;;;
;;;;;;;;
;;;;;;;;
;;;;;;;;
;;;;;;;;
;;;;;;;;
;;;;;;;;
;;;;;;;;
;;;;;;;;
;;;;;;;;
;;;;;;;;
;;;;;;;;
;;;;;;;;
;;;;;;;;
;;;;;;;;
;;;;;;;;
;;;;;;;;
;;;;;;;;
;;;;;;;;
;;;;;;;;
;;;;;;;;
;;;;;;;;
;;;;;;;;
;;;;;;;;
;;;;;;;;
;;;;;;;;
;;;;;;;;
;;;;;;;;
;;;;;;;;
;;;;;;;;
;;;;;;;;
;;;;;;;;
;;;;;;;;
;;;;;;;;
;;;;;;;;
;;;;;;;;
;;;;;;;;
;;;;;;;;
;;;;;;;;
;;;;;;;;
;;;;;;;;
;;;;;;;;
;;;;;;;;
;;;;;;;;
;;;;;;;;
;;;;;;;;
;;;;;;;;
;;;;;;;;
;;;;;;;;
;;;;;;;;
;;;;;;;;
;;;;;;;;
;;;;;;;;
;;;;;;;;
;;;;;;;;
;;;;;;;;
;;;;;;;;
;;;;;;;;
;;;;;;;;
;;;;;;;;
;;;;;;;;
;;;;;;;;
;;;;;;;;
;;;;;;;;
;;;;;;;;
;;;;;;;;
;;;;;;;;
;;;;;;;;
;;;;;;;;
;;;;;;;;
;;;;;;;;
;;;;;;;;
;;;;;;;;
;;;;;;;;
;;;;;;;;
;;;;;;;;
;;;;;;;;
;;;;;;;;
;;;;;;;;
;;;;;;;;
;;;;;;;;
;;;;;;;;
;;;;;;;;
;;;;;;;;
;;;;;;;;
;;;;;;;;
;;;;;;;;
;;;;;;;;
;;;;;;;;
;;;;;;;;
;;;;;;;;
;;;;;;;;
;;;;;;;;
;;;;;;;;
;;;;;;;;
;;;;;;;;
;;;;;;;;
;;;;;;;;
;;;;;;;;
;;;;;;;;
;;;;;;;;
;;;;;;;;
;;;;;;;;
;;;;;;;;
;;;;;;;;
;;;;;;;;
;;;;;;;;
;;;;;;;;
;;;;;;;;
;;;;;;;;
;;;;;;;;
;;;;;;;;
;;;;;;;;
;;;;;;;;
;;;;;;;;
;;;;;;;;
;;;;;;;;
;;;;;;;;
;;;;;;;;
;;;;;;;;
;;;;;;;;
;;;;;;;;
;;;;;;;;
;;;;;;;;
;;;;;;;;
;;;;;;;;
;;;;;;;;
;;;;;;;;
;;;;;;;;
;;;;;;;;
;;;;;;;;
;;;;;;;;
;;;;;;;;
;;;;;;;;
;;;;;;;;
;;;;;;;;
;;;;;;;;
;;;;;;;;
;;;;;;;;
;;;;;;;;
;;;;;;;;
;;;;;;;;
;;;;;;;;
;;;;;;;;
;;;;;;;;
;;;;;;;;
;;;;;;;;
;;;;;;;;
;;;;;;;;
;;;;;;;;
;;;;;;;;
;;;;;;;;
;;;;;;;;
;;;;;;;;
;;;;;;;;
;;;;;;;;
;;;;;;;;
;;;;;;;;
;;;;;;;;
;;;;;;;;
;;;;;;;;
;;;;;;;;
;;;;;;;;
;;;;;;;;
;;;;;;;;
;;;;;;;;
;;;;;;;;
;;;;;;;;
;;;;;;;;
;;;;;;;;
;;;;;;;;
;;;;;;;;
;;;;;;;;
;;;;;;;;
;;;;;;;;
;;;;;;;;
;;;;;;;;
;;;;;;;;
;;;;;;;;
;;;;;;;;
;;;;;;;;
;;;;;;;;
;;;;;;;;
;;;;;;;;
;;;;;;;;
;;;;;;;;
;;;;;;;;
;;;;;;;;
;;;;;;;;
;;;;;;;;
;;;;;;;;
;;;;;;;;
;;;;;;;;
;;;;;;;;
;;;;;;;;
;;;;;;;;
;;;;;;;;
;;;;;;;;
;;;;;;;;
;;;;;;;;
;;;;;;;;
;;;;;;;;
;;;;;;;;
;;;;;;;;
;;;;;;;;
;;;;;;;;
;;;;;;;;
;;;;;;;;
;;;;;;;;
;;;;;;;;
;;;;;;;;
;;;;;;;;
;;;;;;;;
;;;;;;;;
;;;;;;;;
;;;;;;;;
;;;;;;;;
;;;;;;;;
;;;;;;;;
;;;;;;;;
;;;;;;;;
;;;;;;;;
;;;;;;;;
;;;;;;;;
;;;;;;;;
;;;;;;;;
;;;;;;;;
;;;;;;;;
;;;;;;;;
;;;;;;;;
;;;;;;;;
;;;;;;;;
;;;;;;;;
;;;;;;;;
;;;;;;;;
;;;;;;;;
;;;;;;;;
;;;;;;;;
;;;;;;;;
;;;;;;;;
;;;;;;;;
;;;;;;;;
;;;;;;;;
;;;;;;;;
;;;;;;;;
;;;;;;;;
;;;;;;;;
;;;;;;;;
;;;;;;;;
;;;;;;;;
;;;;;;;;
;;;;;;;;
;;;;;;;;
;;;;;;;;
;;;;;;;;
;;;;;;;;
;;;;;;;;
;;;;;;;;
;;;;;;;;
;;;;;;;;
;;;;;;;;
;;;;;;;;
;;;;;;;;
;;;;;;;;
;;;;;;;;
;;;;;;;;
;;;;;;;;
;;;;;;;;
;;;;;;;;
;;;;;;;;
;;;;;;;;
;;;;;;;;
;;;;;;;;
;;;;;;;;
;;;;;;;;
;;;;;;;;
;;;;;;;;
;;;;;;;;
;;;;;;;;
;;;;;;;;
;;;;;;;;
;;;;;;;;
;;;;;;;;
;;;;;;;;
;;;;;;;;
;;;;;;;;
;;;;;;;;
;;;;;;;;
;;;;;;;;
;;;;;;;;
;;;;;;;;
;;;;;;;;
;;;;;;;;
;;;;;;;;
;;;;;;;;
;;;;;;;;
;;;;;;;;
;;;;;;;;
;;;;;;;;
;;;;;;;;
;;;;;;;;
;;;;;;;;
;;;;;;;;
;;;;;;;;
;;;;;;;;
;;;;;;;;
;;;;;;;;
;;;;;;;;
;;;;;;;;
;;;;;;;;
;;;;;;;;
;;;;;;;;
;;;;;;;;
;;;;;;;;
;;;;;;;;
;;;;;;;;
;;;;;;;;
;;;;;;;;
;;;;;;;;
;;;;;;;;
;;;;;;;;
;;;;;;;;
;;;;;;;;
;;;;;;;;
;;;;;;;;
;;;;;;;;
;;;;;;;;
;;;;;;;;
;;;;;;;;
;;;;;;;;
;;;;;;;;
;;;;;;;;
;;;;;;;;
;;;;;;;;
;;;;;;;;
;;;;;;;;
;;;;;;;;
;;;;;;;;
;;;;;;;;
;;;;;;;;
All rows: [[ID, Hábito , Intensidade, Duração , Relacionamento , Trabalho, Saúde física, Espiritualidade, Saúde mental], [R1, Praticar escuta ativa , , , 5, 1, 0, 0, 2], [R2, Jantar romântico com esposo(a) sem celular , , , 5, 0, 0, 0, 2], [R3, Manter contato (Touchbase), , , 5, 1, 0, 0, 2], [R4, Expressar elogios e palavras de amor , , , 5, 1, 0, 1, 1], [R5, Jantar/almoçar com família sem celular, , , 5, 0, 1, 0, 2], [R6, Jantar/almoçar com amigos sem celular, , , 5, 0, 1, 0, 2], [E1, Ir a uma celebração religiosa de sua preferência , , , 1, 0, 0, 5, 1], [E2, Rezar, , , 0, 0, 0, 5, 1], [E3, Praticar ato de bondade , , , 2, 1, 0, 5, 2], [E4, Fazer anotações de gratidão, , , 1, 1, 1, 3, 2], [E5, Agradecer 1 coisa do meu dia , , , 1, 1, 1, 3, 2], [E6, Agradecer 3 coisas do meu dia , , , 3, 3, 3, 5, 5], [E7, Ler a bíblia, , , 0, 0, 0, 5, 1], [T1, Executar a rotina da manhã, , , 0, 5, 0, 0, 0], [T2, Revisar o Planejamento anual, , , 0, 5, 0, 0, 1], [T3, Fazer e revisar o Planejamento anual, , , 0, 5, 0, 0, 1], [T4, Fazer e revisar o Planejamento mensal e semanal, , , 0, 5, 0, 0, 1], [T5, Planejar minha semana , , , 1, 5, 1, 1, 3], [T6, Ampliar a rede de contatos profissionais, , , 1, 4, 0, 0, 1], [T7, Ativar o modo "foco" no trabalho, , , 0, 5, 0, 0, 1], [T8, Realizar sessão de trabalho focado (pomodoro), , , 0, 4, 0, 0, 0], [T9, Assistir um vídeo no youtube relacionado ao tema que você quer aprender (de preferência da sua lista relacionada ao tema), , , 0, 1, 0, 0, 1], [T10, Preparar o ambiente (facilite a leitura), , , 0, 2, 0, 0, 1], [T11, Definir seu local de leitura (espaço livre de celular), , , 0, 2, 0, 0, 1], [T13, Ler resumo de livro do meu tema de aprendizado, , , 0, 1, 1, 0, 1], [T14, Ler livro relacionado ao tema que você quer aprender, , , 0, 0, 0, 0, 0], [T15, Escutar podcast ou TED talks relacionado ao tema que você quer aprender, , , 0, 1, 0, 0, 1], [T16, Colocar vídeos na sua lista do youtube relacionado ao tema que você quer aprender, , , 0, 1, 0, 0, 1], [T17, Dar manutenção na sua lista do youtube (adicionar e retirar vídeos) , , , 0, 1, 0, 0, 1], [T18, Rever sua estratégia , , , 0, 1, 0, 0, 1], [SF1, Beber água , , , 0, 0, 1, 0, 0], [SF2, Preparar o quarto, , , 0, 0, 2, 0, 1], [SF3, Fazer um ritual de relaxamento, , , 0, 0, 2, 0, 1], [SF4, Escrever diário do sono , , , 0, 0, 2, 0, 1], [SF5, Dormir de 7 a 9 horas , , , 0, 1, 5, 0, 3], [SF6, Evitar o consumo de cafeína após as 15:00, , , 0, 0, 3, 0, 2], [SF7, Fazer diário alimentar , , , 0, 0, 2, 0, 0], [SF8, Comer fruta , , , 0, 0, 3, 0, 1], [SF9, Comer fonte de carboidrato complexo , , , 0, 0, 3, 0, 1], [SF10, Comer proteína nas refeições (ingestão adequade de proteína) , , , 0, 0, 3, 0, 1], [SF11, Comer legumes e salada, , , 0, 0, 3, 0, 1], [SF12, Fazer exercício de força , Leve, Até 20 min, 0, 0, 1, 0, 1], [SF1212, Fazer exercício de força , Leve, De 21 a 40 min, 0, 1, 2, 0, 2], [SF1213, Fazer exercício de força , Leve, Mais de 40 min, 0, 2, 3, 0, 3], [SF1221, Fazer exercício de força , Moderada, Até 20 min, 0, 0, 2, 0, 2], [SF1222, Fazer exercício de força , Moderada, De 21 a 40 min, 0, 2, 3, 0, 3], [SF1223, Fazer exercício de força , Moderada, Mais de 40 min, 0, 3, 5, 0, 5], [SF1231, Fazer exercício de força , Intensa, Até 20 min, 0, 1, 3, 0, 3], [SF1232, Fazer exercício de força , Intensa, De 21 a 40 min, 0, 3, 4, 0, 4], [SF1233, Fazer exercício de força , Intensa, Mais de 40 min, 0, 5, 5, 0, 5], [SF13, Fazer exercício de cardio/aeróbico  , Leve, Até 20 min, 0, 0, 1, 0, 1], [SF1312, Fazer exercício de cardio/aeróbico  , Leve, De 21 a 40 min, 0, 1, 2, 0, 2], [SF1313, Fazer exercício de cardio/aeróbico  , Leve, Mais de 40 min, 0, 2, 3, 0, 3], [SF1321, Fazer exercício de cardio/aeróbico  , Moderada, Até 20 min, 0, 0, 2, 0, 2], [SF1322, Fazer exercício de cardio/aeróbico  , Moderada, De 21 a 40 min, 0, 2, 3, 0, 3], [SF1323, Fazer exercício de cardio/aeróbico  , Moderada, Mais de 40 min, 0, 3, 5, 0, 5], [SF1331, Fazer exercício de cardio/aeróbico  , Intensa, Até 20 min, 0, 1, 3, 0, 3], [SF1332, Fazer exercício de cardio/aeróbico  , Intensa, De 21 a 40 min, 0, 3, 4, 0, 4], [SF1333, Fazer exercício de cardio/aeróbico  , Intensa, Mais de 40 min, 0, 5, 5, 0, 5], [SF14, Correr, Leve, Até 20 min, 0, 0, 1, 0, 1], [SF1412, Correr, Leve, De 21 a 40 min, 0, 1, 2, 0, 2], [SF1413, Correr, Leve, Mais de 40 min, 0, 2, 3, 0, 3], [SF1421, Correr, Moderada, Até 20 min, 0, 0, 2, 0, 2], [SF1422, Correr, Moderada, De 21 a 40 min, 0, 2, 3, 0, 3], [SF1423, Correr, Moderada, Mais de 40 min, 0, 3, 5, 0, 5], [SF1431, Correr, Intensa, Até 20 min, 0, 1, 3, 0, 3], [SF1432, Correr, Intensa, De 21 a 40 min, 0, 3, 4, 0, 4], [SF1433, Correr, Intensa, Mais de 40 min, 0, 5, 5, 0, 5], [SF15, Alongar, , Mais de 40 min , 0, 0, 5, 0, 3], [SF16, Dormir sempre no mesmo horário (consistência no horário de dormir e acordar), , , 0, 1, 5, 0, 3], [SF17, Restringir comida industrializada/processada, , , 0, 0, 5, 0, 3], [SF18, Caminhar , Leve, Até 10 min , 0, 0, 1, 0, 1], [SF1812, Caminhar , Leve, De 11 a 20 min , 0, 1, 2, 1, 2], [SF1813, Caminhar , Leve, Mais de 20 min , 0, 2, 3, 1, 3], [SF1821, Caminhar , Moderado, Até 10 min , 0, 0, 2, 1, 2], [SF1822, Caminhar , Moderado, De 11 a 20 min , 0, 2, 3, 1, 3], [SF1822, Caminhar , Moderado, Mais de 20 min , 0, 3, 5, 1, 5], [SF19, Fazer refeições leves à noite, , , 0, 0, 2, 0, 1], [SM1, Me expor à luz natural , , Mais de 20 min , 0, 2, 4, 0, 5], [SM2, Diminuir exposição às telas durante a noite, , , 1, 1, 2, 0, 4], [SM3, Tomar banho gelado , , , 0, 2, 2, 0, 4], [SM4, Fazer afirmações positivas sobre meu dia , , , 1, 1, 0, 1, 3], [SM5, Desativar notificações e distrações, , , 2, 2, 1, 1, 5], [SM6, Limitar o tempo de uso de apps , , , 2, 2, 1, 1, 5], [SM7, Ficar sem celular no quarto e/ou banheiro, , , 2, 2, 1, 1, 5], [SM8, Caminhar ao ar livre, Leve, Até 10 min , 0, 0, 1, 0, 1], [SM812, Caminhar ao ar livre, Leve, De 11 a 20 min , 0, 1, 2, 1, 2], [SM813, Caminhar ao ar livre, Leve, Mais de 20 min , 0, 2, 3, 1, 3], [SM821, Caminhar ao ar livre, Moderado, Até 10 min , 0, 0, 2, 1, 2], [SM822, Caminhar ao ar livre, Moderado, De 11 a 20 min , 0, 2, 3, 1, 3], [SM823, Caminhar ao ar livre, Moderado, Mais de 20 min , 0, 3, 5, 1, 5], [SM9, Caminhar descalço na grama, , , 0, 0, 2, 1, 4], [SM10, Visualizar sobre como eu quero que seja meu dia, , , 1, 1, 0, 1, 3], [SM11, Anotar reflexões sobre os acontecimentos do dia , , , 1, 1, 0, 1, 3], [SM12, Fazer exercícios de respiração , , Até 10 min , 0, 0, 1, 0, 3], [SM13, Meditar , , Até 10 min, 1, 1, 2, 2, 4], [SM14, Ler meu livro físico ou digital , , Mais de 20 min , 0, 3, 0, 0, 5], [, , , , , , , , ], [, , , , , , , , ], [, , , , , , , , ], [, , , , , , , , ], [, , , , , , , , ], [, , , , , , , , ], [, , , Relacionamento, , , , , ], [, , , Trabalho, , , , , ], [, , , Saúde física, , , , , ], [, , , Espiritualidade, , , , , ], [, , , Saúde mental, , , , , ], [, , , , , , , , ], [, , , , , , , , ], [, , , , , , , , ], [, , , , , , , , ], [, , , , , , , , ], [, , , , , , , , ], [, , , , , , , , ], [, , , , , , , , ], [, , , , , , , , ], [, , , , , , , , ], [, , , , , , , , ], [, , , , , , , , ], [, , , , , , , , ], [, , , , , , , , ], [, , , , , , , , ], [, , , , , , , , ], [, , , , , , , , ], [, , , , , , , , ], [, , , , , , , , ], [, , , , , , , , ], [, , , , , , , , ], [, , , , , , , , ], [, , , , , , , , ], [, , , , , , , , ], [, , , , , , , , ], [, , , , , , , , ], [, , , , , , , , ], [, , , , , , , , ], [, , , , , , , , ], [, , , , , , , , ], [, , , , , , , , ], [, , , , , , , , ], [, , , , , , , , ], [, , , , , , , , ], [, , , , , , , , ], [, , , , , , , , ], [, , , , , , , , ], [, , , , , , , , ], [, , , , , , , , ], [, , , , , , , , ], [, , , , , , , , ], [, , , , , , , , ], [, , , , , , , , ], [, , , , , , , , ], [, , , , , , , , ], [, , , , , , , , ], [, , , , , , , , ], [, , , , , , , , ], [, , , , , , , , ], [, , , , , , , , ], [, , , , , , , , ], [, , , , , , , , ], [, , , , , , , , ], [, , , , , , , , ], [, , , , , , , , ], [, , , , , , , , ], [, , , , , , , , ], [, , , , , , , , ], [, , , , , , , , ], [, , , , , , , , ], [, , , , , , , , ], [, , , , , , , , ], [, , , , , , , , ], [, , , , , , , , ], [, , , , , , , , ], [, , , , , , , , ], [, , , , , , , , ], [, , , , , , , , ], [, , , , , , , , ], [, , , , , , , , ], [, , , , , , , , ], [, , , , , , , , ], [, , , , , , , , ], [, , , , , , , , ], [, , , , , , , , ], [, , , , , , , , ], [, , , , , , , , ], [, , , , , , , , ], [, , , , , , , , ], [, , , , , , , , ], [, , , , , , , , ], [, , , , , , , , ], [, , , , , , , , ], [, , , , , , , , ], [, , , , , , , , ], [, , , , , , , , ], [, , , , , , , , ], [, , , , , , , , ], [, , , , , , , , ], [, , , , , , , , ], [, , , , , , , , ], [, , , , , , , , ], [, , , , , , , , ], [, , , , , , , , ], [, , , , , , , , ], [, , , , , , , , ], [, , , , , , , , ], [, , , , , , , , ], [, , , , , , , , ], [, , , , , , , , ], [, , , , , , , , ], [, , , , , , , , ], [, , , , , , , , ], [, , , , , , , , ], [, , , , , , , , ], [, , , , , , , , ], [, , , , , , , , ], [, , , , , , , , ], [, , , , , , , , ], [, , , , , , , , ], [, , , , , , , , ], [, , , , , , , , ], [, , , , , , , , ], [, , , , , , , , ], [, , , , , , , , ], [, , , , , , , , ], [, , , , , , , , ], [, , , , , , , , ], [, , , , , , , , ], [, , , , , , , , ], [, , , , , , , , ], [, , , , , , , , ], [, , , , , , , , ], [, , , , , , , , ], [, , , , , , , , ], [, , , , , , , , ], [, , , , , , , , ], [, , , , , , , , ], [, , , , , , , , ], [, , , , , , , , ], [, , , , , , , , ], [, , , , , , , , ], [, , , , , , , , ], [, , , , , , , , ], [, , , , , , , , ], [, , , , , , , , ], [, , , , , , , , ], [, , , , , , , , ], [, , , , , , , , ], [, , , , , , , , ], [, , , , , , , , ], [, , , , , , , , ], [, , , , , , , , ], [, , , , , , , , ], [, , , , , , , , ], [, , , , , , , , ], [, , , , , , , , ], [, , , , , , , , ], [, , , , , , , , ], [, , , , , , , , ], [, , , , , , , , ], [, , , , , , , , ], [, , , , , , , , ], [, , , , , , , , ], [, , , , , , , , ], [, , , , , , , , ], [, , , , , , , , ], [, , , , , , , , ], [, , , , , , , , ], [, , , , , , , , ], [, , , , , , , , ], [, , , , , , , , ], [, , , , , , , , ], [, , , , , , , , ], [, , , , , , , , ], [, , , , , , , , ], [, , , , , , , , ], [, , , , , , , , ], [, , , , , , , , ], [, , , , , , , , ], [, , , , , , , , ], [, , , , , , , , ], [, , , , , , , , ], [, , , , , , , , ], [, , , , , , , , ], [, , , , , , , , ], [, , , , , , , , ], [, , , , , , , , ], [, , , , , , , , ], [, , , , , , , , ], [, , , , , , , , ], [, , , , , , , , ], [, , , , , , , , ], [, , , , , , , , ], [, , , , , , , , ], [, , , , , , , , ], [, , , , , , , , ], [, , , , , , , , ], [, , , , , , , , ], [, , , , , , , , ], [, , , , , , , , ], [, , , , , , , , ], [, , , , , , , , ], [, , , , , , , , ], [, , , , , , , , ], [, , , , , , , , ], [, , , , , , , , ], [, , , , , , , , ], [, , , , , , , , ], [, , , , , , , , ], [, , , , , , , , ], [, , , , , , , , ], [, , , , , , , , ], [, , , , , , , , ], [, , , , , , , , ], [, , , , , , , , ], [, , , , , , , , ], [, , , , , , , , ], [, , , , , , , , ], [, , , , , , , , ], [, , , , , , , , ], [, , , , , , , , ], [, , , , , , , , ], [, , , , , , , , ], [, , , , , , , , ], [, , , , , , , , ], [, , , , , , , , ], [, , , , , , , , ], [, , , , , , , , ], [, , , , , , , , ], [, , , , , , , , ], [, , , , , , , , ], [, , , , , , , , ], [, , , , , , , , ], [, , , , , , , , ], [, , , , , , , , ], [, , , , , , , , ], [, , , , , , , , ], [, , , , , , , , ], [, , , , , , , , ], [, , , , , , , , ], [, , , , , , , , ], [, , , , , , , , ], [, , , , , , , , ], [, , , , , , , , ], [, , , , , , , , ], [, , , , , , , , ], [, , , , , , , , ], [, , , , , , , , ], [, , , , , , , , ], [, , , , , , , , ], [, , , , , , , , ], [, , , , , , , , ], [, , , , , , , , ], [, , , , , , , , ], [, , , , , , , , ], [, , , , , , , , ], [, , , , , , , , ], [, , , , , , , , ], [, , , , , , , , ], [, , , , , , , , ], [, , , , , , , , ], [, , , , , , , , ], [, , , , , , , , ], [, , , , , , , , ], [, , , , , , , , ], [, , , , , , , , ], [, , , , , , , , ], [, , , , , , , , ], [, , , , , , , , ], [, , , , , , , , ], [, , , , , , , , ], [, , , , , , , , ], [, , , , , , , , ], [, , , , , , , , ], [, , , , , , , , ], [, , , , , , , , ], [, , , , , , , , ], [, , , , , , , , ], [, , , , , , , , ], [, , , , , , , , ], [, , , , , , , , ], [, , , , , , , , ], [, , , , , , , , ], [, , , , , , , , ], [, , , , , , , , ], [, , , , , , , , ], [, , , , , , , , ], [, , , , , , , , ], [, , , , , , , , ], [, , , , , , , , ], [, , , , , , , , ], [, , , , , , , , ], [, , , , , , , , ], [, , , , , , , , ], [, , , , , , , , ], [, , , , , , , , ], [, , , , , , , , ], [, , , , , , , , ], [, , , , , , , , ], [, , , , , , , , ], [, , , , , , , , ], [, , , , , , , , ], [, , , , , , , , ], [, , , , , , , , ], [, , , , , , , , ], [, , , , , , , , ], [, , , , , , , , ], [, , , , , , , , ], [, , , , , , , , ], [, , , , , , , , ], [, , , , , , , , ], [, , , , , , , , ], [, , , , , , , , ], [, , , , , , , , ], [, , , , , , , , ], [, , , , , , , , ], [, , , , , , , , ], [, , , , , , , , ], [, , , , , , , , ], [, , , , , , , , ], [, , , , , , , , ], [, , , , , , , , ], [, , , , , , , , ], [, , , , , , , , ], [, , , , , , , , ], [, , , , , , , , ], [, , , , , , , , ], [, , , , , , , , ], [, , , , , , , , ], [, , , , , , , , ], [, , , , , , , , ], [, , , , , , , , ], [, , , , , , , , ], [, , , , , , , , ], [, , , , , , , , ], [, , , , , , , , ], [, , , , , , , , ], [, , , , , , , , ], [, , , , , , , , ], [, , , , , , , , ], [, , , , , , , , ], [, , , , , , , , ], [, , , , , , , , ], [, , , , , , , , ], [, , , , , , , , ], [, , , , , , , , ], [, , , , , , , , ], [, , , , , , , , ], [, , , , , , , , ], [, , , , , , , , ], [, , , , , , , , ], [, , , , , , , , ], [, , , , , , , , ], [, , , , , , , , ], [, , , , , , , , ], [, , , , , , , , ], [, , , , , , , , ], [, , , , , , , , ], [, , , , , , , , ], [, , , , , , , , ], [, , , , , , , , ], [, , , , , , , , ], [, , , , , , , , ], [, , , , , , , , ], [, , , , , , , , ], [, , , , , , , , ], [, , , , , , , , ], [, , , , , , , , ], [, , , , , , , , ], [, , , , , , , , ], [, , , , , , , , ], [, , , , , , , , ], [, , , , , , , , ], [, , , , , , , , ], [, , , , , , , , ], [, , , , , , , , ], [, , , , , , , , ], [, , , , , , , , ], [, , , , , , , , ], [, , , , , , , , ], [, , , , , , , , ], [, , , , , , , , ], [, , , , , , , , ], [, , , , , , , , ], [, , , , , , , , ], [, , , , , , , , ], [, , , , , , , , ], [, , , , , , , , ], [, , , , , , , , ], [, , , , , , , , ], [, , , , , , , , ], [, , , , , , , , ], [, , , , , , , , ], [, , , , , , , , ], [, , , , , , , , ], [, , , , , , , , ], [, , , , , , , , ], [, , , , , , , , ], [, , , , , , , , ], [, , , , , , , , ], [, , , , , , , , ], [, , , , , , , , ], [, , , , , , , , ], [, , , , , , , , ], [, , , , , , , , ], [, , , , , , , , ], [, , , , , , , , ], [, , , , , , , , ], [, , , , , , , , ], [, , , , , , , , ], [, , , , , , , , ], [, , , , , , , , ], [, , , , , , , , ], [, , , , , , , , ], [, , , , , , , , ], [, , , , , , , , ], [, , , , , , , , ], [, , , , , , , , ], [, , , , , , , , ], [, , , , , , , , ], [, , , , , , , , ], [, , , , , , , , ], [, , , , , , , , ], [, , , , , , , , ], [, , , , , , , , ], [, , , , , , , , ], [, , , , , , , , ], [, , , , , , , , ], [, , , , , , , , ], [, , , , , , , , ], [, , , , , , , , ], [, , , , , , , , ], [, , , , , , , , ], [, , , , , , , , ], [, , , , , , , , ], [, , , , , , , , ], [, , , , , , , , ], [, , , , , , , , ], [, , , , , , , , ], [, , , , , , , , ], [, , , , , , , , ], [, , , , , , , , ], [, , , , , , , , ], [, , , , , , , , ], [, , , , , , , , ], [, , , , , , , , ], [, , , , , , , , ], [, , , , , , , , ], [, , , , , , , , ], [, , , , , , , , ], [, , , , , , , , ], [, , , , , , , , ], [, , , , , , , , ], [, , , , , , , , ], [, , , , , , , , ], [, , , , , , , , ], [, , , , , , , , ], [, , , , , , , , ], [, , , , , , , , ], [, , , , , , , , ], [, , , , , , , , ], [, , , , , , , , ], [, , , , , , , , ], [, , , , , , , , ], [, , , , , , , , ], [, , , , , , , , ], [, , , , , , , , ], [, , , , , , , , ], [, , , , , , , , ], [, , , , , , , , ], [, , , , , , , , ], [, , , , , , , , ], [, , , , , , , , ], [, , , , , , , , ], [, , , , , , , , ], [, , , , , , , , ], [, , , , , , , , ], [, , , , , , , , ], [, , , , , , , , ], [, , , , , , , , ], [, , , , , , , , ], [, , , , , , , , ], [, , , , , , , , ], [, , , , , , , , ], [, , , , , , , , ], [, , , , , , , , ], [, , , , , , , , ], [, , , , , , , , ], [, , , , , , , , ], [, , , , , , , , ], [, , , , , , , , ], [, , , , , , , , ], [, , , , , , , , ], [, , , , , , , , ], [, , , , , , , , ], [, , , , , , , , ], [, , , , , , , , ], [, , , , , , , , ], [, , , , , , , , ], [, , , , , , , , ], [, , , , , , , , ], [, , , , , , , , ], [, , , , , , , , ], [, , , , , , , , ], [, , , , , , , , ], [, , , , , , , , ], [, , , , , , , , ], [, , , , , , , , ], [, , , , , , , , ], [, , , , , , , , ], [, , , , , , , , ], [, , , , , , , , ], [, , , , , , , , ], [, , , , , , , , ], [, , , , , , , , ], [, , , , , , , , ], [, , , , , , , , ], [, , , , , , , , ], [, , , , , , , , ], [, , , , , , , , ], [, , , , , , , , ], [, , , , , , , , ], [, , , , , , , , ], [, , , , , , , , ], [, , , , , , , , ], [, , , , , , , , ], [, , , , , , , , ], [, , , , , , , , ], [, , , , , , , , ], [, , , , , , , , ], [, , , , , , , , ], [, , , , , , , , ], [, , , , , , , , ], [, , , , , , , , ], [, , , , , , , , ], [, , , , , , , , ], [, , , , , , , , ], [, , , , , , , , ], [, , , , , , , , ], [, , , , , , , , ], [, , , , , , , , ], [, , , , , , , , ], [, , , , , , , , ], [, , , , , , , , ], [, , , , , , , , ], [, , , , , , , , ], [, , , , , , , , ], [, , , , , , , , ], [, , , , , , , , ], [, , , , , , , , ], [, , , , , , , , ], [, , , , , , , , ], [, , , , , , , , ], [, , , , , , , , ], [, , , , , , , , ], [, , , , , , , , ], [, , , , , , , , ], [, , , , , , , , ], [, , , , , , , , ], [, , , , , , , , ], [, , , , , , , , ], [, , , , , , , , ], [, , , , , , , , ], [, , , , , , , , ], [, , , , , , , , ], [, , , , , , , , ], [, , , , , , , , ], [, , , , , , , , ], [, , , , , , , , ], [, , , , , , , , ], [, , , , , , , , ], [, , , , , , , , ], [, , , , , , , , ], [, , , , , , , , ], [, , , , , , , , ], [, , , , , , , , ], [, , , , , , , , ], [, , , , , , , , ], [, , , , , , , , ], [, , , , , , , , ], [, , , , , , , , ], [, , , , , , , , ], [, , , , , , , , ], [, , , , , , , , ], [, , , , , , , , ], [, , , , , , , , ], [, , , , , , , , ], [, , , , , , , , ], [, , , , , , , , ], [, , , , , , , , ], [, , , , , , , , ], [, , , , , , , , ], [, , , , , , , , ], [, , , , , , , , ], [, , , , , , , , ], [, , , , , , , , ], [, , , , , , , , ], [, , , , , , , , ], [, , , , , , , , ], [, , , , , , , , ], [, , , , , , , , ], [, , , , , , , , ], [, , , , , , , , ], [, , , , , , , , ], [, , , , , , , , ], [, , , , , , , , ], [, , , , , , , , ], [, , , , , , , , ], [, , , , , , , , ], [, , , , , , , , ], [, , , , , , , , ], [, , , , , , , , ], [, , , , , , , , ], [, , , , , , , , ], [, , , , , , , , ], [, , , , , , , , ], [, , , , , , , , ], [, , , , , , , , ], [, , , , , , , , ], [, , , , , , , , ], [, , , , , , , , ], [, , , , , , , , ], [, , , , , , , , ], [, , , , , , , , ], [, , , , , , , , ], [, , , , , , , , ], [, , , , , , , , ], [, , , , , , , , ], [, , , , , , , , ], [, , , , , , , , ], [, , , , , , , , ], [, , , , , , , , ], [, , , , , , , , ], [, , , , , , , , ], [, , , , , , , , ], [, , , , , , , , ], [, , , , , , , , ], [, , , , , , , , ], [, , , , , , , , ], [, , , , , , , , ], [, , , , , , , , ], [, , , , , , , , ], [, , , , , , , , ], [, , , , , , , , ], [, , , , , , , , ], [, , , , , , , , ], [, , , , , , , , ], [, , , , , , , , ], [, , , , , , , , ], [, , , , , , , , ], [, , , , , , , , ], [, , , , , , , , ], [, , , , , , , , ], [, , , , , , , , ], [, , , , , , , , ], [, , , , , , , , ], [, , , , , , , , ], [, , , , , , , , ], [, , , , , , , , ], [, , , , , , , , ], [, , , , , , , , ], [, , , , , , , , ], [, , , , , , , , ], [, , , , , , , , ], [, , , , , , , , ], [, , , , , , , , ], [, , , , , , , , ], [, , , , , , , , ], [, , , , , , , , ], [, , , , , , , , ], [, , , , , , , , ], [, , , , , , , , ], [, , , , , , , , ], [, , , , , , , , ], [, , , , , , , , ], [, , , , , , , , ], [, , , , , , , , ], [, , , , , , , , ], [, , , , , , , , ], [, , , , , , , , ], [, , , , , , , , ], [, , , , , , , , ], [, , , , , , , , ], [, , , , , , , , ], [, , , , , , , , ], [, , , , , , , , ], [, , , , , , , , ], [, , , , , , , , ], [, , , , , , , , ], [, , , , , , , , ], [, , , , , , , , ], [, , , , , , , , ], [, , , , , , , , ], [, , , , , , , , ], [, , , , , , , , ], [, , , , , , , , ], [, , , , , , , , ], [, , , , , , , , ], [, , , , , , , , ], [, , , , , , , , ], [, , , , , , , , ], [, , , , , , , , ], [, , , , , , , , ], [, , , , , , , , ], [, , , , , , , , ], [, , , , , , , , ], [, , , , , , , , ], [, , , , , , , , ], [, , , , , , , , ], [, , , , , , , , ], [, , , , , , , , ], [, , , , , , , , ], [, , , , , , , , ], [, , , , , , , , ], [, , , , , , , , ], [, , , , , , , , ], [, , , , , , , , ], [, , , , , , , , ], [, , , , , , , , ], [, , , , , , , , ], [, , , , , , , , ], [, , , , , , , , ], [, , , , , , , , ], [, , , , , , , , ], [, , , , , , , , ], [, , , , , , , , ], [, , , , , , , , ], [, , , , , , , , ], [, , , , , , , , ], [, , , , , , , , ], [, , , , , , , , ], [, , , , , , , , ], [, , , , , , , , ], [, , , , , , , , ], [, , , , , , , , ], [, , , , , , , , ], [, , , , , , , , ], [, , , , , , , , ], [, , , , , , , , ], [, , , , , , , , ], [, , , , , , , , ], [, , , , , , , , ], [, , , , , , , , ], [, , , , , , , , ], [, , , , , , , , ], [, , , , , , , , ], [, , , , , , , , ], [, , , , , , , , ], [, , , , , , , , ], [, , , , , , , , ], [, , , , , , , , ], [, , , , , , , , ], [, , , , , , , , ], [, , , , , , , , ], [, , , , , , , , ], [, , , , , , , , ], [, , , , , , , , ], [, , , , , , , , ], [, , , , , , , , ], [, , , , , , , , ], [, , , , , , , , ], [, , , , , , , , ], [, , , , , , , , ], [, , , , , , , , ], [, , , , , , , , ], [, , , , , , , , ], [, , , , , , , , ], [, , , , , , , , ], [, , , , , , , , ], [, , , , , , , , ], [, , , , , , , , ], [, , , , , , , , ], [, , , , , , , , ], [, , , , , , , , ], [, , , , , , , , ], [, , , , , , , , ], [, , , , , , , , ], [, , , , , , , , ], [, , , , , , , , ], [, , , , , , , , ], [, , , , , , , , ], [, , , , , , , , ], [, , , , , , , , ], [, , , , , , , , ], [, , , , , , , , ], [, , , , , , , , ], [, , , , , , , , ], [, , , , , , , , ], [, , , , , , , , ], [, , , , , , , , ], [, , , , , , , , ], [, , , , , , , , ], [, , , , , , , , ], [, , , , , , , , ], [, , , , , , , , ], [, , , , , , , , ], [, , , , , , , , ], [, , , , , , , , ], [, , , , , , , , ], [, , , , , , , , ], [, , , , , , , , ], [, , , , , , , , ], [, , , , , , , , ], [, , , , , , , , ], [, , , , , , , , ], [, , , , , , , , ], [, , , , , , , , ], [, , , , , , , , ], [, , , , , , , , ], [, , , , , , , , ], [, , , , , , , , ], [, , , , , , , , ], [, , , , , , , , ], [, , , , , , , , ], [, , , , , , , , ], [, , , , , , , , ], [, , , , , , , , ], [, , , , , , , , ], [, , , , , , , , ], [, , , , , , , , ], [, , , , , , , , ], [, , , , , , , , ], [, , , , , , , , ], [, , , , , , , , ], [, , , , , , , , ], [, , , , , , , , ], [, , , , , , , , ], [, , , , , , , , ], [, , , , , , , , ], [, , , , , , , , ], [, , , , , , , , ], [, , , , , , , , ], [, , , , , , , , ], [, , , , , , , , ], [, , , , , , , , ], [, , , , , , , , ], [, , , , , , , , ], [, , , , , , , , ], [, , , , , , , , ], [, , , , , , , , ], [, , , , , , , , ], [, , , , , , , , ], [, , , , , , , , ], [, , , , , , , , ], [, , , , , , , , ], [, , , , , , , , ], [, , , , , , , , ], [, , , , , , , , ], [, , , , , , , , ], [, , , , , , , , ], [, , , , , , , , ], [, , , , , , , , ], [, , , , , , , , ], [, , , , , , , , ], [, , , , , , , , ], [, , , , , , , , ], [, , , , , , , , ], [, , , , , , , , ], [, , , , , , , , ], [, , , , , , , , ], [, , , , , , , , ], [, , , , , , , , ], [, , , , , , , , ], [, , , , , , , , ], [, , , , , , , , ], [, , , , , , , , ], [, , , , , , , , ], [, , , , , , , , ], [, , , , , , , , ], [, , , , , , , , ], [, , , , , , , , ], [, , , , , , , , ], [, , , , , , , , ], [, , , , , , , , ], [, , , , , , , , ], [, , , , , , , , ], [, , , , , , , , ], [, , , , , , , , ], [, , , , , , , , ], [, , , , , , , , ], [, , , , , , , , ], [, , , , , , , , ], [, , , , , , , , ], [, , , , , , , , ], [, , , , , , , , ], [, , , , , , , , ], [, , , , , , , , ], [, , , , , , , , ], [, , , , , , , , ], [, , , , , , , , ], [, , , , , , , , ], [, , , , , , , , ], [, , , , , , , , ], [, , , , , , , , ], [, , , , , , , , ], [, , , , , , , , ], [, , , , , , , , ], [, , , , , , , , ], [, , , , , , , , ], [, , , , , , , , ], [, , , , , , , , ]]
Data rows: [[R1, Praticar escuta ativa , , , 5, 1, 0, 0, 2], [R2, Jantar romântico com esposo(a) sem celular , , , 5, 0, 0, 0, 2], [R3, Manter contato (Touchbase), , , 5, 1, 0, 0, 2], [R4, Expressar elogios e palavras de amor , , , 5, 1, 0, 1, 1], [R5, Jantar/almoçar com família sem celular, , , 5, 0, 1, 0, 2], [R6, Jantar/almoçar com amigos sem celular, , , 5, 0, 1, 0, 2], [E1, Ir a uma celebração religiosa de sua preferência , , , 1, 0, 0, 5, 1], [E2, Rezar, , , 0, 0, 0, 5, 1], [E3, Praticar ato de bondade , , , 2, 1, 0, 5, 2], [E4, Fazer anotações de gratidão, , , 1, 1, 1, 3, 2], [E5, Agradecer 1 coisa do meu dia , , , 1, 1, 1, 3, 2], [E6, Agradecer 3 coisas do meu dia , , , 3, 3, 3, 5, 5], [E7, Ler a bíblia, , , 0, 0, 0, 5, 1], [T1, Executar a rotina da manhã, , , 0, 5, 0, 0, 0], [T2, Revisar o Planejamento anual, , , 0, 5, 0, 0, 1], [T3, Fazer e revisar o Planejamento anual, , , 0, 5, 0, 0, 1], [T4, Fazer e revisar o Planejamento mensal e semanal, , , 0, 5, 0, 0, 1], [T5, Planejar minha semana , , , 1, 5, 1, 1, 3], [T6, Ampliar a rede de contatos profissionais, , , 1, 4, 0, 0, 1], [T7, Ativar o modo "foco" no trabalho, , , 0, 5, 0, 0, 1], [T8, Realizar sessão de trabalho focado (pomodoro), , , 0, 4, 0, 0, 0], [T9, Assistir um vídeo no youtube relacionado ao tema que você quer aprender (de preferência da sua lista relacionada ao tema), , , 0, 1, 0, 0, 1], [T10, Preparar o ambiente (facilite a leitura), , , 0, 2, 0, 0, 1], [T11, Definir seu local de leitura (espaço livre de celular), , , 0, 2, 0, 0, 1], [T13, Ler resumo de livro do meu tema de aprendizado, , , 0, 1, 1, 0, 1], [T14, Ler livro relacionado ao tema que você quer aprender, , , 0, 0, 0, 0, 0], [T15, Escutar podcast ou TED talks relacionado ao tema que você quer aprender, , , 0, 1, 0, 0, 1], [T16, Colocar vídeos na sua lista do youtube relacionado ao tema que você quer aprender, , , 0, 1, 0, 0, 1], [T17, Dar manutenção na sua lista do youtube (adicionar e retirar vídeos) , , , 0, 1, 0, 0, 1], [T18, Rever sua estratégia , , , 0, 1, 0, 0, 1], [SF1, Beber água , , , 0, 0, 1, 0, 0], [SF2, Preparar o quarto, , , 0, 0, 2, 0, 1], [SF3, Fazer um ritual de relaxamento, , , 0, 0, 2, 0, 1], [SF4, Escrever diário do sono , , , 0, 0, 2, 0, 1], [SF5, Dormir de 7 a 9 horas , , , 0, 1, 5, 0, 3], [SF6, Evitar o consumo de cafeína após as 15:00, , , 0, 0, 3, 0, 2], [SF7, Fazer diário alimentar , , , 0, 0, 2, 0, 0], [SF8, Comer fruta , , , 0, 0, 3, 0, 1], [SF9, Comer fonte de carboidrato complexo , , , 0, 0, 3, 0, 1], [SF10, Comer proteína nas refeições (ingestão adequade de proteína) , , , 0, 0, 3, 0, 1], [SF11, Comer legumes e salada, , , 0, 0, 3, 0, 1], [SF12, Fazer exercício de força , Leve, Até 20 min, 0, 0, 1, 0, 1], [SF1212, Fazer exercício de força , Leve, De 21 a 40 min, 0, 1, 2, 0, 2], [SF1213, Fazer exercício de força , Leve, Mais de 40 min, 0, 2, 3, 0, 3], [SF1221, Fazer exercício de força , Moderada, Até 20 min, 0, 0, 2, 0, 2], [SF1222, Fazer exercício de força , Moderada, De 21 a 40 min, 0, 2, 3, 0, 3], [SF1223, Fazer exercício de força , Moderada, Mais de 40 min, 0, 3, 5, 0, 5], [SF1231, Fazer exercício de força , Intensa, Até 20 min, 0, 1, 3, 0, 3], [SF1232, Fazer exercício de força , Intensa, De 21 a 40 min, 0, 3, 4, 0, 4], [SF1233, Fazer exercício de força , Intensa, Mais de 40 min, 0, 5, 5, 0, 5], [SF13, Fazer exercício de cardio/aeróbico  , Leve, Até 20 min, 0, 0, 1, 0, 1], [SF1312, Fazer exercício de cardio/aeróbico  , Leve, De 21 a 40 min, 0, 1, 2, 0, 2], [SF1313, Fazer exercício de cardio/aeróbico  , Leve, Mais de 40 min, 0, 2, 3, 0, 3], [SF1321, Fazer exercício de cardio/aeróbico  , Moderada, Até 20 min, 0, 0, 2, 0, 2], [SF1322, Fazer exercício de cardio/aeróbico  , Moderada, De 21 a 40 min, 0, 2, 3, 0, 3], [SF1323, Fazer exercício de cardio/aeróbico  , Moderada, Mais de 40 min, 0, 3, 5, 0, 5], [SF1331, Fazer exercício de cardio/aeróbico  , Intensa, Até 20 min, 0, 1, 3, 0, 3], [SF1332, Fazer exercício de cardio/aeróbico  , Intensa, De 21 a 40 min, 0, 3, 4, 0, 4], [SF1333, Fazer exercício de cardio/aeróbico  , Intensa, Mais de 40 min, 0, 5, 5, 0, 5], [SF14, Correr, Leve, Até 20 min, 0, 0, 1, 0, 1], [SF1412, Correr, Leve, De 21 a 40 min, 0, 1, 2, 0, 2], [SF1413, Correr, Leve, Mais de 40 min, 0, 2, 3, 0, 3], [SF1421, Correr, Moderada, Até 20 min, 0, 0, 2, 0, 2], [SF1422, Correr, Moderada, De 21 a 40 min, 0, 2, 3, 0, 3], [SF1423, Correr, Moderada, Mais de 40 min, 0, 3, 5, 0, 5], [SF1431, Correr, Intensa, Até 20 min, 0, 1, 3, 0, 3], [SF1432, Correr, Intensa, De 21 a 40 min, 0, 3, 4, 0, 4], [SF1433, Correr, Intensa, Mais de 40 min, 0, 5, 5, 0, 5], [SF15, Alongar, , Mais de 40 min , 0, 0, 5, 0, 3], [SF16, Dormir sempre no mesmo horário (consistência no horário de dormir e acordar), , , 0, 1, 5, 0, 3], [SF17, Restringir comida industrializada/processada, , , 0, 0, 5, 0, 3], [SF18, Caminhar , Leve, Até 10 min , 0, 0, 1, 0, 1], [SF1812, Caminhar , Leve, De 11 a 20 min , 0, 1, 2, 1, 2], [SF1813, Caminhar , Leve, Mais de 20 min , 0, 2, 3, 1, 3], [SF1821, Caminhar , Moderado, Até 10 min , 0, 0, 2, 1, 2], [SF1822, Caminhar , Moderado, De 11 a 20 min , 0, 2, 3, 1, 3], [SF1822, Caminhar , Moderado, Mais de 20 min , 0, 3, 5, 1, 5], [SF19, Fazer refeições leves à noite, , , 0, 0, 2, 0, 1], [SM1, Me expor à luz natural , , Mais de 20 min , 0, 2, 4, 0, 5], [SM2, Diminuir exposição às telas durante a noite, , , 1, 1, 2, 0, 4], [SM3, Tomar banho gelado , , , 0, 2, 2, 0, 4], [SM4, Fazer afirmações positivas sobre meu dia , , , 1, 1, 0, 1, 3], [SM5, Desativar notificações e distrações, , , 2, 2, 1, 1, 5], [SM6, Limitar o tempo de uso de apps , , , 2, 2, 1, 1, 5], [SM7, Ficar sem celular no quarto e/ou banheiro, , , 2, 2, 1, 1, 5], [SM8, Caminhar ao ar livre, Leve, Até 10 min , 0, 0, 1, 0, 1], [SM812, Caminhar ao ar livre, Leve, De 11 a 20 min , 0, 1, 2, 1, 2], [SM813, Caminhar ao ar livre, Leve, Mais de 20 min , 0, 2, 3, 1, 3], [SM821, Caminhar ao ar livre, Moderado, Até 10 min , 0, 0, 2, 1, 2], [SM822, Caminhar ao ar livre, Moderado, De 11 a 20 min , 0, 2, 3, 1, 3], [SM823, Caminhar ao ar livre, Moderado, Mais de 20 min , 0, 3, 5, 1, 5], [SM9, Caminhar descalço na grama, , , 0, 0, 2, 1, 4], [SM10, Visualizar sobre como eu quero que seja meu dia, , , 1, 1, 0, 1, 3], [SM11, Anotar reflexões sobre os acontecimentos do dia , , , 1, 1, 0, 1, 3], [SM12, Fazer exercícios de respiração , , Até 10 min , 0, 0, 1, 0, 3], [SM13, Meditar , , Até 10 min, 1, 1, 2, 2, 4], [SM14, Ler meu livro físico ou digital , , Mais de 20 min , 0, 3, 0, 0, 5], [, , , , , , , , ], [, , , , , , , , ], [, , , , , , , , ], [, , , , , , , , ], [, , , , , , , , ], [, , , , , , , , ], [, , , Relacionamento, , , , , ], [, , , Trabalho, , , , , ], [, , , Saúde física, , , , , ], [, , , Espiritualidade, , , , , ], [, , , Saúde mental, , , , , ], [, , , , , , , , ], [, , , , , , , , ], [, , , , , , , , ], [, , , , , , , , ], [, , , , , , , , ], [, , , , , , , , ], [, , , , , , , , ], [, , , , , , , , ], [, , , , , , , , ], [, , , , , , , , ], [, , , , , , , , ], [, , , , , , , , ], [, , , , , , , , ], [, , , , , , , , ], [, , , , , , , , ], [, , , , , , , , ], [, , , , , , , , ], [, , , , , , , , ], [, , , , , , , , ], [, , , , , , , , ], [, , , , , , , , ], [, , , , , , , , ], [, , , , , , , , ], [, , , , , , , , ], [, , , , , , , , ], [, , , , , , , , ], [, , , , , , , , ], [, , , , , , , , ], [, , , , , , , , ], [, , , , , , , , ], [, , , , , , , , ], [, , , , , , , , ], [, , , , , , , , ], [, , , , , , , , ], [, , , , , , , , ], [, , , , , , , , ], [, , , , , , , , ], [, , , , , , , , ], [, , , , , , , , ], [, , , , , , , , ], [, , , , , , , , ], [, , , , , , , , ], [, , , , , , , , ], [, , , , , , , , ], [, , , , , , , , ], [, , , , , , , , ], [, , , , , , , , ], [, , , , , , , , ], [, , , , , , , , ], [, , , , , , , , ], [, , , , , , , , ], [, , , , , , , , ], [, , , , , , , , ], [, , , , , , , , ], [, , , , , , , , ], [, , , , , , , , ], [, , , , , , , , ], [, , , , , , , , ], [, , , , , , , , ], [, , , , , , , , ], [, , , , , , , , ], [, , , , , , , , ], [, , , , , , , , ], [, , , , , , , , ], [, , , , , , , , ], [, , , , , , , , ], [, , , , , , , , ], [, , , , , , , , ], [, , , , , , , , ], [, , , , , , , , ], [, , , , , , , , ], [, , , , , , , , ], [, , , , , , , , ], [, , , , , , , , ], [, , , , , , , , ], [, , , , , , , , ], [, , , , , , , , ], [, , , , , , , , ], [, , , , , , , , ], [, , , , , , , , ], [, , , , , , , , ], [, , , , , , , , ], [, , , , , , , , ], [, , , , , , , , ], [, , , , , , , , ], [, , , , , , , , ], [, , , , , , , , ], [, , , , , , , , ], [, , , , , , , , ], [, , , , , , , , ], [, , , , , , , , ], [, , , , , , , , ], [, , , , , , , , ], [, , , , , , , , ], [, , , , , , , , ], [, , , , , , , , ], [, , , , , , , , ], [, , , , , , , , ], [, , , , , , , , ], [, , , , , , , , ], [, , , , , , , , ], [, , , , , , , , ], [, , , , , , , , ], [, , , , , , , , ], [, , , , , , , , ], [, , , , , , , , ], [, , , , , , , , ], [, , , , , , , , ], [, , , , , , , , ], [, , , , , , , , ], [, , , , , , , , ], [, , , , , , , , ], [, , , , , , , , ], [, , , , , , , , ], [, , , , , , , , ], [, , , , , , , , ], [, , , , , , , , ], [, , , , , , , , ], [, , , , , , , , ], [, , , , , , , , ], [, , , , , , , , ], [, , , , , , , , ], [, , , , , , , , ], [, , , , , , , , ], [, , , , , , , , ], [, , , , , , , , ], [, , , , , , , , ], [, , , , , , , , ], [, , , , , , , , ], [, , , , , , , , ], [, , , , , , , , ], [, , , , , , , , ], [, , , , , , , , ], [, , , , , , , , ], [, , , , , , , , ], [, , , , , , , , ], [, , , , , , , , ], [, , , , , , , , ], [, , , , , , , , ], [, , , , , , , , ], [, , , , , , , , ], [, , , , , , , , ], [, , , , , , , , ], [, , , , , , , , ], [, , , , , , , , ], [, , , , , , , , ], [, , , , , , , , ], [, , , , , , , , ], [, , , , , , , , ], [, , , , , , , , ], [, , , , , , , , ], [, , , , , , , , ], [, , , , , , , , ], [, , , , , , , , ], [, , , , , , , , ], [, , , , , , , , ], [, , , , , , , , ], [, , , , , , , , ], [, , , , , , , , ], [, , , , , , , , ], [, , , , , , , , ], [, , , , , , , , ], [, , , , , , , , ], [, , , , , , , , ], [, , , , , , , , ], [, , , , , , , , ], [, , , , , , , , ], [, , , , , , , , ], [, , , , , , , , ], [, , , , , , , , ], [, , , , , , , , ], [, , , , , , , , ], [, , , , , , , , ], [, , , , , , , , ], [, , , , , , , , ], [, , , , , , , , ], [, , , , , , , , ], [, , , , , , , , ], [, , , , , , , , ], [, , , , , , , , ], [, , , , , , , , ], [, , , , , , , , ], [, , , , , , , , ], [, , , , , , , , ], [, , , , , , , , ], [, , , , , , , , ], [, , , , , , , , ], [, , , , , , , , ], [, , , , , , , , ], [, , , , , , , , ], [, , , , , , , , ], [, , , , , , , , ], [, , , , , , , , ], [, , , , , , , , ], [, , , , , , , , ], [, , , , , , , , ], [, , , , , , , , ], [, , , , , , , , ], [, , , , , , , , ], [, , , , , , , , ], [, , , , , , , , ], [, , , , , , , , ], [, , , , , , , , ], [, , , , , , , , ], [, , , , , , , , ], [, , , , , , , , ], [, , , , , , , , ], [, , , , , , , , ], [, , , , , , , , ], [, , , , , , , , ], [, , , , , , , , ], [, , , , , , , , ], [, , , , , , , , ], [, , , , , , , , ], [, , , , , , , , ], [, , , , , , , , ], [, , , , , , , , ], [, , , , , , , , ], [, , , , , , , , ], [, , , , , , , , ], [, , , , , , , , ], [, , , , , , , , ], [, , , , , , , , ], [, , , , , , , , ], [, , , , , , , , ], [, , , , , , , , ], [, , , , , , , , ], [, , , , , , , , ], [, , , , , , , , ], [, , , , , , , , ], [, , , , , , , , ], [, , , , , , , , ], [, , , , , , , , ], [, , , , , , , , ], [, , , , , , , , ], [, , , , , , , , ], [, , , , , , , , ], [, , , , , , , , ], [, , , , , , , , ], [, , , , , , , , ], [, , , , , , , , ], [, , , , , , , , ], [, , , , , , , , ], [, , , , , , , , ], [, , , , , , , , ], [, , , , , , , , ], [, , , , , , , , ], [, , , , , , , , ], [, , , , , , , , ], [, , , , , , , , ], [, , , , , , , , ], [, , , , , , , , ], [, , , , , , , , ], [, , , , , , , , ], [, , , , , , , , ], [, , , , , , , , ], [, , , , , , , , ], [, , , , , , , , ], [, , , , , , , , ], [, , , , , , , , ], [, , , , , , , , ], [, , , , , , , , ], [, , , , , , , , ], [, , , , , , , , ], [, , , , , , , , ], [, , , , , , , , ], [, , , , , , , , ], [, , , , , , , , ], [, , , , , , , , ], [, , , , , , , , ], [, , , , , , , , ], [, , , , , , , , ], [, , , , , , , , ], [, , , , , , , , ], [, , , , , , , , ], [, , , , , , , , ], [, , , , , , , , ], [, , , , , , , , ], [, , , , , , , , ], [, , , , , , , , ], [, , , , , , , , ], [, , , , , , , , ], [, , , , , , , , ], [, , , , , , , , ], [, , , , , , , , ], [, , , , , , , , ], [, , , , , , , , ], [, , , , , , , , ], [, , , , , , , , ], [, , , , , , , , ], [, , , , , , , , ], [, , , , , , , , ], [, , , , , , , , ], [, , , , , , , , ], [, , , , , , , , ], [, , , , , , , , ], [, , , , , , , , ], [, , , , , , , , ], [, , , , , , , , ], [, , , , , , , , ], [, , , , , , , , ], [, , , , , , , , ], [, , , , , , , , ], [, , , , , , , , ], [, , , , , , , , ], [, , , , , , , , ], [, , , , , , , , ], [, , , , , , , , ], [, , , , , , , , ], [, , , , , , , , ], [, , , , , , , , ], [, , , , , , , , ], [, , , , , , , , ], [, , , , , , , , ], [, , , , , , , , ], [, , , , , , , , ], [, , , , , , , , ], [, , , , , , , , ], [, , , , , , , , ], [, , , , , , , , ], [, , , , , , , , ], [, , , , , , , , ], [, , , , , , , , ], [, , , , , , , , ], [, , , , , , , , ], [, , , , , , , , ], [, , , , , , , , ], [, , , , , , , , ], [, , , , , , , , ], [, , , , , , , , ], [, , , , , , , , ], [, , , , , , , , ], [, , , , , , , , ], [, , , , , , , , ], [, , , , , , , , ], [, , , , , , , , ], [, , , , , , , , ], [, , , , , , , , ], [, , , , , , , , ], [, , , , , , , , ], [, , , , , , , , ], [, , , , , , , , ], [, , , , , , , , ], [, , , , , , , , ], [, , , , , , , , ], [, , , , , , , , ], [, , , , , , , , ], [, , , , , , , , ], [, , , , , , , , ], [, , , , , , , , ], [, , , , , , , , ], [, , , , , , , , ], [, , , , , , , , ], [, , , , , , , , ], [, , , , , , , , ], [, , , , , , , , ], [, , , , , , , , ], [, , , , , , , , ], [, , , , , , , , ], [, , , , , , , , ], [, , , , , , , , ], [, , , , , , , , ], [, , , , , , , , ], [, , , , , , , , ], [, , , , , , , , ], [, , , , , , , , ], [, , , , , , , , ], [, , , , , , , , ], [, , , , , , , , ], [, , , , , , , , ], [, , , , , , , , ], [, , , , , , , , ], [, , , , , , , , ], [, , , , , , , , ], [, , , , , , , , ], [, , , , , , , , ], [, , , , , , , , ], [, , , , , , , , ], [, , , , , , , , ], [, , , , , , , , ], [, , , , , , , , ], [, , , , , , , , ], [, , , , , , , , ], [, , , , , , , , ], [, , , , , , , , ], [, , , , , , , , ], [, , , , , , , , ], [, , , , , , , , ], [, , , , , , , , ], [, , , , , , , , ], [, , , , , , , , ], [, , , , , , , , ], [, , , , , , , , ], [, , , , , , , , ], [, , , , , , , , ], [, , , , , , , , ], [, , , , , , , , ], [, , , , , , , , ], [, , , , , , , , ], [, , , , , , , , ], [, , , , , , , , ], [, , , , , , , , ], [, , , , , , , , ], [, , , , , , , , ], [, , , , , , , , ], [, , , , , , , , ], [, , , , , , , , ], [, , , , , , , , ], [, , , , , , , , ], [, , , , , , , , ], [, , , , , , , , ], [, , , , , , , , ], [, , , , , , , , ], [, , , , , , , , ], [, , , , , , , , ], [, , , , , , , , ], [, , , , , , , , ], [, , , , , , , , ], [, , , , , , , , ], [, , , , , , , , ], [, , , , , , , , ], [, , , , , , , , ], [, , , , , , , , ], [, , , , , , , , ], [, , , , , , , , ], [, , , , , , , , ], [, , , , , , , , ], [, , , , , , , , ], [, , , , , , , , ], [, , , , , , , , ], [, , , , , , , , ], [, , , , , , , , ], [, , , , , , , , ], [, , , , , , , , ], [, , , , , , , , ], [, , , , , , , , ], [, , , , , , , , ], [, , , , , , , , ], [, , , , , , , , ], [, , , , , , , , ], [, , , , , , , , ], [, , , , , , , , ], [, , , , , , , , ], [, , , , , , , , ], [, , , , , , , , ], [, , , , , , , , ], [, , , , , , , , ], [, , , , , , , , ], [, , , , , , , , ], [, , , , , , , , ], [, , , , , , , , ], [, , , , , , , , ], [, , , , , , , , ], [, , , , , , , , ], [, , , , , , , , ], [, , , , , , , , ], [, , , , , , , , ], [, , , , , , , , ], [, , , , , , , , ], [, , , , , , , , ], [, , , , , , , , ], [, , , , , , , , ], [, , , , , , , , ], [, , , , , , , , ], [, , , , , , , , ], [, , , , , , , , ], [, , , , , , , , ], [, , , , , , , , ], [, , , , , , , , ], [, , , , , , , , ], [, , , , , , , , ], [, , , , , , , , ], [, , , , , , , , ], [, , , , , , , , ], [, , , , , , , , ], [, , , , , , , , ], [, , , , , , , , ], [, , , , , , , , ], [, , , , , , , , ], [, , , , , , , , ], [, , , , , , , , ], [, , , , , , , , ], [, , , , , , , , ], [, , , , , , , , ], [, , , , , , , , ], [, , , , , , , , ], [, , , , , , , , ], [, , , , , , , , ], [, , , , , , , , ], [, , , , , , , , ], [, , , , , , , , ], [, , , , , , , , ], [, , , , , , , , ], [, , , , , , , , ], [, , , , , , , , ], [, , , , , , , , ], [, , , , , , , , ], [, , , , , , , , ], [, , , , , , , , ], [, , , , , , , , ], [, , , , , , , , ], [, , , , , , , , ], [, , , , , , , , ], [, , , , , , , , ], [, , , , , , , , ], [, , , , , , , , ], [, , , , , , , , ], [, , , , , , , , ], [, , , , , , , , ], [, , , , , , , , ], [, , , , , , , , ], [, , , , , , , , ], [, , , , , , , , ], [, , , , , , , , ], [, , , , , , , , ], [, , , , , , , , ], [, , , , , , , , ], [, , , , , , , , ], [, , , , , , , , ], [, , , , , , , , ], [, , , , , , , , ], [, , , , , , , , ], [, , , , , , , , ], [, , , , , , , , ], [, , , , , , , , ], [, , , , , , , , ], [, , , , , , , , ], [, , , , , , , , ], [, , , , , , , , ], [, , , , , , , , ], [, , , , , , , , ], [, , , , , , , , ], [, , , , , , , , ], [, , , , , , , , ], [, , , , , , , , ], [, , , , , , , , ], [, , , , , , , , ], [, , , , , , , , ], [, , , , , , , , ], [, , , , , , , , ], [, , , , , , , , ], [, , , , , , , , ], [, , , , , , , , ], [, , , , , , , , ], [, , , , , , , , ], [, , , , , , , , ], [, , , , , , , , ], [, , , , , , , , ], [, , , , , , , , ], [, , , , , , , , ], [, , , , , , , , ], [, , , , , , , , ], [, , , , , , , , ], [, , , , , , , , ], [, , , , , , , , ], [, , , , , , , , ], [, , , , , , , , ], [, , , , , , , , ], [, , , , , , , , ], [, , , , , , , , ], [, , , , , , , , ], [, , , , , , , , ], [, , , , , , , , ], [, , , , , , , , ], [, , , , , , , , ], [, , , , , , , , ], [, , , , , , , , ], [, , , , , , , , ], [, , , , , , , , ], [, , , , , , , , ], [, , , , , , , , ], [, , , , , , , , ], [, , , , , , , , ], [, , , , , , , , ], [, , , , , , , , ], [, , , , , , , , ], [, , , , , , , , ], [, , , , , , , , ], [, , , , , , , , ], [, , , , , , , , ], [, , , , , , , , ], [, , , , , , , , ], [, , , , , , , , ], [, , , , , , , , ], [, , , , , , , , ], [, , , , , , , , ], [, , , , , , , , ], [, , , , , , , , ], [, , , , , , , , ], [, , , , , , , , ], [, , , , , , , , ], [, , , , , , , , ], [, , , , , , , , ], [, , , , , , , , ], [, , , , , , , , ], [, , , , , , , , ], [, , , , , , , , ], [, , , , , , , , ], [, , , , , , , , ], [, , , , , , , , ], [, , , , , , , , ], [, , , , , , , , ], [, , , , , , , , ], [, , , , , , , , ], [, , , , , , , , ], [, , , , , , , , ], [, , , , , , , , ], [, , , , , , , , ], [, , , , , , , , ], [, , , , , , , , ], [, , , , , , , , ], [, , , , , , , , ], [, , , , , , , , ], [, , , , , , , , ], [, , , , , , , , ], [, , , , , , , , ], [, , , , , , , , ], [, , , , , , , , ], [, , , , , , , , ], [, , , , , , , , ], [, , , , , , , , ], [, , , , , , , , ], [, , , , , , , , ], [, , , , , , , , ], [, , , , , , , , ], [, , , , , , , , ], [, , , , , , , , ], [, , , , , , , , ], [, , , , , , , , ], [, , , , , , , , ], [, , , , , , , , ], [, , , , , , , , ], [, , , , , , , , ], [, , , , , , , , ], [, , , , , , , , ], [, , , , , , , , ], [, , , , , , , , ], [, , , , , , , , ], [, , , , , , , , ], [, , , , , , , , ], [, , , , , , , , ], [, , , , , , , , ], [, , , , , , , , ], [, , , , , , , , ], [, , , , , , , , ], [, , , , , , , , ], [, , , , , , , , ], [, , , , , , , , ], [, , , , , , , , ], [, , , , , , , , ], [, , , , , , , , ], [, , , , , , , , ], [, , , , , , , , ], [, , , , , , , , ], [, , , , , , , , ], [, , , , , , , , ], [, , , , , , , , ], [, , , , , , , , ], [, , , , , , , , ], [, , , , , , , , ], [, , , , , , , , ], [, , , , , , , , ], [, , , , , , , , ], [, , , , , , , , ], [, , , , , , , , ], [, , , , , , , , ], [, , , , , , , , ], [, , , , , , , , ], [, , , , , , , , ], [, , , , , , , , ], [, , , , , , , , ], [, , , , , , , , ], [, , , , , , , , ], [, , , , , , , , ], [, , , , , , , , ], [, , , , , , , , ], [, , , , , , , , ], [, , , , , , , , ], [, , , , , , , , ], [, , , , , , , , ], [, , , , , , , , ], [, , , , , , , , ], [, , , , , , , , ], [, , , , , , , , ], [, , , , , , , , ], [, , , , , , , , ], [, , , , , , , , ], [, , , , , , , , ], [, , , , , , , , ], [, , , , , , , , ], [, , , , , , , , ], [, , , , , , , , ], [, , , , , , , , ], [, , , , , , , , ], [, , , , , , , , ], [, , , , , , , , ], [, , , , , , , , ], [, , , , , , , , ], [, , , , , , , , ], [, , , , , , , , ], [, , , , , , , , ], [, , , , , , , , ], [, , , , , , , , ], [, , , , , , , , ], [, , , , , , , , ], [, , , , , , , , ], [, , , , , , , , ], [, , , , , , , , ], [, , , , , , , , ], [, , , , , , , , ], [, , , , , , , , ], [, , , , , , , , ], [, , , , , , , , ], [, , , , , , , , ], [, , , , , , , , ], [, , , , , , , , ], [, , , , , , , , ], [, , , , , , , , ], [, , , , , , , , ], [, , , , , , , , ], [, , , , , , , , ], [, , , , , , , , ], [, , , , , , , , ], [, , , , , , , , ], [, , , , , , , , ], [, , , , , , , , ], [, , , , , , , , ], [, , , , , , , , ], [, , , , , , , , ], [, , , , , , , , ], [, , , , , , , , ], [, , , , , , , , ], [, , , , , , , , ], [, , , , , , , , ], [, , , , , , , , ], [, , , , , , , , ], [, , , , , , , , ], [, , , , , , , , ], [, , , , , , , , ], [, , , , , , , , ], [, , , , , , , , ], [, , , , , , , , ], [, , , , , , , , ], [, , , , , , , , ], [, , , , , , , , ], [, , , , , , , , ], [, , , , , , , , ], [, , , , , , , , ], [, , , , , , , , ], [, , , , , , , , ], [, , , , , , , , ], [, , , , , , , , ], [, , , , , , , , ], [, , , , , , , , ], [, , , , , , , , ], [, , , , , , , , ], [, , , , , , , , ], [, , , , , , , , ], [, , , , , , , , ], [, , , , , , , , ], [, , , , , , , , ], [, , , , , , , , ], [, , , , , , , , ], [, , , , , , , , ], [, , , , , , , , ], [, , , , , , , , ], [, , , , , , , , ], [, , , , , , , , ], [, , , , , , , , ], [, , , , , , , , ], [, , , , , , , , ], [, , , , , , , , ], [, , , , , , , , ], [, , , , , , , , ], [, , , , , , , , ], [, , , , , , , , ], [, , , , , , , , ], [, , , , , , , , ], [, , , , , , , , ], [, , , , , , , , ], [, , , , , , , , ], [, , , , , , , , ], [, , , , , , , , ], [, , , , , , , , ], [, , , , , , , , ], [, , , , , , , , ], [, , , , , , , , ], [, , , , , , , , ], [, , , , , , , , ], [, , , , , , , , ], [, , , , , , , , ], [, , , , , , , , ], [, , , , , , , , ], [, , , , , , , , ], [, , , , , , , , ], [, , , , , , , , ], [, , , , , , , , ], [, , , , , , , , ], [, , , , , , , , ], [, , , , , , , , ], [, , , , , , , , ], [, , , , , , , , ], [, , , , , , , , ], [, , , , , , , , ], [, , , , , , , , ], [, , , , , , , , ], [, , , , , , , , ], [, , , , , , , , ], [, , , , , , , , ], [, , , , , , , , ], [, , , , , , , , ], [, , , , , , , , ], [, , , , , , , , ], [, , , , , , , , ], [, , , , , , , , ], [, , , , , , , , ], [, , , , , , , , ], [, , , , , , , , ], [, , , , , , , , ], [, , , , , , , , ], [, , , , , , , , ], [, , , , , , , , ], [, , , , , , , , ], [, , , , , , , , ], [, , , , , , , , ], [, , , , , , , , ], [, , , , , , , , ], [, , , , , , , , ], [, , , , , , , , ], [, , , , , , , , ], [, , , , , , , , ], [, , , , , , , , ], [, , , , , , , , ], [, , , , , , , , ], [, , , , , , , , ], [, , , , , , , , ], [, , , , , , , , ], [, , , , , , , , ], [, , , , , , , , ], [, , , , , , , , ], [, , , , , , , , ], [, , , , , , , , ], [, , , , , , , , ], [, , , , , , , , ], [, , , , , , , , ], [, , , , , , , , ], [, , , , , , , , ], [, , , , , , , , ], [, , , , , , , , ], [, , , , , , , , ], [, , , , , , , , ], [, , , , , , , , ], [, , , , , , , , ], [, , , , , , , , ], [, , , , , , , , ], [, , , , , , , , ], [, , , , , , , , ], [, , , , , , , , ], [, , , , , , , , ], [, , , , , , , , ], [, , , , , , , , ], [, , , , , , , , ], [, , , , , , , , ], [, , , , , , , , ], [, , , , , , , , ], [, , , , , , , , ], [, , , , , , , , ], [, , , , , , , , ], [, , , , , , , , ], [, , , , , , , , ], [, , , , , , , , ], [, , , , , , , , ], [, , , , , , , , ], [, , , , , , , , ], [, , , , , , , , ], [, , , , , , , , ], [, , , , , , , , ], [, , , , , , , , ], [, , , , , , , , ], [, , , , , , , , ], [, , , , , , , , ], [, , , , , , , , ], [, , , , , , , , ], [, , , , , , , , ], [, , , , , , , , ], [, , , , , , , , ], [, , , , , , , , ], [, , , , , , , , ], [, , , , , , , , ], [, , , , , , , , ], [, , , , , , , , ], [, , , , , , , , ]]
Habits created: 1000
Tracks data loaded: Dimensão;Código Trilha;Nome Trilha;Código Desafio;Nome Desafio;Nível;Hábitos;Frequencia;;;;;;
SF;ER1;Energia recarregada;ER1PC;Primeiro contato;1;SF1;7;;;;;;
SF;ER1;Energia recarregada;ER1PC;Primeiro contato;1;SF18;3;;;;;;
SF;ER1;Energia recarregada;ER1PC;Primeiro contato;1;SM1;7;;;;;;
SF;CM1;Construção muscular;CM1BF;Base de força;1;SF10;7;;;;;;
SF;CM1;Construção muscular;CM1BF;Base de força;1;SF13;2;;;;;;
SF;CM1;Construção muscular;CM1BF;Base de força;1;SF12;3;;;;;;
SF;CM1;Construção muscular;CM1BF;Base de força;1;SF17;5;;;;;;
SF;DM1;Durma melhor;DM1PP;Primeiros Passos;1;SM1;5;;;;;;
SF;DM1;Durma melhor;DM1PP;Primeiros Passos;1;SM2;5;;;;;;
SF;DM1;Durma melhor;DM1PP;Primeiros Passos;1;SF16;5;;;;;;
SF;ES1;Emagreça com saúde;ES1IS;Início Saudável;1;SF1;5;;;;;;
SF;ES1;Emagreça com saúde;ES1IS;Início Saudável;1;SF8;5;;;;;;
SF;ES1;Emagreça com saúde;ES1IS;Início Saudável;1;SF9;5;;;;;;
TG;LS1;Líder de sucesso;LS1CL;Caminho do líder;1;SM14;7;;;;;;
TG;LS1;Líder de sucesso;LS1CL;Caminho do líder;1;T1;7;;;;;;
TG;LS1;Líder de sucesso;LS1CL;Caminho do líder;1;T8;5;;;;;;
TG;GV1;Gerencie sua vida;GV1PC;Primeiro contato;1;T8;3;;;;;;
TG;GV1;Gerencie sua vida;GV1PC;Primeiro contato;1;T1;7;;;;;;
TG;GV1;Gerencie sua vida;GV1PC;Primeiro contato;1;T4;2;;;;;;
TG;AE1;Aprendizado eficiente;AE1AL;Aprenda com a Lyfe;1;T15;2;;;;;;
TG;AE1;Aprendizado eficiente;AE1AL;Aprenda com a Lyfe;1;T17;1;;;;;;
TG;AE1;Aprendizado eficiente;AE1AL;Aprenda com a Lyfe;1;T13;3;;;;;;
TG;AE1;Aprendizado eficiente;AE1AL;Aprenda com a Lyfe;1;T9;7;;;;;;
SF;ME1;Mapa do emagrescimento;ME1BE;Base do Emagrecimento;1;SF7;7;;;;;;
SF;ME1;Mapa do emagrescimento;ME1BE;Base do Emagrecimento;1;SF1;7;;;;;;
SM;LC1;Leitura consistente;LC1CL;Comece a ler;1;SM13;5;;;;;;
SM;LC1;Leitura consistente;LC1CL;Comece a ler;1;SM14;7;;;;;;
SM;LC1;Leitura consistente;LC1CL;Comece a ler;1;T11;5;;;;;;
SF;DM2;Durma melhor avançado;DM2SR;Sono Restaurador;1;SF4;7;;;;;;
SF;DM2;Durma melhor avançado;DM2SR;Sono Restaurador;1;SF3;7;;;;;;
SF;DM2;Durma melhor avançado;DM2SR;Sono Restaurador;1;SF6;5;;;;;;
SF;DM2;Durma melhor avançado;DM2SR;Sono Restaurador;1;SF16;7;;;;;;
SF;DM2;Durma melhor avançado;DM2SR;Sono Restaurador;1;SF2;7;;;;;;
SF;DM2;Durma melhor avançado;DM2SR;Sono Restaurador;1;SM1;7;;;;;;
SF;ES2;Emagreça com saúde avançado;ES2EC;Escolha consciente;1;SF8;5;;;;;;
SF;ES2;Emagreça com saúde avançado;ES2EC;Escolha consciente;1;SF9;5;;;;;;
SF;ES2;Emagreça com saúde avançado;ES2EC;Escolha consciente;1;SF11;5;;;;;;
SF;ES2;Emagreça com saúde avançado;ES2EC;Escolha consciente;1;SF1;5;;;;;;
SF;ES2;Emagreça com saúde avançado;ES2EC;Escolha consciente;1;SF10;5;;;;;;
SF;CM2;Construção muscular avançado;CM2EM;Evolução muscular;1;SF17;5;;;;;;
SF;CM2;Construção muscular avançado;CM2EM;Evolução muscular;1;SF10;7;;;;;;
SF;CM2;Construção muscular avançado;CM2EM;Evolução muscular;1;SF5;5;;;;;;
SF;CM2;Construção muscular avançado;CM2EM;Evolução muscular;1;SF1333;2;;;;;;
SF;CM2;Construção muscular avançado;CM2EM;Evolução muscular;1;SF1;7;;;;;;
SF;CM2;Construção muscular avançado;CM2EM;Evolução muscular;1;SF1233;5;;;;;;
SF;ME2;Mapa do emagrescimento avançado;ME2EE;Emagrescimento eficiente;1;SF16;5;;;;;;
SF;ME2;Mapa do emagrescimento avançado;ME2EE;Emagrescimento eficiente;1;SF17;5;;;;;;
SF;ME2;Mapa do emagrescimento avançado;ME2EE;Emagrescimento eficiente;1;SF1;5;;;;;;
SF;ME2;Mapa do emagrescimento avançado;ME2EE;Emagrescimento eficiente;1;SF1822;5;;;;;;
SF;ER3;Energia recarregada avançado;ER3EP;Evolução pessoal;1;SF16;7;;;;;;
SF;ER3;Energia recarregada avançado;ER3EP;Evolução pessoal;1;SM1;7;;;;;;
SF;ER3;Energia recarregada avançado;ER3EP;Evolução pessoal;1;SM13;3;;;;;;
SF;ER3;Energia recarregada avançado;ER3EP;Evolução pessoal;1;SF8;5;;;;;;
SF;ER3;Energia recarregada avançado;ER3EP;Evolução pessoal;1;SF1233;5;;;;;;
SF;ER3;Energia recarregada avançado;ER3EP;Evolução pessoal;1;SF1;7;;;;;;
SF;ER3;Energia recarregada avançado;ER3EP;Evolução pessoal;1;SM7;7;;;;;;
SF;ER3;Energia recarregada avançado;ER3EP;Evolução pessoal;1;E4;7;;;;;;
SF;ER3;Energia recarregada avançado;ER3EP;Evolução pessoal;1;SF1422;3;;;;;;
SM;DD1;Domine sua dopamina;DD1MPH;Meus primeiros hábitos;1;SF1;7;;;;;;
SM;DD1;Domine sua dopamina;DD1MPH;Meus primeiros hábitos;1;E6;7;;;;;;
SM;DD1;Domine sua dopamina;DD1MPH;Meus primeiros hábitos;1;SM1;7;;;;;;
SM;DTD1;Detox de dopamina;DTD1TO;Tempo offline;1;SM7;7;;;;;;
SM;DTD1;Detox de dopamina;DTD1TO;Tempo offline;1;SM13;3;;;;;;
SM;DTD1;Detox de dopamina;DTD1TO;Tempo offline;1;SM6;3;;;;;;
SM;DTD2;Detox de dopamina avançado;DTD2ED;Equilibrio Digital;1;T7;5;;;;;;
SM;DTD2;Detox de dopamina avançado;DTD2ED;Equilibrio Digital;1;SM7;5;;;;;;
SM;DTD2;Detox de dopamina avançado;DTD2ED;Equilibrio Digital;1;SM13;3;;;;;;
SM;DTD2;Detox de dopamina avançado;DTD2ED;Equilibrio Digital;1;SM6;6;;;;;;
SF;ED1;Eleve sua dopamina;ED1MPH;Meus primeiros hábitos;1;SM1;7;;;;;;
SF;ED1;Eleve sua dopamina;ED1MPH;Meus primeiros hábitos;1;SF1;7;;;;;;
SF;ED1;Eleve sua dopamina;ED1MPH;Meus primeiros hábitos;1;E6;7;;;;;;
E;EE1;Evolução espiritual;EE1DE;Despertar espiritual;1;E7;7;;;;;;
E;EE1;Evolução espiritual;EE1DE;Despertar espiritual;1;E2;7;;;;;;
E;EE1;Evolução espiritual;EE1DE;Despertar espiritual;1;E5;7;;;;;;
R;MMV1;Minha melhor versão;MMV1MI;Melhoria inicial;1;R4;2;;;;;;
R;MMV1;Minha melhor versão;MMV1MI;Melhoria inicial;1;E4;7;;;;;;
R;MMV1;Minha melhor versão;MMV1MI;Melhoria inicial;1;R1;3;;;;;;
E;EE2;Evolução espiritual avançado;EE2BA;Boa ação;1;E3;1;;;;;;
E;EE2;Evolução espiritual avançado;EE2BA;Boa ação;1;E1;1;;;;;;
E;EE2;Evolução espiritual avançado;EE2BA;Boa ação;1;E2;7;;;;;;
E;EE2;Evolução espiritual avançado;EE2BA;Boa ação;1;E7;5;;;;;;
E;EE2;Evolução espiritual avançado;EE2BA;Boa ação;1;E6;7;;;;;;
R;MMV2;Minha melhor versão avançado;MMV2PI;Presença Ilustre;1;R5;1;;;;;;
R;MMV2;Minha melhor versão avançado;MMV2PI;Presença Ilustre;1;E3;1;;;;;;
R;MMV2;Minha melhor versão avançado;MMV2PI;Presença Ilustre;1;E4;5;;;;;;
R;MMV2;Minha melhor versão avançado;MMV2PI;Presença Ilustre;1;R1;5;;;;;;
R;MMV2;Minha melhor versão avançado;MMV2PI;Presença Ilustre;1;R4;3;;;;;;
SM;AA1;Anti ansiedade;AA1PC;Primeiro contato;1;E5;7;;;;;;
SM;AA1;Anti ansiedade;AA1PC;Primeiro contato;1;SM14;5;;;;;;
SM;AA1;Anti ansiedade;AA1PC;Primeiro contato;1;SM8;3;;;;;;
SM;PI1;Paz interior;PI1PC;Primeiro contato;1;E4;7;;;;;;
SM;PI1;Paz interior;PI1PC;Primeiro contato;1;SF15;7;;;;;;
SM;PI1;Paz interior;PI1PC;Primeiro contato;1;SM12;7;;;;;;
SM;AA2;Anti ansiedade avançado;AA2EM;Equilibrio mental;1;SM11;4;;;;;;
SM;AA2;Anti ansiedade avançado;AA2EM;Equilibrio mental;1;SM823;5;;;;;;
SM;AA2;Anti ansiedade avançado;AA2EM;Equilibrio mental;1;E6;5;;;;;;
SM;AA2;Anti ansiedade avançado;AA2EM;Equilibrio mental;1;SM10;3;;;;;;
SM;AA2;Anti ansiedade avançado;AA2EM;Equilibrio mental;1;SM14;5;;;;;;
TG;GV2;Gerencie sua vida avançado;GV2PE;Performance eficiente;1;T7;3;;;;;;
TG;GV2;Gerencie sua vida avançado;GV2PE;Performance eficiente;1;T2;1;;;;;;
TG;GV2;Gerencie sua vida avançado;GV2PE;Performance eficiente;1;T1;5;;;;;;
TG;GV2;Gerencie sua vida avançado;GV2PE;Performance eficiente;1;T4;2;;;;;;
TG;GV2;Gerencie sua vida avançado;GV2PE;Performance eficiente;1;T8;5;;;;;;
SM;PI2;Paz interior avançado;PI2CT;Conexão total;1;SM9;3;;;;;;
SM;PI2;Paz interior avançado;PI2CT;Conexão total;1;SM12;5;;;;;;
SM;PI2;Paz interior avançado;PI2CT;Conexão total;1;SM13;3;;;;;;
SM;PI2;Paz interior avançado;PI2CT;Conexão total;1;E4;5;;;;;;
SF;ER2;Energia recarregada intermediário;ER2CT;Consistência total;1;SM16;3;;;;;;
SF;ER2;Energia recarregada intermediário;ER2CT;Consistência total;1;SM1;7;;;;;;
SF;ER2;Energia recarregada intermediário;ER2CT;Consistência total;1;SF1;7;;;;;;
SF;ER2;Energia recarregada intermediário;ER2CT;Consistência total;1;SF1422;3;;;;;;
SF;ER2;Energia recarregada intermediário;ER2CT;Consistência total;1;SF1222;2;;;;;;
SF;ER2;Energia recarregada intermediário;ER2CT;Consistência total;1;SM13;7;;;;;;
SF;ER1;Energia recarregada;ER1EM;Em movimento;1;SF1;3;;;;;;
SF;ER1;Energia recarregada;ER1EM;Em movimento;1;SF1812;3;;;;;;
SF;ER1;Energia recarregada;ER1EM;Em movimento;1;SM1;3;;;;;;
SF;ER1;Energia recarregada;ER1MT;Mente tranquila;2;SF1;4;;;;;;
SF;ER1;Energia recarregada;ER1MT;Mente tranquila;2;SF1422;3;;;;;;
SF;ER1;Energia recarregada;ER1MT;Mente tranquila;2;SM1;5;;;;;;
SF;ER1;Energia recarregada;ER1MT;Mente tranquila;2;SM13;2;;;;;;
SF;ER1;Energia recarregada;ER1PM;Poder muscular ;2;SF1;5;;;;;;
SF;ER1;Energia recarregada;ER1PM;Poder muscular ;2;SF1431;3;;;;;;
SF;ER1;Energia recarregada;ER1PM;Poder muscular ;2;SM1;7;;;;;;
SF;ER1;Energia recarregada;ER1PM;Poder muscular ;2;SM13;2;;;;;;
SF;ER1;Energia recarregada;ER1PM;Poder muscular ;2;SF12;1;;;;;;
SF;ER2;Energia recarregada intermediário;ER2EC;Equilíbrio constante;2;SF1;7;;;;;;
SF;ER2;Energia recarregada intermediário;ER2EC;Equilíbrio constante;2;SF1432;3;;;;;;
SF;ER2;Energia recarregada intermediário;ER2EC;Equilíbrio constante;2;SM1;7;;;;;;
SF;ER2;Energia recarregada intermediário;ER2EC;Equilíbrio constante;2;SM13;3;;;;;;
SF;ER2;Energia recarregada intermediário;ER2EC;Equilíbrio constante;2;SF1232;3;;;;;;
SF;ER2;Energia recarregada intermediário;ER2EC;Equilíbrio constante;2;SF16;5;;;;;;
SF;ER2;Energia recarregada intermediário;ER2EC;Equilíbrio constante;2;SF8;3;;;;;;
SF;ER2;Energia recarregada intermediário;ER2DD;Desconexão diária;3;SF1;7;;;;;;
SF;ER2;Energia recarregada intermediário;ER2DD;Desconexão diária;3;SF1432;3;;;;;;
SF;ER2;Energia recarregada intermediário;ER2DD;Desconexão diária;3;SM1;7;;;;;;
SF;ER2;Energia recarregada intermediário;ER2DD;Desconexão diária;3;SM13;5;;;;;;
SF;ER2;Energia recarregada intermediário;ER2DD;Desconexão diária;3;SF1233;5;;;;;;
SF;ER2;Energia recarregada intermediário;ER2DD;Desconexão diária;3;SF16;5;;;;;;
SF;ER2;Energia recarregada intermediário;ER2DD;Desconexão diária;3;SF8;5;;;;;;
SF;ER2;Energia recarregada intermediário;ER2DD;Desconexão diária;3;SM7;5;;;;;;
SF;ER3;Energia recarregada avançado;ER3CT;Consciência total;2;SF1;7;;;;;;
SF;ER3;Energia recarregada avançado;ER3CT;Consciência total;2;SF1432;3;;;;;;
SF;ER3;Energia recarregada avançado;ER3CT;Consciência total;2;SM1;7;;;;;;
SF;ER3;Energia recarregada avançado;ER3CT;Consciência total;2;SM13;5;;;;;;
SF;ER3;Energia recarregada avançado;ER3CT;Consciência total;2;SF1233;5;;;;;;
SF;ER3;Energia recarregada avançado;ER3CT;Consciência total;2;SF16;7;;;;;;
SF;ER3;Energia recarregada avançado;ER3CT;Consciência total;2;SF8;7;;;;;;
SF;ER3;Energia recarregada avançado;ER3CT;Consciência total;2;SM7;5;;;;;;
SF;ER3;Energia recarregada avançado;ER3CT;Consciência total;2;E4;4;;;;;;
SF;ER3;Energia recarregada avançado;ER3CT;Consciência total;2;SM6;5;;;;;;
SF;ER3;Energia recarregada avançado;ER3FI;Foco intensivo ;3;SF1;7;;;;;;
SF;ER3;Energia recarregada avançado;ER3FI;Foco intensivo ;3;SF1432;3;;;;;;
SF;ER3;Energia recarregada avançado;ER3FI;Foco intensivo ;3;SM1;7;;;;;;
SF;ER3;Energia recarregada avançado;ER3FI;Foco intensivo ;3;SM13;5;;;;;;
SF;ER3;Energia recarregada avançado;ER3FI;Foco intensivo ;3;SF1233;5;;;;;;
SF;ER3;Energia recarregada avançado;ER3FI;Foco intensivo ;3;SF16;7;;;;;;
SF;ER3;Energia recarregada avançado;ER3FI;Foco intensivo ;3;SF8;7;;;;;;
SF;ER3;Energia recarregada avançado;ER3FI;Foco intensivo ;3;SM7;6;;;;;;
SF;ER3;Energia recarregada avançado;ER3FI;Foco intensivo ;3;E4;5;;;;;;
SF;ER3;Energia recarregada avançado;ER3FI;Foco intensivo ;3;SM6;6;;;;;;
SF;CM1;Construção muscular;CM1FT;Força total ;2;SF12;3;;;;;;
SF;CM1;Construção muscular;CM1FT;Força total ;2;SF13;2;;;;;;
SF;CM1;Construção muscular;CM1FT;Força total ;2;SF17;5;;;;;;
SF;CM1;Construção muscular;CM1FT;Força total ;2;SF1;7;;;;;;
SF;CM1;Construção muscular;CM1FT;Força total ;2;SF5;5;;;;;;
SF;ME1;Mapa do emagrescimento;ME1EC;Emagrecimento consciente;2;SF16;5;;;;;;
SF;ME1;Mapa do emagrescimento;ME1EC;Emagrecimento consciente;2;SF1;7;;;;;;
SF;ME1;Mapa do emagrescimento;ME1EC;Emagrecimento consciente;2;SF1813;2;;;;;;
SM;DTD1;Detox de dopamina;DTD1D;Desconexão;1;SM13;3;;;;;;
SM;DTD1;Detox de dopamina;DTD1D;Desconexão;1;T7;3;;;;;;
SM;DTD1;Detox de dopamina;DTD1D;Desconexão;1;SM7;7;;;;;;
SM;DTD1;Detox de dopamina;DTD1UI;Uso inteligente;2;SM13;3;;;;;;
SM;DTD1;Detox de dopamina;DTD1UI;Uso inteligente;2;T7;4;;;;;;
SM;DTD1;Detox de dopamina;DTD1UI;Uso inteligente;2;SM7;7;;;;;;
SM;DTD1;Detox de dopamina;DTD1UI;Uso inteligente;2;SM6;7;;;;;;
SF;ES1;Emagreça com saúde;ES1NB;Nutrição básica ;1;SF8;3;;;;;;
SF;ES1;Emagreça com saúde;ES1NB;Nutrição básica ;1;SF1;3;;;;;;
SF;ES1;Emagreça com saúde;ES1NB;Nutrição básica ;1;SF10;3;;;;;;
SF;ES1;Emagreça com saúde;ES1PC;Prato colorido ;2;SF8;4;;;;;;
SF;ES1;Emagreça com saúde;ES1PC;Prato colorido ;2;SF1;4;;;;;;
SF;ES1;Emagreça com saúde;ES1PC;Prato colorido ;2;SF10;4;;;;;;
SF;ES1;Emagreça com saúde;ES1PC;Prato colorido ;2;SF11;4;;;;;;
SF;DM1;Durma melhor;DM1SB;Sono básico ;1;SF4;3;;;;;;
SF;DM1;Durma melhor;DM1SB;Sono básico ;1;SF2;3;;;;;;
SF;DM1;Durma melhor;DM1SB;Sono básico ;1;SM1;3;;;;;;
SF;DM1;Durma melhor;DM1SB;Sono básico ;1;SF16;5;;;;;;
SF;DM1;Durma melhor;DM1NT;Noites tranquilas ;2;SF4;5;;;;;;
SF;DM1;Durma melhor;DM1NT;Noites tranquilas ;2;SF2;5;;;;;;
SF;DM1;Durma melhor;DM1NT;Noites tranquilas ;2;SM1;5;;;;;;
SF;DM1;Durma melhor;DM1NT;Noites tranquilas ;2;SF16;5;;;;;;
SF;DM1;Durma melhor;DM1NT;Noites tranquilas ;2;SF3;5;;;;;;
E;EE1;Evolução espiritual;EE1CB;Caminho base;1;E2;7;;;;;;
E;EE1;Evolução espiritual;EE1CB;Caminho base;1;E6;3;;;;;;
E;EE1;Evolução espiritual;EE1CB;Caminho base;1;E7;3;;;;;;
E;EE1;Evolução espiritual;EE1PE;Proximidade espiritual;2;E2;7;;;;;;
E;EE1;Evolução espiritual;EE1PE;Proximidade espiritual;2;E6;5;;;;;;
E;EE1;Evolução espiritual;EE1PE;Proximidade espiritual;2;E7;5;;;;;;
E;EE1;Evolução espiritual;EE1PE;Proximidade espiritual;2;E1;1;;;;;;
TG;LS1;Líder de sucesso;LS1CH;Construindo habilidades;1;SM14;5;;;;;;
TG;LS1;Líder de sucesso;LS1CH;Construindo habilidades;1;T1;5;;;;;;
TG;LS1;Líder de sucesso;LS1CH;Construindo habilidades;1;T8;5;;;;;;
TG;LS1;Líder de sucesso;LS1CJ;Consistência em jogo ;2;SM14;5;;;;;;
TG;LS1;Líder de sucesso;LS1CJ;Consistência em jogo ;2;T1;5;;;;;;
TG;LS1;Líder de sucesso;LS1CJ;Consistência em jogo ;2;T8;5;;;;;;
TG;AE1;Aprendizado eficiente;AE1AA;Aprendizado com autonomia;1;T9;7;;;;;;
TG;AE1;Aprendizado eficiente;AE1AA;Aprendizado com autonomia;1;T15;7;;;;;;
TG;AE1;Aprendizado eficiente;AE1AA;Aprendizado com autonomia;1;T17;7;;;;;;
TG;AE1;Aprendizado eficiente;AE1AA;Aprendizado com autonomia;1;T13;7;;;;;;
TG;GV1;Gerencie sua vida;GV1PE;Planejamento eficaz ;1;T3;1;;;;;;
TG;GV1;Gerencie sua vida;GV1PE;Planejamento eficaz ;1;T5;2;;;;;;
TG;GV1;Gerencie sua vida;GV1PE;Planejamento eficaz ;1;T1;3;;;;;;
TG;GV1;Gerencie sua vida;GV1PE;Planejamento eficaz ;1;T8;3;;;;;;
TG;GV1;Gerencie sua vida;GV1VO;Vida otimizada;2;T3;1;;;;;;
TG;GV1;Gerencie sua vida;GV1VO;Vida otimizada;2;T5;2;;;;;;
TG;GV1;Gerencie sua vida;GV1VO;Vida otimizada;2;T1;5;;;;;;
TG;GV1;Gerencie sua vida;GV1VO;Vida otimizada;2;T8;5;;;;;;
R;MMV1;Minha melhor versão;MMV1EP;Evolução pessoal;1;E4;5;;;;;;
R;MMV1;Minha melhor versão;MMV1EP;Evolução pessoal;1;R1;3;;;;;;
R;MMV1;Minha melhor versão;MMV1EP;Evolução pessoal;1;E3;1;;;;;;
R;MMV1;Minha melhor versão;MMV1CC;Crescimento contínuo ;2;E4;7;;;;;;
R;MMV1;Minha melhor versão;MMV1CC;Crescimento contínuo ;2;R1;4;;;;;;
R;MMV1;Minha melhor versão;MMV1CC;Crescimento contínuo ;2;E3;1;;;;;;
R;MMV1;Minha melhor versão;MMV1CC;Crescimento contínuo ;2;R4;2;;;;;;
SM;LC1;Leitura consistente;LC1LB;Leitura básica ;1;T10;2;;;;;;
SM;LC1;Leitura consistente;LC1LB;Leitura básica ;1;SM14;3;;;;;;
SM;LC1;Leitura consistente;LC1LB;Leitura básica ;1;SM7;3;;;;;;
SM;LC1;Leitura consistente;LC1PL;Progressão da leitura ;2;T18;1;;;;;;
SM;LC1;Leitura consistente;LC1PL;Progressão da leitura ;2;SM14;5;;;;;;
SM;LC1;Leitura consistente;LC1PL;Progressão da leitura ;2;SM7;5;;;;;;
SM;LC1;Leitura consistente;LC1LTH;Leitura se tornando um hábito ;3;T18;1;;;;;;
SM;LC1;Leitura consistente;LC1LTH;Leitura se tornando um hábito ;3;SM14;5;;;;;;
SM;LC1;Leitura consistente;LC1LTH;Leitura se tornando um hábito ;3;SM7;5;;;;;;
SM;PI1;Paz interior;PI1MT;Mente tranquila ;1;SM12;3;;;;;;
SM;PI1;Paz interior;PI1MT;Mente tranquila ;1;E4;3;;;;;;
SM;PI1;Paz interior;PI1MT;Mente tranquila ;1;SM13;2;;;;;;
SM;PI1;Paz interior;PI1DC;Desacelerar consciente ;2;SM12;4;;;;;;
SM;PI1;Paz interior;PI1DC;Desacelerar consciente ;2;E4;4;;;;;;
SM;PI1;Paz interior;PI1DC;Desacelerar consciente ;2;SM13;2;;;;;;
SM;PI1;Paz interior;PI1DC;Desacelerar consciente ;2;SM9;2;;;;;;
SM;AA1;Anti ansiedade;AA1SI;Serenidade imediata ;1;E6;3;;;;;;
SM;AA1;Anti ansiedade;AA1SI;Serenidade imediata ;1;SM812;3;;;;;;
SM;AA1;Anti ansiedade;AA1SI;Serenidade imediata ;1;SM14;5;;;;;;
SM;AA1;Anti ansiedade;AA1CM;Clareza mental ;2;E6;4;;;;;;
SM;AA1;Anti ansiedade;AA1CM;Clareza mental ;2;SM812;4;;;;;;
SM;AA1;Anti ansiedade;AA1CM;Clareza mental ;2;SM14;5;;;;;;
SM;AA1;Anti ansiedade;AA1CM;Clareza mental ;2;SM11;3;;;;;;
E;EE2;Evolução espiritual avançado;EE2CE;Caminho espiritual ;2;E2;7;;;;;;
E;EE2;Evolução espiritual avançado;EE2CE;Caminho espiritual ;2;E6;7;;;;;;
E;EE2;Evolução espiritual avançado;EE2CE;Caminho espiritual ;2;E7;5;;;;;;
E;EE2;Evolução espiritual avançado;EE2CE;Caminho espiritual ;2;E1;1;;;;;;
E;EE2;Evolução espiritual avançado;EE2CE;Caminho espiritual ;2;E3;1;;;;;;
R;MMV2;Minha melhor versão avançado;MMV2MV;Melhor versão;2;E4;7;;;;;;
R;MMV2;Minha melhor versão avançado;MMV2MV;Melhor versão;2;R1;7;;;;;;
R;MMV2;Minha melhor versão avançado;MMV2MV;Melhor versão;2;E3;1;;;;;;
R;MMV2;Minha melhor versão avançado;MMV2MV;Melhor versão;2;R4;3;;;;;;
R;MMV2;Minha melhor versão avançado;MMV2MV;Melhor versão;2;R6;2;;;;;;
R;MMV2;Minha melhor versão avançado;MMV2MV;Melhor versão;2;R3;2;;;;;;
R;MMV2;Minha melhor versão avançado;MMV2MV;Melhor versão;2;R2;1;;;;;;
TG;LS2;Líder de sucesso - avançado ;LS2FI;Foco inabalável ;1;SM14;5;;;;;;
TG;LS2;Líder de sucesso - avançado ;LS2FI;Foco inabalável ;1;T1;5;;;;;;
TG;LS2;Líder de sucesso - avançado ;LS2FI;Foco inabalável ;1;T8;5;;;;;;
TG;LS2;Líder de sucesso - avançado ;LS2FI;Foco inabalável ;1;SM5;3;;;;;;
TG;LS2;Líder de sucesso - avançado ;LS2MP;Mestre profissional ;2;SM14;5;;;;;;
TG;LS2;Líder de sucesso - avançado ;LS2MP;Mestre profissional ;2;T1;5;;;;;;
TG;LS2;Líder de sucesso - avançado ;LS2MP;Mestre profissional ;2;T8;5;;;;;;
TG;LS2;Líder de sucesso - avançado ;LS2MP;Mestre profissional ;2;SM5;5;;;;;;
TG;LS2;Líder de sucesso - avançado ;LS2MP;Mestre profissional ;2;T6;1;;;;;;
TG;LS2;Líder de sucesso - avançado ;LS2MP;Mestre profissional ;2;SM7;5;;;;;;
TG;GV2;Gerencie sua vida avançado;GV2CT;Controle total ;2;T2;1;;;;;;
TG;GV2;Gerencie sua vida avançado;GV2CT;Controle total ;2;T4;2;;;;;;
TG;GV2;Gerencie sua vida avançado;GV2CT;Controle total ;2;T1;5;;;;;;
TG;GV2;Gerencie sua vida avançado;GV2CT;Controle total ;2;T8;5;;;;;;
TG;GV2;Gerencie sua vida avançado;GV2CT;Controle total ;2;T7;5;;;;;;
TG;GV2;Gerencie sua vida avançado;GV2CT;Controle total ;2;T6;1;;;;;;
TG;GV2;Gerencie sua vida avançado;GV2CT;Controle total ;2;SM7;5;;;;;;
SM;PI2;Paz interior avançado;PI2ZM;Zen moderno ;2;SM12;7;;;;;;
SM;PI2;Paz interior avançado;PI2ZM;Zen moderno ;2;E4;7;;;;;;
SM;PI2;Paz interior avançado;PI2ZM;Zen moderno ;2;SM9;3;;;;;;
SM;PI2;Paz interior avançado;PI2ZM;Zen moderno ;2;SM13;5;;;;;;
SM;PI2;Paz interior avançado;PI2ZM;Zen moderno ;2;SF15;5;;;;;;
SM;AA2;Anti ansiedade avançado;AA2VP;Vida positiva;2;E6;7;;;;;;
SM;AA2;Anti ansiedade avançado;AA2VP;Vida positiva;2;SM8;7;;;;;;
SM;AA2;Anti ansiedade avançado;AA2VP;Vida positiva;2;SM14;5;;;;;;
SM;AA2;Anti ansiedade avançado;AA2VP;Vida positiva;2;SM11;5;;;;;;
SM;AA2;Anti ansiedade avançado;AA2VP;Vida positiva;2;SM10;5;;;;;;
SM;AA2;Anti ansiedade avançado;AA2VP;Vida positiva;2;SM4;5;;;;;;
SF;ME2;Mapa do emagrescimento avançado;ME2RM;Redução de medidas ;2;SF1;7;;;;;;
SF;ME2;Mapa do emagrescimento avançado;ME2RM;Redução de medidas ;2;SF16;5;;;;;;
SF;ME2;Mapa do emagrescimento avançado;ME2RM;Redução de medidas ;2;SF1813;3;;;;;;
SF;ME2;Mapa do emagrescimento avançado;ME2RM;Redução de medidas ;2;SF17;5;;;;;;
SF;ME2;Mapa do emagrescimento avançado;ME2RM;Redução de medidas ;2;SF1223;2;;;;;;
SM;DTD2;Detox de dopamina avançado;DTD2LD;Liberdade digital ;2;SM13;3;;;;;;
SM;DTD2;Detox de dopamina avançado;DTD2LD;Liberdade digital ;2;T7;5;;;;;;
SM;DTD2;Detox de dopamina avançado;DTD2LD;Liberdade digital ;2;SM7;7;;;;;;
SM;DTD2;Detox de dopamina avançado;DTD2LD;Liberdade digital ;2;SM6;7;;;;;;
SF;ES2;Emagreça com saúde avançado;ES2AI;Alimentação ideal ;2;SF8;7;;;;;;
SF;ES2;Emagreça com saúde avançado;ES2AI;Alimentação ideal ;2;SF1;7;;;;;;
SF;ES2;Emagreça com saúde avançado;ES2AI;Alimentação ideal ;2;SF10;7;;;;;;
SF;ES2;Emagreça com saúde avançado;ES2AI;Alimentação ideal ;2;SF11;7;;;;;;
SF;ES2;Emagreça com saúde avançado;ES2AI;Alimentação ideal ;2;SF9;7;;;;;;
SF;DM2;Durma melhor avançado;DM2SO;Sono de ouro ;2;SF4;7;;;;;;
SF;DM2;Durma melhor avançado;DM2SO;Sono de ouro ;2;SF2;7;;;;;;
SF;DM2;Durma melhor avançado;DM2SO;Sono de ouro ;2;SM1;7;;;;;;
SF;DM2;Durma melhor avançado;DM2SO;Sono de ouro ;2;SF16;7;;;;;;
SF;DM2;Durma melhor avançado;DM2SO;Sono de ouro ;2;SF3;7;;;;;;
SF;DM2;Durma melhor avançado;DM2SO;Sono de ouro ;2;SF6;7;;;;;;
SF;DM2;Durma melhor avançado;DM2SO;Sono de ouro ;2;SF19;7;;;;;;
;;;;;;;;;;;;;
;;;;;;;;;;;;;
;;;;;;;;;;;;;
;;;;;;;;;;;;;
;;;;;;;;;;;;;
;;;;;;;;;;;;;
;;;;;;;;;;;;;
;;;;;;;;;;;;;
;;;;;;;;;;;;;
;;;;;;;;;;;;;
;;;;;;;;;;;;;
;;;;;;;;;;;;;
;;;;;;;;;;;;;
;;;;;;;;;;;;;
;;;;;;;;;;;;;
;;;;;;;;;;;;;
;;;;;;;;;;;;;
;;;;;;;;;;;;;
;;;;;;;;;;;;;
;;;;;;;;;;;;;
;;;;;;;;;;;;;
;;;;;;;;;;;;;
;;;;;;;;;;;;;
;;;;;;;;;;;;;
;;;;;;;;;;;;;
;;;;;;;;;;;;;
;;;;;;;;;;;;;
;;;;;;;;;;;;;
;;;;;;;;;;;;;
;;;;;;;;;;;;;
;;;;;;;;;;;;;
;;;;;;;;;;;;;
;;;;;;;;;;;;;
;;;;;;;;;;;;;
;;;;;;;;;;;;;
;;;;;;;;;;;;;
;;;;;;;;;;;;;
;;;;;;;;;;;;;
;;;;;;;;;;;;;
;;;;;;;;;;;;;
;;;;;;;;;;;;;
;;;;;;;;;;;;;
;;;;;;;;;;;;;
;;;;;;;;;;;;;
;;;;;;;;;;;;;
;;;;;;;;;;;;;
;;;;;;;;;;;;;
;;;;;;;;;;;;;
;;;;;;;;;;;;;
;;;;;;;;;;;;;
;;;;;;;;;;;;;
;;;;;;;;;;;;;
;;;;;;;;;;;;;
;;;;;;;;;;;;;
;;;;;;;;;;;;;
;;;;;;;;;;;;;
;;;;;;;;;;;;;
;;;;;;;;;;;;;
;;;;;;;;;;;;;
;;;;;;;;;;;;;
;;;;;;;;;;;;;
;;;;;;;;;;;;;
;;;;;;;;;;;;;
;;;;;;;;;;;;;
;;;;;;;;;;;;;
;;;;;;;;;;;;;
;;;;;;;;;;;;;
;;;;;;;;;;;;;
;;;;;;;;;;;;;
;;;;;;;;;;;;;
;;;;;;;;;;;;;
;;;;;;;;;;;;;
;;;;;;;;;;;;;
;;;;;;;;;;;;;
;;;;;;;;;;;;;
;;;;;;;;;;;;;
;;;;;;;;;;;;;
;;;;;;;;;;;;;
;;;;;;;;;;;;;
;;;;;;;;;;;;;
;;;;;;;;;;;;;
;;;;;;;;;;;;;
;;;;;;;;;;;;;
;;;;;;;;;;;;;
;;;;;;;;;;;;;
;;;;;;;;;;;;;
;;;;;;;;;;;;;
;;;;;;;;;;;;;
;;;;;;;;;;;;;
;;;;;;;;;;;;;
;;;;;;;;;;;;;
;;;;;;;;;;;;;
;;;;;;;;;;;;;
;;;;;;;;;;;;;
;;;;;;;;;;;;;
;;;;;;;;;;;;;
;;;;;;;;;;;;;
;;;;;;;;;;;;;
;;;;;;;;;;;;;
;;;;;;;;;;;;;
;;;;;;;;;;;;;
;;;;;;;;;;;;;
;;;;;;;;;;;;;
;;;;;;;;;;;;;
;;;;;;;;;;;;;
;;;;;;;;;;;;;
;;;;;;;;;;;;;
;;;;;;;;;;;;;
;;;;;;;;;;;;;
;;;;;;;;;;;;;
;;;;;;;;;;;;;
;;;;;;;;;;;;;
;;;;;;;;;;;;;
;;;;;;;;;;;;;
;;;;;;;;;;;;;
;;;;;;;;;;;;;
;;;;;;;;;;;;;
;;;;;;;;;;;;;
;;;;;;;;;;;;;
;;;;;;;;;;;;;
;;;;;;;;;;;;;
;;;;;;;;;;;;;
;;;;;;;;;;;;;
;;;;;;;;;;;;;
;;;;;;;;;;;;;
;;;;;;;;;;;;;
;;;;;;;;;;;;;
;;;;;;;;;;;;;
;;;;;;;;;;;;;
;;;;;;;;;;;;;
;;;;;;;;;;;;;
;;;;;;;;;;;;;
;;;;;;;;;;;;;
;;;;;;;;;;;;;
;;;;;;;;;;;;;
;;;;;;;;;;;;;
;;;;;;;;;;;;;
;;;;;;;;;;;;;
;;;;;;;;;;;;;
;;;;;;;;;;;;;
;;;;;;;;;;;;;
;;;;;;;;;;;;;
;;;;;;;;;;;;;
;;;;;;;;;;;;;
;;;;;;;;;;;;;
;;;;;;;;;;;;;
;;;;;;;;;;;;;
;;;;;;;;;;;;;
;;;;;;;;;;;;;
;;;;;;;;;;;;;
;;;;;;;;;;;;;
;;;;;;;;;;;;;
;;;;;;;;;;;;;
;;;;;;;;;;;;;
;;;;;;;;;;;;;
;;;;;;;;;;;;;
;;;;;;;;;;;;;
;;;;;;;;;;;;;
;;;;;;;;;;;;;
;;;;;;;;;;;;;
;;;;;;;;;;;;;
;;;;;;;;;;;;;
;;;;;;;;;;;;;
;;;;;;;;;;;;;
;;;;;;;;;;;;;
;;;;;;;;;;;;;
;;;;;;;;;;;;;
;;;;;;;;;;;;;
;;;;;;;;;;;;;
;;;;;;;;;;;;;
;;;;;;;;;;;;;
;;;;;;;;;;;;;
;;;;;;;;;;;;;
;;;;;;;;;;;;;
;;;;;;;;;;;;;
;;;;;;;;;;;;;
;;;;;;;;;;;;;
;;;;;;;;;;;;;
;;;;;;;;;;;;;
;;;;;;;;;;;;;
;;;;;;;;;;;;;
;;;;;;;;;;;;;
;;;;;;;;;;;;;
;;;;;;;;;;;;;
;;;;;;;;;;;;;
;;;;;;;;;;;;;
;;;;;;;;;;;;;
;;;;;;;;;;;;;
;;;;;;;;;;;;;
;;;;;;;;;;;;;
;;;;;;;;;;;;;
;;;;;;;;;;;;;
;;;;;;;;;;;;;
;;;;;;;;;;;;;
;;;;;;;;;;;;;
;;;;;;;;;;;;;
;;;;;;;;;;;;;
;;;;;;;;;;;;;
;;;;;;;;;;;;;
;;;;;;;;;;;;;
;;;;;;;;;;;;;
;;;;;;;;;;;;;
;;;;;;;;;;;;;
;;;;;;;;;;;;;
;;;;;;;;;;;;;
;;;;;;;;;;;;;
;;;;;;;;;;;;;
;;;;;;;;;;;;;
;;;;;;;;;;;;;
;;;;;;;;;;;;;
;;;;;;;;;;;;;
;;;;;;;;;;;;;
;;;;;;;;;;;;;
;;;;;;;;;;;;;
;;;;;;;;;;;;;
;;;;;;;;;;;;;
;;;;;;;;;;;;;
;;;;;;;;;;;;;
;;;;;;;;;;;;;
;;;;;;;;;;;;;
;;;;;;;;;;;;;
;;;;;;;;;;;;;
;;;;;;;;;;;;;
;;;;;;;;;;;;;
;;;;;;;;;;;;;
;;;;;;;;;;;;;
;;;;;;;;;;;;;
;;;;;;;;;;;;;
;;;;;;;;;;;;;
;;;;;;;;;;;;;
;;;;;;;;;;;;;
;;;;;;;;;;;;;
;;;;;;;;;;;;;
;;;;;;;;;;;;;
;;;;;;;;;;;;;
;;;;;;;;;;;;;
;;;;;;;;;;;;;
;;;;;;;;;;;;;
;;;;;;;;;;;;;
;;;;;;;;;;;;;
;;;;;;;;;;;;;
;;;;;;;;;;;;;
;;;;;;;;;;;;;
;;;;;;;;;;;;;
;;;;;;;;;;;;;
;;;;;;;;;;;;;
;;;;;;;;;;;;;
;;;;;;;;;;;;;
;;;;;;;;;;;;;
;;;;;;;;;;;;;
;;;;;;;;;;;;;
;;;;;;;;;;;;;
;;;;;;;;;;;;;
;;;;;;;;;;;;;
;;;;;;;;;;;;;
;;;;;;;;;;;;;
;;;;;;;;;;;;;
;;;;;;;;;;;;;
;;;;;;;;;;;;;
;;;;;;;;;;;;;
;;;;;;;;;;;;;
;;;;;;;;;;;;;
;;;;;;;;;;;;;
;;;;;;;;;;;;;
;;;;;;;;;;;;;
;;;;;;;;;;;;;
;;;;;;;;;;;;;
;;;;;;;;;;;;;
;;;;;;;;;;;;;
;;;;;;;;;;;;;
;;;;;;;;;;;;;
;;;;;;;;;;;;;
;;;;;;;;;;;;;
;;;;;;;;;;;;;
;;;;;;;;;;;;;
;;;;;;;;;;;;;
;;;;;;;;;;;;;
;;;;;;;;;;;;;
;;;;;;;;;;;;;
;;;;;;;;;;;;;
;;;;;;;;;;;;;
;;;;;;;;;;;;;
;;;;;;;;;;;;;
;;;;;;;;;;;;;
;;;;;;;;;;;;;
;;;;;;;;;;;;;
;;;;;;;;;;;;;
;;;;;;;;;;;;;
;;;;;;;;;;;;;
;;;;;;;;;;;;;
;;;;;;;;;;;;;
;;;;;;;;;;;;;
;;;;;;;;;;;;;
;;;;;;;;;;;;;
;;;;;;;;;;;;;
;;;;;;;;;;;;;
;;;;;;;;;;;;;
;;;;;;;;;;;;;
;;;;;;;;;;;;;
;;;;;;;;;;;;;
;;;;;;;;;;;;;
;;;;;;;;;;;;;
;;;;;;;;;;;;;
;;;;;;;;;;;;;
;;;;;;;;;;;;;
;;;;;;;;;;;;;
;;;;;;;;;;;;;
;;;;;;;;;;;;;
;;;;;;;;;;;;;
;;;;;;;;;;;;;
;;;;;;;;;;;;;
;;;;;;;;;;;;;
;;;;;;;;;;;;;
;;;;;;;;;;;;;
;;;;;;;;;;;;;
;;;;;;;;;;;;;
;;;;;;;;;;;;;
;;;;;;;;;;;;;
;;;;;;;;;;;;;
;;;;;;;;;;;;;
;;;;;;;;;;;;;
;;;;;;;;;;;;;
;;;;;;;;;;;;;
;;;;;;;;;;;;;
;;;;;;;;;;;;;
;;;;;;;;;;;;;
;;;;;;;;;;;;;
;;;;;;;;;;;;;
;;;;;;;;;;;;;
;;;;;;;;;;;;;
;;;;;;;;;;;;;
;;;;;;;;;;;;;
;;;;;;;;;;;;;
;;;;;;;;;;;;;
;;;;;;;;;;;;;
;;;;;;;;;;;;;
;;;;;;;;;;;;;
;;;;;;;;;;;;;
;;;;;;;;;;;;;
;;;;;;;;;;;;;
;;;;;;;;;;;;;
;;;;;;;;;;;;;
;;;;;;;;;;;;;
;;;;;;;;;;;;;
;;;;;;;;;;;;;
;;;;;;;;;;;;;
;;;;;;;;;;;;;
;;;;;;;;;;;;;
;;;;;;;;;;;;;
;;;;;;;;;;;;;
;;;;;;;;;;;;;
;;;;;;;;;;;;;
;;;;;;;;;;;;;
;;;;;;;;;;;;;
;;;;;;;;;;;;;
;;;;;;;;;;;;;
;;;;;;;;;;;;;
;;;;;;;;;;;;;
;;;;;;;;;;;;;
;;;;;;;;;;;;;
;;;;;;;;;;;;;
;;;;;;;;;;;;;
;;;;;;;;;;;;;
;;;;;;;;;;;;;
;;;;;;;;;;;;;
;;;;;;;;;;;;;
;;;;;;;;;;;;;
;;;;;;;;;;;;;
;;;;;;;;;;;;;
;;;;;;;;;;;;;
;;;;;;;;;;;;;
;;;;;;;;;;;;;
;;;;;;;;;;;;;
;;;;;;;;;;;;;
;;;;;;;;;;;;;
;;;;;;;;;;;;;
;;;;;;;;;;;;;
;;;;;;;;;;;;;
;;;;;;;;;;;;;
;;;;;;;;;;;;;
;;;;;;;;;;;;;
;;;;;;;;;;;;;
;;;;;;;;;;;;;
;;;;;;;;;;;;;
;;;;;;;;;;;;;
;;;;;;;;;;;;;
;;;;;;;;;;;;;
;;;;;;;;;;;;;
;;;;;;;;;;;;;
;;;;;;;;;;;;;
;;;;;;;;;;;;;
;;;;;;;;;;;;;
;;;;;;;;;;;;;
;;;;;;;;;;;;;
;;;;;;;;;;;;;
;;;;;;;;;;;;;
;;;;;;;;;;;;;
;;;;;;;;;;;;;
;;;;;;;;;;;;;
;;;;;;;;;;;;;
;;;;;;;;;;;;;
;;;;;;;;;;;;;
;;;;;;;;;;;;;
;;;;;;;;;;;;;
;;;;;;;;;;;;;
;;;;;;;;;;;;;
;;;;;;;;;;;;;
;;;;;;;;;;;;;
;;;;;;;;;;;;;
;;;;;;;;;;;;;
;;;;;;;;;;;;;
;;;;;;;;;;;;;
;;;;;;;;;;;;;
;;;;;;;;;;;;;
;;;;;;;;;;;;;
;;;;;;;;;;;;;
;;;;;;;;;;;;;
;;;;;;;;;;;;;
;;;;;;;;;;;;;
;;;;;;;;;;;;;
;;;;;;;;;;;;;
;;;;;;;;;;;;;
;;;;;;;;;;;;;
;;;;;;;;;;;;;
;;;;;;;;;;;;;
;;;;;;;;;;;;;
;;;;;;;;;;;;;
;;;;;;;;;;;;;
;;;;;;;;;;;;;
;;;;;;;;;;;;;
;;;;;;;;;;;;;
;;;;;;;;;;;;;
;;;;;;;;;;;;;
;;;;;;;;;;;;;
;;;;;;;;;;;;;
;;;;;;;;;;;;;
;;;;;;;;;;;;;
;;;;;;;;;;;;;
;;;;;;;;;;;;;
;;;;;;;;;;;;;
;;;;;;;;;;;;;
;;;;;;;;;;;;;
;;;;;;;;;;;;;
;;;;;;;;;;;;;
;;;;;;;;;;;;;
;;;;;;;;;;;;;
;;;;;;;;;;;;;
;;;;;;;;;;;;;
;;;;;;;;;;;;;
;;;;;;;;;;;;;
;;;;;;;;;;;;;
;;;;;;;;;;;;;
;;;;;;;;;;;;;
;;;;;;;;;;;;;
;;;;;;;;;;;;;
;;;;;;;;;;;;;
;;;;;;;;;;;;;
;;;;;;;;;;;;;
;;;;;;;;;;;;;
;;;;;;;;;;;;;
;;;;;;;;;;;;;
;;;;;;;;;;;;;
;;;;;;;;;;;;;
;;;;;;;;;;;;;
;;;;;;;;;;;;;
;;;;;;;;;;;;;
;;;;;;;;;;;;;
;;;;;;;;;;;;;
;;;;;;;;;;;;;
;;;;;;;;;;;;;
;;;;;;;;;;;;;
;;;;;;;;;;;;;
;;;;;;;;;;;;;
;;;;;;;;;;;;;
;;;;;;;;;;;;;
;;;;;;;;;;;;;
;;;;;;;;;;;;;
;;;;;;;;;;;;;
;;;;;;;;;;;;;
;;;;;;;;;;;;;
;;;;;;;;;;;;;
;;;;;;;;;;;;;
;;;;;;;;;;;;;
;;;;;;;;;;;;;
;;;;;;;;;;;;;
;;;;;;;;;;;;;
;;;;;;;;;;;;;
;;;;;;;;;;;;;
;;;;;;;;;;;;;
;;;;;;;;;;;;;
;;;;;;;;;;;;;
;;;;;;;;;;;;;
;;;;;;;;;;;;;
;;;;;;;;;;;;;
;;;;;;;;;;;;;
;;;;;;;;;;;;;
;;;;;;;;;;;;;
;;;;;;;;;;;;;
;;;;;;;;;;;;;
;;;;;;;;;;;;;
;;;;;;;;;;;;;
;;;;;;;;;;;;;
;;;;;;;;;;;;;
;;;;;;;;;;;;;
;;;;;;;;;;;;;
;;;;;;;;;;;;;
;;;;;;;;;;;;;
;;;;;;;;;;;;;
;;;;;;;;;;;;;
;;;;;;;;;;;;;
;;;;;;;;;;;;;
;;;;;;;;;;;;;
;;;;;;;;;;;;;
;;;;;;;;;;;;;
;;;;;;;;;;;;;
;;;;;;;;;;;;;
;;;;;;;;;;;;;
;;;;;;;;;;;;;
;;;;;;;;;;;;;
;;;;;;;;;;;;;
;;;;;;;;;;;;;
;;;;;;;;;;;;;
;;;;;;;;;;;;;
;;;;;;;;;;;;;
;;;;;;;;;;;;;
;;;;;;;;;;;;;
;;;;;;;;;;;;;
;;;;;;;;;;;;;
;;;;;;;;;;;;;
;;;;;;;;;;;;;
;;;;;;;;;;;;;
;;;;;;;;;;;;;
;;;;;;;;;;;;;
;;;;;;;;;;;;;
;;;;;;;;;;;;;
;;;;;;;;;;;;;
;;;;;;;;;;;;;
;;;;;;;;;;;;;
;;;;;;;;;;;;;
;;;;;;;;;;;;;
;;;;;;;;;;;;;
;;;;;;;;;;;;;
;;;;;;;;;;;;;
;;;;;;;;;;;;;
;;;;;;;;;;;;;
;;;;;;;;;;;;;
;;;;;;;;;;;;;
;;;;;;;;;;;;;
;;;;;;;;;;;;;
;;;;;;;;;;;;;
;;;;;;;;;;;;;
;;;;;;;;;;;;;
;;;;;;;;;;;;;
;;;;;;;;;;;;;
;;;;;;;;;;;;;
;;;;;;;;;;;;;
;;;;;;;;;;;;;
;;;;;;;;;;;;;
;;;;;;;;;;;;;
;;;;;;;;;;;;;
;;;;;;;;;;;;;
;;;;;;;;;;;;;
;;;;;;;;;;;;;
;;;;;;;;;;;;;
;;;;;;;;;;;;;
;;;;;;;;;;;;;
;;;;;;;;;;;;;
;;;;;;;;;;;;;
;;;;;;;;;;;;;
;;;;;;;;;;;;;
;;;;;;;;;;;;;
;;;;;;;;;;;;;
;;;;;;;;;;;;;
;;;;;;;;;;;;;
;;;;;;;;;;;;;
;;;;;;;;;;;;;
;;;;;;;;;;;;;
;;;;;;;;;;;;;
;;;;;;;;;;;;;
;;;;;;;;;;;;;
;;;;;;;;;;;;;
;;;;;;;;;;;;;
;;;;;;;;;;;;;
;;;;;;;;;;;;;
;;;;;;;;;;;;;
;;;;;;;;;;;;;
;;;;;;;;;;;;;
;;;;;;;;;;;;;
;;;;;;;;;;;;;
;;;;;;;;;;;;;
;;;;;;;;;;;;;
;;;;;;;;;;;;;
;;;;;;;;;;;;;
;;;;;;;;;;;;;
;;;;;;;;;;;;;
;;;;;;;;;;;;;
;;;;;;;;;;;;;
;;;;;;;;;;;;;
;;;;;;;;;;;;;
;;;;;;;;;;;;;
;;;;;;;;;;;;;
;;;;;;;;;;;;;
;;;;;;;;;;;;;
;;;;;;;;;;;;;
;;;;;;;;;;;;;
;;;;;;;;;;;;;
;;;;;;;;;;;;;
;;;;;;;;;;;;;
;;;;;;;;;;;;;
;;;;;;;;;;;;;
;;;;;;;;;;;;;
;;;;;;;;;;;;;
;;;;;;;;;;;;;
;;;;;;;;;;;;;
;;;;;;;;;;;;;
;;;;;;;;;;;;;
;;;;;;;;;;;;;
;;;;;;;;;;;;;
;;;;;;;;;;;;;
;;;;;;;;;;;;;
;;;;;;;;;;;;;
;;;;;;;;;;;;;
;;;;;;;;;;;;;
;;;;;;;;;;;;;
;;;;;;;;;;;;;
;;;;;;;;;;;;;
;;;;;;;;;;;;;
;;;;;;;;;;;;;
;;;;;;;;;;;;;
;;;;;;;;;;;;;
;;;;;;;;;;;;;
;;;;;;;;;;;;;
;;;;;;;;;;;;;
;;;;;;;;;;;;;
;;;;;;;;;;;;;
;;;;;;;;;;;;;
;;;;;;;;;;;;;
;;;;;;;;;;;;;
;;;;;;;;;;;;;
;;;;;;;;;;;;;
;;;;;;;;;;;;;
;;;;;;;;;;;;;
;;;;;;;;;;;;;
;;;;;;;;;;;;;
;;;;;;;;;;;;;
;;;;;;;;;;;;;
;;;;;;;;;;;;;
;;;;;;;;;;;;;
;;;;;;;;;;;;;
;;;;;;;;;;;;;
;;;;;;;;;;;;;
;;;;;;;;;;;;;
;;;;;;;;;;;;;
;;;;;;;;;;;;;
;;;;;;;;;;;;;
;;;;;;;;;;;;;
;;;;;;;;;;;;;
;;;;;;;;;;;;;
;;;;;;;;;;;;;
;;;;;;;;;;;;;
;;;;;;;;;;;;;
;;;;;;;;;;;;;
;;;;;;;;;;;;;
;;;;;;;;;;;;;
;;;;;;;;;;;;;
;;;;;;;;;;;;;
;;;;;;;;;;;;;
;;;;;;;;;;;;;
;;;;;;;;;;;;;
;;;;;;;;;;;;;
;;;;;;;;;;;;;
;;;;;;;;;;;;;
;;;;;;;;;;;;;
;;;;;;;;;;;;;
;;;;;;;;;;;;;
;;;;;;;;;;;;;
;;;;;;;;;;;;;
;;;;;;;;;;;;;
;;;;;;;;;;;;;
;;;;;;;;;;;;;
;;;;;;;;;;;;;
;;;;;;;;;;;;;
;;;;;;;;;;;;;
;;;;;;;;;;;;;
;;;;;;;;;;;;;
;;;;;;;;;;;;;
;;;;;;;;;;;;;
;;;;;;;;;;;;;
;;;;;;;;;;;;;
;;;;;;;;;;;;;
;;;;;;;;;;;;;
;;;;;;;;;;;;;
All rows: [[Dimensão, Código Trilha, Nome Trilha, Código Desafio, Nome Desafio, Nível, Hábitos, Frequencia, , , , , , ], [SF, ER1, Energia recarregada, ER1PC, Primeiro contato, 1, SF1, 7, , , , , , ], [SF, ER1, Energia recarregada, ER1PC, Primeiro contato, 1, SF18, 3, , , , , , ], [SF, ER1, Energia recarregada, ER1PC, Primeiro contato, 1, SM1, 7, , , , , , ], [SF, CM1, Construção muscular, CM1BF, Base de força, 1, SF10, 7, , , , , , ], [SF, CM1, Construção muscular, CM1BF, Base de força, 1, SF13, 2, , , , , , ], [SF, CM1, Construção muscular, CM1BF, Base de força, 1, SF12, 3, , , , , , ], [SF, CM1, Construção muscular, CM1BF, Base de força, 1, SF17, 5, , , , , , ], [SF, DM1, Durma melhor, DM1PP, Primeiros Passos, 1, SM1, 5, , , , , , ], [SF, DM1, Durma melhor, DM1PP, Primeiros Passos, 1, SM2, 5, , , , , , ], [SF, DM1, Durma melhor, DM1PP, Primeiros Passos, 1, SF16, 5, , , , , , ], [SF, ES1, Emagreça com saúde, ES1IS, Início Saudável, 1, SF1, 5, , , , , , ], [SF, ES1, Emagreça com saúde, ES1IS, Início Saudável, 1, SF8, 5, , , , , , ], [SF, ES1, Emagreça com saúde, ES1IS, Início Saudável, 1, SF9, 5, , , , , , ], [TG, LS1, Líder de sucesso, LS1CL, Caminho do líder, 1, SM14, 7, , , , , , ], [TG, LS1, Líder de sucesso, LS1CL, Caminho do líder, 1, T1, 7, , , , , , ], [TG, LS1, Líder de sucesso, LS1CL, Caminho do líder, 1, T8, 5, , , , , , ], [TG, GV1, Gerencie sua vida, GV1PC, Primeiro contato, 1, T8, 3, , , , , , ], [TG, GV1, Gerencie sua vida, GV1PC, Primeiro contato, 1, T1, 7, , , , , , ], [TG, GV1, Gerencie sua vida, GV1PC, Primeiro contato, 1, T4, 2, , , , , , ], [TG, AE1, Aprendizado eficiente, AE1AL, Aprenda com a Lyfe, 1, T15, 2, , , , , , ], [TG, AE1, Aprendizado eficiente, AE1AL, Aprenda com a Lyfe, 1, T17, 1, , , , , , ], [TG, AE1, Aprendizado eficiente, AE1AL, Aprenda com a Lyfe, 1, T13, 3, , , , , , ], [TG, AE1, Aprendizado eficiente, AE1AL, Aprenda com a Lyfe, 1, T9, 7, , , , , , ], [SF, ME1, Mapa do emagrescimento, ME1BE, Base do Emagrecimento, 1, SF7, 7, , , , , , ], [SF, ME1, Mapa do emagrescimento, ME1BE, Base do Emagrecimento, 1, SF1, 7, , , , , , ], [SM, LC1, Leitura consistente, LC1CL, Comece a ler, 1, SM13, 5, , , , , , ], [SM, LC1, Leitura consistente, LC1CL, Comece a ler, 1, SM14, 7, , , , , , ], [SM, LC1, Leitura consistente, LC1CL, Comece a ler, 1, T11, 5, , , , , , ], [SF, DM2, Durma melhor avançado, DM2SR, Sono Restaurador, 1, SF4, 7, , , , , , ], [SF, DM2, Durma melhor avançado, DM2SR, Sono Restaurador, 1, SF3, 7, , , , , , ], [SF, DM2, Durma melhor avançado, DM2SR, Sono Restaurador, 1, SF6, 5, , , , , , ], [SF, DM2, Durma melhor avançado, DM2SR, Sono Restaurador, 1, SF16, 7, , , , , , ], [SF, DM2, Durma melhor avançado, DM2SR, Sono Restaurador, 1, SF2, 7, , , , , , ], [SF, DM2, Durma melhor avançado, DM2SR, Sono Restaurador, 1, SM1, 7, , , , , , ], [SF, ES2, Emagreça com saúde avançado, ES2EC, Escolha consciente, 1, SF8, 5, , , , , , ], [SF, ES2, Emagreça com saúde avançado, ES2EC, Escolha consciente, 1, SF9, 5, , , , , , ], [SF, ES2, Emagreça com saúde avançado, ES2EC, Escolha consciente, 1, SF11, 5, , , , , , ], [SF, ES2, Emagreça com saúde avançado, ES2EC, Escolha consciente, 1, SF1, 5, , , , , , ], [SF, ES2, Emagreça com saúde avançado, ES2EC, Escolha consciente, 1, SF10, 5, , , , , , ], [SF, CM2, Construção muscular avançado, CM2EM, Evolução muscular, 1, SF17, 5, , , , , , ], [SF, CM2, Construção muscular avançado, CM2EM, Evolução muscular, 1, SF10, 7, , , , , , ], [SF, CM2, Construção muscular avançado, CM2EM, Evolução muscular, 1, SF5, 5, , , , , , ], [SF, CM2, Construção muscular avançado, CM2EM, Evolução muscular, 1, SF1333, 2, , , , , , ], [SF, CM2, Construção muscular avançado, CM2EM, Evolução muscular, 1, SF1, 7, , , , , , ], [SF, CM2, Construção muscular avançado, CM2EM, Evolução muscular, 1, SF1233, 5, , , , , , ], [SF, ME2, Mapa do emagrescimento avançado, ME2EE, Emagrescimento eficiente, 1, SF16, 5, , , , , , ], [SF, ME2, Mapa do emagrescimento avançado, ME2EE, Emagrescimento eficiente, 1, SF17, 5, , , , , , ], [SF, ME2, Mapa do emagrescimento avançado, ME2EE, Emagrescimento eficiente, 1, SF1, 5, , , , , , ], [SF, ME2, Mapa do emagrescimento avançado, ME2EE, Emagrescimento eficiente, 1, SF1822, 5, , , , , , ], [SF, ER3, Energia recarregada avançado, ER3EP, Evolução pessoal, 1, SF16, 7, , , , , , ], [SF, ER3, Energia recarregada avançado, ER3EP, Evolução pessoal, 1, SM1, 7, , , , , , ], [SF, ER3, Energia recarregada avançado, ER3EP, Evolução pessoal, 1, SM13, 3, , , , , , ], [SF, ER3, Energia recarregada avançado, ER3EP, Evolução pessoal, 1, SF8, 5, , , , , , ], [SF, ER3, Energia recarregada avançado, ER3EP, Evolução pessoal, 1, SF1233, 5, , , , , , ], [SF, ER3, Energia recarregada avançado, ER3EP, Evolução pessoal, 1, SF1, 7, , , , , , ], [SF, ER3, Energia recarregada avançado, ER3EP, Evolução pessoal, 1, SM7, 7, , , , , , ], [SF, ER3, Energia recarregada avançado, ER3EP, Evolução pessoal, 1, E4, 7, , , , , , ], [SF, ER3, Energia recarregada avançado, ER3EP, Evolução pessoal, 1, SF1422, 3, , , , , , ], [SM, DD1, Domine sua dopamina, DD1MPH, Meus primeiros hábitos, 1, SF1, 7, , , , , , ], [SM, DD1, Domine sua dopamina, DD1MPH, Meus primeiros hábitos, 1, E6, 7, , , , , , ], [SM, DD1, Domine sua dopamina, DD1MPH, Meus primeiros hábitos, 1, SM1, 7, , , , , , ], [SM, DTD1, Detox de dopamina, DTD1TO, Tempo offline, 1, SM7, 7, , , , , , ], [SM, DTD1, Detox de dopamina, DTD1TO, Tempo offline, 1, SM13, 3, , , , , , ], [SM, DTD1, Detox de dopamina, DTD1TO, Tempo offline, 1, SM6, 3, , , , , , ], [SM, DTD2, Detox de dopamina avançado, DTD2ED, Equilibrio Digital, 1, T7, 5, , , , , , ], [SM, DTD2, Detox de dopamina avançado, DTD2ED, Equilibrio Digital, 1, SM7, 5, , , , , , ], [SM, DTD2, Detox de dopamina avançado, DTD2ED, Equilibrio Digital, 1, SM13, 3, , , , , , ], [SM, DTD2, Detox de dopamina avançado, DTD2ED, Equilibrio Digital, 1, SM6, 6, , , , , , ], [SF, ED1, Eleve sua dopamina, ED1MPH, Meus primeiros hábitos, 1, SM1, 7, , , , , , ], [SF, ED1, Eleve sua dopamina, ED1MPH, Meus primeiros hábitos, 1, SF1, 7, , , , , , ], [SF, ED1, Eleve sua dopamina, ED1MPH, Meus primeiros hábitos, 1, E6, 7, , , , , , ], [E, EE1, Evolução espiritual, EE1DE, Despertar espiritual, 1, E7, 7, , , , , , ], [E, EE1, Evolução espiritual, EE1DE, Despertar espiritual, 1, E2, 7, , , , , , ], [E, EE1, Evolução espiritual, EE1DE, Despertar espiritual, 1, E5, 7, , , , , , ], [R, MMV1, Minha melhor versão, MMV1MI, Melhoria inicial, 1, R4, 2, , , , , , ], [R, MMV1, Minha melhor versão, MMV1MI, Melhoria inicial, 1, E4, 7, , , , , , ], [R, MMV1, Minha melhor versão, MMV1MI, Melhoria inicial, 1, R1, 3, , , , , , ], [E, EE2, Evolução espiritual avançado, EE2BA, Boa ação, 1, E3, 1, , , , , , ], [E, EE2, Evolução espiritual avançado, EE2BA, Boa ação, 1, E1, 1, , , , , , ], [E, EE2, Evolução espiritual avançado, EE2BA, Boa ação, 1, E2, 7, , , , , , ], [E, EE2, Evolução espiritual avançado, EE2BA, Boa ação, 1, E7, 5, , , , , , ], [E, EE2, Evolução espiritual avançado, EE2BA, Boa ação, 1, E6, 7, , , , , , ], [R, MMV2, Minha melhor versão avançado, MMV2PI, Presença Ilustre, 1, R5, 1, , , , , , ], [R, MMV2, Minha melhor versão avançado, MMV2PI, Presença Ilustre, 1, E3, 1, , , , , , ], [R, MMV2, Minha melhor versão avançado, MMV2PI, Presença Ilustre, 1, E4, 5, , , , , , ], [R, MMV2, Minha melhor versão avançado, MMV2PI, Presença Ilustre, 1, R1, 5, , , , , , ], [R, MMV2, Minha melhor versão avançado, MMV2PI, Presença Ilustre, 1, R4, 3, , , , , , ], [SM, AA1, Anti ansiedade, AA1PC, Primeiro contato, 1, E5, 7, , , , , , ], [SM, AA1, Anti ansiedade, AA1PC, Primeiro contato, 1, SM14, 5, , , , , , ], [SM, AA1, Anti ansiedade, AA1PC, Primeiro contato, 1, SM8, 3, , , , , , ], [SM, PI1, Paz interior, PI1PC, Primeiro contato, 1, E4, 7, , , , , , ], [SM, PI1, Paz interior, PI1PC, Primeiro contato, 1, SF15, 7, , , , , , ], [SM, PI1, Paz interior, PI1PC, Primeiro contato, 1, SM12, 7, , , , , , ], [SM, AA2, Anti ansiedade avançado, AA2EM, Equilibrio mental, 1, SM11, 4, , , , , , ], [SM, AA2, Anti ansiedade avançado, AA2EM, Equilibrio mental, 1, SM823, 5, , , , , , ], [SM, AA2, Anti ansiedade avançado, AA2EM, Equilibrio mental, 1, E6, 5, , , , , , ], [SM, AA2, Anti ansiedade avançado, AA2EM, Equilibrio mental, 1, SM10, 3, , , , , , ], [SM, AA2, Anti ansiedade avançado, AA2EM, Equilibrio mental, 1, SM14, 5, , , , , , ], [TG, GV2, Gerencie sua vida avançado, GV2PE, Performance eficiente, 1, T7, 3, , , , , , ], [TG, GV2, Gerencie sua vida avançado, GV2PE, Performance eficiente, 1, T2, 1, , , , , , ], [TG, GV2, Gerencie sua vida avançado, GV2PE, Performance eficiente, 1, T1, 5, , , , , , ], [TG, GV2, Gerencie sua vida avançado, GV2PE, Performance eficiente, 1, T4, 2, , , , , , ], [TG, GV2, Gerencie sua vida avançado, GV2PE, Performance eficiente, 1, T8, 5, , , , , , ], [SM, PI2, Paz interior avançado, PI2CT, Conexão total, 1, SM9, 3, , , , , , ], [SM, PI2, Paz interior avançado, PI2CT, Conexão total, 1, SM12, 5, , , , , , ], [SM, PI2, Paz interior avançado, PI2CT, Conexão total, 1, SM13, 3, , , , , , ], [SM, PI2, Paz interior avançado, PI2CT, Conexão total, 1, E4, 5, , , , , , ], [SF, ER2, Energia recarregada intermediário, ER2CT, Consistência total, 1, SM16, 3, , , , , , ], [SF, ER2, Energia recarregada intermediário, ER2CT, Consistência total, 1, SM1, 7, , , , , , ], [SF, ER2, Energia recarregada intermediário, ER2CT, Consistência total, 1, SF1, 7, , , , , , ], [SF, ER2, Energia recarregada intermediário, ER2CT, Consistência total, 1, SF1422, 3, , , , , , ], [SF, ER2, Energia recarregada intermediário, ER2CT, Consistência total, 1, SF1222, 2, , , , , , ], [SF, ER2, Energia recarregada intermediário, ER2CT, Consistência total, 1, SM13, 7, , , , , , ], [SF, ER1, Energia recarregada, ER1EM, Em movimento, 1, SF1, 3, , , , , , ], [SF, ER1, Energia recarregada, ER1EM, Em movimento, 1, SF1812, 3, , , , , , ], [SF, ER1, Energia recarregada, ER1EM, Em movimento, 1, SM1, 3, , , , , , ], [SF, ER1, Energia recarregada, ER1MT, Mente tranquila, 2, SF1, 4, , , , , , ], [SF, ER1, Energia recarregada, ER1MT, Mente tranquila, 2, SF1422, 3, , , , , , ], [SF, ER1, Energia recarregada, ER1MT, Mente tranquila, 2, SM1, 5, , , , , , ], [SF, ER1, Energia recarregada, ER1MT, Mente tranquila, 2, SM13, 2, , , , , , ], [SF, ER1, Energia recarregada, ER1PM, Poder muscular , 2, SF1, 5, , , , , , ], [SF, ER1, Energia recarregada, ER1PM, Poder muscular , 2, SF1431, 3, , , , , , ], [SF, ER1, Energia recarregada, ER1PM, Poder muscular , 2, SM1, 7, , , , , , ], [SF, ER1, Energia recarregada, ER1PM, Poder muscular , 2, SM13, 2, , , , , , ], [SF, ER1, Energia recarregada, ER1PM, Poder muscular , 2, SF12, 1, , , , , , ], [SF, ER2, Energia recarregada intermediário, ER2EC, Equilíbrio constante, 2, SF1, 7, , , , , , ], [SF, ER2, Energia recarregada intermediário, ER2EC, Equilíbrio constante, 2, SF1432, 3, , , , , , ], [SF, ER2, Energia recarregada intermediário, ER2EC, Equilíbrio constante, 2, SM1, 7, , , , , , ], [SF, ER2, Energia recarregada intermediário, ER2EC, Equilíbrio constante, 2, SM13, 3, , , , , , ], [SF, ER2, Energia recarregada intermediário, ER2EC, Equilíbrio constante, 2, SF1232, 3, , , , , , ], [SF, ER2, Energia recarregada intermediário, ER2EC, Equilíbrio constante, 2, SF16, 5, , , , , , ], [SF, ER2, Energia recarregada intermediário, ER2EC, Equilíbrio constante, 2, SF8, 3, , , , , , ], [SF, ER2, Energia recarregada intermediário, ER2DD, Desconexão diária, 3, SF1, 7, , , , , , ], [SF, ER2, Energia recarregada intermediário, ER2DD, Desconexão diária, 3, SF1432, 3, , , , , , ], [SF, ER2, Energia recarregada intermediário, ER2DD, Desconexão diária, 3, SM1, 7, , , , , , ], [SF, ER2, Energia recarregada intermediário, ER2DD, Desconexão diária, 3, SM13, 5, , , , , , ], [SF, ER2, Energia recarregada intermediário, ER2DD, Desconexão diária, 3, SF1233, 5, , , , , , ], [SF, ER2, Energia recarregada intermediário, ER2DD, Desconexão diária, 3, SF16, 5, , , , , , ], [SF, ER2, Energia recarregada intermediário, ER2DD, Desconexão diária, 3, SF8, 5, , , , , , ], [SF, ER2, Energia recarregada intermediário, ER2DD, Desconexão diária, 3, SM7, 5, , , , , , ], [SF, ER3, Energia recarregada avançado, ER3CT, Consciência total, 2, SF1, 7, , , , , , ], [SF, ER3, Energia recarregada avançado, ER3CT, Consciência total, 2, SF1432, 3, , , , , , ], [SF, ER3, Energia recarregada avançado, ER3CT, Consciência total, 2, SM1, 7, , , , , , ], [SF, ER3, Energia recarregada avançado, ER3CT, Consciência total, 2, SM13, 5, , , , , , ], [SF, ER3, Energia recarregada avançado, ER3CT, Consciência total, 2, SF1233, 5, , , , , , ], [SF, ER3, Energia recarregada avançado, ER3CT, Consciência total, 2, SF16, 7, , , , , , ], [SF, ER3, Energia recarregada avançado, ER3CT, Consciência total, 2, SF8, 7, , , , , , ], [SF, ER3, Energia recarregada avançado, ER3CT, Consciência total, 2, SM7, 5, , , , , , ], [SF, ER3, Energia recarregada avançado, ER3CT, Consciência total, 2, E4, 4, , , , , , ], [SF, ER3, Energia recarregada avançado, ER3CT, Consciência total, 2, SM6, 5, , , , , , ], [SF, ER3, Energia recarregada avançado, ER3FI, Foco intensivo , 3, SF1, 7, , , , , , ], [SF, ER3, Energia recarregada avançado, ER3FI, Foco intensivo , 3, SF1432, 3, , , , , , ], [SF, ER3, Energia recarregada avançado, ER3FI, Foco intensivo , 3, SM1, 7, , , , , , ], [SF, ER3, Energia recarregada avançado, ER3FI, Foco intensivo , 3, SM13, 5, , , , , , ], [SF, ER3, Energia recarregada avançado, ER3FI, Foco intensivo , 3, SF1233, 5, , , , , , ], [SF, ER3, Energia recarregada avançado, ER3FI, Foco intensivo , 3, SF16, 7, , , , , , ], [SF, ER3, Energia recarregada avançado, ER3FI, Foco intensivo , 3, SF8, 7, , , , , , ], [SF, ER3, Energia recarregada avançado, ER3FI, Foco intensivo , 3, SM7, 6, , , , , , ], [SF, ER3, Energia recarregada avançado, ER3FI, Foco intensivo , 3, E4, 5, , , , , , ], [SF, ER3, Energia recarregada avançado, ER3FI, Foco intensivo , 3, SM6, 6, , , , , , ], [SF, CM1, Construção muscular, CM1FT, Força total , 2, SF12, 3, , , , , , ], [SF, CM1, Construção muscular, CM1FT, Força total , 2, SF13, 2, , , , , , ], [SF, CM1, Construção muscular, CM1FT, Força total , 2, SF17, 5, , , , , , ], [SF, CM1, Construção muscular, CM1FT, Força total , 2, SF1, 7, , , , , , ], [SF, CM1, Construção muscular, CM1FT, Força total , 2, SF5, 5, , , , , , ], [SF, ME1, Mapa do emagrescimento, ME1EC, Emagrecimento consciente, 2, SF16, 5, , , , , , ], [SF, ME1, Mapa do emagrescimento, ME1EC, Emagrecimento consciente, 2, SF1, 7, , , , , , ], [SF, ME1, Mapa do emagrescimento, ME1EC, Emagrecimento consciente, 2, SF1813, 2, , , , , , ], [SM, DTD1, Detox de dopamina, DTD1D, Desconexão, 1, SM13, 3, , , , , , ], [SM, DTD1, Detox de dopamina, DTD1D, Desconexão, 1, T7, 3, , , , , , ], [SM, DTD1, Detox de dopamina, DTD1D, Desconexão, 1, SM7, 7, , , , , , ], [SM, DTD1, Detox de dopamina, DTD1UI, Uso inteligente, 2, SM13, 3, , , , , , ], [SM, DTD1, Detox de dopamina, DTD1UI, Uso inteligente, 2, T7, 4, , , , , , ], [SM, DTD1, Detox de dopamina, DTD1UI, Uso inteligente, 2, SM7, 7, , , , , , ], [SM, DTD1, Detox de dopamina, DTD1UI, Uso inteligente, 2, SM6, 7, , , , , , ], [SF, ES1, Emagreça com saúde, ES1NB, Nutrição básica , 1, SF8, 3, , , , , , ], [SF, ES1, Emagreça com saúde, ES1NB, Nutrição básica , 1, SF1, 3, , , , , , ], [SF, ES1, Emagreça com saúde, ES1NB, Nutrição básica , 1, SF10, 3, , , , , , ], [SF, ES1, Emagreça com saúde, ES1PC, Prato colorido , 2, SF8, 4, , , , , , ], [SF, ES1, Emagreça com saúde, ES1PC, Prato colorido , 2, SF1, 4, , , , , , ], [SF, ES1, Emagreça com saúde, ES1PC, Prato colorido , 2, SF10, 4, , , , , , ], [SF, ES1, Emagreça com saúde, ES1PC, Prato colorido , 2, SF11, 4, , , , , , ], [SF, DM1, Durma melhor, DM1SB, Sono básico , 1, SF4, 3, , , , , , ], [SF, DM1, Durma melhor, DM1SB, Sono básico , 1, SF2, 3, , , , , , ], [SF, DM1, Durma melhor, DM1SB, Sono básico , 1, SM1, 3, , , , , , ], [SF, DM1, Durma melhor, DM1SB, Sono básico , 1, SF16, 5, , , , , , ], [SF, DM1, Durma melhor, DM1NT, Noites tranquilas , 2, SF4, 5, , , , , , ], [SF, DM1, Durma melhor, DM1NT, Noites tranquilas , 2, SF2, 5, , , , , , ], [SF, DM1, Durma melhor, DM1NT, Noites tranquilas , 2, SM1, 5, , , , , , ], [SF, DM1, Durma melhor, DM1NT, Noites tranquilas , 2, SF16, 5, , , , , , ], [SF, DM1, Durma melhor, DM1NT, Noites tranquilas , 2, SF3, 5, , , , , , ], [E, EE1, Evolução espiritual, EE1CB, Caminho base, 1, E2, 7, , , , , , ], [E, EE1, Evolução espiritual, EE1CB, Caminho base, 1, E6, 3, , , , , , ], [E, EE1, Evolução espiritual, EE1CB, Caminho base, 1, E7, 3, , , , , , ], [E, EE1, Evolução espiritual, EE1PE, Proximidade espiritual, 2, E2, 7, , , , , , ], [E, EE1, Evolução espiritual, EE1PE, Proximidade espiritual, 2, E6, 5, , , , , , ], [E, EE1, Evolução espiritual, EE1PE, Proximidade espiritual, 2, E7, 5, , , , , , ], [E, EE1, Evolução espiritual, EE1PE, Proximidade espiritual, 2, E1, 1, , , , , , ], [TG, LS1, Líder de sucesso, LS1CH, Construindo habilidades, 1, SM14, 5, , , , , , ], [TG, LS1, Líder de sucesso, LS1CH, Construindo habilidades, 1, T1, 5, , , , , , ], [TG, LS1, Líder de sucesso, LS1CH, Construindo habilidades, 1, T8, 5, , , , , , ], [TG, LS1, Líder de sucesso, LS1CJ, Consistência em jogo , 2, SM14, 5, , , , , , ], [TG, LS1, Líder de sucesso, LS1CJ, Consistência em jogo , 2, T1, 5, , , , , , ], [TG, LS1, Líder de sucesso, LS1CJ, Consistência em jogo , 2, T8, 5, , , , , , ], [TG, AE1, Aprendizado eficiente, AE1AA, Aprendizado com autonomia, 1, T9, 7, , , , , , ], [TG, AE1, Aprendizado eficiente, AE1AA, Aprendizado com autonomia, 1, T15, 7, , , , , , ], [TG, AE1, Aprendizado eficiente, AE1AA, Aprendizado com autonomia, 1, T17, 7, , , , , , ], [TG, AE1, Aprendizado eficiente, AE1AA, Aprendizado com autonomia, 1, T13, 7, , , , , , ], [TG, GV1, Gerencie sua vida, GV1PE, Planejamento eficaz , 1, T3, 1, , , , , , ], [TG, GV1, Gerencie sua vida, GV1PE, Planejamento eficaz , 1, T5, 2, , , , , , ], [TG, GV1, Gerencie sua vida, GV1PE, Planejamento eficaz , 1, T1, 3, , , , , , ], [TG, GV1, Gerencie sua vida, GV1PE, Planejamento eficaz , 1, T8, 3, , , , , , ], [TG, GV1, Gerencie sua vida, GV1VO, Vida otimizada, 2, T3, 1, , , , , , ], [TG, GV1, Gerencie sua vida, GV1VO, Vida otimizada, 2, T5, 2, , , , , , ], [TG, GV1, Gerencie sua vida, GV1VO, Vida otimizada, 2, T1, 5, , , , , , ], [TG, GV1, Gerencie sua vida, GV1VO, Vida otimizada, 2, T8, 5, , , , , , ], [R, MMV1, Minha melhor versão, MMV1EP, Evolução pessoal, 1, E4, 5, , , , , , ], [R, MMV1, Minha melhor versão, MMV1EP, Evolução pessoal, 1, R1, 3, , , , , , ], [R, MMV1, Minha melhor versão, MMV1EP, Evolução pessoal, 1, E3, 1, , , , , , ], [R, MMV1, Minha melhor versão, MMV1CC, Crescimento contínuo , 2, E4, 7, , , , , , ], [R, MMV1, Minha melhor versão, MMV1CC, Crescimento contínuo , 2, R1, 4, , , , , , ], [R, MMV1, Minha melhor versão, MMV1CC, Crescimento contínuo , 2, E3, 1, , , , , , ], [R, MMV1, Minha melhor versão, MMV1CC, Crescimento contínuo , 2, R4, 2, , , , , , ], [SM, LC1, Leitura consistente, LC1LB, Leitura básica , 1, T10, 2, , , , , , ], [SM, LC1, Leitura consistente, LC1LB, Leitura básica , 1, SM14, 3, , , , , , ], [SM, LC1, Leitura consistente, LC1LB, Leitura básica , 1, SM7, 3, , , , , , ], [SM, LC1, Leitura consistente, LC1PL, Progressão da leitura , 2, T18, 1, , , , , , ], [SM, LC1, Leitura consistente, LC1PL, Progressão da leitura , 2, SM14, 5, , , , , , ], [SM, LC1, Leitura consistente, LC1PL, Progressão da leitura , 2, SM7, 5, , , , , , ], [SM, LC1, Leitura consistente, LC1LTH, Leitura se tornando um hábito , 3, T18, 1, , , , , , ], [SM, LC1, Leitura consistente, LC1LTH, Leitura se tornando um hábito , 3, SM14, 5, , , , , , ], [SM, LC1, Leitura consistente, LC1LTH, Leitura se tornando um hábito , 3, SM7, 5, , , , , , ], [SM, PI1, Paz interior, PI1MT, Mente tranquila , 1, SM12, 3, , , , , , ], [SM, PI1, Paz interior, PI1MT, Mente tranquila , 1, E4, 3, , , , , , ], [SM, PI1, Paz interior, PI1MT, Mente tranquila , 1, SM13, 2, , , , , , ], [SM, PI1, Paz interior, PI1DC, Desacelerar consciente , 2, SM12, 4, , , , , , ], [SM, PI1, Paz interior, PI1DC, Desacelerar consciente , 2, E4, 4, , , , , , ], [SM, PI1, Paz interior, PI1DC, Desacelerar consciente , 2, SM13, 2, , , , , , ], [SM, PI1, Paz interior, PI1DC, Desacelerar consciente , 2, SM9, 2, , , , , , ], [SM, AA1, Anti ansiedade, AA1SI, Serenidade imediata , 1, E6, 3, , , , , , ], [SM, AA1, Anti ansiedade, AA1SI, Serenidade imediata , 1, SM812, 3, , , , , , ], [SM, AA1, Anti ansiedade, AA1SI, Serenidade imediata , 1, SM14, 5, , , , , , ], [SM, AA1, Anti ansiedade, AA1CM, Clareza mental , 2, E6, 4, , , , , , ], [SM, AA1, Anti ansiedade, AA1CM, Clareza mental , 2, SM812, 4, , , , , , ], [SM, AA1, Anti ansiedade, AA1CM, Clareza mental , 2, SM14, 5, , , , , , ], [SM, AA1, Anti ansiedade, AA1CM, Clareza mental , 2, SM11, 3, , , , , , ], [E, EE2, Evolução espiritual avançado, EE2CE, Caminho espiritual , 2, E2, 7, , , , , , ], [E, EE2, Evolução espiritual avançado, EE2CE, Caminho espiritual , 2, E6, 7, , , , , , ], [E, EE2, Evolução espiritual avançado, EE2CE, Caminho espiritual , 2, E7, 5, , , , , , ], [E, EE2, Evolução espiritual avançado, EE2CE, Caminho espiritual , 2, E1, 1, , , , , , ], [E, EE2, Evolução espiritual avançado, EE2CE, Caminho espiritual , 2, E3, 1, , , , , , ], [R, MMV2, Minha melhor versão avançado, MMV2MV, Melhor versão, 2, E4, 7, , , , , , ], [R, MMV2, Minha melhor versão avançado, MMV2MV, Melhor versão, 2, R1, 7, , , , , , ], [R, MMV2, Minha melhor versão avançado, MMV2MV, Melhor versão, 2, E3, 1, , , , , , ], [R, MMV2, Minha melhor versão avançado, MMV2MV, Melhor versão, 2, R4, 3, , , , , , ], [R, MMV2, Minha melhor versão avançado, MMV2MV, Melhor versão, 2, R6, 2, , , , , , ], [R, MMV2, Minha melhor versão avançado, MMV2MV, Melhor versão, 2, R3, 2, , , , , , ], [R, MMV2, Minha melhor versão avançado, MMV2MV, Melhor versão, 2, R2, 1, , , , , , ], [TG, LS2, Líder de sucesso - avançado , LS2FI, Foco inabalável , 1, SM14, 5, , , , , , ], [TG, LS2, Líder de sucesso - avançado , LS2FI, Foco inabalável , 1, T1, 5, , , , , , ], [TG, LS2, Líder de sucesso - avançado , LS2FI, Foco inabalável , 1, T8, 5, , , , , , ], [TG, LS2, Líder de sucesso - avançado , LS2FI, Foco inabalável , 1, SM5, 3, , , , , , ], [TG, LS2, Líder de sucesso - avançado , LS2MP, Mestre profissional , 2, SM14, 5, , , , , , ], [TG, LS2, Líder de sucesso - avançado , LS2MP, Mestre profissional , 2, T1, 5, , , , , , ], [TG, LS2, Líder de sucesso - avançado , LS2MP, Mestre profissional , 2, T8, 5, , , , , , ], [TG, LS2, Líder de sucesso - avançado , LS2MP, Mestre profissional , 2, SM5, 5, , , , , , ], [TG, LS2, Líder de sucesso - avançado , LS2MP, Mestre profissional , 2, T6, 1, , , , , , ], [TG, LS2, Líder de sucesso - avançado , LS2MP, Mestre profissional , 2, SM7, 5, , , , , , ], [TG, GV2, Gerencie sua vida avançado, GV2CT, Controle total , 2, T2, 1, , , , , , ], [TG, GV2, Gerencie sua vida avançado, GV2CT, Controle total , 2, T4, 2, , , , , , ], [TG, GV2, Gerencie sua vida avançado, GV2CT, Controle total , 2, T1, 5, , , , , , ], [TG, GV2, Gerencie sua vida avançado, GV2CT, Controle total , 2, T8, 5, , , , , , ], [TG, GV2, Gerencie sua vida avançado, GV2CT, Controle total , 2, T7, 5, , , , , , ], [TG, GV2, Gerencie sua vida avançado, GV2CT, Controle total , 2, T6, 1, , , , , , ], [TG, GV2, Gerencie sua vida avançado, GV2CT, Controle total , 2, SM7, 5, , , , , , ], [SM, PI2, Paz interior avançado, PI2ZM, Zen moderno , 2, SM12, 7, , , , , , ], [SM, PI2, Paz interior avançado, PI2ZM, Zen moderno , 2, E4, 7, , , , , , ], [SM, PI2, Paz interior avançado, PI2ZM, Zen moderno , 2, SM9, 3, , , , , , ], [SM, PI2, Paz interior avançado, PI2ZM, Zen moderno , 2, SM13, 5, , , , , , ], [SM, PI2, Paz interior avançado, PI2ZM, Zen moderno , 2, SF15, 5, , , , , , ], [SM, AA2, Anti ansiedade avançado, AA2VP, Vida positiva, 2, E6, 7, , , , , , ], [SM, AA2, Anti ansiedade avançado, AA2VP, Vida positiva, 2, SM8, 7, , , , , , ], [SM, AA2, Anti ansiedade avançado, AA2VP, Vida positiva, 2, SM14, 5, , , , , , ], [SM, AA2, Anti ansiedade avançado, AA2VP, Vida positiva, 2, SM11, 5, , , , , , ], [SM, AA2, Anti ansiedade avançado, AA2VP, Vida positiva, 2, SM10, 5, , , , , , ], [SM, AA2, Anti ansiedade avançado, AA2VP, Vida positiva, 2, SM4, 5, , , , , , ], [SF, ME2, Mapa do emagrescimento avançado, ME2RM, Redução de medidas , 2, SF1, 7, , , , , , ], [SF, ME2, Mapa do emagrescimento avançado, ME2RM, Redução de medidas , 2, SF16, 5, , , , , , ], [SF, ME2, Mapa do emagrescimento avançado, ME2RM, Redução de medidas , 2, SF1813, 3, , , , , , ], [SF, ME2, Mapa do emagrescimento avançado, ME2RM, Redução de medidas , 2, SF17, 5, , , , , , ], [SF, ME2, Mapa do emagrescimento avançado, ME2RM, Redução de medidas , 2, SF1223, 2, , , , , , ], [SM, DTD2, Detox de dopamina avançado, DTD2LD, Liberdade digital , 2, SM13, 3, , , , , , ], [SM, DTD2, Detox de dopamina avançado, DTD2LD, Liberdade digital , 2, T7, 5, , , , , , ], [SM, DTD2, Detox de dopamina avançado, DTD2LD, Liberdade digital , 2, SM7, 7, , , , , , ], [SM, DTD2, Detox de dopamina avançado, DTD2LD, Liberdade digital , 2, SM6, 7, , , , , , ], [SF, ES2, Emagreça com saúde avançado, ES2AI, Alimentação ideal , 2, SF8, 7, , , , , , ], [SF, ES2, Emagreça com saúde avançado, ES2AI, Alimentação ideal , 2, SF1, 7, , , , , , ], [SF, ES2, Emagreça com saúde avançado, ES2AI, Alimentação ideal , 2, SF10, 7, , , , , , ], [SF, ES2, Emagreça com saúde avançado, ES2AI, Alimentação ideal , 2, SF11, 7, , , , , , ], [SF, ES2, Emagreça com saúde avançado, ES2AI, Alimentação ideal , 2, SF9, 7, , , , , , ], [SF, DM2, Durma melhor avançado, DM2SO, Sono de ouro , 2, SF4, 7, , , , , , ], [SF, DM2, Durma melhor avançado, DM2SO, Sono de ouro , 2, SF2, 7, , , , , , ], [SF, DM2, Durma melhor avançado, DM2SO, Sono de ouro , 2, SM1, 7, , , , , , ], [SF, DM2, Durma melhor avançado, DM2SO, Sono de ouro , 2, SF16, 7, , , , , , ], [SF, DM2, Durma melhor avançado, DM2SO, Sono de ouro , 2, SF3, 7, , , , , , ], [SF, DM2, Durma melhor avançado, DM2SO, Sono de ouro , 2, SF6, 7, , , , , , ], [SF, DM2, Durma melhor avançado, DM2SO, Sono de ouro , 2, SF19, 7, , , , , , ], [, , , , , , , , , , , , , ], [, , , , , , , , , , , , , ], [, , , , , , , , , , , , , ], [, , , , , , , , , , , , , ], [, , , , , , , , , , , , , ], [, , , , , , , , , , , , , ], [, , , , , , , , , , , , , ], [, , , , , , , , , , , , , ], [, , , , , , , , , , , , , ], [, , , , , , , , , , , , , ], [, , , , , , , , , , , , , ], [, , , , , , , , , , , , , ], [, , , , , , , , , , , , , ], [, , , , , , , , , , , , , ], [, , , , , , , , , , , , , ], [, , , , , , , , , , , , , ], [, , , , , , , , , , , , , ], [, , , , , , , , , , , , , ], [, , , , , , , , , , , , , ], [, , , , , , , , , , , , , ], [, , , , , , , , , , , , , ], [, , , , , , , , , , , , , ], [, , , , , , , , , , , , , ], [, , , , , , , , , , , , , ], [, , , , , , , , , , , , , ], [, , , , , , , , , , , , , ], [, , , , , , , , , , , , , ], [, , , , , , , , , , , , , ], [, , , , , , , , , , , , , ], [, , , , , , , , , , , , , ], [, , , , , , , , , , , , , ], [, , , , , , , , , , , , , ], [, , , , , , , , , , , , , ], [, , , , , , , , , , , , , ], [, , , , , , , , , , , , , ], [, , , , , , , , , , , , , ], [, , , , , , , , , , , , , ], [, , , , , , , , , , , , , ], [, , , , , , , , , , , , , ], [, , , , , , , , , , , , , ], [, , , , , , , , , , , , , ], [, , , , , , , , , , , , , ], [, , , , , , , , , , , , , ], [, , , , , , , , , , , , , ], [, , , , , , , , , , , , , ], [, , , , , , , , , , , , , ], [, , , , , , , , , , , , , ], [, , , , , , , , , , , , , ], [, , , , , , , , , , , , , ], [, , , , , , , , , , , , , ], [, , , , , , , , , , , , , ], [, , , , , , , , , , , , , ], [, , , , , , , , , , , , , ], [, , , , , , , , , , , , , ], [, , , , , , , , , , , , , ], [, , , , , , , , , , , , , ], [, , , , , , , , , , , , , ], [, , , , , , , , , , , , , ], [, , , , , , , , , , , , , ], [, , , , , , , , , , , , , ], [, , , , , , , , , , , , , ], [, , , , , , , , , , , , , ], [, , , , , , , , , , , , , ], [, , , , , , , , , , , , , ], [, , , , , , , , , , , , , ], [, , , , , , , , , , , , , ], [, , , , , , , , , , , , , ], [, , , , , , , , , , , , , ], [, , , , , , , , , , , , , ], [, , , , , , , , , , , , , ], [, , , , , , , , , , , , , ], [, , , , , , , , , , , , , ], [, , , , , , , , , , , , , ], [, , , , , , , , , , , , , ], [, , , , , , , , , , , , , ], [, , , , , , , , , , , , , ], [, , , , , , , , , , , , , ], [, , , , , , , , , , , , , ], [, , , , , , , , , , , , , ], [, , , , , , , , , , , , , ], [, , , , , , , , , , , , , ], [, , , , , , , , , , , , , ], [, , , , , , , , , , , , , ], [, , , , , , , , , , , , , ], [, , , , , , , , , , , , , ], [, , , , , , , , , , , , , ], [, , , , , , , , , , , , , ], [, , , , , , , , , , , , , ], [, , , , , , , , , , , , , ], [, , , , , , , , , , , , , ], [, , , , , , , , , , , , , ], [, , , , , , , , , , , , , ], [, , , , , , , , , , , , , ], [, , , , , , , , , , , , , ], [, , , , , , , , , , , , , ], [, , , , , , , , , , , , , ], [, , , , , , , , , , , , , ], [, , , , , , , , , , , , , ], [, , , , , , , , , , , , , ], [, , , , , , , , , , , , , ], [, , , , , , , , , , , , , ], [, , , , , , , , , , , , , ], [, , , , , , , , , , , , , ], [, , , , , , , , , , , , , ], [, , , , , , , , , , , , , ], [, , , , , , , , , , , , , ], [, , , , , , , , , , , , , ], [, , , , , , , , , , , , , ], [, , , , , , , , , , , , , ], [, , , , , , , , , , , , , ], [, , , , , , , , , , , , , ], [, , , , , , , , , , , , , ], [, , , , , , , , , , , , , ], [, , , , , , , , , , , , , ], [, , , , , , , , , , , , , ], [, , , , , , , , , , , , , ], [, , , , , , , , , , , , , ], [, , , , , , , , , , , , , ], [, , , , , , , , , , , , , ], [, , , , , , , , , , , , , ], [, , , , , , , , , , , , , ], [, , , , , , , , , , , , , ], [, , , , , , , , , , , , , ], [, , , , , , , , , , , , , ], [, , , , , , , , , , , , , ], [, , , , , , , , , , , , , ], [, , , , , , , , , , , , , ], [, , , , , , , , , , , , , ], [, , , , , , , , , , , , , ], [, , , , , , , , , , , , , ], [, , , , , , , , , , , , , ], [, , , , , , , , , , , , , ], [, , , , , , , , , , , , , ], [, , , , , , , , , , , , , ], [, , , , , , , , , , , , , ], [, , , , , , , , , , , , , ], [, , , , , , , , , , , , , ], [, , , , , , , , , , , , , ], [, , , , , , , , , , , , , ], [, , , , , , , , , , , , , ], [, , , , , , , , , , , , , ], [, , , , , , , , , , , , , ], [, , , , , , , , , , , , , ], [, , , , , , , , , , , , , ], [, , , , , , , , , , , , , ], [, , , , , , , , , , , , , ], [, , , , , , , , , , , , , ], [, , , , , , , , , , , , , ], [, , , , , , , , , , , , , ], [, , , , , , , , , , , , , ], [, , , , , , , , , , , , , ], [, , , , , , , , , , , , , ], [, , , , , , , , , , , , , ], [, , , , , , , , , , , , , ], [, , , , , , , , , , , , , ], [, , , , , , , , , , , , , ], [, , , , , , , , , , , , , ], [, , , , , , , , , , , , , ], [, , , , , , , , , , , , , ], [, , , , , , , , , , , , , ], [, , , , , , , , , , , , , ], [, , , , , , , , , , , , , ], [, , , , , , , , , , , , , ], [, , , , , , , , , , , , , ], [, , , , , , , , , , , , , ], [, , , , , , , , , , , , , ], [, , , , , , , , , , , , , ], [, , , , , , , , , , , , , ], [, , , , , , , , , , , , , ], [, , , , , , , , , , , , , ], [, , , , , , , , , , , , , ], [, , , , , , , , , , , , , ], [, , , , , , , , , , , , , ], [, , , , , , , , , , , , , ], [, , , , , , , , , , , , , ], [, , , , , , , , , , , , , ], [, , , , , , , , , , , , , ], [, , , , , , , , , , , , , ], [, , , , , , , , , , , , , ], [, , , , , , , , , , , , , ], [, , , , , , , , , , , , , ], [, , , , , , , , , , , , , ], [, , , , , , , , , , , , , ], [, , , , , , , , , , , , , ], [, , , , , , , , , , , , , ], [, , , , , , , , , , , , , ], [, , , , , , , , , , , , , ], [, , , , , , , , , , , , , ], [, , , , , , , , , , , , , ], [, , , , , , , , , , , , , ], [, , , , , , , , , , , , , ], [, , , , , , , , , , , , , ], [, , , , , , , , , , , , , ], [, , , , , , , , , , , , , ], [, , , , , , , , , , , , , ], [, , , , , , , , , , , , , ], [, , , , , , , , , , , , , ], [, , , , , , , , , , , , , ], [, , , , , , , , , , , , , ], [, , , , , , , , , , , , , ], [, , , , , , , , , , , , , ], [, , , , , , , , , , , , , ], [, , , , , , , , , , , , , ], [, , , , , , , , , , , , , ], [, , , , , , , , , , , , , ], [, , , , , , , , , , , , , ], [, , , , , , , , , , , , , ], [, , , , , , , , , , , , , ], [, , , , , , , , , , , , , ], [, , , , , , , , , , , , , ], [, , , , , , , , , , , , , ], [, , , , , , , , , , , , , ], [, , , , , , , , , , , , , ], [, , , , , , , , , , , , , ], [, , , , , , , , , , , , , ], [, , , , , , , , , , , , , ], [, , , , , , , , , , , , , ], [, , , , , , , , , , , , , ], [, , , , , , , , , , , , , ], [, , , , , , , , , , , , , ], [, , , , , , , , , , , , , ], [, , , , , , , , , , , , , ], [, , , , , , , , , , , , , ], [, , , , , , , , , , , , , ], [, , , , , , , , , , , , , ], [, , , , , , , , , , , , , ], [, , , , , , , , , , , , , ], [, , , , , , , , , , , , , ], [, , , , , , , , , , , , , ], [, , , , , , , , , , , , , ], [, , , , , , , , , , , , , ], [, , , , , , , , , , , , , ], [, , , , , , , , , , , , , ], [, , , , , , , , , , , , , ], [, , , , , , , , , , , , , ], [, , , , , , , , , , , , , ], [, , , , , , , , , , , , , ], [, , , , , , , , , , , , , ], [, , , , , , , , , , , , , ], [, , , , , , , , , , , , , ], [, , , , , , , , , , , , , ], [, , , , , , , , , , , , , ], [, , , , , , , , , , , , , ], [, , , , , , , , , , , , , ], [, , , , , , , , , , , , , ], [, , , , , , , , , , , , , ], [, , , , , , , , , , , , , ], [, , , , , , , , , , , , , ], [, , , , , , , , , , , , , ], [, , , , , , , , , , , , , ], [, , , , , , , , , , , , , ], [, , , , , , , , , , , , , ], [, , , , , , , , , , , , , ], [, , , , , , , , , , , , , ], [, , , , , , , , , , , , , ], [, , , , , , , , , , , , , ], [, , , , , , , , , , , , , ], [, , , , , , , , , , , , , ], [, , , , , , , , , , , , , ], [, , , , , , , , , , , , , ], [, , , , , , , , , , , , , ], [, , , , , , , , , , , , , ], [, , , , , , , , , , , , , ], [, , , , , , , , , , , , , ], [, , , , , , , , , , , , , ], [, , , , , , , , , , , , , ], [, , , , , , , , , , , , , ], [, , , , , , , , , , , , , ], [, , , , , , , , , , , , , ], [, , , , , , , , , , , , , ], [, , , , , , , , , , , , , ], [, , , , , , , , , , , , , ], [, , , , , , , , , , , , , ], [, , , , , , , , , , , , , ], [, , , , , , , , , , , , , ], [, , , , , , , , , , , , , ], [, , , , , , , , , , , , , ], [, , , , , , , , , , , , , ], [, , , , , , , , , , , , , ], [, , , , , , , , , , , , , ], [, , , , , , , , , , , , , ], [, , , , , , , , , , , , , ], [, , , , , , , , , , , , , ], [, , , , , , , , , , , , , ], [, , , , , , , , , , , , , ], [, , , , , , , , , , , , , ], [, , , , , , , , , , , , , ], [, , , , , , , , , , , , , ], [, , , , , , , , , , , , , ], [, , , , , , , , , , , , , ], [, , , , , , , , , , , , , ], [, , , , , , , , , , , , , ], [, , , , , , , , , , , , , ], [, , , , , , , , , , , , , ], [, , , , , , , , , , , , , ], [, , , , , , , , , , , , , ], [, , , , , , , , , , , , , ], [, , , , , , , , , , , , , ], [, , , , , , , , , , , , , ], [, , , , , , , , , , , , , ], [, , , , , , , , , , , , , ], [, , , , , , , , , , , , , ], [, , , , , , , , , , , , , ], [, , , , , , , , , , , , , ], [, , , , , , , , , , , , , ], [, , , , , , , , , , , , , ], [, , , , , , , , , , , , , ], [, , , , , , , , , , , , , ], [, , , , , , , , , , , , , ], [, , , , , , , , , , , , , ], [, , , , , , , , , , , , , ], [, , , , , , , , , , , , , ], [, , , , , , , , , , , , , ], [, , , , , , , , , , , , , ], [, , , , , , , , , , , , , ], [, , , , , , , , , , , , , ], [, , , , , , , , , , , , , ], [, , , , , , , , , , , , , ], [, , , , , , , , , , , , , ], [, , , , , , , , , , , , , ], [, , , , , , , , , , , , , ], [, , , , , , , , , , , , , ], [, , , , , , , , , , , , , ], [, , , , , , , , , , , , , ], [, , , , , , , , , , , , , ], [, , , , , , , , , , , , , ], [, , , , , , , , , , , , , ], [, , , , , , , , , , , , , ], [, , , , , , , , , , , , , ], [, , , , , , , , , , , , , ], [, , , , , , , , , , , , , ], [, , , , , , , , , , , , , ], [, , , , , , , , , , , , , ], [, , , , , , , , , , , , , ], [, , , , , , , , , , , , , ], [, , , , , , , , , , , , , ], [, , , , , , , , , , , , , ], [, , , , , , , , , , , , , ], [, , , , , , , , , , , , , ], [, , , , , , , , , , , , , ], [, , , , , , , , , , , , , ], [, , , , , , , , , , , , , ], [, , , , , , , , , , , , , ], [, , , , , , , , , , , , , ], [, , , , , , , , , , , , , ], [, , , , , , , , , , , , , ], [, , , , , , , , , , , , , ], [, , , , , , , , , , , , , ], [, , , , , , , , , , , , , ], [, , , , , , , , , , , , , ], [, , , , , , , , , , , , , ], [, , , , , , , , , , , , , ], [, , , , , , , , , , , , , ], [, , , , , , , , , , , , , ], [, , , , , , , , , , , , , ], [, , , , , , , , , , , , , ], [, , , , , , , , , , , , , ], [, , , , , , , , , , , , , ], [, , , , , , , , , , , , , ], [, , , , , , , , , , , , , ], [, , , , , , , , , , , , , ], [, , , , , , , , , , , , , ], [, , , , , , , , , , , , , ], [, , , , , , , , , , , , , ], [, , , , , , , , , , , , , ], [, , , , , , , , , , , , , ], [, , , , , , , , , , , , , ], [, , , , , , , , , , , , , ], [, , , , , , , , , , , , , ], [, , , , , , , , , , , , , ], [, , , , , , , , , , , , , ], [, , , , , , , , , , , , , ], [, , , , , , , , , , , , , ], [, , , , , , , , , , , , , ], [, , , , , , , , , , , , , ], [, , , , , , , , , , , , , ], [, , , , , , , , , , , , , ], [, , , , , , , , , , , , , ], [, , , , , , , , , , , , , ], [, , , , , , , , , , , , , ], [, , , , , , , , , , , , , ], [, , , , , , , , , , , , , ], [, , , , , , , , , , , , , ], [, , , , , , , , , , , , , ], [, , , , , , , , , , , , , ], [, , , , , , , , , , , , , ], [, , , , , , , , , , , , , ], [, , , , , , , , , , , , , ], [, , , , , , , , , , , , , ], [, , , , , , , , , , , , , ], [, , , , , , , , , , , , , ], [, , , , , , , , , , , , , ], [, , , , , , , , , , , , , ], [, , , , , , , , , , , , , ], [, , , , , , , , , , , , , ], [, , , , , , , , , , , , , ], [, , , , , , , , , , , , , ], [, , , , , , , , , , , , , ], [, , , , , , , , , , , , , ], [, , , , , , , , , , , , , ], [, , , , , , , , , , , , , ], [, , , , , , , , , , , , , ], [, , , , , , , , , , , , , ], [, , , , , , , , , , , , , ], [, , , , , , , , , , , , , ], [, , , , , , , , , , , , , ], [, , , , , , , , , , , , , ], [, , , , , , , , , , , , , ], [, , , , , , , , , , , , , ], [, , , , , , , , , , , , , ], [, , , , , , , , , , , , , ], [, , , , , , , , , , , , , ], [, , , , , , , , , , , , , ], [, , , , , , , , , , , , , ], [, , , , , , , , , , , , , ], [, , , , , , , , , , , , , ], [, , , , , , , , , , , , , ], [, , , , , , , , , , , , , ], [, , , , , , , , , , , , , ], [, , , , , , , , , , , , , ], [, , , , , , , , , , , , , ], [, , , , , , , , , , , , , ], [, , , , , , , , , , , , , ], [, , , , , , , , , , , , , ], [, , , , , , , , , , , , , ], [, , , , , , , , , , , , , ], [, , , , , , , , , , , , , ], [, , , , , , , , , , , , , ], [, , , , , , , , , , , , , ], [, , , , , , , , , , , , , ], [, , , , , , , , , , , , , ], [, , , , , , , , , , , , , ], [, , , , , , , , , , , , , ], [, , , , , , , , , , , , , ], [, , , , , , , , , , , , , ], [, , , , , , , , , , , , , ], [, , , , , , , , , , , , , ], [, , , , , , , , , , , , , ], [, , , , , , , , , , , , , ], [, , , , , , , , , , , , , ], [, , , , , , , , , , , , , ], [, , , , , , , , , , , , , ], [, , , , , , , , , , , , , ], [, , , , , , , , , , , , , ], [, , , , , , , , , , , , , ], [, , , , , , , , , , , , , ], [, , , , , , , , , , , , , ], [, , , , , , , , , , , , , ], [, , , , , , , , , , , , , ], [, , , , , , , , , , , , , ], [, , , , , , , , , , , , , ], [, , , , , , , , , , , , , ], [, , , , , , , , , , , , , ], [, , , , , , , , , , , , , ], [, , , , , , , , , , , , , ], [, , , , , , , , , , , , , ], [, , , , , , , , , , , , , ], [, , , , , , , , , , , , , ], [, , , , , , , , , , , , , ], [, , , , , , , , , , , , , ], [, , , , , , , , , , , , , ], [, , , , , , , , , , , , , ], [, , , , , , , , , , , , , ], [, , , , , , , , , , , , , ], [, , , , , , , , , , , , , ], [, , , , , , , , , , , , , ], [, , , , , , , , , , , , , ], [, , , , , , , , , , , , , ], [, , , , , , , , , , , , , ], [, , , , , , , , , , , , , ], [, , , , , , , , , , , , , ], [, , , , , , , , , , , , , ], [, , , , , , , , , , , , , ], [, , , , , , , , , , , , , ], [, , , , , , , , , , , , , ], [, , , , , , , , , , , , , ], [, , , , , , , , , , , , , ], [, , , , , , , , , , , , , ], [, , , , , , , , , , , , , ], [, , , , , , , , , , , , , ], [, , , , , , , , , , , , , ], [, , , , , , , , , , , , , ], [, , , , , , , , , , , , , ], [, , , , , , , , , , , , , ], [, , , , , , , , , , , , , ], [, , , , , , , , , , , , , ], [, , , , , , , , , , , , , ], [, , , , , , , , , , , , , ], [, , , , , , , , , , , , , ], [, , , , , , , , , , , , , ], [, , , , , , , , , , , , , ], [, , , , , , , , , , , , , ], [, , , , , , , , , , , , , ], [, , , , , , , , , , , , , ], [, , , , , , , , , , , , , ], [, , , , , , , , , , , , , ], [, , , , , , , , , , , , , ], [, , , , , , , , , , , , , ], [, , , , , , , , , , , , , ], [, , , , , , , , , , , , , ], [, , , , , , , , , , , , , ], [, , , , , , , , , , , , , ], [, , , , , , , , , , , , , ], [, , , , , , , , , , , , , ], [, , , , , , , , , , , , , ], [, , , , , , , , , , , , , ], [, , , , , , , , , , , , , ], [, , , , , , , , , , , , , ], [, , , , , , , , , , , , , ], [, , , , , , , , , , , , , ], [, , , , , , , , , , , , , ], [, , , , , , , , , , , , , ], [, , , , , , , , , , , , , ], [, , , , , , , , , , , , , ], [, , , , , , , , , , , , , ], [, , , , , , , , , , , , , ], [, , , , , , , , , , , , , ], [, , , , , , , , , , , , , ], [, , , , , , , , , , , , , ], [, , , , , , , , , , , , , ], [, , , , , , , , , , , , , ], [, , , , , , , , , , , , , ], [, , , , , , , , , , , , , ], [, , , , , , , , , , , , , ], [, , , , , , , , , , , , , ], [, , , , , , , , , , , , , ], [, , , , , , , , , , , , , ], [, , , , , , , , , , , , , ], [, , , , , , , , , , , , , ], [, , , , , , , , , , , , , ], [, , , , , , , , , , , , , ], [, , , , , , , , , , , , , ], [, , , , , , , , , , , , , ], [, , , , , , , , , , , , , ], [, , , , , , , , , , , , , ], [, , , , , , , , , , , , , ], [, , , , , , , , , , , , , ], [, , , , , , , , , , , , , ], [, , , , , , , , , , , , , ], [, , , , , , , , , , , , , ], [, , , , , , , , , , , , , ], [, , , , , , , , , , , , , ], [, , , , , , , , , , , , , ], [, , , , , , , , , , , , , ], [, , , , , , , , , , , , , ], [, , , , , , , , , , , , , ], [, , , , , , , , , , , , , ], [, , , , , , , , , , , , , ], [, , , , , , , , , , , , , ], [, , , , , , , , , , , , , ], [, , , , , , , , , , , , , ], [, , , , , , , , , , , , , ], [, , , , , , , , , , , , , ], [, , , , , , , , , , , , , ], [, , , , , , , , , , , , , ], [, , , , , , , , , , , , , ], [, , , , , , , , , , , , , ], [, , , , , , , , , , , , , ], [, , , , , , , , , , , , , ], [, , , , , , , , , , , , , ], [, , , , , , , , , , , , , ], [, , , , , , , , , , , , , ], [, , , , , , , , , , , , , ], [, , , , , , , , , , , , , ], [, , , , , , , , , , , , , ], [, , , , , , , , , , , , , ], [, , , , , , , , , , , , , ], [, , , , , , , , , , , , , ], [, , , , , , , , , , , , , ], [, , , , , , , , , , , , , ], [, , , , , , , , , , , , , ], [, , , , , , , , , , , , , ], [, , , , , , , , , , , , , ], [, , , , , , , , , , , , , ], [, , , , , , , , , , , , , ], [, , , , , , , , , , , , , ], [, , , , , , , , , , , , , ], [, , , , , , , , , , , , , ], [, , , , , , , , , , , , , ], [, , , , , , , , , , , , , ], [, , , , , , , , , , , , , ], [, , , , , , , , , , , , , ], [, , , , , , , , , , , , , ], [, , , , , , , , , , , , , ], [, , , , , , , , , , , , , ], [, , , , , , , , , , , , , ], [, , , , , , , , , , , , , ], [, , , , , , , , , , , , , ], [, , , , , , , , , , , , , ], [, , , , , , , , , , , , , ], [, , , , , , , , , , , , , ], [, , , , , , , , , , , , , ], [, , , , , , , , , , , , , ], [, , , , , , , , , , , , , ], [, , , , , , , , , , , , , ], [, , , , , , , , , , , , , ], [, , , , , , , , , , , , , ], [, , , , , , , , , , , , , ], [, , , , , , , , , , , , , ], [, , , , , , , , , , , , , ], [, , , , , , , , , , , , , ], [, , , , , , , , , , , , , ], [, , , , , , , , , , , , , ], [, , , , , , , , , , , , , ], [, , , , , , , , , , , , , ], [, , , , , , , , , , , , , ], [, , , , , , , , , , , , , ], [, , , , , , , , , , , , , ], [, , , , , , , , , , , , , ], [, , , , , , , , , , , , , ], [, , , , , , , , , , , , , ], [, , , , , , , , , , , , , ], [, , , , , , , , , , , , , ], [, , , , , , , , , , , , , ], [, , , , , , , , , , , , , ], [, , , , , , , , , , , , , ], [, , , , , , , , , , , , , ], [, , , , , , , , , , , , , ], [, , , , , , , , , , , , , ], [, , , , , , , , , , , , , ], [, , , , , , , , , , , , , ], [, , , , , , , , , , , , , ], [, , , , , , , , , , , , , ], [, , , , , , , , , , , , , ], [, , , , , , , , , , , , , ], [, , , , , , , , , , , , , ], [, , , , , , , , , , , , , ], [, , , , , , , , , , , , , ], [, , , , , , , , , , , , , ], [, , , , , , , , , , , , , ], [, , , , , , , , , , , , , ], [, , , , , , , , , , , , , ], [, , , , , , , , , , , , , ], [, , , , , , , , , , , , , ], [, , , , , , , , , , , , , ], [, , , , , , , , , , , , , ], [, , , , , , , , , , , , , ], [, , , , , , , , , , , , , ], [, , , , , , , , , , , , , ], [, , , , , , , , , , , , , ], [, , , , , , , , , , , , , ], [, , , , , , , , , , , , , ], [, , , , , , , , , , , , , ], [, , , , , , , , , , , , , ], [, , , , , , , , , , , , , ], [, , , , , , , , , , , , , ], [, , , , , , , , , , , , , ], [, , , , , , , , , , , , , ], [, , , , , , , , , , , , , ], [, , , , , , , , , , , , , ], [, , , , , , , , , , , , , ], [, , , , , , , , , , , , , ], [, , , , , , , , , , , , , ], [, , , , , , , , , , , , , ], [, , , , , , , , , , , , , ], [, , , , , , , , , , , , , ], [, , , , , , , , , , , , , ], [, , , , , , , , , , , , , ], [, , , , , , , , , , , , , ], [, , , , , , , , , , , , , ], [, , , , , , , , , , , , , ], [, , , , , , , , , , , , , ], [, , , , , , , , , , , , , ], [, , , , , , , , , , , , , ], [, , , , , , , , , , , , , ], [, , , , , , , , , , , , , ], [, , , , , , , , , , , , , ], [, , , , , , , , , , , , , ], [, , , , , , , , , , , , , ], [, , , , , , , , , , , , , ], [, , , , , , , , , , , , , ], [, , , , , , , , , , , , , ], [, , , , , , , , , , , , , ], [, , , , , , , , , , , , , ], [, , , , , , , , , , , , , ], [, , , , , , , , , , , , , ], [, , , , , , , , , , , , , ], [, , , , , , , , , , , , , ], [, , , , , , , , , , , , , ], [, , , , , , , , , , , , , ], [, , , , , , , , , , , , , ], [, , , , , , , , , , , , , ], [, , , , , , , , , , , , , ], [, , , , , , , , , , , , , ], [, , , , , , , , , , , , , ], [, , , , , , , , , , , , , ], [, , , , , , , , , , , , , ], [, , , , , , , , , , , , , ], [, , , , , , , , , , , , , ], [, , , , , , , , , , , , , ], [, , , , , , , , , , , , , ], [, , , , , , , , , , , , , ]]
Data rows: [[SF, ER1, Energia recarregada, ER1PC, Primeiro contato, 1, SF1, 7, , , , , , ], [SF, ER1, Energia recarregada, ER1PC, Primeiro contato, 1, SF18, 3, , , , , , ], [SF, ER1, Energia recarregada, ER1PC, Primeiro contato, 1, SM1, 7, , , , , , ], [SF, CM1, Construção muscular, CM1BF, Base de força, 1, SF10, 7, , , , , , ], [SF, CM1, Construção muscular, CM1BF, Base de força, 1, SF13, 2, , , , , , ], [SF, CM1, Construção muscular, CM1BF, Base de força, 1, SF12, 3, , , , , , ], [SF, CM1, Construção muscular, CM1BF, Base de força, 1, SF17, 5, , , , , , ], [SF, DM1, Durma melhor, DM1PP, Primeiros Passos, 1, SM1, 5, , , , , , ], [SF, DM1, Durma melhor, DM1PP, Primeiros Passos, 1, SM2, 5, , , , , , ], [SF, DM1, Durma melhor, DM1PP, Primeiros Passos, 1, SF16, 5, , , , , , ], [SF, ES1, Emagreça com saúde, ES1IS, Início Saudável, 1, SF1, 5, , , , , , ], [SF, ES1, Emagreça com saúde, ES1IS, Início Saudável, 1, SF8, 5, , , , , , ], [SF, ES1, Emagreça com saúde, ES1IS, Início Saudável, 1, SF9, 5, , , , , , ], [TG, LS1, Líder de sucesso, LS1CL, Caminho do líder, 1, SM14, 7, , , , , , ], [TG, LS1, Líder de sucesso, LS1CL, Caminho do líder, 1, T1, 7, , , , , , ], [TG, LS1, Líder de sucesso, LS1CL, Caminho do líder, 1, T8, 5, , , , , , ], [TG, GV1, Gerencie sua vida, GV1PC, Primeiro contato, 1, T8, 3, , , , , , ], [TG, GV1, Gerencie sua vida, GV1PC, Primeiro contato, 1, T1, 7, , , , , , ], [TG, GV1, Gerencie sua vida, GV1PC, Primeiro contato, 1, T4, 2, , , , , , ], [TG, AE1, Aprendizado eficiente, AE1AL, Aprenda com a Lyfe, 1, T15, 2, , , , , , ], [TG, AE1, Aprendizado eficiente, AE1AL, Aprenda com a Lyfe, 1, T17, 1, , , , , , ], [TG, AE1, Aprendizado eficiente, AE1AL, Aprenda com a Lyfe, 1, T13, 3, , , , , , ], [TG, AE1, Aprendizado eficiente, AE1AL, Aprenda com a Lyfe, 1, T9, 7, , , , , , ], [SF, ME1, Mapa do emagrescimento, ME1BE, Base do Emagrecimento, 1, SF7, 7, , , , , , ], [SF, ME1, Mapa do emagrescimento, ME1BE, Base do Emagrecimento, 1, SF1, 7, , , , , , ], [SM, LC1, Leitura consistente, LC1CL, Comece a ler, 1, SM13, 5, , , , , , ], [SM, LC1, Leitura consistente, LC1CL, Comece a ler, 1, SM14, 7, , , , , , ], [SM, LC1, Leitura consistente, LC1CL, Comece a ler, 1, T11, 5, , , , , , ], [SF, DM2, Durma melhor avançado, DM2SR, Sono Restaurador, 1, SF4, 7, , , , , , ], [SF, DM2, Durma melhor avançado, DM2SR, Sono Restaurador, 1, SF3, 7, , , , , , ], [SF, DM2, Durma melhor avançado, DM2SR, Sono Restaurador, 1, SF6, 5, , , , , , ], [SF, DM2, Durma melhor avançado, DM2SR, Sono Restaurador, 1, SF16, 7, , , , , , ], [SF, DM2, Durma melhor avançado, DM2SR, Sono Restaurador, 1, SF2, 7, , , , , , ], [SF, DM2, Durma melhor avançado, DM2SR, Sono Restaurador, 1, SM1, 7, , , , , , ], [SF, ES2, Emagreça com saúde avançado, ES2EC, Escolha consciente, 1, SF8, 5, , , , , , ], [SF, ES2, Emagreça com saúde avançado, ES2EC, Escolha consciente, 1, SF9, 5, , , , , , ], [SF, ES2, Emagreça com saúde avançado, ES2EC, Escolha consciente, 1, SF11, 5, , , , , , ], [SF, ES2, Emagreça com saúde avançado, ES2EC, Escolha consciente, 1, SF1, 5, , , , , , ], [SF, ES2, Emagreça com saúde avançado, ES2EC, Escolha consciente, 1, SF10, 5, , , , , , ], [SF, CM2, Construção muscular avançado, CM2EM, Evolução muscular, 1, SF17, 5, , , , , , ], [SF, CM2, Construção muscular avançado, CM2EM, Evolução muscular, 1, SF10, 7, , , , , , ], [SF, CM2, Construção muscular avançado, CM2EM, Evolução muscular, 1, SF5, 5, , , , , , ], [SF, CM2, Construção muscular avançado, CM2EM, Evolução muscular, 1, SF1333, 2, , , , , , ], [SF, CM2, Construção muscular avançado, CM2EM, Evolução muscular, 1, SF1, 7, , , , , , ], [SF, CM2, Construção muscular avançado, CM2EM, Evolução muscular, 1, SF1233, 5, , , , , , ], [SF, ME2, Mapa do emagrescimento avançado, ME2EE, Emagrescimento eficiente, 1, SF16, 5, , , , , , ], [SF, ME2, Mapa do emagrescimento avançado, ME2EE, Emagrescimento eficiente, 1, SF17, 5, , , , , , ], [SF, ME2, Mapa do emagrescimento avançado, ME2EE, Emagrescimento eficiente, 1, SF1, 5, , , , , , ], [SF, ME2, Mapa do emagrescimento avançado, ME2EE, Emagrescimento eficiente, 1, SF1822, 5, , , , , , ], [SF, ER3, Energia recarregada avançado, ER3EP, Evolução pessoal, 1, SF16, 7, , , , , , ], [SF, ER3, Energia recarregada avançado, ER3EP, Evolução pessoal, 1, SM1, 7, , , , , , ], [SF, ER3, Energia recarregada avançado, ER3EP, Evolução pessoal, 1, SM13, 3, , , , , , ], [SF, ER3, Energia recarregada avançado, ER3EP, Evolução pessoal, 1, SF8, 5, , , , , , ], [SF, ER3, Energia recarregada avançado, ER3EP, Evolução pessoal, 1, SF1233, 5, , , , , , ], [SF, ER3, Energia recarregada avançado, ER3EP, Evolução pessoal, 1, SF1, 7, , , , , , ], [SF, ER3, Energia recarregada avançado, ER3EP, Evolução pessoal, 1, SM7, 7, , , , , , ], [SF, ER3, Energia recarregada avançado, ER3EP, Evolução pessoal, 1, E4, 7, , , , , , ], [SF, ER3, Energia recarregada avançado, ER3EP, Evolução pessoal, 1, SF1422, 3, , , , , , ], [SM, DD1, Domine sua dopamina, DD1MPH, Meus primeiros hábitos, 1, SF1, 7, , , , , , ], [SM, DD1, Domine sua dopamina, DD1MPH, Meus primeiros hábitos, 1, E6, 7, , , , , , ], [SM, DD1, Domine sua dopamina, DD1MPH, Meus primeiros hábitos, 1, SM1, 7, , , , , , ], [SM, DTD1, Detox de dopamina, DTD1TO, Tempo offline, 1, SM7, 7, , , , , , ], [SM, DTD1, Detox de dopamina, DTD1TO, Tempo offline, 1, SM13, 3, , , , , , ], [SM, DTD1, Detox de dopamina, DTD1TO, Tempo offline, 1, SM6, 3, , , , , , ], [SM, DTD2, Detox de dopamina avançado, DTD2ED, Equilibrio Digital, 1, T7, 5, , , , , , ], [SM, DTD2, Detox de dopamina avançado, DTD2ED, Equilibrio Digital, 1, SM7, 5, , , , , , ], [SM, DTD2, Detox de dopamina avançado, DTD2ED, Equilibrio Digital, 1, SM13, 3, , , , , , ], [SM, DTD2, Detox de dopamina avançado, DTD2ED, Equilibrio Digital, 1, SM6, 6, , , , , , ], [SF, ED1, Eleve sua dopamina, ED1MPH, Meus primeiros hábitos, 1, SM1, 7, , , , , , ], [SF, ED1, Eleve sua dopamina, ED1MPH, Meus primeiros hábitos, 1, SF1, 7, , , , , , ], [SF, ED1, Eleve sua dopamina, ED1MPH, Meus primeiros hábitos, 1, E6, 7, , , , , , ], [E, EE1, Evolução espiritual, EE1DE, Despertar espiritual, 1, E7, 7, , , , , , ], [E, EE1, Evolução espiritual, EE1DE, Despertar espiritual, 1, E2, 7, , , , , , ], [E, EE1, Evolução espiritual, EE1DE, Despertar espiritual, 1, E5, 7, , , , , , ], [R, MMV1, Minha melhor versão, MMV1MI, Melhoria inicial, 1, R4, 2, , , , , , ], [R, MMV1, Minha melhor versão, MMV1MI, Melhoria inicial, 1, E4, 7, , , , , , ], [R, MMV1, Minha melhor versão, MMV1MI, Melhoria inicial, 1, R1, 3, , , , , , ], [E, EE2, Evolução espiritual avançado, EE2BA, Boa ação, 1, E3, 1, , , , , , ], [E, EE2, Evolução espiritual avançado, EE2BA, Boa ação, 1, E1, 1, , , , , , ], [E, EE2, Evolução espiritual avançado, EE2BA, Boa ação, 1, E2, 7, , , , , , ], [E, EE2, Evolução espiritual avançado, EE2BA, Boa ação, 1, E7, 5, , , , , , ], [E, EE2, Evolução espiritual avançado, EE2BA, Boa ação, 1, E6, 7, , , , , , ], [R, MMV2, Minha melhor versão avançado, MMV2PI, Presença Ilustre, 1, R5, 1, , , , , , ], [R, MMV2, Minha melhor versão avançado, MMV2PI, Presença Ilustre, 1, E3, 1, , , , , , ], [R, MMV2, Minha melhor versão avançado, MMV2PI, Presença Ilustre, 1, E4, 5, , , , , , ], [R, MMV2, Minha melhor versão avançado, MMV2PI, Presença Ilustre, 1, R1, 5, , , , , , ], [R, MMV2, Minha melhor versão avançado, MMV2PI, Presença Ilustre, 1, R4, 3, , , , , , ], [SM, AA1, Anti ansiedade, AA1PC, Primeiro contato, 1, E5, 7, , , , , , ], [SM, AA1, Anti ansiedade, AA1PC, Primeiro contato, 1, SM14, 5, , , , , , ], [SM, AA1, Anti ansiedade, AA1PC, Primeiro contato, 1, SM8, 3, , , , , , ], [SM, PI1, Paz interior, PI1PC, Primeiro contato, 1, E4, 7, , , , , , ], [SM, PI1, Paz interior, PI1PC, Primeiro contato, 1, SF15, 7, , , , , , ], [SM, PI1, Paz interior, PI1PC, Primeiro contato, 1, SM12, 7, , , , , , ], [SM, AA2, Anti ansiedade avançado, AA2EM, Equilibrio mental, 1, SM11, 4, , , , , , ], [SM, AA2, Anti ansiedade avançado, AA2EM, Equilibrio mental, 1, SM823, 5, , , , , , ], [SM, AA2, Anti ansiedade avançado, AA2EM, Equilibrio mental, 1, E6, 5, , , , , , ], [SM, AA2, Anti ansiedade avançado, AA2EM, Equilibrio mental, 1, SM10, 3, , , , , , ], [SM, AA2, Anti ansiedade avançado, AA2EM, Equilibrio mental, 1, SM14, 5, , , , , , ], [TG, GV2, Gerencie sua vida avançado, GV2PE, Performance eficiente, 1, T7, 3, , , , , , ], [TG, GV2, Gerencie sua vida avançado, GV2PE, Performance eficiente, 1, T2, 1, , , , , , ], [TG, GV2, Gerencie sua vida avançado, GV2PE, Performance eficiente, 1, T1, 5, , , , , , ], [TG, GV2, Gerencie sua vida avançado, GV2PE, Performance eficiente, 1, T4, 2, , , , , , ], [TG, GV2, Gerencie sua vida avançado, GV2PE, Performance eficiente, 1, T8, 5, , , , , , ], [SM, PI2, Paz interior avançado, PI2CT, Conexão total, 1, SM9, 3, , , , , , ], [SM, PI2, Paz interior avançado, PI2CT, Conexão total, 1, SM12, 5, , , , , , ], [SM, PI2, Paz interior avançado, PI2CT, Conexão total, 1, SM13, 3, , , , , , ], [SM, PI2, Paz interior avançado, PI2CT, Conexão total, 1, E4, 5, , , , , , ], [SF, ER2, Energia recarregada intermediário, ER2CT, Consistência total, 1, SM16, 3, , , , , , ], [SF, ER2, Energia recarregada intermediário, ER2CT, Consistência total, 1, SM1, 7, , , , , , ], [SF, ER2, Energia recarregada intermediário, ER2CT, Consistência total, 1, SF1, 7, , , , , , ], [SF, ER2, Energia recarregada intermediário, ER2CT, Consistência total, 1, SF1422, 3, , , , , , ], [SF, ER2, Energia recarregada intermediário, ER2CT, Consistência total, 1, SF1222, 2, , , , , , ], [SF, ER2, Energia recarregada intermediário, ER2CT, Consistência total, 1, SM13, 7, , , , , , ], [SF, ER1, Energia recarregada, ER1EM, Em movimento, 1, SF1, 3, , , , , , ], [SF, ER1, Energia recarregada, ER1EM, Em movimento, 1, SF1812, 3, , , , , , ], [SF, ER1, Energia recarregada, ER1EM, Em movimento, 1, SM1, 3, , , , , , ], [SF, ER1, Energia recarregada, ER1MT, Mente tranquila, 2, SF1, 4, , , , , , ], [SF, ER1, Energia recarregada, ER1MT, Mente tranquila, 2, SF1422, 3, , , , , , ], [SF, ER1, Energia recarregada, ER1MT, Mente tranquila, 2, SM1, 5, , , , , , ], [SF, ER1, Energia recarregada, ER1MT, Mente tranquila, 2, SM13, 2, , , , , , ], [SF, ER1, Energia recarregada, ER1PM, Poder muscular , 2, SF1, 5, , , , , , ], [SF, ER1, Energia recarregada, ER1PM, Poder muscular , 2, SF1431, 3, , , , , , ], [SF, ER1, Energia recarregada, ER1PM, Poder muscular , 2, SM1, 7, , , , , , ], [SF, ER1, Energia recarregada, ER1PM, Poder muscular , 2, SM13, 2, , , , , , ], [SF, ER1, Energia recarregada, ER1PM, Poder muscular , 2, SF12, 1, , , , , , ], [SF, ER2, Energia recarregada intermediário, ER2EC, Equilíbrio constante, 2, SF1, 7, , , , , , ], [SF, ER2, Energia recarregada intermediário, ER2EC, Equilíbrio constante, 2, SF1432, 3, , , , , , ], [SF, ER2, Energia recarregada intermediário, ER2EC, Equilíbrio constante, 2, SM1, 7, , , , , , ], [SF, ER2, Energia recarregada intermediário, ER2EC, Equilíbrio constante, 2, SM13, 3, , , , , , ], [SF, ER2, Energia recarregada intermediário, ER2EC, Equilíbrio constante, 2, SF1232, 3, , , , , , ], [SF, ER2, Energia recarregada intermediário, ER2EC, Equilíbrio constante, 2, SF16, 5, , , , , , ], [SF, ER2, Energia recarregada intermediário, ER2EC, Equilíbrio constante, 2, SF8, 3, , , , , , ], [SF, ER2, Energia recarregada intermediário, ER2DD, Desconexão diária, 3, SF1, 7, , , , , , ], [SF, ER2, Energia recarregada intermediário, ER2DD, Desconexão diária, 3, SF1432, 3, , , , , , ], [SF, ER2, Energia recarregada intermediário, ER2DD, Desconexão diária, 3, SM1, 7, , , , , , ], [SF, ER2, Energia recarregada intermediário, ER2DD, Desconexão diária, 3, SM13, 5, , , , , , ], [SF, ER2, Energia recarregada intermediário, ER2DD, Desconexão diária, 3, SF1233, 5, , , , , , ], [SF, ER2, Energia recarregada intermediário, ER2DD, Desconexão diária, 3, SF16, 5, , , , , , ], [SF, ER2, Energia recarregada intermediário, ER2DD, Desconexão diária, 3, SF8, 5, , , , , , ], [SF, ER2, Energia recarregada intermediário, ER2DD, Desconexão diária, 3, SM7, 5, , , , , , ], [SF, ER3, Energia recarregada avançado, ER3CT, Consciência total, 2, SF1, 7, , , , , , ], [SF, ER3, Energia recarregada avançado, ER3CT, Consciência total, 2, SF1432, 3, , , , , , ], [SF, ER3, Energia recarregada avançado, ER3CT, Consciência total, 2, SM1, 7, , , , , , ], [SF, ER3, Energia recarregada avançado, ER3CT, Consciência total, 2, SM13, 5, , , , , , ], [SF, ER3, Energia recarregada avançado, ER3CT, Consciência total, 2, SF1233, 5, , , , , , ], [SF, ER3, Energia recarregada avançado, ER3CT, Consciência total, 2, SF16, 7, , , , , , ], [SF, ER3, Energia recarregada avançado, ER3CT, Consciência total, 2, SF8, 7, , , , , , ], [SF, ER3, Energia recarregada avançado, ER3CT, Consciência total, 2, SM7, 5, , , , , , ], [SF, ER3, Energia recarregada avançado, ER3CT, Consciência total, 2, E4, 4, , , , , , ], [SF, ER3, Energia recarregada avançado, ER3CT, Consciência total, 2, SM6, 5, , , , , , ], [SF, ER3, Energia recarregada avançado, ER3FI, Foco intensivo , 3, SF1, 7, , , , , , ], [SF, ER3, Energia recarregada avançado, ER3FI, Foco intensivo , 3, SF1432, 3, , , , , , ], [SF, ER3, Energia recarregada avançado, ER3FI, Foco intensivo , 3, SM1, 7, , , , , , ], [SF, ER3, Energia recarregada avançado, ER3FI, Foco intensivo , 3, SM13, 5, , , , , , ], [SF, ER3, Energia recarregada avançado, ER3FI, Foco intensivo , 3, SF1233, 5, , , , , , ], [SF, ER3, Energia recarregada avançado, ER3FI, Foco intensivo , 3, SF16, 7, , , , , , ], [SF, ER3, Energia recarregada avançado, ER3FI, Foco intensivo , 3, SF8, 7, , , , , , ], [SF, ER3, Energia recarregada avançado, ER3FI, Foco intensivo , 3, SM7, 6, , , , , , ], [SF, ER3, Energia recarregada avançado, ER3FI, Foco intensivo , 3, E4, 5, , , , , , ], [SF, ER3, Energia recarregada avançado, ER3FI, Foco intensivo , 3, SM6, 6, , , , , , ], [SF, CM1, Construção muscular, CM1FT, Força total , 2, SF12, 3, , , , , , ], [SF, CM1, Construção muscular, CM1FT, Força total , 2, SF13, 2, , , , , , ], [SF, CM1, Construção muscular, CM1FT, Força total , 2, SF17, 5, , , , , , ], [SF, CM1, Construção muscular, CM1FT, Força total , 2, SF1, 7, , , , , , ], [SF, CM1, Construção muscular, CM1FT, Força total , 2, SF5, 5, , , , , , ], [SF, ME1, Mapa do emagrescimento, ME1EC, Emagrecimento consciente, 2, SF16, 5, , , , , , ], [SF, ME1, Mapa do emagrescimento, ME1EC, Emagrecimento consciente, 2, SF1, 7, , , , , , ], [SF, ME1, Mapa do emagrescimento, ME1EC, Emagrecimento consciente, 2, SF1813, 2, , , , , , ], [SM, DTD1, Detox de dopamina, DTD1D, Desconexão, 1, SM13, 3, , , , , , ], [SM, DTD1, Detox de dopamina, DTD1D, Desconexão, 1, T7, 3, , , , , , ], [SM, DTD1, Detox de dopamina, DTD1D, Desconexão, 1, SM7, 7, , , , , , ], [SM, DTD1, Detox de dopamina, DTD1UI, Uso inteligente, 2, SM13, 3, , , , , , ], [SM, DTD1, Detox de dopamina, DTD1UI, Uso inteligente, 2, T7, 4, , , , , , ], [SM, DTD1, Detox de dopamina, DTD1UI, Uso inteligente, 2, SM7, 7, , , , , , ], [SM, DTD1, Detox de dopamina, DTD1UI, Uso inteligente, 2, SM6, 7, , , , , , ], [SF, ES1, Emagreça com saúde, ES1NB, Nutrição básica , 1, SF8, 3, , , , , , ], [SF, ES1, Emagreça com saúde, ES1NB, Nutrição básica , 1, SF1, 3, , , , , , ], [SF, ES1, Emagreça com saúde, ES1NB, Nutrição básica , 1, SF10, 3, , , , , , ], [SF, ES1, Emagreça com saúde, ES1PC, Prato colorido , 2, SF8, 4, , , , , , ], [SF, ES1, Emagreça com saúde, ES1PC, Prato colorido , 2, SF1, 4, , , , , , ], [SF, ES1, Emagreça com saúde, ES1PC, Prato colorido , 2, SF10, 4, , , , , , ], [SF, ES1, Emagreça com saúde, ES1PC, Prato colorido , 2, SF11, 4, , , , , , ], [SF, DM1, Durma melhor, DM1SB, Sono básico , 1, SF4, 3, , , , , , ], [SF, DM1, Durma melhor, DM1SB, Sono básico , 1, SF2, 3, , , , , , ], [SF, DM1, Durma melhor, DM1SB, Sono básico , 1, SM1, 3, , , , , , ], [SF, DM1, Durma melhor, DM1SB, Sono básico , 1, SF16, 5, , , , , , ], [SF, DM1, Durma melhor, DM1NT, Noites tranquilas , 2, SF4, 5, , , , , , ], [SF, DM1, Durma melhor, DM1NT, Noites tranquilas , 2, SF2, 5, , , , , , ], [SF, DM1, Durma melhor, DM1NT, Noites tranquilas , 2, SM1, 5, , , , , , ], [SF, DM1, Durma melhor, DM1NT, Noites tranquilas , 2, SF16, 5, , , , , , ], [SF, DM1, Durma melhor, DM1NT, Noites tranquilas , 2, SF3, 5, , , , , , ], [E, EE1, Evolução espiritual, EE1CB, Caminho base, 1, E2, 7, , , , , , ], [E, EE1, Evolução espiritual, EE1CB, Caminho base, 1, E6, 3, , , , , , ], [E, EE1, Evolução espiritual, EE1CB, Caminho base, 1, E7, 3, , , , , , ], [E, EE1, Evolução espiritual, EE1PE, Proximidade espiritual, 2, E2, 7, , , , , , ], [E, EE1, Evolução espiritual, EE1PE, Proximidade espiritual, 2, E6, 5, , , , , , ], [E, EE1, Evolução espiritual, EE1PE, Proximidade espiritual, 2, E7, 5, , , , , , ], [E, EE1, Evolução espiritual, EE1PE, Proximidade espiritual, 2, E1, 1, , , , , , ], [TG, LS1, Líder de sucesso, LS1CH, Construindo habilidades, 1, SM14, 5, , , , , , ], [TG, LS1, Líder de sucesso, LS1CH, Construindo habilidades, 1, T1, 5, , , , , , ], [TG, LS1, Líder de sucesso, LS1CH, Construindo habilidades, 1, T8, 5, , , , , , ], [TG, LS1, Líder de sucesso, LS1CJ, Consistência em jogo , 2, SM14, 5, , , , , , ], [TG, LS1, Líder de sucesso, LS1CJ, Consistência em jogo , 2, T1, 5, , , , , , ], [TG, LS1, Líder de sucesso, LS1CJ, Consistência em jogo , 2, T8, 5, , , , , , ], [TG, AE1, Aprendizado eficiente, AE1AA, Aprendizado com autonomia, 1, T9, 7, , , , , , ], [TG, AE1, Aprendizado eficiente, AE1AA, Aprendizado com autonomia, 1, T15, 7, , , , , , ], [TG, AE1, Aprendizado eficiente, AE1AA, Aprendizado com autonomia, 1, T17, 7, , , , , , ], [TG, AE1, Aprendizado eficiente, AE1AA, Aprendizado com autonomia, 1, T13, 7, , , , , , ], [TG, GV1, Gerencie sua vida, GV1PE, Planejamento eficaz , 1, T3, 1, , , , , , ], [TG, GV1, Gerencie sua vida, GV1PE, Planejamento eficaz , 1, T5, 2, , , , , , ], [TG, GV1, Gerencie sua vida, GV1PE, Planejamento eficaz , 1, T1, 3, , , , , , ], [TG, GV1, Gerencie sua vida, GV1PE, Planejamento eficaz , 1, T8, 3, , , , , , ], [TG, GV1, Gerencie sua vida, GV1VO, Vida otimizada, 2, T3, 1, , , , , , ], [TG, GV1, Gerencie sua vida, GV1VO, Vida otimizada, 2, T5, 2, , , , , , ], [TG, GV1, Gerencie sua vida, GV1VO, Vida otimizada, 2, T1, 5, , , , , , ], [TG, GV1, Gerencie sua vida, GV1VO, Vida otimizada, 2, T8, 5, , , , , , ], [R, MMV1, Minha melhor versão, MMV1EP, Evolução pessoal, 1, E4, 5, , , , , , ], [R, MMV1, Minha melhor versão, MMV1EP, Evolução pessoal, 1, R1, 3, , , , , , ], [R, MMV1, Minha melhor versão, MMV1EP, Evolução pessoal, 1, E3, 1, , , , , , ], [R, MMV1, Minha melhor versão, MMV1CC, Crescimento contínuo , 2, E4, 7, , , , , , ], [R, MMV1, Minha melhor versão, MMV1CC, Crescimento contínuo , 2, R1, 4, , , , , , ], [R, MMV1, Minha melhor versão, MMV1CC, Crescimento contínuo , 2, E3, 1, , , , , , ], [R, MMV1, Minha melhor versão, MMV1CC, Crescimento contínuo , 2, R4, 2, , , , , , ], [SM, LC1, Leitura consistente, LC1LB, Leitura básica , 1, T10, 2, , , , , , ], [SM, LC1, Leitura consistente, LC1LB, Leitura básica , 1, SM14, 3, , , , , , ], [SM, LC1, Leitura consistente, LC1LB, Leitura básica , 1, SM7, 3, , , , , , ], [SM, LC1, Leitura consistente, LC1PL, Progressão da leitura , 2, T18, 1, , , , , , ], [SM, LC1, Leitura consistente, LC1PL, Progressão da leitura , 2, SM14, 5, , , , , , ], [SM, LC1, Leitura consistente, LC1PL, Progressão da leitura , 2, SM7, 5, , , , , , ], [SM, LC1, Leitura consistente, LC1LTH, Leitura se tornando um hábito , 3, T18, 1, , , , , , ], [SM, LC1, Leitura consistente, LC1LTH, Leitura se tornando um hábito , 3, SM14, 5, , , , , , ], [SM, LC1, Leitura consistente, LC1LTH, Leitura se tornando um hábito , 3, SM7, 5, , , , , , ], [SM, PI1, Paz interior, PI1MT, Mente tranquila , 1, SM12, 3, , , , , , ], [SM, PI1, Paz interior, PI1MT, Mente tranquila , 1, E4, 3, , , , , , ], [SM, PI1, Paz interior, PI1MT, Mente tranquila , 1, SM13, 2, , , , , , ], [SM, PI1, Paz interior, PI1DC, Desacelerar consciente , 2, SM12, 4, , , , , , ], [SM, PI1, Paz interior, PI1DC, Desacelerar consciente , 2, E4, 4, , , , , , ], [SM, PI1, Paz interior, PI1DC, Desacelerar consciente , 2, SM13, 2, , , , , , ], [SM, PI1, Paz interior, PI1DC, Desacelerar consciente , 2, SM9, 2, , , , , , ], [SM, AA1, Anti ansiedade, AA1SI, Serenidade imediata , 1, E6, 3, , , , , , ], [SM, AA1, Anti ansiedade, AA1SI, Serenidade imediata , 1, SM812, 3, , , , , , ], [SM, AA1, Anti ansiedade, AA1SI, Serenidade imediata , 1, SM14, 5, , , , , , ], [SM, AA1, Anti ansiedade, AA1CM, Clareza mental , 2, E6, 4, , , , , , ], [SM, AA1, Anti ansiedade, AA1CM, Clareza mental , 2, SM812, 4, , , , , , ], [SM, AA1, Anti ansiedade, AA1CM, Clareza mental , 2, SM14, 5, , , , , , ], [SM, AA1, Anti ansiedade, AA1CM, Clareza mental , 2, SM11, 3, , , , , , ], [E, EE2, Evolução espiritual avançado, EE2CE, Caminho espiritual , 2, E2, 7, , , , , , ], [E, EE2, Evolução espiritual avançado, EE2CE, Caminho espiritual , 2, E6, 7, , , , , , ], [E, EE2, Evolução espiritual avançado, EE2CE, Caminho espiritual , 2, E7, 5, , , , , , ], [E, EE2, Evolução espiritual avançado, EE2CE, Caminho espiritual , 2, E1, 1, , , , , , ], [E, EE2, Evolução espiritual avançado, EE2CE, Caminho espiritual , 2, E3, 1, , , , , , ], [R, MMV2, Minha melhor versão avançado, MMV2MV, Melhor versão, 2, E4, 7, , , , , , ], [R, MMV2, Minha melhor versão avançado, MMV2MV, Melhor versão, 2, R1, 7, , , , , , ], [R, MMV2, Minha melhor versão avançado, MMV2MV, Melhor versão, 2, E3, 1, , , , , , ], [R, MMV2, Minha melhor versão avançado, MMV2MV, Melhor versão, 2, R4, 3, , , , , , ], [R, MMV2, Minha melhor versão avançado, MMV2MV, Melhor versão, 2, R6, 2, , , , , , ], [R, MMV2, Minha melhor versão avançado, MMV2MV, Melhor versão, 2, R3, 2, , , , , , ], [R, MMV2, Minha melhor versão avançado, MMV2MV, Melhor versão, 2, R2, 1, , , , , , ], [TG, LS2, Líder de sucesso - avançado , LS2FI, Foco inabalável , 1, SM14, 5, , , , , , ], [TG, LS2, Líder de sucesso - avançado , LS2FI, Foco inabalável , 1, T1, 5, , , , , , ], [TG, LS2, Líder de sucesso - avançado , LS2FI, Foco inabalável , 1, T8, 5, , , , , , ], [TG, LS2, Líder de sucesso - avançado , LS2FI, Foco inabalável , 1, SM5, 3, , , , , , ], [TG, LS2, Líder de sucesso - avançado , LS2MP, Mestre profissional , 2, SM14, 5, , , , , , ], [TG, LS2, Líder de sucesso - avançado , LS2MP, Mestre profissional , 2, T1, 5, , , , , , ], [TG, LS2, Líder de sucesso - avançado , LS2MP, Mestre profissional , 2, T8, 5, , , , , , ], [TG, LS2, Líder de sucesso - avançado , LS2MP, Mestre profissional , 2, SM5, 5, , , , , , ], [TG, LS2, Líder de sucesso - avançado , LS2MP, Mestre profissional , 2, T6, 1, , , , , , ], [TG, LS2, Líder de sucesso - avançado , LS2MP, Mestre profissional , 2, SM7, 5, , , , , , ], [TG, GV2, Gerencie sua vida avançado, GV2CT, Controle total , 2, T2, 1, , , , , , ], [TG, GV2, Gerencie sua vida avançado, GV2CT, Controle total , 2, T4, 2, , , , , , ], [TG, GV2, Gerencie sua vida avançado, GV2CT, Controle total , 2, T1, 5, , , , , , ], [TG, GV2, Gerencie sua vida avançado, GV2CT, Controle total , 2, T8, 5, , , , , , ], [TG, GV2, Gerencie sua vida avançado, GV2CT, Controle total , 2, T7, 5, , , , , , ], [TG, GV2, Gerencie sua vida avançado, GV2CT, Controle total , 2, T6, 1, , , , , , ], [TG, GV2, Gerencie sua vida avançado, GV2CT, Controle total , 2, SM7, 5, , , , , , ], [SM, PI2, Paz interior avançado, PI2ZM, Zen moderno , 2, SM12, 7, , , , , , ], [SM, PI2, Paz interior avançado, PI2ZM, Zen moderno , 2, E4, 7, , , , , , ], [SM, PI2, Paz interior avançado, PI2ZM, Zen moderno , 2, SM9, 3, , , , , , ], [SM, PI2, Paz interior avançado, PI2ZM, Zen moderno , 2, SM13, 5, , , , , , ], [SM, PI2, Paz interior avançado, PI2ZM, Zen moderno , 2, SF15, 5, , , , , , ], [SM, AA2, Anti ansiedade avançado, AA2VP, Vida positiva, 2, E6, 7, , , , , , ], [SM, AA2, Anti ansiedade avançado, AA2VP, Vida positiva, 2, SM8, 7, , , , , , ], [SM, AA2, Anti ansiedade avançado, AA2VP, Vida positiva, 2, SM14, 5, , , , , , ], [SM, AA2, Anti ansiedade avançado, AA2VP, Vida positiva, 2, SM11, 5, , , , , , ], [SM, AA2, Anti ansiedade avançado, AA2VP, Vida positiva, 2, SM10, 5, , , , , , ], [SM, AA2, Anti ansiedade avançado, AA2VP, Vida positiva, 2, SM4, 5, , , , , , ], [SF, ME2, Mapa do emagrescimento avançado, ME2RM, Redução de medidas , 2, SF1, 7, , , , , , ], [SF, ME2, Mapa do emagrescimento avançado, ME2RM, Redução de medidas , 2, SF16, 5, , , , , , ], [SF, ME2, Mapa do emagrescimento avançado, ME2RM, Redução de medidas , 2, SF1813, 3, , , , , , ], [SF, ME2, Mapa do emagrescimento avançado, ME2RM, Redução de medidas , 2, SF17, 5, , , , , , ], [SF, ME2, Mapa do emagrescimento avançado, ME2RM, Redução de medidas , 2, SF1223, 2, , , , , , ], [SM, DTD2, Detox de dopamina avançado, DTD2LD, Liberdade digital , 2, SM13, 3, , , , , , ], [SM, DTD2, Detox de dopamina avançado, DTD2LD, Liberdade digital , 2, T7, 5, , , , , , ], [SM, DTD2, Detox de dopamina avançado, DTD2LD, Liberdade digital , 2, SM7, 7, , , , , , ], [SM, DTD2, Detox de dopamina avançado, DTD2LD, Liberdade digital , 2, SM6, 7, , , , , , ], [SF, ES2, Emagreça com saúde avançado, ES2AI, Alimentação ideal , 2, SF8, 7, , , , , , ], [SF, ES2, Emagreça com saúde avançado, ES2AI, Alimentação ideal , 2, SF1, 7, , , , , , ], [SF, ES2, Emagreça com saúde avançado, ES2AI, Alimentação ideal , 2, SF10, 7, , , , , , ], [SF, ES2, Emagreça com saúde avançado, ES2AI, Alimentação ideal , 2, SF11, 7, , , , , , ], [SF, ES2, Emagreça com saúde avançado, ES2AI, Alimentação ideal , 2, SF9, 7, , , , , , ], [SF, DM2, Durma melhor avançado, DM2SO, Sono de ouro , 2, SF4, 7, , , , , , ], [SF, DM2, Durma melhor avançado, DM2SO, Sono de ouro , 2, SF2, 7, , , , , , ], [SF, DM2, Durma melhor avançado, DM2SO, Sono de ouro , 2, SM1, 7, , , , , , ], [SF, DM2, Durma melhor avançado, DM2SO, Sono de ouro , 2, SF16, 7, , , , , , ], [SF, DM2, Durma melhor avançado, DM2SO, Sono de ouro , 2, SF3, 7, , , , , , ], [SF, DM2, Durma melhor avançado, DM2SO, Sono de ouro , 2, SF6, 7, , , , , , ], [SF, DM2, Durma melhor avançado, DM2SO, Sono de ouro , 2, SF19, 7, , , , , , ], [, , , , , , , , , , , , , ], [, , , , , , , , , , , , , ], [, , , , , , , , , , , , , ], [, , , , , , , , , , , , , ], [, , , , , , , , , , , , , ], [, , , , , , , , , , , , , ], [, , , , , , , , , , , , , ], [, , , , , , , , , , , , , ], [, , , , , , , , , , , , , ], [, , , , , , , , , , , , , ], [, , , , , , , , , , , , , ], [, , , , , , , , , , , , , ], [, , , , , , , , , , , , , ], [, , , , , , , , , , , , , ], [, , , , , , , , , , , , , ], [, , , , , , , , , , , , , ], [, , , , , , , , , , , , , ], [, , , , , , , , , , , , , ], [, , , , , , , , , , , , , ], [, , , , , , , , , , , , , ], [, , , , , , , , , , , , , ], [, , , , , , , , , , , , , ], [, , , , , , , , , , , , , ], [, , , , , , , , , , , , , ], [, , , , , , , , , , , , , ], [, , , , , , , , , , , , , ], [, , , , , , , , , , , , , ], [, , , , , , , , , , , , , ], [, , , , , , , , , , , , , ], [, , , , , , , , , , , , , ], [, , , , , , , , , , , , , ], [, , , , , , , , , , , , , ], [, , , , , , , , , , , , , ], [, , , , , , , , , , , , , ], [, , , , , , , , , , , , , ], [, , , , , , , , , , , , , ], [, , , , , , , , , , , , , ], [, , , , , , , , , , , , , ], [, , , , , , , , , , , , , ], [, , , , , , , , , , , , , ], [, , , , , , , , , , , , , ], [, , , , , , , , , , , , , ], [, , , , , , , , , , , , , ], [, , , , , , , , , , , , , ], [, , , , , , , , , , , , , ], [, , , , , , , , , , , , , ], [, , , , , , , , , , , , , ], [, , , , , , , , , , , , , ], [, , , , , , , , , , , , , ], [, , , , , , , , , , , , , ], [, , , , , , , , , , , , , ], [, , , , , , , , , , , , , ], [, , , , , , , , , , , , , ], [, , , , , , , , , , , , , ], [, , , , , , , , , , , , , ], [, , , , , , , , , , , , , ], [, , , , , , , , , , , , , ], [, , , , , , , , , , , , , ], [, , , , , , , , , , , , , ], [, , , , , , , , , , , , , ], [, , , , , , , , , , , , , ], [, , , , , , , , , , , , , ], [, , , , , , , , , , , , , ], [, , , , , , , , , , , , , ], [, , , , , , , , , , , , , ], [, , , , , , , , , , , , , ], [, , , , , , , , , , , , , ], [, , , , , , , , , , , , , ], [, , , , , , , , , , , , , ], [, , , , , , , , , , , , , ], [, , , , , , , , , , , , , ], [, , , , , , , , , , , , , ], [, , , , , , , , , , , , , ], [, , , , , , , , , , , , , ], [, , , , , , , , , , , , , ], [, , , , , , , , , , , , , ], [, , , , , , , , , , , , , ], [, , , , , , , , , , , , , ], [, , , , , , , , , , , , , ], [, , , , , , , , , , , , , ], [, , , , , , , , , , , , , ], [, , , , , , , , , , , , , ], [, , , , , , , , , , , , , ], [, , , , , , , , , , , , , ], [, , , , , , , , , , , , , ], [, , , , , , , , , , , , , ], [, , , , , , , , , , , , , ], [, , , , , , , , , , , , , ], [, , , , , , , , , , , , , ], [, , , , , , , , , , , , , ], [, , , , , , , , , , , , , ], [, , , , , , , , , , , , , ], [, , , , , , , , , , , , , ], [, , , , , , , , , , , , , ], [, , , , , , , , , , , , , ], [, , , , , , , , , , , , , ], [, , , , , , , , , , , , , ], [, , , , , , , , , , , , , ], [, , , , , , , , , , , , , ], [, , , , , , , , , , , , , ], [, , , , , , , , , , , , , ], [, , , , , , , , , , , , , ], [, , , , , , , , , , , , , ], [, , , , , , , , , , , , , ], [, , , , , , , , , , , , , ], [, , , , , , , , , , , , , ], [, , , , , , , , , , , , , ], [, , , , , , , , , , , , , ], [, , , , , , , , , , , , , ], [, , , , , , , , , , , , , ], [, , , , , , , , , , , , , ], [, , , , , , , , , , , , , ], [, , , , , , , , , , , , , ], [, , , , , , , , , , , , , ], [, , , , , , , , , , , , , ], [, , , , , , , , , , , , , ], [, , , , , , , , , , , , , ], [, , , , , , , , , , , , , ], [, , , , , , , , , , , , , ], [, , , , , , , , , , , , , ], [, , , , , , , , , , , , , ], [, , , , , , , , , , , , , ], [, , , , , , , , , , , , , ], [, , , , , , , , , , , , , ], [, , , , , , , , , , , , , ], [, , , , , , , , , , , , , ], [, , , , , , , , , , , , , ], [, , , , , , , , , , , , , ], [, , , , , , , , , , , , , ], [, , , , , , , , , , , , , ], [, , , , , , , , , , , , , ], [, , , , , , , , , , , , , ], [, , , , , , , , , , , , , ], [, , , , , , , , , , , , , ], [, , , , , , , , , , , , , ], [, , , , , , , , , , , , , ], [, , , , , , , , , , , , , ], [, , , , , , , , , , , , , ], [, , , , , , , , , , , , , ], [, , , , , , , , , , , , , ], [, , , , , , , , , , , , , ], [, , , , , , , , , , , , , ], [, , , , , , , , , , , , , ], [, , , , , , , , , , , , , ], [, , , , , , , , , , , , , ], [, , , , , , , , , , , , , ], [, , , , , , , , , , , , , ], [, , , , , , , , , , , , , ], [, , , , , , , , , , , , , ], [, , , , , , , , , , , , , ], [, , , , , , , , , , , , , ], [, , , , , , , , , , , , , ], [, , , , , , , , , , , , , ], [, , , , , , , , , , , , , ], [, , , , , , , , , , , , , ], [, , , , , , , , , , , , , ], [, , , , , , , , , , , , , ], [, , , , , , , , , , , , , ], [, , , , , , , , , , , , , ], [, , , , , , , , , , , , , ], [, , , , , , , , , , , , , ], [, , , , , , , , , , , , , ], [, , , , , , , , , , , , , ], [, , , , , , , , , , , , , ], [, , , , , , , , , , , , , ], [, , , , , , , , , , , , , ], [, , , , , , , , , , , , , ], [, , , , , , , , , , , , , ], [, , , , , , , , , , , , , ], [, , , , , , , , , , , , , ], [, , , , , , , , , , , , , ], [, , , , , , , , , , , , , ], [, , , , , , , , , , , , , ], [, , , , , , , , , , , , , ], [, , , , , , , , , , , , , ], [, , , , , , , , , , , , , ], [, , , , , , , , , , , , , ], [, , , , , , , , , , , , , ], [, , , , , , , , , , , , , ], [, , , , , , , , , , , , , ], [, , , , , , , , , , , , , ], [, , , , , , , , , , , , , ], [, , , , , , , , , , , , , ], [, , , , , , , , , , , , , ], [, , , , , , , , , , , , , ], [, , , , , , , , , , , , , ], [, , , , , , , , , , , , , ], [, , , , , , , , , , , , , ], [, , , , , , , , , , , , , ], [, , , , , , , , , , , , , ], [, , , , , , , , , , , , , ], [, , , , , , , , , , , , , ], [, , , , , , , , , , , , , ], [, , , , , , , , , , , , , ], [, , , , , , , , , , , , , ], [, , , , , , , , , , , , , ], [, , , , , , , , , , , , , ], [, , , , , , , , , , , , , ], [, , , , , , , , , , , , , ], [, , , , , , , , , , , , , ], [, , , , , , , , , , , , , ], [, , , , , , , , , , , , , ], [, , , , , , , , , , , , , ], [, , , , , , , , , , , , , ], [, , , , , , , , , , , , , ], [, , , , , , , , , , , , , ], [, , , , , , , , , , , , , ], [, , , , , , , , , , , , , ], [, , , , , , , , , , , , , ], [, , , , , , , , , , , , , ], [, , , , , , , , , , , , , ], [, , , , , , , , , , , , , ], [, , , , , , , , , , , , , ], [, , , , , , , , , , , , , ], [, , , , , , , , , , , , , ], [, , , , , , , , , , , , , ], [, , , , , , , , , , , , , ], [, , , , , , , , , , , , , ], [, , , , , , , , , , , , , ], [, , , , , , , , , , , , , ], [, , , , , , , , , , , , , ], [, , , , , , , , , , , , , ], [, , , , , , , , , , , , , ], [, , , , , , , , , , , , , ], [, , , , , , , , , , , , , ], [, , , , , , , , , , , , , ], [, , , , , , , , , , , , , ], [, , , , , , , , , , , , , ], [, , , , , , , , , , , , , ], [, , , , , , , , , , , , , ], [, , , , , , , , , , , , , ], [, , , , , , , , , , , , , ], [, , , , , , , , , , , , , ], [, , , , , , , , , , , , , ], [, , , , , , , , , , , , , ], [, , , , , , , , , , , , , ], [, , , , , , , , , , , , , ], [, , , , , , , , , , , , , ], [, , , , , , , , , , , , , ], [, , , , , , , , , , , , , ], [, , , , , , , , , , , , , ], [, , , , , , , , , , , , , ], [, , , , , , , , , , , , , ], [, , , , , , , , , , , , , ], [, , , , , , , , , , , , , ], [, , , , , , , , , , , , , ], [, , , , , , , , , , , , , ], [, , , , , , , , , , , , , ], [, , , , , , , , , , , , , ], [, , , , , , , , , , , , , ], [, , , , , , , , , , , , , ], [, , , , , , , , , , , , , ], [, , , , , , , , , , , , , ], [, , , , , , , , , , , , , ], [, , , , , , , , , , , , , ], [, , , , , , , , , , , , , ], [, , , , , , , , , , , , , ], [, , , , , , , , , , , , , ], [, , , , , , , , , , , , , ], [, , , , , , , , , , , , , ], [, , , , , , , , , , , , , ], [, , , , , , , , , , , , , ], [, , , , , , , , , , , , , ], [, , , , , , , , , , , , , ], [, , , , , , , , , , , , , ], [, , , , , , , , , , , , , ], [, , , , , , , , , , , , , ], [, , , , , , , , , , , , , ], [, , , , , , , , , , , , , ], [, , , , , , , , , , , , , ], [, , , , , , , , , , , , , ], [, , , , , , , , , , , , , ], [, , , , , , , , , , , , , ], [, , , , , , , , , , , , , ], [, , , , , , , , , , , , , ], [, , , , , , , , , , , , , ], [, , , , , , , , , , , , , ], [, , , , , , , , , , , , , ], [, , , , , , , , , , , , , ], [, , , , , , , , , , , , , ], [, , , , , , , , , , , , , ], [, , , , , , , , , , , , , ], [, , , , , , , , , , , , , ], [, , , , , , , , , , , , , ], [, , , , , , , , , , , , , ], [, , , , , , , , , , , , , ], [, , , , , , , , , , , , , ], [, , , , , , , , , , , , , ], [, , , , , , , , , , , , , ], [, , , , , , , , , , , , , ], [, , , , , , , , , , , , , ], [, , , , , , , , , , , , , ], [, , , , , , , , , , , , , ], [, , , , , , , , , , , , , ], [, , , , , , , , , , , , , ], [, , , , , , , , , , , , , ], [, , , , , , , , , , , , , ], [, , , , , , , , , , , , , ], [, , , , , , , , , , , , , ], [, , , , , , , , , , , , , ], [, , , , , , , , , , , , , ], [, , , , , , , , , , , , , ], [, , , , , , , , , , , , , ], [, , , , , , , , , , , , , ], [, , , , , , , , , , , , , ], [, , , , , , , , , , , , , ], [, , , , , , , , , , , , , ], [, , , , , , , , , , , , , ], [, , , , , , , , , , , , , ], [, , , , , , , , , , , , , ], [, , , , , , , , , , , , , ], [, , , , , , , , , , , , , ], [, , , , , , , , , , , , , ], [, , , , , , , , , , , , , ], [, , , , , , , , , , , , , ], [, , , , , , , , , , , , , ], [, , , , , , , , , , , , , ], [, , , , , , , , , , , , , ], [, , , , , , , , , , , , , ], [, , , , , , , , , , , , , ], [, , , , , , , , , , , , , ], [, , , , , , , , , , , , , ], [, , , , , , , , , , , , , ], [, , , , , , , , , , , , , ], [, , , , , , , , , , , , , ], [, , , , , , , , , , , , , ], [, , , , , , , , , , , , , ], [, , , , , , , , , , , , , ], [, , , , , , , , , , , , , ], [, , , , , , , , , , , , , ], [, , , , , , , , , , , , , ], [, , , , , , , , , , , , , ], [, , , , , , , , , , , , , ], [, , , , , , , , , , , , , ], [, , , , , , , , , , , , , ], [, , , , , , , , , , , , , ], [, , , , , , , , , , , , , ], [, , , , , , , , , , , , , ], [, , , , , , , , , , , , , ], [, , , , , , , , , , , , , ], [, , , , , , , , , , , , , ], [, , , , , , , , , , , , , ], [, , , , , , , , , , , , , ], [, , , , , , , , , , , , , ], [, , , , , , , , , , , , , ], [, , , , , , , , , , , , , ], [, , , , , , , , , , , , , ], [, , , , , , , , , , , , , ], [, , , , , , , , , , , , , ], [, , , , , , , , , , , , , ], [, , , , , , , , , , , , , ], [, , , , , , , , , , , , , ], [, , , , , , , , , , , , , ], [, , , , , , , , , , , , , ], [, , , , , , , , , , , , , ], [, , , , , , , , , , , , , ], [, , , , , , , , , , , , , ], [, , , , , , , , , , , , , ], [, , , , , , , , , , , , , ], [, , , , , , , , , , , , , ], [, , , , , , , , , , , , , ], [, , , , , , , , , , , , , ], [, , , , , , , , , , , , , ], [, , , , , , , , , , , , , ], [, , , , , , , , , , , , , ], [, , , , , , , , , , , , , ], [, , , , , , , , , , , , , ], [, , , , , , , , , , , , , ], [, , , , , , , , , , , , , ], [, , , , , , , , , , , , , ], [, , , , , , , , , , , , , ], [, , , , , , , , , , , , , ], [, , , , , , , , , , , , , ], [, , , , , , , , , , , , , ], [, , , , , , , , , , , , , ], [, , , , , , , , , , , , , ], [, , , , , , , , , , , , , ], [, , , , , , , , , , , , , ], [, , , , , , , , , , , , , ], [, , , , , , , , , , , , , ], [, , , , , , , , , , , , , ], [, , , , , , , , , , , , , ], [, , , , , , , , , , , , , ], [, , , , , , , , , , , , , ], [, , , , , , , , , , , , , ], [, , , , , , , , , , , , , ], [, , , , , , , , , , , , , ], [, , , , , , , , , , , , , ], [, , , , , , , , , , , , , ], [, , , , , , , , , , , , , ], [, , , , , , , , , , , , , ], [, , , , , , , , , , , , , ], [, , , , , , , , , , , , , ], [, , , , , , , , , , , , , ], [, , , , , , , , , , , , , ], [, , , , , , , , , , , , , ], [, , , , , , , , , , , , , ], [, , , , , , , , , , , , , ], [, , , , , , , , , , , , , ], [, , , , , , , , , , , , , ], [, , , , , , , , , , , , , ], [, , , , , , , , , , , , , ], [, , , , , , , , , , , , , ], [, , , , , , , , , , , , , ], [, , , , , , , , , , , , , ], [, , , , , , , , , , , , , ], [, , , , , , , , , , , , , ], [, , , , , , , , , , , , , ], [, , , , , , , , , , , , , ], [, , , , , , , , , , , , , ], [, , , , , , , , , , , , , ], [, , , , , , , , , , , , , ], [, , , , , , , , , , , , , ], [, , , , , , , , , , , , , ], [, , , , , , , , , , , , , ], [, , , , , , , , , , , , , ], [, , , , , , , , , , , , , ], [, , , , , , , , , , , , , ], [, , , , , , , , , , , , , ], [, , , , , , , , , , , , , ], [, , , , , , , , , , , , , ], [, , , , , , , , , , , , , ], [, , , , , , , , , , , , , ], [, , , , , , , , , , , , , ], [, , , , , , , , , , , , , ], [, , , , , , , , , , , , , ], [, , , , , , , , , , , , , ], [, , , , , , , , , , , , , ], [, , , , , , , , , , , , , ], [, , , , , , , , , , , , , ], [, , , , , , , , , , , , , ], [, , , , , , , , , , , , , ], [, , , , , , , , , , , , , ], [, , , , , , , , , , , , , ], [, , , , , , , , , , , , , ], [, , , , , , , , , , , , , ], [, , , , , , , , , , , , , ], [, , , , , , , , , , , , , ], [, , , , , , , , , , , , , ], [, , , , , , , , , , , , , ], [, , , , , , , , , , , , , ], [, , , , , , , , , , , , , ], [, , , , , , , , , , , , , ], [, , , , , , , , , , , , , ], [, , , , , , , , , , , , , ], [, , , , , , , , , , , , , ], [, , , , , , , , , , , , , ], [, , , , , , , , , , , , , ], [, , , , , , , , , , , , , ], [, , , , , , , , , , , , , ], [, , , , , , , , , , , , , ], [, , , , , , , , , , , , , ], [, , , , , , , , , , , , , ], [, , , , , , , , , , , , , ], [, , , , , , , , , , , , , ], [, , , , , , , , , , , , , ], [, , , , , , , , , , , , , ], [, , , , , , , , , , , , , ], [, , , , , , , , , , , , , ], [, , , , , , , , , , , , , ], [, , , , , , , , , , , , , ], [, , , , , , , , , , , , , ], [, , , , , , , , , , , , , ], [, , , , , , , , , , , , , ], [, , , , , , , , , , , , , ], [, , , , , , , , , , , , , ], [, , , , , , , , , , , , , ], [, , , , , , , , , , , , , ], [, , , , , , , , , , , , , ], [, , , , , , , , , , , , , ], [, , , , , , , , , , , , , ], [, , , , , , , , , , , , , ], [, , , , , , , , , , , , , ], [, , , , , , , , , , , , , ], [, , , , , , , , , , , , , ], [, , , , , , , , , , , , , ], [, , , , , , , , , , , , , ], [, , , , , , , , , , , , , ], [, , , , , , , , , , , , , ], [, , , , , , , , , , , , , ], [, , , , , , , , , , , , , ], [, , , , , , , , , , , , , ], [, , , , , , , , , , , , , ], [, , , , , , , , , , , , , ], [, , , , , , , , , , , , , ], [, , , , , , , , , , , , , ], [, , , , , , , , , , , , , ], [, , , , , , , , , , , , , ], [, , , , , , , , , , , , , ], [, , , , , , , , , , , , , ], [, , , , , , , , , , , , , ], [, , , , , , , , , , , , , ], [, , , , , , , , , , , , , ], [, , , , , , , , , , , , , ], [, , , , , , , , , , , , , ], [, , , , , , , , , , , , , ], [, , , , , , , , , , , , , ], [, , , , , , , , , , , , , ], [, , , , , , , , , , , , , ], [, , , , , , , , , , , , , ], [, , , , , , , , , , , , , ], [, , , , , , , , , , , , , ], [, , , , , , , , , , , , , ], [, , , , , , , , , , , , , ], [, , , , , , , , , , , , , ], [, , , , , , , , , , , , , ], [, , , , , , , , , , , , , ], [, , , , , , , , , , , , , ], [, , , , , , , , , , , , , ], [, , , , , , , , , , , , , ], [, , , , , , , , , , , , , ], [, , , , , , , , , , , , , ], [, , , , , , , , , , , , , ], [, , , , , , , , , , , , , ], [, , , , , , , , , , , , , ], [, , , , , , , , , , , , , ], [, , , , , , , , , , , , , ], [, , , , , , , , , , , , , ], [, , , , , , , , , , , , , ], [, , , , , , , , , , , , , ], [, , , , , , , , , , , , , ], [, , , , , , , , , , , , , ], [, , , , , , , , , , , , , ], [, , , , , , , , , , , , , ], [, , , , , , , , , , , , , ], [, , , , , , , , , , , , , ], [, , , , , , , , , , , , , ], [, , , , , , , , , , , , , ], [, , , , , , , , , , , , , ], [, , , , , , , , , , , , , ], [, , , , , , , , , , , , , ], [, , , , , , , , , , , , , ], [, , , , , , , , , , , , , ], [, , , , , , , , , , , , , ], [, , , , , , , , , , , , , ], [, , , , , , , , , , , , , ], [, , , , , , , , , , , , , ], [, , , , , , , , , , , , , ], [, , , , , , , , , , , , , ], [, , , , , , , , , , , , , ], [, , , , , , , , , , , , , ], [, , , , , , , , , , , , , ], [, , , , , , , , , , , , , ], [, , , , , , , , , , , , , ], [, , , , , , , , , , , , , ], [, , , , , , , , , , , , , ], [, , , , , , , , , , , , , ], [, , , , , , , , , , , , , ], [, , , , , , , , , , , , , ], [, , , , , , , , , , , , , ], [, , , , , , , , , , , , , ], [, , , , , , , , , , , , , ], [, , , , , , , , , , , , , ], [, , , , , , , , , , , , , ], [, , , , , , , , , , , , , ], [, , , , , , , , , , , , , ], [, , , , , , , , , , , , , ], [, , , , , , , , , , , , , ], [, , , , , , , , , , , , , ], [, , , , , , , , , , , , , ], [, , , , , , , , , , , , , ], [, , , , , , , , , , , , , ], [, , , , , , , , , , , , , ], [, , , , , , , , , , , , , ], [, , , , , , , , , , , , , ], [, , , , , , , , , , , , , ], [, , , , , , , , , , , , , ], [, , , , , , , , , , , , , ], [, , , , , , , , , , , , , ], [, , , , , , , , , , , , , ], [, , , , , , , , , , , , , ], [, , , , , , , , , , , , , ], [, , , , , , , , , , , , , ], [, , , , , , , , , , , , , ], [, , , , , , , , , , , , , ], [, , , , , , , , , , , , , ], [, , , , , , , , , , , , , ], [, , , , , , , , , , , , , ], [, , , , , , , , , , , , , ], [, , , , , , , , , , , , , ], [, , , , , , , , , , , , , ], [, , , , , , , , , , , , , ], [, , , , , , , , , , , , , ], [, , , , , , , , , , , , , ], [, , , , , , , , , , , , , ], [, , , , , , , , , , , , , ], [, , , , , , , , , , , , , ], [, , , , , , , , , , , , , ], [, , , , , , , , , , , , , ], [, , , , , , , , , , , , , ], [, , , , , , , , , , , , , ], [, , , , , , , , , , , , , ], [, , , , , , , , , , , , , ], [, , , , , , , , , , , , , ], [, , , , , , , , , , , , , ], [, , , , , , , , , , , , , ], [, , , , , , , , , , , , , ], [, , , , , , , , , , , , , ], [, , , , , , , , , , , , , ], [, , , , , , , , , , , , , ], [, , , , , , , , , , , , , ], [, , , , , , , , , , , , , ], [, , , , , , , , , , , , , ], [, , , , , , , , , , , , , ], [, , , , , , , , , , , , , ], [, , , , , , , , , , , , , ], [, , , , , , , , , , , , , ], [, , , , , , , , , , , , , ], [, , , , , , , , , , , , , ], [, , , , , , , , , , , , , ], [, , , , , , , , , , , , , ], [, , , , , , , , , , , , , ], [, , , , , , , , , , , , , ], [, , , , , , , , , , , , , ], [, , , , , , , , , , , , , ], [, , , , , , , , , , , , , ], [, , , , , , , , , , , , , ], [, , , , , , , , , , , , , ], [, , , , , , , , , , , , , ], [, , , , , , , , , , , , , ], [, , , , , , , , , , , , , ], [, , , , , , , , , , , , , ], [, , , , , , , , , , , , , ], [, , , , , , , , , , , , , ], [, , , , , , , , , , , , , ], [, , , , , , , , , , , , , ], [, , , , , , , , , , , , , ], [, , , , , , , , , , , , , ], [, , , , , , , , , , , , , ], [, , , , , , , , , , , , , ], [, , , , , , , , , , , , , ], [, , , , , , , , , , , , , ], [, , , , , , , , , , , , , ], [, , , , , , , , , , , , , ], [, , , , , , , , , , , , , ], [, , , , , , , , , , , , , ], [, , , , , , , , , , , , , ], [, , , , , , , , , , , , , ], [, , , , , , , , , , , , , ], [, , , , , , , , , , , , , ], [, , , , , , , , , , , , , ], [, , , , , , , , , , , , , ], [, , , , , , , , , , , , , ], [, , , , , , , , , , , , , ], [, , , , , , , , , , , , , ], [, , , , , , , , , , , , , ], [, , , , , , , , , , , , , ], [, , , , , , , , , , , , , ], [, , , , , , , , , , , , , ], [, , , , , , , , , , , , , ], [, , , , , , , , , , , , , ], [, , , , , , , , , , , , , ], [, , , , , , , , , , , , , ], [, , , , , , , , , , , , , ], [, , , , , , , , , , , , , ], [, , , , , , , , , , , , , ], [, , , , , , , , , , , , , ], [, , , , , , , , , , , , , ], [, , , , , , , , , , , , , ], [, , , , , , , , , , , , , ], [, , , , , , , , , , , , , ], [, , , , , , , , , , , , , ], [, , , , , , , , , , , , , ], [, , , , , , , , , , , , , ], [, , , , , , , , , , , , , ], [, , , , , , , , , , , , , ], [, , , , , , , , , , , , , ], [, , , , , , , , , , , , , ], [, , , , , , , , , , , , , ], [, , , , , , , , , , , , , ], [, , , , , , , , , , , , , ], [, , , , , , , , , , , , , ], [, , , , , , , , , , , , , ], [, , , , , , , , , , , , , ], [, , , , , , , , , , , , , ], [, , , , , , , , , , , , , ], [, , , , , , , , , , , , , ], [, , , , , , , , , , , , , ], [, , , , , , , , , , , , , ], [, , , , , , , , , , , , , ], [, , , , , , , , , , , , , ], [, , , , , , , , , , , , , ], [, , , , , , , , , , , , , ], [, , , , , , , , , , , , , ], [, , , , , , , , , , , , , ], [, , , , , , , , , , , , , ], [, , , , , , , , , , , , , ], [, , , , , , , , , , , , , ], [, , , , , , , , , , , , , ], [, , , , , , , , , , , , , ], [, , , , , , , , , , , , , ], [, , , , , , , , , , , , , ]]
Track groups created: 30
Tracks created: 30
✓ Services initialized
🧪 Testing get_goals_by_dimension command...
🔄 Processing command: {"action":"get_goals_by_dimension","dimension":"SF"}
📋 Parsed command: {action: get_goals_by_dimension, dimension: SF}
🎯 Action: get_goals_by_dimension
🔍 Getting goals for dimension: SF
📊 Found 8 goals
✓ Command processed successfully
00:00 +1: LifePlanMCPService processes get_goals_by_dimension command                                                                                                                                  00:00 +1: LifePlanMCPService processes get_track_by_id command                                                                                                                                         00:00 +1: LifePlanMCPService processes get_track_by_id command                                                                                                                                         
🔄 Setting up test environment...
✓ Services initialized
🧪 Testing get_track_by_id command...
🔄 Processing command: {"action":"get_track_by_id","trackId":"ME1"}
📋 Parsed command: {action: get_track_by_id, trackId: ME1}
🎯 Action: get_track_by_id
🔍 Getting track with ID: ME1
✅ Track found: Mapa do emagrescimento
✓ Command processed successfully
00:00 +2: LifePlanMCPService processes get_track_by_id command                                                                                                                                         00:00 +2: LifePlanMCPService processes get_habits_for_challenge command                                                                                                                                00:00 +2: LifePlanMCPService processes get_habits_for_challenge command                                                                                                                                
🔄 Setting up test environment...
✓ Services initialized
🧪 Testing get_habits_for_challenge command...
🔄 Processing command: {"action":"get_habits_for_challenge","trackId":"ME1","challengeCode":"ME1PC"}
📋 Parsed command: {action: get_habits_for_challenge, trackId: ME1, challengeCode: ME1PC}
🎯 Action: get_habits_for_challenge
🔍 Getting habits for track: ME1, challenge: ME1PC
📊 Found 0 habits
✓ Command processed successfully
00:00 +3: LifePlanMCPService processes get_habits_for_challenge command                                                                                                                                00:00 +3: LifePlanMCPService processes get_recommended_habits command                                                                                                                                  00:00 +3: LifePlanMCPService processes get_recommended_habits command                                                                                                                                  
🔄 Setting up test environment...
✓ Services initialized
🧪 Testing get_recommended_habits command...
🔄 Processing command: {"action":"get_recommended_habits","dimension":"SF","minImpact":3}
📋 Parsed command: {action: get_recommended_habits, dimension: SF, minImpact: 3}
🎯 Action: get_recommended_habits
🔍 Getting recommended habits for dimension: SF
📊 Minimum impact threshold: 3
📊 Found 35 recommended habits
✓ Command processed successfully
00:00 +4: LifePlanMCPService processes get_recommended_habits command                                                                                                                                  00:00 +4: LifePlanMCPService handles unknown command gracefully                                                                                                                                        00:00 +4: LifePlanMCPService handles unknown command gracefully                                                                                                                                        
🔄 Setting up test environment...
✓ Services initialized
🧪 Testing unknown command handling...
🔄 Processing command: {"action":"unknown_command"}
📋 Parsed command: {action: unknown_command}
🎯 Action: unknown_command
❌ Unknown command: unknown_command
✓ Unknown command handled correctly
00:00 +5: LifePlanMCPService handles unknown command gracefully                                                                                                                                        00:00 +5: LifePlanMCPService handles missing required parameters gracefully                                                                                                                            00:00 +5: LifePlanMCPService handles missing required parameters gracefully                                                                                                                            
🔄 Setting up test environment...
✓ Services initialized
🧪 Testing missing parameters handling...
🔄 Processing command: {"action":"get_goals_by_dimension"}
📋 Parsed command: {action: get_goals_by_dimension}
🎯 Action: get_goals_by_dimension
⚠️ Missing dimension parameter
❌ Error processing command: Exception: Missing required parameter: dimension
✓ Missing parameters handled correctly
00:00 +6: LifePlanMCPService handles missing required parameters gracefully                                                                                                                            00:00 +6: LifePlanMCPService handles invalid track ID gracefully                                                                                                                                       00:00 +6: LifePlanMCPService handles invalid track ID gracefully                                                                                                                                       
🔄 Setting up test environment...
✓ Services initialized
🧪 Testing invalid track ID handling...
🔄 Processing command: {"action":"get_track_by_id","trackId":"INVALID_ID"}
📋 Parsed command: {action: get_track_by_id, trackId: INVALID_ID}
🎯 Action: get_track_by_id
🔍 Getting track with ID: INVALID_ID
❌ Track not found
✓ Invalid track ID handled correctly
00:00 +7: LifePlanMCPService handles invalid track ID gracefully                                                                                                                                       [ +124 ms] test 0: Test harness is no longer needed by test process
[        ] test 0: finished
[        ] test 0: cleaning up...
[        ] test 0: ensuring test device is terminated.
[        ] test 0: Terminating flutter_tester process
[        ] test 0: Shutting down DevTools server
[        ] test 0: Test process is no longer needed by test harness
[        ] test 0: Shutting down test harness socket server
[   +2 ms] test 0: flutter_tester process at pid 4070 exited with code=-9
[        ] test 0: deleting temporary directory
[        ] test 0: finished
00:00 +7: All tests passed!                                                                                                                                                                            
[   +2 ms] Deleting /var/folders/f7/rqd14g9d2rv0v4rhwj55l7v40000gn/T/flutter_tools.MIhz1e/flutter_test_compiler.sl3Pfd...
[        ] killing pid 4068
[   +5 ms] Deleting /var/folders/f7/rqd14g9d2rv0v4rhwj55l7v40000gn/T/flutter_tools.MIhz1e/flutter_test_fonts.JvZyQs...
[   +1 ms] test package returned with exit code 0
[        ] Runtime for phase TestRunner: Wall-clock: 0:00:00.952944; combined: 0:00:00.952958.
[        ] Runtime for phase Compile: Wall-clock: 0:00:00.474289; combined: 0:00:00.474307.
[        ] Runtime for phase Run: Wall-clock: 0:00:00.382479; combined: 0:00:00.382481.
[        ] Runtime for phase CoverageTotal: Wall-clock: 0:00:00.000000; combined: 0:00:00.000000.
[        ] Runtime for phase CoverageCollect: Wall-clock: 0:00:00.000000; combined: 0:00:00.000000.
[        ] Runtime for phase CoverageParseJson: Wall-clock: 0:00:00.000000; combined: 0:00:00.000000.
[        ] Runtime for phase CoverageAddHitmap: Wall-clock: 0:00:00.000000; combined: 0:00:00.000000.
[        ] Runtime for phase CoverageDataCollect: Wall-clock: 0:00:00.000000; combined: 0:00:00.000000.
[        ] Runtime for phase WatcherFinishedTest: Wall-clock: 0:00:00.000285; combined: 0:00:00.000285.
[   +2 ms] "flutter test" took 1,319ms.
[  +18 ms] Running 3 shutdown hooks
[        ] Shutdown hooks complete
[ +137 ms] exiting with code 0

=== Running ./test/services/life_plan_service_test.dart ===
[  +10 ms] executing: sysctl hw.optional.arm64
[   +5 ms] Exit code 0 from: sysctl hw.optional.arm64
[        ] hw.optional.arm64: 1
[   +7 ms] executing: sw_vers -productName
[   +6 ms] Exit code 0 from: sw_vers -productName
[        ] macOS
[        ] executing: sw_vers -productVersion
[   +6 ms] Exit code 0 from: sw_vers -productVersion
[        ] 14.6.1
[        ] executing: sw_vers -buildVersion
[   +5 ms] Exit code 0 from: sw_vers -buildVersion
[        ] 23G93
[        ] executing: uname -m
[   +2 ms] Exit code 0 from: uname -m
[        ] arm64
[   +8 ms] Found 1 files which will be executed as Widget Tests.
[   +2 ms] Artifact Instance of 'AndroidGenSnapshotArtifacts' is not required, skipping update.
[        ] Artifact Instance of 'AndroidInternalBuildArtifacts' is not required, skipping update.
[        ] Artifact Instance of 'IOSEngineArtifacts' is not required, skipping update.
[        ] Artifact Instance of 'FlutterWebSdk' is not required, skipping update.
[        ] Artifact Instance of 'LegacyCanvasKitRemover' is not required, skipping update.
[   +1 ms] Artifact Instance of 'WindowsEngineArtifacts' is not required, skipping update.
[        ] Artifact Instance of 'MacOSEngineArtifacts' is not required, skipping update.
[        ] Artifact Instance of 'LinuxEngineArtifacts' is not required, skipping update.
[        ] Artifact Instance of 'LinuxFuchsiaSDKArtifacts' is not required, skipping update.
[        ] Artifact Instance of 'MacOSFuchsiaSDKArtifacts' is not required, skipping update.
[        ] Artifact Instance of 'FlutterRunnerSDKArtifacts' is not required, skipping update.
[        ] Artifact Instance of 'FlutterRunnerDebugSymbols' is not required, skipping update.
[  +17 ms] Artifact Instance of 'MaterialFonts' is not required, skipping update.
[        ] Artifact Instance of 'GradleWrapper' is not required, skipping update.
[        ] Artifact Instance of 'AndroidGenSnapshotArtifacts' is not required, skipping update.
[        ] Artifact Instance of 'AndroidInternalBuildArtifacts' is not required, skipping update.
[        ] Artifact Instance of 'IOSEngineArtifacts' is not required, skipping update.
[        ] Artifact Instance of 'FlutterWebSdk' is not required, skipping update.
[        ] Artifact Instance of 'LegacyCanvasKitRemover' is not required, skipping update.
[        ] Artifact Instance of 'FlutterSdk' is not required, skipping update.
[        ] Artifact Instance of 'WindowsEngineArtifacts' is not required, skipping update.
[        ] Artifact Instance of 'MacOSEngineArtifacts' is not required, skipping update.
[        ] Artifact Instance of 'LinuxEngineArtifacts' is not required, skipping update.
[        ] Artifact Instance of 'LinuxFuchsiaSDKArtifacts' is not required, skipping update.
[        ] Artifact Instance of 'MacOSFuchsiaSDKArtifacts' is not required, skipping update.
[        ] Artifact Instance of 'FlutterRunnerSDKArtifacts' is not required, skipping update.
[        ] Artifact Instance of 'FlutterRunnerDebugSymbols' is not required, skipping update.
[        ] Artifact Instance of 'IosUsbArtifacts' is not required, skipping update.
[        ] Artifact Instance of 'IosUsbArtifacts' is not required, skipping update.
[        ] Artifact Instance of 'IosUsbArtifacts' is not required, skipping update.
[        ] Artifact Instance of 'IosUsbArtifacts' is not required, skipping update.
[        ] Artifact Instance of 'IosUsbArtifacts' is not required, skipping update.
[        ] Artifact Instance of 'FontSubsetArtifacts' is not required, skipping update.
[        ] Artifact Instance of 'PubDependencies' is not required, skipping update.
[  +21 ms] Skipping pub get: version match.
[  +13 ms] Found plugin audioplayers at /Users/alebairos/.pub-cache/hosted/pub.dev/audioplayers-5.2.1/
[   +1 ms] Found plugin audioplayers_android at /Users/alebairos/.pub-cache/hosted/pub.dev/audioplayers_android-4.0.3/
[   +1 ms] Found plugin audioplayers_darwin at /Users/alebairos/.pub-cache/hosted/pub.dev/audioplayers_darwin-5.0.2/
[   +1 ms] Found plugin audioplayers_linux at /Users/alebairos/.pub-cache/hosted/pub.dev/audioplayers_linux-3.1.0/
[   +1 ms] Found plugin audioplayers_web at /Users/alebairos/.pub-cache/hosted/pub.dev/audioplayers_web-4.1.0/
[        ] Found plugin audioplayers_windows at /Users/alebairos/.pub-cache/hosted/pub.dev/audioplayers_windows-3.1.0/
[  +20 ms] Found plugin isar_flutter_libs at /Users/alebairos/.pub-cache/hosted/pub.dev/isar_flutter_libs-3.1.0+1/
[   +9 ms] Found plugin path_provider at /Users/alebairos/.pub-cache/hosted/pub.dev/path_provider-2.1.5/
[        ] Found plugin path_provider_android at /Users/alebairos/.pub-cache/hosted/pub.dev/path_provider_android-2.2.15/
[        ] Found plugin path_provider_foundation at /Users/alebairos/.pub-cache/hosted/pub.dev/path_provider_foundation-2.4.1/
[        ] Found plugin path_provider_linux at /Users/alebairos/.pub-cache/hosted/pub.dev/path_provider_linux-2.2.1/
[   +1 ms] Found plugin path_provider_windows at /Users/alebairos/.pub-cache/hosted/pub.dev/path_provider_windows-2.3.0/
[   +2 ms] Found plugin record at /Users/alebairos/.pub-cache/hosted/pub.dev/record-4.4.4/
[        ] Found plugin record_linux at /Users/alebairos/.pub-cache/hosted/pub.dev/record_linux-0.4.1/
[        ] Found plugin record_macos at /Users/alebairos/.pub-cache/hosted/pub.dev/record_macos-0.2.2/
[        ] Found plugin record_web at /Users/alebairos/.pub-cache/hosted/pub.dev/record_web-0.5.0/
[        ] Found plugin record_windows at /Users/alebairos/.pub-cache/hosted/pub.dev/record_windows-0.7.1/
[  +17 ms] Found plugin audioplayers at /Users/alebairos/.pub-cache/hosted/pub.dev/audioplayers-5.2.1/
[        ] Found plugin audioplayers_android at /Users/alebairos/.pub-cache/hosted/pub.dev/audioplayers_android-4.0.3/
[        ] Found plugin audioplayers_darwin at /Users/alebairos/.pub-cache/hosted/pub.dev/audioplayers_darwin-5.0.2/
[        ] Found plugin audioplayers_linux at /Users/alebairos/.pub-cache/hosted/pub.dev/audioplayers_linux-3.1.0/
[        ] Found plugin audioplayers_web at /Users/alebairos/.pub-cache/hosted/pub.dev/audioplayers_web-4.1.0/
[        ] Found plugin audioplayers_windows at /Users/alebairos/.pub-cache/hosted/pub.dev/audioplayers_windows-3.1.0/
[   +9 ms] Found plugin isar_flutter_libs at /Users/alebairos/.pub-cache/hosted/pub.dev/isar_flutter_libs-3.1.0+1/
[   +4 ms] Found plugin path_provider at /Users/alebairos/.pub-cache/hosted/pub.dev/path_provider-2.1.5/
[        ] Found plugin path_provider_android at /Users/alebairos/.pub-cache/hosted/pub.dev/path_provider_android-2.2.15/
[        ] Found plugin path_provider_foundation at /Users/alebairos/.pub-cache/hosted/pub.dev/path_provider_foundation-2.4.1/
[        ] Found plugin path_provider_linux at /Users/alebairos/.pub-cache/hosted/pub.dev/path_provider_linux-2.2.1/
[        ] Found plugin path_provider_windows at /Users/alebairos/.pub-cache/hosted/pub.dev/path_provider_windows-2.3.0/
[   +1 ms] Found plugin record at /Users/alebairos/.pub-cache/hosted/pub.dev/record-4.4.4/
[        ] Found plugin record_linux at /Users/alebairos/.pub-cache/hosted/pub.dev/record_linux-0.4.1/
[        ] Found plugin record_macos at /Users/alebairos/.pub-cache/hosted/pub.dev/record_macos-0.2.2/
[        ] Found plugin record_web at /Users/alebairos/.pub-cache/hosted/pub.dev/record_web-0.5.0/
[        ] Found plugin record_windows at /Users/alebairos/.pub-cache/hosted/pub.dev/record_windows-0.7.1/
[  +14 ms] Found plugin audioplayers at /Users/alebairos/.pub-cache/hosted/pub.dev/audioplayers-5.2.1/
[        ] Found plugin audioplayers_android at /Users/alebairos/.pub-cache/hosted/pub.dev/audioplayers_android-4.0.3/
[        ] Found plugin audioplayers_darwin at /Users/alebairos/.pub-cache/hosted/pub.dev/audioplayers_darwin-5.0.2/
[        ] Found plugin audioplayers_linux at /Users/alebairos/.pub-cache/hosted/pub.dev/audioplayers_linux-3.1.0/
[        ] Found plugin audioplayers_web at /Users/alebairos/.pub-cache/hosted/pub.dev/audioplayers_web-4.1.0/
[        ] Found plugin audioplayers_windows at /Users/alebairos/.pub-cache/hosted/pub.dev/audioplayers_windows-3.1.0/
[   +7 ms] Found plugin isar_flutter_libs at /Users/alebairos/.pub-cache/hosted/pub.dev/isar_flutter_libs-3.1.0+1/
[   +3 ms] Found plugin path_provider at /Users/alebairos/.pub-cache/hosted/pub.dev/path_provider-2.1.5/
[        ] Found plugin path_provider_android at /Users/alebairos/.pub-cache/hosted/pub.dev/path_provider_android-2.2.15/
[        ] Found plugin path_provider_foundation at /Users/alebairos/.pub-cache/hosted/pub.dev/path_provider_foundation-2.4.1/
[        ] Found plugin path_provider_linux at /Users/alebairos/.pub-cache/hosted/pub.dev/path_provider_linux-2.2.1/
[        ] Found plugin path_provider_windows at /Users/alebairos/.pub-cache/hosted/pub.dev/path_provider_windows-2.3.0/
[   +1 ms] Found plugin record at /Users/alebairos/.pub-cache/hosted/pub.dev/record-4.4.4/
[        ] Found plugin record_linux at /Users/alebairos/.pub-cache/hosted/pub.dev/record_linux-0.4.1/
[        ] Found plugin record_macos at /Users/alebairos/.pub-cache/hosted/pub.dev/record_macos-0.2.2/
[        ] Found plugin record_web at /Users/alebairos/.pub-cache/hosted/pub.dev/record_web-0.5.0/
[        ] Found plugin record_windows at /Users/alebairos/.pub-cache/hosted/pub.dev/record_windows-0.7.1/
[   +8 ms] Generating /Users/alebairos/Projects/mobile/chat_app/android/app/src/main/java/io/flutter/plugins/GeneratedPluginRegistrant.java
[  +10 ms] executing: sysctl hw.optional.arm64
[   +1 ms] Exit code 0 from: sysctl hw.optional.arm64
[        ] hw.optional.arm64: 1
[        ] executing: /usr/bin/arch -arm64e xcrun xcodebuild -version
[  +40 ms] Exit code 0 from: /usr/bin/arch -arm64e xcrun xcodebuild -version
[        ] Xcode 16.2
           Build version 16C5032a
[  +41 ms] No packages with native assets. Skipping native assets compilation.
[        ] Writing native assets json to file:///Users/alebairos/Projects/mobile/chat_app/build/native_assets/macos/native_assets.json.
[        ] Writing /Users/alebairos/Projects/mobile/chat_app/build/native_assets/macos/native_assets.json done.
[  +63 ms] running test package with arguments: [--no-color, --chain-stack-traces, --, file:///Users/alebairos/Projects/mobile/chat_app/test/services/life_plan_service_test.dart?]
00:00 +0: loading /Users/alebairos/Projects/mobile/chat_app/test/services/life_plan_service_test.dart                                                                                                  [  +75 ms] test 0: starting test /Users/alebairos/Projects/mobile/chat_app/test/services/life_plan_service_test.dart
[   +1 ms] Stopping scan for flutter_test_config.dart; found project root at /Users/alebairos/Projects/mobile/chat_app
[        ] Compiler will use the following file as its incremental dill file: /var/folders/f7/rqd14g9d2rv0v4rhwj55l7v40000gn/T/flutter_tools.vGq7Zk/flutter_test_compiler.DGzug9/output.dill
[        ] Listening to compiler controller...
[   +2 ms] Compiling file:///var/folders/f7/rqd14g9d2rv0v4rhwj55l7v40000gn/T/flutter_tools.vGq7Zk/flutter_test_listener.chpwyK/listener.dart
[   +5 ms] Found plugin audioplayers at /Users/alebairos/.pub-cache/hosted/pub.dev/audioplayers-5.2.1/
[   +9 ms] Found plugin audioplayers_android at /Users/alebairos/.pub-cache/hosted/pub.dev/audioplayers_android-4.0.3/
[        ] Found plugin audioplayers_darwin at /Users/alebairos/.pub-cache/hosted/pub.dev/audioplayers_darwin-5.0.2/
[        ] Found plugin audioplayers_linux at /Users/alebairos/.pub-cache/hosted/pub.dev/audioplayers_linux-3.1.0/
[        ] Found plugin audioplayers_web at /Users/alebairos/.pub-cache/hosted/pub.dev/audioplayers_web-4.1.0/
[        ] Found plugin audioplayers_windows at /Users/alebairos/.pub-cache/hosted/pub.dev/audioplayers_windows-3.1.0/
[   +8 ms] Found plugin isar_flutter_libs at /Users/alebairos/.pub-cache/hosted/pub.dev/isar_flutter_libs-3.1.0+1/
[   +3 ms] Found plugin path_provider at /Users/alebairos/.pub-cache/hosted/pub.dev/path_provider-2.1.5/
[        ] Found plugin path_provider_android at /Users/alebairos/.pub-cache/hosted/pub.dev/path_provider_android-2.2.15/
[        ] Found plugin path_provider_foundation at /Users/alebairos/.pub-cache/hosted/pub.dev/path_provider_foundation-2.4.1/
[        ] Found plugin path_provider_linux at /Users/alebairos/.pub-cache/hosted/pub.dev/path_provider_linux-2.2.1/
[        ] Found plugin path_provider_windows at /Users/alebairos/.pub-cache/hosted/pub.dev/path_provider_windows-2.3.0/
[   +1 ms] Found plugin record at /Users/alebairos/.pub-cache/hosted/pub.dev/record-4.4.4/
[        ] Found plugin record_linux at /Users/alebairos/.pub-cache/hosted/pub.dev/record_linux-0.4.1/
[        ] Found plugin record_macos at /Users/alebairos/.pub-cache/hosted/pub.dev/record_macos-0.2.2/
[        ] Found plugin record_web at /Users/alebairos/.pub-cache/hosted/pub.dev/record_web-0.5.0/
[        ] Found plugin record_windows at /Users/alebairos/.pub-cache/hosted/pub.dev/record_windows-0.7.1/
[   +9 ms] /opt/homebrew/Caskroom/flutter/3.27.2/flutter/bin/cache/dart-sdk/bin/dartaotruntime /opt/homebrew/Caskroom/flutter/3.27.2/flutter/bin/cache/dart-sdk/bin/snapshots/frontend_server_aot.dart.snapshot --sdk-root /opt/homebrew/Caskroom/flutter/3.27.2/flutter/bin/cache/artifacts/engine/common/flutter_patched_sdk/ --incremental --no-print-incremental-dependencies --target=flutter --experimental-emit-debug-metadata --output-dill /var/folders/f7/rqd14g9d2rv0v4rhwj55l7v40000gn/T/flutter_tools.vGq7Zk/flutter_test_compiler.DGzug9/output.dill --packages /Users/alebairos/Projects/mobile/chat_app/.dart_tool/package_config.json -Ddart.vm.profile=false -Ddart.vm.product=false --enable-asserts --track-widget-creation --initialize-from-dill /Users/alebairos/Projects/mobile/chat_app/build/test_cache/build/cache.dill.track.dill --verbosity=error
[   +4 ms] <- compile file:///var/folders/f7/rqd14g9d2rv0v4rhwj55l7v40000gn/T/flutter_tools.vGq7Zk/flutter_test_listener.chpwyK/listener.dart
[ +365 ms] <- accept
[        ] <- reset
[        ] Compiling file:///var/folders/f7/rqd14g9d2rv0v4rhwj55l7v40000gn/T/flutter_tools.vGq7Zk/flutter_test_listener.chpwyK/listener.dart took 411ms
[        ] test 0: starting test device
[   +1 ms] test 0: awaiting connection to test device
[        ] test 0: VM Service uri is not available
[   +1 ms] test 0: test harness socket server is running at port:50444
[        ] Using this directory for fonts configuration: /var/folders/f7/rqd14g9d2rv0v4rhwj55l7v40000gn/T/flutter_tools.vGq7Zk/flutter_test_fonts.cSrRPq
[        ] test 0: Starting flutter_tester process with command=[/opt/homebrew/Caskroom/flutter/3.27.2/flutter/bin/cache/artifacts/engine/darwin-x64/flutter_tester, --disable-vm-service, --enable-checked-mode, --verify-entry-points, --enable-software-rendering, --skia-deterministic-rendering, --enable-dart-profiling, --non-interactive, --use-test-fonts, --disable-asset-fonts, --packages=/Users/alebairos/Projects/mobile/chat_app/.dart_tool/package_config.json, --flutter-assets-dir=/Users/alebairos/Projects/mobile/chat_app/build/unit_test_assets, /var/folders/f7/rqd14g9d2rv0v4rhwj55l7v40000gn/T/flutter_tools.vGq7Zk/flutter_test_listener.chpwyK/listener.dart.dill], environment={FLUTTER_TEST: true, FONTCONFIG_FILE: /var/folders/f7/rqd14g9d2rv0v4rhwj55l7v40000gn/T/flutter_tools.vGq7Zk/flutter_test_fonts.cSrRPq/fonts.conf, SERVER_PORT: 50444, APP_NAME: character_ai_clone, UNIT_TEST_ASSETS: /Users/alebairos/Projects/mobile/chat_app/build/unit_test_assets}
[   +2 ms] test 0: Started flutter_tester process at pid 4111
[ +334 ms] test 0: connected to test device, now awaiting test result
[        ] test 0: Waiting for test harness or tests to finish
00:00 +0: LifePlanService loads goals correctly                                                                                                                                                        00:00 +0: LifePlanService loads goals correctly                                                                                                                                                        
Loading asset: assets/data/Objetivos.csv
Returning goals data: dimension;id;description;trackId
SF;OPP1;Perder peso;ME1
SM;OMS1;Meditar diariamente;ME2
R;OR1;Melhorar relacionamentos;RE1
Loading asset: assets/data/habitos.csv
Returning habits data: id;description;intensity;duration;R;T;SF;E;SM
SF1;Exercício;Alta;30min;0;0;5;0;2
SM1;Meditação;Média;15min;0;1;0;3;5
R1;Escuta ativa;Alta;30min;5;2;0;0;1
Loading asset: assets/data/Trilhas.csv
Returning tracks data: dimension;trackCode;trackName;challengeCode;challengeName;level;habitId;frequency
SF;ME1;Energia;ME1PC;Primeiro Contato;1;SF1;7
SF;ME1;Energia;ME1PC;Primeiro Contato;1;SM1;3
SM;ME2;Mente;ME2PC;Básico;1;SM1;5
Goals data loaded: dimension;id;description;trackId
SF;OPP1;Perder peso;ME1
SM;OMS1;Meditar diariamente;ME2
R;OR1;Melhorar relacionamentos;RE1
All rows: [[dimension, id, description, trackId], [SF, OPP1, Perder peso, ME1], [SM, OMS1, Meditar diariamente, ME2], [R, OR1, Melhorar relacionamentos, RE1]]
Data rows: [[SF, OPP1, Perder peso, ME1], [SM, OMS1, Meditar diariamente, ME2], [R, OR1, Melhorar relacionamentos, RE1]]
Goals created: 3
Habits data loaded: id;description;intensity;duration;R;T;SF;E;SM
SF1;Exercício;Alta;30min;0;0;5;0;2
SM1;Meditação;Média;15min;0;1;0;3;5
R1;Escuta ativa;Alta;30min;5;2;0;0;1
All rows: [[id, description, intensity, duration, R, T, SF, E, SM], [SF1, Exercício, Alta, 30min, 0, 0, 5, 0, 2], [SM1, Meditação, Média, 15min, 0, 1, 0, 3, 5], [R1, Escuta ativa, Alta, 30min, 5, 2, 0, 0, 1]]
Data rows: [[SF1, Exercício, Alta, 30min, 0, 0, 5, 0, 2], [SM1, Meditação, Média, 15min, 0, 1, 0, 3, 5], [R1, Escuta ativa, Alta, 30min, 5, 2, 0, 0, 1]]
Habits created: 3
Tracks data loaded: dimension;trackCode;trackName;challengeCode;challengeName;level;habitId;frequency
SF;ME1;Energia;ME1PC;Primeiro Contato;1;SF1;7
SF;ME1;Energia;ME1PC;Primeiro Contato;1;SM1;3
SM;ME2;Mente;ME2PC;Básico;1;SM1;5
All rows: [[dimension, trackCode, trackName, challengeCode, challengeName, level, habitId, frequency], [SF, ME1, Energia, ME1PC, Primeiro Contato, 1, SF1, 7], [SF, ME1, Energia, ME1PC, Primeiro Contato, 1, SM1, 3], [SM, ME2, Mente, ME2PC, Básico, 1, SM1, 5]]
Data rows: [[SF, ME1, Energia, ME1PC, Primeiro Contato, 1, SF1, 7], [SF, ME1, Energia, ME1PC, Primeiro Contato, 1, SM1, 3], [SM, ME2, Mente, ME2PC, Básico, 1, SM1, 5]]
Track groups created: 2
Tracks created: 2
Goals loaded: 3
Habits loaded: 3
Tracks loaded: 2
00:00 +1: LifePlanService loads goals correctly                                                                                                                                                        00:00 +1: LifePlanService loads habits correctly                                                                                                                                                       00:00 +1: LifePlanService loads habits correctly                                                                                                                                                       
Goals loaded: 3
Habits loaded: 3
Tracks loaded: 2
00:00 +2: LifePlanService loads habits correctly                                                                                                                                                       00:00 +2: LifePlanService loads tracks correctly                                                                                                                                                       00:00 +2: LifePlanService loads tracks correctly                                                                                                                                                       
Goals loaded: 3
Habits loaded: 3
Tracks loaded: 2
00:00 +3: LifePlanService loads tracks correctly                                                                                                                                                       00:00 +3: LifePlanService getGoalsByDimension returns correct goals                                                                                                                                    00:00 +3: LifePlanService getGoalsByDimension returns correct goals                                                                                                                                    
Goals loaded: 3
Habits loaded: 3
Tracks loaded: 2
00:00 +4: LifePlanService getGoalsByDimension returns correct goals                                                                                                                                    00:00 +4: LifePlanService getHabitById returns correct habit                                                                                                                                           00:00 +4: LifePlanService getHabitById returns correct habit                                                                                                                                           
Goals loaded: 3
Habits loaded: 3
Tracks loaded: 2
00:00 +5: LifePlanService getHabitById returns correct habit                                                                                                                                           00:00 +5: LifePlanService getTrackById returns correct track                                                                                                                                           00:00 +5: LifePlanService getTrackById returns correct track                                                                                                                                           
Goals loaded: 3
Habits loaded: 3
Tracks loaded: 2
00:00 +6: LifePlanService getTrackById returns correct track                                                                                                                                           00:00 +6: LifePlanService getHabitsForChallenge returns correct habits                                                                                                                                 00:00 +6: LifePlanService getHabitsForChallenge returns correct habits                                                                                                                                 
Goals loaded: 3
Habits loaded: 3
Tracks loaded: 2
00:00 +7: LifePlanService getHabitsForChallenge returns correct habits                                                                                                                                 00:00 +7: LifePlanService getRecommendedHabits returns habits above impact threshold                                                                                                                   00:00 +7: LifePlanService getRecommendedHabits returns habits above impact threshold                                                                                                                   
Goals loaded: 3
Habits loaded: 3
Tracks loaded: 2
00:00 +8: LifePlanService getRecommendedHabits returns habits above impact threshold                                                                                                                   00:00 +8: LifePlanService singleton instance works correctly                                                                                                                                           00:00 +8: LifePlanService singleton instance works correctly                                                                                                                                           
Goals loaded: 3
Habits loaded: 3
Tracks loaded: 2
00:00 +9: LifePlanService singleton instance works correctly                                                                                                                                           [  +86 ms] test 0: Test harness is no longer needed by test process
[        ] test 0: finished
[        ] test 0: cleaning up...
[        ] test 0: ensuring test device is terminated.
[        ] test 0: Terminating flutter_tester process
[        ] test 0: Shutting down DevTools server
[        ] test 0: Test process is no longer needed by test harness
[        ] test 0: Shutting down test harness socket server
[   +1 ms] test 0: flutter_tester process at pid 4111 exited with code=-9
[        ] test 0: deleting temporary directory
[        ] test 0: finished
00:00 +9: All tests passed!                                                                                                                                                                            
[   +2 ms] Deleting /var/folders/f7/rqd14g9d2rv0v4rhwj55l7v40000gn/T/flutter_tools.vGq7Zk/flutter_test_compiler.DGzug9...
[        ] killing pid 4110
[   +5 ms] Deleting /var/folders/f7/rqd14g9d2rv0v4rhwj55l7v40000gn/T/flutter_tools.vGq7Zk/flutter_test_fonts.cSrRPq...
[        ] test package returned with exit code 0
[        ] Runtime for phase TestRunner: Wall-clock: 0:00:00.939766; combined: 0:00:00.939781.
[        ] Runtime for phase Compile: Wall-clock: 0:00:00.412045; combined: 0:00:00.412059.
[        ] Runtime for phase Run: Wall-clock: 0:00:00.427711; combined: 0:00:00.427713.
[        ] Runtime for phase CoverageTotal: Wall-clock: 0:00:00.000000; combined: 0:00:00.000000.
[        ] Runtime for phase CoverageCollect: Wall-clock: 0:00:00.000000; combined: 0:00:00.000000.
[        ] Runtime for phase CoverageParseJson: Wall-clock: 0:00:00.000000; combined: 0:00:00.000000.
[        ] Runtime for phase CoverageAddHitmap: Wall-clock: 0:00:00.000000; combined: 0:00:00.000000.
[        ] Runtime for phase CoverageDataCollect: Wall-clock: 0:00:00.000000; combined: 0:00:00.000000.
[        ] Runtime for phase WatcherFinishedTest: Wall-clock: 0:00:00.000296; combined: 0:00:00.000296.
[   +2 ms] "flutter test" took 1,308ms.
[  +19 ms] Running 3 shutdown hooks
[        ] Shutdown hooks complete
[ +124 ms] exiting with code 0

=== Running ./lib/test/claude_test.dart ===
[  +10 ms] executing: sysctl hw.optional.arm64
[   +5 ms] Exit code 0 from: sysctl hw.optional.arm64
[        ] hw.optional.arm64: 1
[   +7 ms] executing: sw_vers -productName
[   +6 ms] Exit code 0 from: sw_vers -productName
[        ] macOS
[        ] executing: sw_vers -productVersion
[   +5 ms] Exit code 0 from: sw_vers -productVersion
[        ] 14.6.1
[        ] executing: sw_vers -buildVersion
[   +5 ms] Exit code 0 from: sw_vers -buildVersion
[        ] 23G93
[        ] executing: uname -m
[   +2 ms] Exit code 0 from: uname -m
[        ] arm64
[   +8 ms] Found 1 files which will be executed as Widget Tests.
[   +2 ms] Artifact Instance of 'AndroidGenSnapshotArtifacts' is not required, skipping update.
[        ] Artifact Instance of 'AndroidInternalBuildArtifacts' is not required, skipping update.
[        ] Artifact Instance of 'IOSEngineArtifacts' is not required, skipping update.
[        ] Artifact Instance of 'FlutterWebSdk' is not required, skipping update.
[        ] Artifact Instance of 'LegacyCanvasKitRemover' is not required, skipping update.
[   +2 ms] Artifact Instance of 'WindowsEngineArtifacts' is not required, skipping update.
[        ] Artifact Instance of 'MacOSEngineArtifacts' is not required, skipping update.
[        ] Artifact Instance of 'LinuxEngineArtifacts' is not required, skipping update.
[        ] Artifact Instance of 'LinuxFuchsiaSDKArtifacts' is not required, skipping update.
[        ] Artifact Instance of 'MacOSFuchsiaSDKArtifacts' is not required, skipping update.
[        ] Artifact Instance of 'FlutterRunnerSDKArtifacts' is not required, skipping update.
[        ] Artifact Instance of 'FlutterRunnerDebugSymbols' is not required, skipping update.
[  +17 ms] Artifact Instance of 'MaterialFonts' is not required, skipping update.
[        ] Artifact Instance of 'GradleWrapper' is not required, skipping update.
[        ] Artifact Instance of 'AndroidGenSnapshotArtifacts' is not required, skipping update.
[        ] Artifact Instance of 'AndroidInternalBuildArtifacts' is not required, skipping update.
[        ] Artifact Instance of 'IOSEngineArtifacts' is not required, skipping update.
[        ] Artifact Instance of 'FlutterWebSdk' is not required, skipping update.
[        ] Artifact Instance of 'LegacyCanvasKitRemover' is not required, skipping update.
[        ] Artifact Instance of 'FlutterSdk' is not required, skipping update.
[        ] Artifact Instance of 'WindowsEngineArtifacts' is not required, skipping update.
[        ] Artifact Instance of 'MacOSEngineArtifacts' is not required, skipping update.
[        ] Artifact Instance of 'LinuxEngineArtifacts' is not required, skipping update.
[        ] Artifact Instance of 'LinuxFuchsiaSDKArtifacts' is not required, skipping update.
[        ] Artifact Instance of 'MacOSFuchsiaSDKArtifacts' is not required, skipping update.
[        ] Artifact Instance of 'FlutterRunnerSDKArtifacts' is not required, skipping update.
[        ] Artifact Instance of 'FlutterRunnerDebugSymbols' is not required, skipping update.
[        ] Artifact Instance of 'IosUsbArtifacts' is not required, skipping update.
[        ] Artifact Instance of 'IosUsbArtifacts' is not required, skipping update.
[        ] Artifact Instance of 'IosUsbArtifacts' is not required, skipping update.
[        ] Artifact Instance of 'IosUsbArtifacts' is not required, skipping update.
[        ] Artifact Instance of 'IosUsbArtifacts' is not required, skipping update.
[        ] Artifact Instance of 'FontSubsetArtifacts' is not required, skipping update.
[        ] Artifact Instance of 'PubDependencies' is not required, skipping update.
[  +21 ms] Skipping pub get: version match.
[  +13 ms] Found plugin audioplayers at /Users/alebairos/.pub-cache/hosted/pub.dev/audioplayers-5.2.1/
[   +1 ms] Found plugin audioplayers_android at /Users/alebairos/.pub-cache/hosted/pub.dev/audioplayers_android-4.0.3/
[   +1 ms] Found plugin audioplayers_darwin at /Users/alebairos/.pub-cache/hosted/pub.dev/audioplayers_darwin-5.0.2/
[   +1 ms] Found plugin audioplayers_linux at /Users/alebairos/.pub-cache/hosted/pub.dev/audioplayers_linux-3.1.0/
[   +1 ms] Found plugin audioplayers_web at /Users/alebairos/.pub-cache/hosted/pub.dev/audioplayers_web-4.1.0/
[        ] Found plugin audioplayers_windows at /Users/alebairos/.pub-cache/hosted/pub.dev/audioplayers_windows-3.1.0/
[  +20 ms] Found plugin isar_flutter_libs at /Users/alebairos/.pub-cache/hosted/pub.dev/isar_flutter_libs-3.1.0+1/
[   +9 ms] Found plugin path_provider at /Users/alebairos/.pub-cache/hosted/pub.dev/path_provider-2.1.5/
[        ] Found plugin path_provider_android at /Users/alebairos/.pub-cache/hosted/pub.dev/path_provider_android-2.2.15/
[        ] Found plugin path_provider_foundation at /Users/alebairos/.pub-cache/hosted/pub.dev/path_provider_foundation-2.4.1/
[        ] Found plugin path_provider_linux at /Users/alebairos/.pub-cache/hosted/pub.dev/path_provider_linux-2.2.1/
[   +1 ms] Found plugin path_provider_windows at /Users/alebairos/.pub-cache/hosted/pub.dev/path_provider_windows-2.3.0/
[   +2 ms] Found plugin record at /Users/alebairos/.pub-cache/hosted/pub.dev/record-4.4.4/
[        ] Found plugin record_linux at /Users/alebairos/.pub-cache/hosted/pub.dev/record_linux-0.4.1/
[        ] Found plugin record_macos at /Users/alebairos/.pub-cache/hosted/pub.dev/record_macos-0.2.2/
[        ] Found plugin record_web at /Users/alebairos/.pub-cache/hosted/pub.dev/record_web-0.5.0/
[        ] Found plugin record_windows at /Users/alebairos/.pub-cache/hosted/pub.dev/record_windows-0.7.1/
[  +17 ms] Found plugin audioplayers at /Users/alebairos/.pub-cache/hosted/pub.dev/audioplayers-5.2.1/
[        ] Found plugin audioplayers_android at /Users/alebairos/.pub-cache/hosted/pub.dev/audioplayers_android-4.0.3/
[        ] Found plugin audioplayers_darwin at /Users/alebairos/.pub-cache/hosted/pub.dev/audioplayers_darwin-5.0.2/
[   +1 ms] Found plugin audioplayers_linux at /Users/alebairos/.pub-cache/hosted/pub.dev/audioplayers_linux-3.1.0/
[        ] Found plugin audioplayers_web at /Users/alebairos/.pub-cache/hosted/pub.dev/audioplayers_web-4.1.0/
[        ] Found plugin audioplayers_windows at /Users/alebairos/.pub-cache/hosted/pub.dev/audioplayers_windows-3.1.0/
[  +10 ms] Found plugin isar_flutter_libs at /Users/alebairos/.pub-cache/hosted/pub.dev/isar_flutter_libs-3.1.0+1/
[   +4 ms] Found plugin path_provider at /Users/alebairos/.pub-cache/hosted/pub.dev/path_provider-2.1.5/
[        ] Found plugin path_provider_android at /Users/alebairos/.pub-cache/hosted/pub.dev/path_provider_android-2.2.15/
[        ] Found plugin path_provider_foundation at /Users/alebairos/.pub-cache/hosted/pub.dev/path_provider_foundation-2.4.1/
[        ] Found plugin path_provider_linux at /Users/alebairos/.pub-cache/hosted/pub.dev/path_provider_linux-2.2.1/
[        ] Found plugin path_provider_windows at /Users/alebairos/.pub-cache/hosted/pub.dev/path_provider_windows-2.3.0/
[   +1 ms] Found plugin record at /Users/alebairos/.pub-cache/hosted/pub.dev/record-4.4.4/
[        ] Found plugin record_linux at /Users/alebairos/.pub-cache/hosted/pub.dev/record_linux-0.4.1/
[        ] Found plugin record_macos at /Users/alebairos/.pub-cache/hosted/pub.dev/record_macos-0.2.2/
[        ] Found plugin record_web at /Users/alebairos/.pub-cache/hosted/pub.dev/record_web-0.5.0/
[        ] Found plugin record_windows at /Users/alebairos/.pub-cache/hosted/pub.dev/record_windows-0.7.1/
[  +14 ms] Found plugin audioplayers at /Users/alebairos/.pub-cache/hosted/pub.dev/audioplayers-5.2.1/
[        ] Found plugin audioplayers_android at /Users/alebairos/.pub-cache/hosted/pub.dev/audioplayers_android-4.0.3/
[        ] Found plugin audioplayers_darwin at /Users/alebairos/.pub-cache/hosted/pub.dev/audioplayers_darwin-5.0.2/
[        ] Found plugin audioplayers_linux at /Users/alebairos/.pub-cache/hosted/pub.dev/audioplayers_linux-3.1.0/
[        ] Found plugin audioplayers_web at /Users/alebairos/.pub-cache/hosted/pub.dev/audioplayers_web-4.1.0/
[        ] Found plugin audioplayers_windows at /Users/alebairos/.pub-cache/hosted/pub.dev/audioplayers_windows-3.1.0/
[   +7 ms] Found plugin isar_flutter_libs at /Users/alebairos/.pub-cache/hosted/pub.dev/isar_flutter_libs-3.1.0+1/
[   +3 ms] Found plugin path_provider at /Users/alebairos/.pub-cache/hosted/pub.dev/path_provider-2.1.5/
[        ] Found plugin path_provider_android at /Users/alebairos/.pub-cache/hosted/pub.dev/path_provider_android-2.2.15/
[        ] Found plugin path_provider_foundation at /Users/alebairos/.pub-cache/hosted/pub.dev/path_provider_foundation-2.4.1/
[        ] Found plugin path_provider_linux at /Users/alebairos/.pub-cache/hosted/pub.dev/path_provider_linux-2.2.1/
[        ] Found plugin path_provider_windows at /Users/alebairos/.pub-cache/hosted/pub.dev/path_provider_windows-2.3.0/
[   +1 ms] Found plugin record at /Users/alebairos/.pub-cache/hosted/pub.dev/record-4.4.4/
[        ] Found plugin record_linux at /Users/alebairos/.pub-cache/hosted/pub.dev/record_linux-0.4.1/
[        ] Found plugin record_macos at /Users/alebairos/.pub-cache/hosted/pub.dev/record_macos-0.2.2/
[        ] Found plugin record_web at /Users/alebairos/.pub-cache/hosted/pub.dev/record_web-0.5.0/
[        ] Found plugin record_windows at /Users/alebairos/.pub-cache/hosted/pub.dev/record_windows-0.7.1/
[   +8 ms] Generating /Users/alebairos/Projects/mobile/chat_app/android/app/src/main/java/io/flutter/plugins/GeneratedPluginRegistrant.java
[  +10 ms] executing: sysctl hw.optional.arm64
[   +1 ms] Exit code 0 from: sysctl hw.optional.arm64
[        ] hw.optional.arm64: 1
[        ] executing: /usr/bin/arch -arm64e xcrun xcodebuild -version
[  +39 ms] Exit code 0 from: /usr/bin/arch -arm64e xcrun xcodebuild -version
[        ] Xcode 16.2
           Build version 16C5032a
[  +41 ms] No packages with native assets. Skipping native assets compilation.
[        ] Writing native assets json to file:///Users/alebairos/Projects/mobile/chat_app/build/native_assets/macos/native_assets.json.
[        ] Writing /Users/alebairos/Projects/mobile/chat_app/build/native_assets/macos/native_assets.json done.
[  +63 ms] running test package with arguments: [--no-color, --chain-stack-traces, --, file:///Users/alebairos/Projects/mobile/chat_app/lib/test/claude_test.dart?]
00:00 +0: loading /Users/alebairos/Projects/mobile/chat_app/lib/test/claude_test.dart                                                                                                                  [  +67 ms] test 0: starting test /Users/alebairos/Projects/mobile/chat_app/lib/test/claude_test.dart
[   +1 ms] Stopping scan for flutter_test_config.dart; found project root at /Users/alebairos/Projects/mobile/chat_app
[        ] Compiler will use the following file as its incremental dill file: /var/folders/f7/rqd14g9d2rv0v4rhwj55l7v40000gn/T/flutter_tools.f47322/flutter_test_compiler.QEECkM/output.dill
[        ] Listening to compiler controller...
[   +3 ms] Compiling file:///var/folders/f7/rqd14g9d2rv0v4rhwj55l7v40000gn/T/flutter_tools.f47322/flutter_test_listener.mpDLzf/listener.dart
[  +15 ms] Found plugin audioplayers at /Users/alebairos/.pub-cache/hosted/pub.dev/audioplayers-5.2.1/
[        ] Found plugin audioplayers_android at /Users/alebairos/.pub-cache/hosted/pub.dev/audioplayers_android-4.0.3/
[        ] Found plugin audioplayers_darwin at /Users/alebairos/.pub-cache/hosted/pub.dev/audioplayers_darwin-5.0.2/
[        ] Found plugin audioplayers_linux at /Users/alebairos/.pub-cache/hosted/pub.dev/audioplayers_linux-3.1.0/
[        ] Found plugin audioplayers_web at /Users/alebairos/.pub-cache/hosted/pub.dev/audioplayers_web-4.1.0/
[        ] Found plugin audioplayers_windows at /Users/alebairos/.pub-cache/hosted/pub.dev/audioplayers_windows-3.1.0/
[   +8 ms] Found plugin isar_flutter_libs at /Users/alebairos/.pub-cache/hosted/pub.dev/isar_flutter_libs-3.1.0+1/
[   +3 ms] Found plugin path_provider at /Users/alebairos/.pub-cache/hosted/pub.dev/path_provider-2.1.5/
[        ] Found plugin path_provider_android at /Users/alebairos/.pub-cache/hosted/pub.dev/path_provider_android-2.2.15/
[        ] Found plugin path_provider_foundation at /Users/alebairos/.pub-cache/hosted/pub.dev/path_provider_foundation-2.4.1/
[        ] Found plugin path_provider_linux at /Users/alebairos/.pub-cache/hosted/pub.dev/path_provider_linux-2.2.1/
[        ] Found plugin path_provider_windows at /Users/alebairos/.pub-cache/hosted/pub.dev/path_provider_windows-2.3.0/
[   +1 ms] Found plugin record at /Users/alebairos/.pub-cache/hosted/pub.dev/record-4.4.4/
[        ] Found plugin record_linux at /Users/alebairos/.pub-cache/hosted/pub.dev/record_linux-0.4.1/
[        ] Found plugin record_macos at /Users/alebairos/.pub-cache/hosted/pub.dev/record_macos-0.2.2/
[        ] Found plugin record_web at /Users/alebairos/.pub-cache/hosted/pub.dev/record_web-0.5.0/
[        ] Found plugin record_windows at /Users/alebairos/.pub-cache/hosted/pub.dev/record_windows-0.7.1/
[   +9 ms] /opt/homebrew/Caskroom/flutter/3.27.2/flutter/bin/cache/dart-sdk/bin/dartaotruntime /opt/homebrew/Caskroom/flutter/3.27.2/flutter/bin/cache/dart-sdk/bin/snapshots/frontend_server_aot.dart.snapshot --sdk-root /opt/homebrew/Caskroom/flutter/3.27.2/flutter/bin/cache/artifacts/engine/common/flutter_patched_sdk/ --incremental --no-print-incremental-dependencies --target=flutter --experimental-emit-debug-metadata --output-dill /var/folders/f7/rqd14g9d2rv0v4rhwj55l7v40000gn/T/flutter_tools.f47322/flutter_test_compiler.QEECkM/output.dill --packages /Users/alebairos/Projects/mobile/chat_app/.dart_tool/package_config.json -Ddart.vm.profile=false -Ddart.vm.product=false --enable-asserts --track-widget-creation --initialize-from-dill /Users/alebairos/Projects/mobile/chat_app/build/test_cache/build/cache.dill.track.dill --verbosity=error
[   +4 ms] <- compile file:///var/folders/f7/rqd14g9d2rv0v4rhwj55l7v40000gn/T/flutter_tools.f47322/flutter_test_listener.mpDLzf/listener.dart
[ +371 ms] <- accept
[        ] <- reset
[        ] Compiling file:///var/folders/f7/rqd14g9d2rv0v4rhwj55l7v40000gn/T/flutter_tools.f47322/flutter_test_listener.mpDLzf/listener.dart took 420ms
[        ] test 0: starting test device
[   +1 ms] test 0: awaiting connection to test device
[        ] test 0: VM Service uri is not available
[   +1 ms] test 0: test harness socket server is running at port:50451
[        ] Using this directory for fonts configuration: /var/folders/f7/rqd14g9d2rv0v4rhwj55l7v40000gn/T/flutter_tools.f47322/flutter_test_fonts.4vJ8jF
[        ] test 0: Starting flutter_tester process with command=[/opt/homebrew/Caskroom/flutter/3.27.2/flutter/bin/cache/artifacts/engine/darwin-x64/flutter_tester, --disable-vm-service, --enable-checked-mode, --verify-entry-points, --enable-software-rendering, --skia-deterministic-rendering, --enable-dart-profiling, --non-interactive, --use-test-fonts, --disable-asset-fonts, --packages=/Users/alebairos/Projects/mobile/chat_app/.dart_tool/package_config.json, --flutter-assets-dir=/Users/alebairos/Projects/mobile/chat_app/build/unit_test_assets, /var/folders/f7/rqd14g9d2rv0v4rhwj55l7v40000gn/T/flutter_tools.f47322/flutter_test_listener.mpDLzf/listener.dart.dill], environment={FLUTTER_TEST: true, FONTCONFIG_FILE: /var/folders/f7/rqd14g9d2rv0v4rhwj55l7v40000gn/T/flutter_tools.f47322/flutter_test_fonts.4vJ8jF/fonts.conf, SERVER_PORT: 50451, APP_NAME: character_ai_clone, UNIT_TEST_ASSETS: /Users/alebairos/Projects/mobile/chat_app/build/unit_test_assets}
[   +3 ms] test 0: Started flutter_tester process at pid 4151
[ +330 ms] test 0: connected to test device, now awaiting test result
[        ] test 0: Waiting for test harness or tests to finish
00:00 +0: (setUpAll)                                                                                                                                                                                   00:00 +0: Claude responds with proper formatting and emoticons                                                                                                                                         00:00 +0: Claude responds with proper formatting and emoticons                                                                                                                                         
Error loading system prompt: Unable to load asset: "lib/config/claude_config.json".
The asset does not exist or has empty data.
Error initializing Claude service: Exception: Failed to load system prompt
00:00 +0 -1: Claude responds with proper formatting and emoticons [E]                                                                                                                                  
  Expected: true
    Actual: <false>
  Should contain gestures in asterisks
  
  package:matcher                                     expect
  package:flutter_test/src/widget_tester.dart 474:18  expect
  lib/test/claude_test.dart 18:5                      main.<fn>
  

To run this test again: /opt/homebrew/Caskroom/flutter/3.27.2/flutter/bin/cache/dart-sdk/bin/dart test /Users/alebairos/Projects/mobile/chat_app/lib/test/claude_test.dart -p vm --plain-name 'Claude responds with proper formatting and emoticons'
00:00 +0 -1: (tearDownAll)                                                                                                                                                                             [ +110 ms] test 0: Test harness is no longer needed by test process
[        ] test 0: finished
[        ] test 0: cleaning up...
[        ] test 0: ensuring test device is terminated.
[        ] test 0: Terminating flutter_tester process
[        ] test 0: Shutting down DevTools server
[        ] test 0: Test process is no longer needed by test harness
[        ] test 0: Shutting down test harness socket server
[   +1 ms] test 0: flutter_tester process at pid 4151 exited with code=-9
[        ] test 0: deleting temporary directory
[        ] test 0: finished
00:00 +0 -1: Some tests failed.                                                                                                                                                                        
[   +2 ms] Deleting /var/folders/f7/rqd14g9d2rv0v4rhwj55l7v40000gn/T/flutter_tools.f47322/flutter_test_compiler.QEECkM...
[        ] killing pid 4150
[   +5 ms] Deleting /var/folders/f7/rqd14g9d2rv0v4rhwj55l7v40000gn/T/flutter_tools.f47322/flutter_test_fonts.4vJ8jF...
[   +1 ms] test package returned with exit code 1
[        ] Runtime for phase TestRunner: Wall-clock: 0:00:00.959919; combined: 0:00:00.959937.
[        ] Runtime for phase Compile: Wall-clock: 0:00:00.420143; combined: 0:00:00.420157.
[        ] Runtime for phase Run: Wall-clock: 0:00:00.447147; combined: 0:00:00.447150.
[        ] Runtime for phase CoverageTotal: Wall-clock: 0:00:00.000000; combined: 0:00:00.000000.
[        ] Runtime for phase CoverageCollect: Wall-clock: 0:00:00.000000; combined: 0:00:00.000000.
[        ] Runtime for phase CoverageParseJson: Wall-clock: 0:00:00.000000; combined: 0:00:00.000000.
[        ] Runtime for phase CoverageAddHitmap: Wall-clock: 0:00:00.000000; combined: 0:00:00.000000.
[        ] Runtime for phase CoverageDataCollect: Wall-clock: 0:00:00.000000; combined: 0:00:00.000000.
[        ] Runtime for phase WatcherFinishedTest: Wall-clock: 0:00:00.000309; combined: 0:00:00.000311.
[   +3 ms] "flutter test" took 1,330ms.
[  +21 ms] 
           #0      throwToolExit (package:flutter_tools/src/base/common.dart:34:3)
           #1      TestCommand.runCommand (package:flutter_tools/src/commands/test.dart:715:7)
           <asynchronous suspension>
           #2      FlutterCommand.run.<anonymous closure> (package:flutter_tools/src/runner/flutter_command.dart:1558:27)
           <asynchronous suspension>
           #3      AppContext.run.<anonymous closure> (package:flutter_tools/src/base/context.dart:154:19)
           <asynchronous suspension>
           #4      CommandRunner.runCommand (package:args/command_runner.dart:212:13)
           <asynchronous suspension>
           #5      FlutterCommandRunner.runCommand.<anonymous closure> (package:flutter_tools/src/runner/flutter_command_runner.dart:496:9)
           <asynchronous suspension>
           #6      AppContext.run.<anonymous closure> (package:flutter_tools/src/base/context.dart:154:19)
           <asynchronous suspension>
           #7      FlutterCommandRunner.runCommand (package:flutter_tools/src/runner/flutter_command_runner.dart:431:5)
           <asynchronous suspension>
           #8      run.<anonymous closure>.<anonymous closure> (package:flutter_tools/runner.dart:98:11)
           <asynchronous suspension>
           #9      AppContext.run.<anonymous closure> (package:flutter_tools/src/base/context.dart:154:19)
           <asynchronous suspension>
           #10     main (package:flutter_tools/executable.dart:99:3)
           <asynchronous suspension>


[        ] Running 3 shutdown hooks
[        ] Shutdown hooks complete
[ +131 ms] exiting with code 1
Could not find package `test` or file `test:test`
You need to add a dev_dependency on package:test.
Try running `dart pub add --dev test`.
Could not find package `test` or file `test:test`
You need to add a dev_dependency on package:test.
Try running `dart pub add --dev test`.
Could not find package `test` or file `test:test`
You need to add a dev_dependency on package:test.
Try running `dart pub add --dev test`.
Could not find package `test` or file `test:test`
You need to add a dev_dependency on package:test.
Try running `dart pub add --dev test`.
Could not find package `test` or file `test:test`
You need to add a dev_dependency on package:test.
Try running `dart pub add --dev test`.
Could not find package `test` or file `test:test`
You need to add a dev_dependency on package:test.
Try running `dart pub add --dev test`.
Could not find package `test` or file `test:test`
You need to add a dev_dependency on package:test.
Try running `dart pub add --dev test`.
Could not find package `test` or file `test:test`
You need to add a dev_dependency on package:test.
Try running `dart pub add --dev test`.
